Archive member included because of file (symbol)

c:/altera/13.0/nios2eds/bin/gnu/h-i686-mingw32/bin/../lib/gcc/nios2-elf/4.1.2\libgcc.a(_addsub_sf.o)
                              obj/default/taskslcfr.o (__subsf3)
c:/altera/13.0/nios2eds/bin/gnu/h-i686-mingw32/bin/../lib/gcc/nios2-elf/4.1.2\libgcc.a(_mul_sf.o)
                              obj/default/taskslcfr.o (__mulsf3)
c:/altera/13.0/nios2eds/bin/gnu/h-i686-mingw32/bin/../lib/gcc/nios2-elf/4.1.2\libgcc.a(_div_sf.o)
                              obj/default/taskslcfr.o (__divsf3)
c:/altera/13.0/nios2eds/bin/gnu/h-i686-mingw32/bin/../lib/gcc/nios2-elf/4.1.2\libgcc.a(_gt_sf.o)
                              obj/default/taskslcfr.o (__gtsf2)
c:/altera/13.0/nios2eds/bin/gnu/h-i686-mingw32/bin/../lib/gcc/nios2-elf/4.1.2\libgcc.a(_lt_sf.o)
                              obj/default/taskslcfr.o (__ltsf2)
c:/altera/13.0/nios2eds/bin/gnu/h-i686-mingw32/bin/../lib/gcc/nios2-elf/4.1.2\libgcc.a(_si_to_sf.o)
                              obj/default/taskslcfr.o (__floatsisf)
c:/altera/13.0/nios2eds/bin/gnu/h-i686-mingw32/bin/../lib/gcc/nios2-elf/4.1.2\libgcc.a(_sf_to_si.o)
                              obj/default/taskslcfr.o (__fixsfsi)
c:/altera/13.0/nios2eds/bin/gnu/h-i686-mingw32/bin/../lib/gcc/nios2-elf/4.1.2\libgcc.a(_sf_to_df.o)
                              obj/default/taskslcfr.o (__extendsfdf2)
c:/altera/13.0/nios2eds/bin/gnu/h-i686-mingw32/bin/../lib/gcc/nios2-elf/4.1.2\libgcc.a(_thenan_sf.o)
                              c:/altera/13.0/nios2eds/bin/gnu/h-i686-mingw32/bin/../lib/gcc/nios2-elf/4.1.2\libgcc.a(_addsub_sf.o) (__thenan_sf)
c:/altera/13.0/nios2eds/bin/gnu/h-i686-mingw32/bin/../lib/gcc/nios2-elf/4.1.2\libgcc.a(_usi_to_sf.o)
                              obj/default/taskslcfr.o (__floatunsisf)
c:/altera/13.0/nios2eds/bin/gnu/h-i686-mingw32/bin/../lib/gcc/nios2-elf/4.1.2\libgcc.a(_make_df.o)
                              c:/altera/13.0/nios2eds/bin/gnu/h-i686-mingw32/bin/../lib/gcc/nios2-elf/4.1.2\libgcc.a(_sf_to_df.o) (__make_dp)
c:/altera/13.0/nios2eds/bin/gnu/h-i686-mingw32/bin/../lib/gcc/nios2-elf/4.1.2\libgcc.a(_muldi3.o)
                              c:/altera/13.0/nios2eds/bin/gnu/h-i686-mingw32/bin/../lib/gcc/nios2-elf/4.1.2\libgcc.a(_mul_sf.o) (__muldi3)
c:/altera/13.0/nios2eds/bin/gnu/h-i686-mingw32/bin/../lib/gcc/nios2-elf/4.1.2\libgcc.a(_clzsi2.o)
                              c:/altera/13.0/nios2eds/bin/gnu/h-i686-mingw32/bin/../lib/gcc/nios2-elf/4.1.2\libgcc.a(_si_to_sf.o) (__clzsi2)
c:/altera/13.0/nios2eds/bin/gnu/h-i686-mingw32/bin/../lib/gcc/nios2-elf/4.1.2\libgcc.a(_pack_sf.o)
                              c:/altera/13.0/nios2eds/bin/gnu/h-i686-mingw32/bin/../lib/gcc/nios2-elf/4.1.2\libgcc.a(_addsub_sf.o) (__pack_f)
c:/altera/13.0/nios2eds/bin/gnu/h-i686-mingw32/bin/../lib/gcc/nios2-elf/4.1.2\libgcc.a(_unpack_sf.o)
                              c:/altera/13.0/nios2eds/bin/gnu/h-i686-mingw32/bin/../lib/gcc/nios2-elf/4.1.2\libgcc.a(_addsub_sf.o) (__unpack_f)
c:/altera/13.0/nios2eds/bin/gnu/h-i686-mingw32/bin/../lib/gcc/nios2-elf/4.1.2\libgcc.a(_fpcmp_parts_sf.o)
                              c:/altera/13.0/nios2eds/bin/gnu/h-i686-mingw32/bin/../lib/gcc/nios2-elf/4.1.2\libgcc.a(_gt_sf.o) (__fpcmp_parts_f)
c:/altera/13.0/nios2eds/bin/gnu/h-i686-mingw32/bin/../lib/gcc/nios2-elf/4.1.2\libgcc.a(_pack_df.o)
                              c:/altera/13.0/nios2eds/bin/gnu/h-i686-mingw32/bin/../lib/gcc/nios2-elf/4.1.2\libgcc.a(_make_df.o) (__pack_d)
c:/altera/13.0/nios2eds/bin/gnu/h-i686-mingw32/bin/../lib/gcc/nios2-elf/4.1.2\libgcc.a(_clz.o)
                              c:/altera/13.0/nios2eds/bin/gnu/h-i686-mingw32/bin/../lib/gcc/nios2-elf/4.1.2\libgcc.a(_clzsi2.o) (__clz_tab)
c:/altera/13.0/nios2eds/bin/gnu/h-i686-mingw32/bin/../lib/gcc/nios2-elf/4.1.2/../../../../nios2-elf/lib\libc.a(lib_a-fopen.o)
                              obj/default/taskslcfr.o (fopen)
c:/altera/13.0/nios2eds/bin/gnu/h-i686-mingw32/bin/../lib/gcc/nios2-elf/4.1.2/../../../../nios2-elf/lib\libc.a(lib_a-fprintf.o)
                              obj/default/taskslcfr.o (fprintf)
c:/altera/13.0/nios2eds/bin/gnu/h-i686-mingw32/bin/../lib/gcc/nios2-elf/4.1.2/../../../../nios2-elf/lib\libc.a(lib_a-fseek.o)
                              c:/altera/13.0/nios2eds/bin/gnu/h-i686-mingw32/bin/../lib/gcc/nios2-elf/4.1.2/../../../../nios2-elf/lib\libc.a(lib_a-fopen.o) (_fseek_r)
c:/altera/13.0/nios2eds/bin/gnu/h-i686-mingw32/bin/../lib/gcc/nios2-elf/4.1.2/../../../../nios2-elf/lib\libc.a(lib_a-fstatr.o)
                              c:/altera/13.0/nios2eds/bin/gnu/h-i686-mingw32/bin/../lib/gcc/nios2-elf/4.1.2/../../../../nios2-elf/lib\libc.a(lib_a-fseek.o) (_fstat_r)
c:/altera/13.0/nios2eds/bin/gnu/h-i686-mingw32/bin/../lib/gcc/nios2-elf/4.1.2/../../../../nios2-elf/lib\libc.a(lib_a-impure.o)
                              c:/altera/13.0/nios2eds/bin/gnu/h-i686-mingw32/bin/../lib/gcc/nios2-elf/4.1.2/../../../../nios2-elf/lib\libc.a(lib_a-fopen.o) (_impure_ptr)
[...]
Memory Configuration

Name             Origin             Length             Attributes
onchip_memory_BEFORE_EXCEPTION 0x00000000         0x00000020
onchip_memory    0x00000020         0x00031fe0
reset            0x01000000         0x00000020
flash_controller 0x01000020         0x007fffe0
sdram            0x08000000         0x08000000
*default*        0x00000000         0xffffffff

Linker script and memory map

LOAD ../freqRelay_bsp//obj/HAL/src/crt0.o
LOAD obj/default/freertos/croutine.o
LOAD obj/default/freertos/event_groups.o
LOAD obj/default/freertos/heap.o
LOAD obj/default/freertos/list.o
LOAD obj/default/freertos/port.o
LOAD obj/default/freertos/queue.o
LOAD obj/default/freertos/tasks.o
LOAD obj/default/freertos/timers.o
LOAD obj/default/hello_world.o
LOAD obj/default/interrupts.o
LOAD obj/default/taskslcfr.o
LOAD obj/default/variables.o
LOAD obj/default/freertos/port_asm.o
LOAD c:/altera/13.0/nios2eds/bin/gnu/h-i686-mingw32/bin/../lib/gcc/nios2-elf/4.1.2/../../../../nios2-elf/lib\libstdc++.a
LOAD c:/altera/13.0/nios2eds/bin/gnu/h-i686-mingw32/bin/../lib/gcc/nios2-elf/4.1.2/../../../../nios2-elf/lib\libm.a
LOAD c:/altera/13.0/nios2eds/bin/gnu/h-i686-mingw32/bin/../lib/gcc/nios2-elf/4.1.2\libgcc.a
START GROUP
LOAD c:/altera/13.0/nios2eds/bin/gnu/h-i686-mingw32/bin/../lib/gcc/nios2-elf/4.1.2/../../../../nios2-elf/lib\libc.a
LOAD c:/altera/13.0/nios2eds/bin/gnu/h-i686-mingw32/bin/../lib/gcc/nios2-elf/4.1.2\libgcc.a
LOAD ../freqRelay_bsp/\libhal_bsp.a
END GROUP
LOAD c:/altera/13.0/nios2eds/bin/gnu/h-i686-mingw32/bin/../lib/gcc/nios2-elf/4.1.2\libgcc.a
                0x00000000                __alt_mem_onchip_memory = 0x0
                0x01000000                __alt_mem_flash_controller = 0x1000000
                0x08000000                __alt_mem_sdram = 0x8000000

.entry          0x01000000        0x0
 *(.entry)
 .entry         0x01000000        0x0 ../freqRelay_bsp//obj/HAL/src/crt0.o
                0x01000000                __reset

.exceptions     0x00000020      0x228
                0x00000020                PROVIDE (__ram_exceptions_start, ABSOLUTE (.))
                0x00000020                . = ALIGN (0x20)
 *(.irq)
 *(.exceptions.entry.label)
 *(.exceptions.entry.user)
 *(.exceptions.entry)
 .exceptions.entry
                0x00000020       0x8c obj/default/freertos/port_asm.o
 *(.exceptions.irqtest.user)
 *(.exceptions.irqtest)
 .exceptions.irqtest
                0x000000ac       0x14 obj/default/freertos/port_asm.o
 *(.exceptions.irqhandler.user)
 *(.exceptions.irqhandler)
 .exceptions.irqhandler
                0x000000c0        0x4 obj/default/freertos/port_asm.o
 *(.exceptions.irqreturn.user)
 *(.exceptions.irqreturn)
 .exceptions.irqreturn
                0x000000c4       0x8c obj/default/freertos/port_asm.o
                0x000000c4                restore_sp_from_pxCurrentTCB
 *(.exceptions.notirq.label)
 *(.exceptions.notirq.user)
 *(.exceptions.notirq)
 *(.exceptions.soft.user)
 *(.exceptions.soft)
 .exceptions.soft
                0x00000150       0x2c obj/default/freertos/port_asm.o
 *(.exceptions.unknown.user)
 *(.exceptions.unknown)
 *(.exceptions.exit.label)
 *(.exceptions.exit.user)
 *(.exceptions.exit)
 *(.exceptions)
 .exceptions    0x0000017c       0xcc ../freqRelay_bsp/\libhal_bsp.a(alt_irq_handler.o)
                0x0000017c                alt_irq_handler
                0x00000248                PROVIDE (__ram_exceptions_end, ABSOLUTE (.))
                0x00000020                PROVIDE (__flash_exceptions_start, LOADADDR (.exceptions))

.text           0x00000248    0x1b38c
                0x00000248                PROVIDE (stext, ABSOLUTE (.))
 *(.interp)
 *(.hash)
 *(.dynsym)
 *(.dynstr)
 *(.gnu.version)
 *(.gnu.version_d)
 *(.gnu.version_r)
 *(.rel.init)
 *(.rela.init)
 *(.rel.text .rel.text.* .rel.gnu.linkonce.t.*)
 *(.rela.text .rela.text.* .rela.gnu.linkonce.t.*)
 *(.rel.fini)
 *(.rela.fini)
 *(.rel.rodata .rel.rodata.* .rel.gnu.linkonce.r.*)
 *(.rela.rodata .rela.rodata.* .rela.gnu.linkonce.r.*)
 *(.rel.data .rel.data.* .rel.gnu.linkonce.d.*)
 *(.rela.data .rela.data.* .rela.gnu.linkonce.d.*)
 *(.rel.tdata .rel.tdata.* .rel.gnu.linkonce.td.*)
 *(.rela.tdata .rela.tdata.* .rela.gnu.linkonce.td.*)
 *(.rel.tbss .rel.tbss.* .rel.gnu.linkonce.tb.*)
 *(.rela.tbss .rela.tbss.* .rela.gnu.linkonce.tb.*)
 *(.rel.ctors)
 *(.rela.ctors)
 *(.rel.dtors)
 *(.rela.dtors)
 *(.rel.got)
 *(.rela.got)
 *(.rel.sdata .rel.sdata.* .rel.gnu.linkonce.s.*)
 *(.rela.sdata .rela.sdata.* .rela.gnu.linkonce.s.*)
 *(.rel.sbss .rel.sbss.* .rel.gnu.linkonce.sb.*)
 *(.rela.sbss .rela.sbss.* .rela.gnu.linkonce.sb.*)
 *(.rel.sdata2 .rel.sdata2.* .rel.gnu.linkonce.s2.*)
 *(.rela.sdata2 .rela.sdata2.* .rela.gnu.linkonce.s2.*)
 *(.rel.sbss2 .rel.sbss2.* .rel.gnu.linkonce.sb2.*)
 *(.rela.sbss2 .rela.sbss2.* .rela.gnu.linkonce.sb2.*)
 *(.rel.bss .rel.bss.* .rel.gnu.linkonce.b.*)
 *(.rela.bss .rela.bss.* .rela.gnu.linkonce.b.*)
 *(.rel.plt)
 *(.rela.plt)
 *(.rel.dyn)
 *(.init)
 *(.plt)
 *(.text .stub .text.* .gnu.linkonce.t.*)
 .text          0x00000248       0x48 ../freqRelay_bsp//obj/HAL/src/crt0.o
                0x00000248                _start
 .text          0x00000290      0x60c obj/default/freertos/croutine.o
                0x00000290                xCoRoutineCreate
                0x000003d0                vCoRoutineAddToDelayedList
                0x00000694                vCoRoutineSchedule
                0x0000081c                xCoRoutineRemoveFromEventList
 .text          0x0000089c      0x720 obj/default/freertos/event_groups.o
                0x0000089c                xEventGroupCreate
                0x000008f0                xEventGroupSync
                0x00000a74                xEventGroupWaitBits
                0x00000c34                xEventGroupClearBits
                0x00000c9c                xEventGroupGetBitsFromISR
                0x00000cd8                xEventGroupSetBits
                0x00000e64                vEventGroupDelete
                0x00000ed4                vEventGroupSetBitsCallback
                0x00000f0c                vEventGroupClearBitsCallback
 .text          0x00000fbc      0x448 obj/default/freertos/heap.o
                0x00000fbc                pvPortMalloc
                0x00001150                vPortFree
                0x000011d0                xPortGetFreeHeapSize
                0x000011f0                vPortInitialiseBlocks
 .text          0x00001404      0x28c obj/default/freertos/list.o
                0x00001404                vListInitialise
                0x00001474                vListInitialiseItem
                0x0000149c                vListInsertEnd
                0x00001524                vListInsert
                0x000015f8                uxListRemove
 .text          0x00001690      0x434 obj/default/freertos/port.o
                0x00001690                vApplicationStackOverflowHook
                0x000016f4                pxPortInitialiseStack
                0x000017dc                xPortStartScheduler
                0x00001814                vPortEndScheduler
                0x000018c8                vPortSysTickHandler
                0x00001914                alt_irq_register
 .text          0x00001ac4     0x1134 obj/default/freertos/queue.o
                0x00001ac4                xQueueGenericReset
                0x00001bd8                xQueueGenericCreate
                0x00001cb4                xQueueCreateMutex
                0x00001d78                xQueueGiveMutexRecursive
                0x00001e0c                xQueueTakeMutexRecursive
                0x00001eb4                xQueueCreateCountingSemaphore
                0x00001f10                xQueueGenericSend
                0x000020c0                xQueueGenericSendFromISR
                0x000021a8                xQueueGiveFromISR
                0x00002280                xQueueGenericReceive
                0x000024ac                xQueueReceiveFromISR
                0x00002590                xQueuePeekFromISR
                0x00002610                uxQueueMessagesWaiting
                0x00002650                uxQueueSpacesAvailable
                0x000026a4                uxQueueMessagesWaitingFromISR
                0x000026d4                vQueueDelete
                0x00002a80                xQueueIsQueueEmptyFromISR
                0x00002b1c                xQueueIsQueueFullFromISR
                0x00002b64                vQueueWaitForMessageRestricted
 .text          0x00002bf8     0x2160 obj/default/freertos/tasks.o
                0x00002bf8                xTaskGenericCreate
                0x00002dc0                vTaskDelete
                0x00002e98                vTaskDelay
                0x00002f10                eTaskGetState
                0x00002fec                vTaskSuspend
                0x00003184                vTaskResume
                0x0000324c                xTaskResumeFromISR
                0x00003328                vTaskStartScheduler
                0x000033c4                vTaskEndScheduler
                0x00003408                vTaskSuspendAll
                0x00003430                xTaskResumeAll
                0x00003580                xTaskGetTickCount
                0x000035a8                xTaskGetTickCountFromISR
                0x000035d4                uxTaskGetNumberOfTasks
                0x000035f4                xTaskIncrementTick
                0x000037d0                vTaskSwitchContext
                0x00003900                vTaskPlaceOnEventList
                0x00003984                vTaskPlaceOnUnorderedEventList
                0x00003a1c                vTaskPlaceOnEventListRestricted
                0x00003a7c                xTaskRemoveFromEventList
                0x00003b64                xTaskRemoveFromUnorderedEventList
                0x00003c34                vTaskSetTimeOutState
                0x00003c6c                xTaskCheckForTimeOut
                0x00003d48                vTaskMissedYield
                0x000041d4                uxTaskGetStackHighWaterMark
                0x000042f0                xTaskGetCurrentTaskHandle
                0x00004318                xTaskGetSchedulerState
                0x0000436c                vTaskPriorityInherit
                0x0000449c                xTaskPriorityDisinherit
                0x00004598                vTaskEnterCritical
                0x000045ec                vTaskExitCritical
                0x00004654                uxTaskResetEventItemValue
                0x00004698                pvTaskIncrementMutexHeldCount
                0x000046d4                ulTaskNotifyTake
                0x000047d0                xTaskNotifyWait
                0x00004900                xTaskNotify
                0x00004a88                xTaskNotifyFromISR
                0x00004c48                vTaskNotifyGiveFromISR
 .text          0x00004d58      0x8b0 obj/default/freertos/timers.o
                0x00004d58                xTimerCreateTimerTask
                0x00004dc8                xTimerCreate
                0x00004e78                xTimerGenericCommand
                0x00004f40                pcTimerGetTimerName
                0x0000558c                xTimerIsTimerActive
                0x000055d8                pvTimerGetTimerID
 .text          0x00005608       0x38 obj/default/hello_world.o
                0x00005608                main
 .text          0x00005640      0x244 obj/default/interrupts.o
                0x00005640                buttonIsr
                0x00005680                freqAdcIsr
                0x000056d0                keyboardIsr
                0x000057c0                registerInterrupts
 .text          0x00005884     0x10e0 obj/default/taskslcfr.o
                0x00005884                frequencyViolationTask
                0x00005b4c                informationTask
                0x00005d08                setLeftMostUnsetBit
                0x00005da0                loadManagementTask
                0x000062d4                switchPollingTask
                0x00006324                ledDriverTask
                0x00006380                constructFloat
                0x000064e4                keyboardTask
                0x00006764                buttonTask
                0x0000681c                createTasks
 .text          0x00006964       0xd4 obj/default/variables.o
                0x00006964                createVariables
 .text          0x00006a38        0x0 obj/default/freertos/port_asm.o
 .text          0x00006a38      0x2b8 c:/altera/13.0/nios2eds/bin/gnu/h-i686-mingw32/bin/../lib/gcc/nios2-elf/4.1.2\libgcc.a(_addsub_sf.o)
                0x00006c1c                __subsf3
                0x00006c8c                __addsf3
 .text          0x00006cf0      0x1e0 c:/altera/13.0/nios2eds/bin/gnu/h-i686-mingw32/bin/../lib/gcc/nios2-elf/4.1.2\libgcc.a(_mul_sf.o)
                0x00006cf0                __mulsf3
 .text          0x00006ed0      0x174 c:/altera/13.0/nios2eds/bin/gnu/h-i686-mingw32/bin/../lib/gcc/nios2-elf/4.1.2\libgcc.a(_div_sf.o)
                0x00006ed0                __divsf3
 .text          0x00007044       0x78 c:/altera/13.0/nios2eds/bin/gnu/h-i686-mingw32/bin/../lib/gcc/nios2-elf/4.1.2\libgcc.a(_gt_sf.o)
                0x00007044                __gtsf2
 .text          0x000070bc       0x78 c:/altera/13.0/nios2eds/bin/gnu/h-i686-mingw32/bin/../lib/gcc/nios2-elf/4.1.2\libgcc.a(_lt_sf.o)
                0x000070bc                __ltsf2
 .text          0x00007134       0x98 c:/altera/13.0/nios2eds/bin/gnu/h-i686-mingw32/bin/../lib/gcc/nios2-elf/4.1.2\libgcc.a(_si_to_sf.o)
                0x00007134                __floatsisf
 .text          0x000071cc       0x94 c:/altera/13.0/nios2eds/bin/gnu/h-i686-mingw32/bin/../lib/gcc/nios2-elf/4.1.2\libgcc.a(_sf_to_si.o)
                0x000071cc                __fixsfsi
 .text          0x00007260       0x54 c:/altera/13.0/nios2eds/bin/gnu/h-i686-mingw32/bin/../lib/gcc/nios2-elf/4.1.2\libgcc.a(_sf_to_df.o)
                0x00007260                __extendsfdf2
 .text          0x000072b4        0x0 c:/altera/13.0/nios2eds/bin/gnu/h-i686-mingw32/bin/../lib/gcc/nios2-elf/4.1.2\libgcc.a(_thenan_sf.o)
 .text          0x000072b4       0xc0 c:/altera/13.0/nios2eds/bin/gnu/h-i686-mingw32/bin/../lib/gcc/nios2-elf/4.1.2\libgcc.a(_usi_to_sf.o)
                0x000072b4                __floatunsisf
 .text          0x00007374       0x38 c:/altera/13.0/nios2eds/bin/gnu/h-i686-mingw32/bin/../lib/gcc/nios2-elf/4.1.2\libgcc.a(_make_df.o)
                0x00007374                __make_dp
 .text          0x000073ac       0x98 c:/altera/13.0/nios2eds/bin/gnu/h-i686-mingw32/bin/../lib/gcc/nios2-elf/4.1.2\libgcc.a(_muldi3.o)
                0x000073ac                __muldi3
 .text          0x00007444       0x80 c:/altera/13.0/nios2eds/bin/gnu/h-i686-mingw32/bin/../lib/gcc/nios2-elf/4.1.2\libgcc.a(_clzsi2.o)
                0x00007444                __clzsi2
 .text          0x000074c4      0x160 c:/altera/13.0/nios2eds/bin/gnu/h-i686-mingw32/bin/../lib/gcc/nios2-elf/4.1.2\libgcc.a(_pack_sf.o)
                0x000074c4                __pack_f
 .text          0x00007624       0xc8 c:/altera/13.0/nios2eds/bin/gnu/h-i686-mingw32/bin/../lib/gcc/nios2-elf/4.1.2\libgcc.a(_unpack_sf.o)
                0x00007624                __unpack_f
 .text          0x000076ec       0xa8 c:/altera/13.0/nios2eds/bin/gnu/h-i686-mingw32/bin/../lib/gcc/nios2-elf/4.1.2\libgcc.a(_fpcmp_parts_sf.o)
                0x000076ec                __fpcmp_parts_f
 .text          0x00007794      0x314 c:/altera/13.0/nios2eds/bin/gnu/h-i686-mingw32/bin/../lib/gcc/nios2-elf/4.1.2\libgcc.a(_pack_df.o)
                0x00007794                __pack_d
 .text          0x00007aa8        0x0 c:/altera/13.0/nios2eds/bin/gnu/h-i686-mingw32/bin/../lib/gcc/nios2-elf/4.1.2\libgcc.a(_clz.o)
 .text          0x00007aa8      0x110 c:/altera/13.0/nios2eds/bin/gnu/h-i686-mingw32/bin/../lib/gcc/nios2-elf/4.1.2/../../../../nios2-elf/lib\libc.a(lib_a-fopen.o)
                0x00007aa8                _fopen_r
                0x00007b9c                fopen
 .text          0x00007bb8       0x60 c:/altera/13.0/nios2eds/bin/gnu/h-i686-mingw32/bin/../lib/gcc/nios2-elf/4.1.2/../../../../nios2-elf/lib\libc.a(lib_a-fprintf.o)
                0x00007bb8                fprintf
                0x00007be4                _fprintf_r
 .text          0x00007c18      0x460 c:/altera/13.0/nios2eds/bin/gnu/h-i686-mingw32/bin/../lib/gcc/nios2-elf/4.1.2/../../../../nios2-elf/lib\libc.a(lib_a-fseek.o)
                0x00007c18                _fseek_r
                0x00008054                fseek
 .text          0x00008078       0x74 c:/altera/13.0/nios2eds/bin/gnu/h-i686-mingw32/bin/../lib/gcc/nios2-elf/4.1.2/../../../../nios2-elf/lib\libc.a(lib_a-fstatr.o)
                0x00008078                _fstat_r
 .text          0x000080ec        0x0 c:/altera/13.0/nios2eds/bin/gnu/h-i686-mingw32/bin/../lib/gcc/nios2-elf/4.1.2/../../../../nios2-elf/lib\libc.a(lib_a-impure.o)
 .text          0x000080ec        0x0 c:/altera/13.0/nios2eds/bin/gnu/h-i686-mingw32/bin/../lib/gcc/nios2-elf/4.1.2/../../../../nios2-elf/lib\libc.a(lib_a-int_errno.o)
 .text          0x000080ec      0x194 c:/altera/13.0/nios2eds/bin/gnu/h-i686-mingw32/bin/../lib/gcc/nios2-elf/4.1.2/../../../../nios2-elf/lib\libc.a(lib_a-makebuf.o)
                0x000080ec                __smakebuf_r
 .text          0x00008280      0x740 c:/altera/13.0/nios2eds/bin/gnu/h-i686-mingw32/bin/../lib/gcc/nios2-elf/4.1.2/../../../../nios2-elf/lib\libc.a(lib_a-mallocr.o)
                0x00008280                _malloc_r
 .text          0x000089c0       0x74 c:/altera/13.0/nios2eds/bin/gnu/h-i686-mingw32/bin/../lib/gcc/nios2-elf/4.1.2/../../../../nios2-elf/lib\libc.a(lib_a-memcmp.o)
                0x000089c0                memcmp
 .text          0x00008a34       0xa0 c:/altera/13.0/nios2eds/bin/gnu/h-i686-mingw32/bin/../lib/gcc/nios2-elf/4.1.2/../../../../nios2-elf/lib\libc.a(lib_a-memcpy.o)
                0x00008a34                memcpy
 .text          0x00008ad4       0x98 c:/altera/13.0/nios2eds/bin/gnu/h-i686-mingw32/bin/../lib/gcc/nios2-elf/4.1.2/../../../../nios2-elf/lib\libc.a(lib_a-memset.o)
                0x00008ad4                memset
 .text          0x00008b6c       0x78 c:/altera/13.0/nios2eds/bin/gnu/h-i686-mingw32/bin/../lib/gcc/nios2-elf/4.1.2/../../../../nios2-elf/lib\libc.a(lib_a-openr.o)
                0x00008b6c                _open_r
 .text          0x00008be4       0x78 c:/altera/13.0/nios2eds/bin/gnu/h-i686-mingw32/bin/../lib/gcc/nios2-elf/4.1.2/../../../../nios2-elf/lib\libc.a(lib_a-printf.o)
                0x00008be4                printf
                0x00008c28                _printf_r
 .text          0x00008c5c       0xb4 c:/altera/13.0/nios2eds/bin/gnu/h-i686-mingw32/bin/../lib/gcc/nios2-elf/4.1.2/../../../../nios2-elf/lib\libc.a(lib_a-puts.o)
                0x00008c5c                _puts_r
                0x00008cfc                puts
 .text          0x00008d10      0x1e0 c:/altera/13.0/nios2eds/bin/gnu/h-i686-mingw32/bin/../lib/gcc/nios2-elf/4.1.2/../../../../nios2-elf/lib\libc.a(lib_a-refill.o)
                0x00008d10                __srefill_r
 .text          0x00008ef0       0x70 c:/altera/13.0/nios2eds/bin/gnu/h-i686-mingw32/bin/../lib/gcc/nios2-elf/4.1.2/../../../../nios2-elf/lib\libc.a(lib_a-sbrkr.o)
                0x00008ef0                _sbrk_r
 .text          0x00008f60      0x14c c:/altera/13.0/nios2eds/bin/gnu/h-i686-mingw32/bin/../lib/gcc/nios2-elf/4.1.2/../../../../nios2-elf/lib\libc.a(lib_a-stdio.o)
                0x00008f60                __sclose
                0x00008f68                __sseek
                0x00008fd0                __swrite
                0x0000904c                __sread
 .text          0x000090ac       0x74 c:/altera/13.0/nios2eds/bin/gnu/h-i686-mingw32/bin/../lib/gcc/nios2-elf/4.1.2/../../../../nios2-elf/lib\libc.a(lib_a-strlen.o)
                0x000090ac                strlen
 .text          0x00009120     0x166c c:/altera/13.0/nios2eds/bin/gnu/h-i686-mingw32/bin/../lib/gcc/nios2-elf/4.1.2/../../../../nios2-elf/lib\libc.a(lib_a-strtod.o)
                0x00009168                _strtod_r
                0x0000a64c                strtof
                0x0000a770                strtod
 .text          0x0000a78c     0x1f28 c:/altera/13.0/nios2eds/bin/gnu/h-i686-mingw32/bin/../lib/gcc/nios2-elf/4.1.2/../../../../nios2-elf/lib\libc.a(lib_a-vfprintf.o)
                0x0000a7e4                ___vfprintf_internal_r
                0x0000c690                __vfprintf_internal
 .text          0x0000c6b4       0x78 c:/altera/13.0/nios2eds/bin/gnu/h-i686-mingw32/bin/../lib/gcc/nios2-elf/4.1.2/../../../../nios2-elf/lib\libc.a(lib_a-writer.o)
                0x0000c6b4                _write_r
 .text          0x0000c72c      0x13c c:/altera/13.0/nios2eds/bin/gnu/h-i686-mingw32/bin/../lib/gcc/nios2-elf/4.1.2/../../../../nios2-elf/lib\libc.a(lib_a-wsetup.o)
                0x0000c72c                __swsetup_r
 .text          0x0000c868       0x70 c:/altera/13.0/nios2eds/bin/gnu/h-i686-mingw32/bin/../lib/gcc/nios2-elf/4.1.2/../../../../nios2-elf/lib\libc.a(lib_a-closer.o)
                0x0000c868                _close_r
 .text          0x0000c8d8     0x17cc c:/altera/13.0/nios2eds/bin/gnu/h-i686-mingw32/bin/../lib/gcc/nios2-elf/4.1.2/../../../../nios2-elf/lib\libc.a(lib_a-dtoa.o)
                0x0000caf0                _dtoa_r
 .text          0x0000e0a4      0x230 c:/altera/13.0/nios2eds/bin/gnu/h-i686-mingw32/bin/../lib/gcc/nios2-elf/4.1.2/../../../../nios2-elf/lib\libc.a(lib_a-fflush.o)
                0x0000e0a4                _fflush_r
                0x0000e2a0                fflush
 .text          0x0000e2d4      0x2c0 c:/altera/13.0/nios2eds/bin/gnu/h-i686-mingw32/bin/../lib/gcc/nios2-elf/4.1.2/../../../../nios2-elf/lib\libc.a(lib_a-findfp.o)
                0x0000e32c                __sfp_lock_acquire
                0x0000e330                __sfp_lock_release
                0x0000e334                __sinit_lock_acquire
                0x0000e338                __sinit_lock_release
                0x0000e33c                __sinit
                0x0000e3f0                __fp_unlock_all
                0x0000e408                __fp_lock_all
                0x0000e420                _cleanup_r
                0x0000e42c                _cleanup
                0x0000e43c                __sfmoreglue
                0x0000e4a4                __sfp
 .text          0x0000e594       0xa0 c:/altera/13.0/nios2eds/bin/gnu/h-i686-mingw32/bin/../lib/gcc/nios2-elf/4.1.2/../../../../nios2-elf/lib\libc.a(lib_a-flags.o)
                0x0000e594                __sflags
 .text          0x0000e634      0x440 c:/altera/13.0/nios2eds/bin/gnu/h-i686-mingw32/bin/../lib/gcc/nios2-elf/4.1.2/../../../../nios2-elf/lib\libc.a(lib_a-freer.o)
                0x0000e634                _malloc_trim_r
                0x0000e760                _free_r
 .text          0x0000ea74      0x49c c:/altera/13.0/nios2eds/bin/gnu/h-i686-mingw32/bin/../lib/gcc/nios2-elf/4.1.2/../../../../nios2-elf/lib\libc.a(lib_a-fvwrite.o)
                0x0000ea74                __sfvwrite_r
 .text          0x0000ef10      0x180 c:/altera/13.0/nios2eds/bin/gnu/h-i686-mingw32/bin/../lib/gcc/nios2-elf/4.1.2/../../../../nios2-elf/lib\libc.a(lib_a-fwalk.o)
                0x0000ef10                _fwalk_reent
                0x0000efd8                _fwalk
 .text          0x0000f090      0x8f4 c:/altera/13.0/nios2eds/bin/gnu/h-i686-mingw32/bin/../lib/gcc/nios2-elf/4.1.2/../../../../nios2-elf/lib\libc.a(lib_a-gdtoa-gethex.o)
                0x0000f0b4                __hexdig_init
                0x0000f1cc                __gethex
 .text          0x0000f984      0x294 c:/altera/13.0/nios2eds/bin/gnu/h-i686-mingw32/bin/../lib/gcc/nios2-elf/4.1.2/../../../../nios2-elf/lib\libc.a(lib_a-gdtoa-hexnan.o)
                0x0000f9d0                __hexnan
 .text          0x0000fc18       0x70 c:/altera/13.0/nios2eds/bin/gnu/h-i686-mingw32/bin/../lib/gcc/nios2-elf/4.1.2/../../../../nios2-elf/lib\libc.a(lib_a-isattyr.o)
                0x0000fc18                _isatty_r
 .text          0x0000fc88       0xc4 c:/altera/13.0/nios2eds/bin/gnu/h-i686-mingw32/bin/../lib/gcc/nios2-elf/4.1.2/../../../../nios2-elf/lib\libc.a(lib_a-locale.o)
                0x0000fc88                __locale_charset
                0x0000fc90                _localeconv_r
                0x0000fc9c                localeconv
                0x0000fcac                _setlocale_r
                0x0000fd30                setlocale
 .text          0x0000fd4c       0x78 c:/altera/13.0/nios2eds/bin/gnu/h-i686-mingw32/bin/../lib/gcc/nios2-elf/4.1.2/../../../../nios2-elf/lib\libc.a(lib_a-lseekr.o)
                0x0000fd4c                _lseek_r
 .text          0x0000fdc4       0xe4 c:/altera/13.0/nios2eds/bin/gnu/h-i686-mingw32/bin/../lib/gcc/nios2-elf/4.1.2/../../../../nios2-elf/lib\libc.a(lib_a-memchr.o)
                0x0000fdc4                memchr
 .text          0x0000fea8       0xe0 c:/altera/13.0/nios2eds/bin/gnu/h-i686-mingw32/bin/../lib/gcc/nios2-elf/4.1.2/../../../../nios2-elf/lib\libc.a(lib_a-memmove.o)
                0x0000fea8                memmove
 .text          0x0000ff88      0xff4 c:/altera/13.0/nios2eds/bin/gnu/h-i686-mingw32/bin/../lib/gcc/nios2-elf/4.1.2/../../../../nios2-elf/lib\libc.a(lib_a-mprec.o)
                0x0000ff88                _Bfree
                0x0000ffb0                __hi0bits
                0x00010020                __lo0bits
                0x000100e4                __mcmp
                0x00010144                __ulp
                0x000101c4                __b2d
                0x000102e4                __ratio
                0x00010394                _mprec_log10
                0x00010428                __copybits
                0x00010480                __any_on
                0x00010508                _Balloc
                0x000105c4                __d2b
                0x00010740                __mdiff
                0x000108cc                __lshift
                0x00010a18                __multiply
                0x00010c00                __i2b
                0x00010c3c                __multadd
                0x00010d3c                __pow5mult
                0x00010e5c                __s2b
 .text          0x00010f7c       0x78 c:/altera/13.0/nios2eds/bin/gnu/h-i686-mingw32/bin/../lib/gcc/nios2-elf/4.1.2/../../../../nios2-elf/lib\libc.a(lib_a-readr.o)
                0x00010f7c                _read_r
 .text          0x00010ff4      0x5f4 c:/altera/13.0/nios2eds/bin/gnu/h-i686-mingw32/bin/../lib/gcc/nios2-elf/4.1.2/../../../../nios2-elf/lib\libc.a(lib_a-reallocr.o)
                0x00010ff4                _realloc_r
 .text          0x000115e8       0x40 c:/altera/13.0/nios2eds/bin/gnu/h-i686-mingw32/bin/../lib/gcc/nios2-elf/4.1.2/../../../../nios2-elf/lib\libc.a(lib_a-s_isinfd.o)
                0x000115e8                __isinfd
 .text          0x00011628       0x30 c:/altera/13.0/nios2eds/bin/gnu/h-i686-mingw32/bin/../lib/gcc/nios2-elf/4.1.2/../../../../nios2-elf/lib\libc.a(lib_a-s_isnand.o)
                0x00011628                __isnand
 .text          0x00011658       0xbc c:/altera/13.0/nios2eds/bin/gnu/h-i686-mingw32/bin/../lib/gcc/nios2-elf/4.1.2/../../../../nios2-elf/lib\libc.a(lib_a-strcmp.o)
                0x00011658                strcmp
 .text          0x00011714       0xb4 c:/altera/13.0/nios2eds/bin/gnu/h-i686-mingw32/bin/../lib/gcc/nios2-elf/4.1.2/../../../../nios2-elf/lib\libc.a(lib_a-callocr.o)
                0x00011714                _calloc_r
 .text          0x000117c8      0x124 c:/altera/13.0/nios2eds/bin/gnu/h-i686-mingw32/bin/../lib/gcc/nios2-elf/4.1.2/../../../../nios2-elf/lib\libc.a(lib_a-fclose.o)
                0x000117c8                _fclose_r
                0x000118d8                fclose
 .text          0x000118ec       0xa4 c:/altera/13.0/nios2eds/bin/gnu/h-i686-mingw32/bin/../lib/gcc/nios2-elf/4.1.2\libgcc.a(_fixunsdfsi.o)
                0x000118ec                __fixunsdfsi
 .text          0x00011990      0x5dc c:/altera/13.0/nios2eds/bin/gnu/h-i686-mingw32/bin/../lib/gcc/nios2-elf/4.1.2\libgcc.a(_udivdi3.o)
                0x00011990                __udivdi3
 .text          0x00011f6c      0x5b0 c:/altera/13.0/nios2eds/bin/gnu/h-i686-mingw32/bin/../lib/gcc/nios2-elf/4.1.2\libgcc.a(_umoddi3.o)
                0x00011f6c                __umoddi3
 .text          0x0001251c       0x78 c:/altera/13.0/nios2eds/bin/gnu/h-i686-mingw32/bin/../lib/gcc/nios2-elf/4.1.2\libgcc.a(_ne_sf.o)
                0x0001251c                __nesf2
 .text          0x00012594      0x504 c:/altera/13.0/nios2eds/bin/gnu/h-i686-mingw32/bin/../lib/gcc/nios2-elf/4.1.2\libgcc.a(_addsub_df.o)
                0x000129a4                __subdf3
                0x00012a24                __adddf3
 .text          0x00012a98      0x3c4 c:/altera/13.0/nios2eds/bin/gnu/h-i686-mingw32/bin/../lib/gcc/nios2-elf/4.1.2\libgcc.a(_mul_df.o)
                0x00012a98                __muldf3
 .text          0x00012e5c      0x258 c:/altera/13.0/nios2eds/bin/gnu/h-i686-mingw32/bin/../lib/gcc/nios2-elf/4.1.2\libgcc.a(_div_df.o)
                0x00012e5c                __divdf3
 .text          0x000130b4       0x88 c:/altera/13.0/nios2eds/bin/gnu/h-i686-mingw32/bin/../lib/gcc/nios2-elf/4.1.2\libgcc.a(_eq_df.o)
                0x000130b4                __eqdf2
 .text          0x0001313c       0x88 c:/altera/13.0/nios2eds/bin/gnu/h-i686-mingw32/bin/../lib/gcc/nios2-elf/4.1.2\libgcc.a(_ne_df.o)
                0x0001313c                __nedf2
 .text          0x000131c4       0x88 c:/altera/13.0/nios2eds/bin/gnu/h-i686-mingw32/bin/../lib/gcc/nios2-elf/4.1.2\libgcc.a(_gt_df.o)
                0x000131c4                __gtdf2
 .text          0x0001324c       0x88 c:/altera/13.0/nios2eds/bin/gnu/h-i686-mingw32/bin/../lib/gcc/nios2-elf/4.1.2\libgcc.a(_ge_df.o)
                0x0001324c                __gedf2
 .text          0x000132d4       0x88 c:/altera/13.0/nios2eds/bin/gnu/h-i686-mingw32/bin/../lib/gcc/nios2-elf/4.1.2\libgcc.a(_lt_df.o)
                0x000132d4                __ltdf2
 .text          0x0001335c       0x88 c:/altera/13.0/nios2eds/bin/gnu/h-i686-mingw32/bin/../lib/gcc/nios2-elf/4.1.2\libgcc.a(_le_df.o)
                0x0001335c                __ledf2
 .text          0x000133e4       0xf8 c:/altera/13.0/nios2eds/bin/gnu/h-i686-mingw32/bin/../lib/gcc/nios2-elf/4.1.2\libgcc.a(_si_to_df.o)
                0x000133e4                __floatsidf
 .text          0x000134dc       0xd8 c:/altera/13.0/nios2eds/bin/gnu/h-i686-mingw32/bin/../lib/gcc/nios2-elf/4.1.2\libgcc.a(_df_to_si.o)
                0x000134dc                __fixdfsi
 .text          0x000135b4       0x74 c:/altera/13.0/nios2eds/bin/gnu/h-i686-mingw32/bin/../lib/gcc/nios2-elf/4.1.2\libgcc.a(_df_to_sf.o)
                0x000135b4                __truncdfsf2
 .text          0x00013628        0x0 c:/altera/13.0/nios2eds/bin/gnu/h-i686-mingw32/bin/../lib/gcc/nios2-elf/4.1.2\libgcc.a(_thenan_df.o)
 .text          0x00013628      0x194 c:/altera/13.0/nios2eds/bin/gnu/h-i686-mingw32/bin/../lib/gcc/nios2-elf/4.1.2\libgcc.a(_usi_to_df.o)
                0x00013628                __floatunsidf
 .text          0x000137bc      0x14c c:/altera/13.0/nios2eds/bin/gnu/h-i686-mingw32/bin/../lib/gcc/nios2-elf/4.1.2\libgcc.a(lib2-divmod.o)
                0x00013838                __divsi3
                0x00013898                __modsi3
                0x000138f8                __udivsi3
                0x00013900                __umodsi3
 .text          0x00013908       0x2c c:/altera/13.0/nios2eds/bin/gnu/h-i686-mingw32/bin/../lib/gcc/nios2-elf/4.1.2\libgcc.a(_make_sf.o)
                0x00013908                __make_fp
 .text          0x00013934      0x138 c:/altera/13.0/nios2eds/bin/gnu/h-i686-mingw32/bin/../lib/gcc/nios2-elf/4.1.2\libgcc.a(_unpack_df.o)
                0x00013934                __unpack_d
 .text          0x00013a6c       0xc8 c:/altera/13.0/nios2eds/bin/gnu/h-i686-mingw32/bin/../lib/gcc/nios2-elf/4.1.2\libgcc.a(_fpcmp_parts_df.o)
                0x00013a6c                __fpcmp_parts_d
 .text          0x00013b34      0x15c ../freqRelay_bsp/\libhal_bsp.a(alt_close.o)
                0x00013b34                close
 .text          0x00013c90       0x2c ../freqRelay_bsp/\libhal_bsp.a(alt_dev.o)
 .text          0x00013cbc        0x0 ../freqRelay_bsp/\libhal_bsp.a(alt_errno.o)
 .text          0x00013cbc      0x134 ../freqRelay_bsp/\libhal_bsp.a(alt_fstat.o)
                0x00013cbc                fstat
 .text          0x00013df0        0x0 ../freqRelay_bsp/\libhal_bsp.a(alt_irq_handler.o)
 .text          0x00013df0        0x0 ../freqRelay_bsp/\libhal_bsp.a(alt_irq_vars.o)
 .text          0x00013df0      0x120 ../freqRelay_bsp/\libhal_bsp.a(alt_isatty.o)
                0x00013df0                isatty
 .text          0x00013f10      0x150 ../freqRelay_bsp/\libhal_bsp.a(alt_lseek.o)
                0x00013f10                lseek
 .text          0x00014060       0x6c ../freqRelay_bsp/\libhal_bsp.a(alt_main.o)
                0x00014060                alt_main
 .text          0x000140cc       0x40 ../freqRelay_bsp/\libhal_bsp.a(alt_malloc_lock.o)
                0x000140cc                __malloc_lock
                0x000140ec                __malloc_unlock
 .text          0x0001410c      0x2c4 ../freqRelay_bsp/\libhal_bsp.a(alt_open.o)
                0x000141e8                open
 .text          0x000143d0      0x180 ../freqRelay_bsp/\libhal_bsp.a(alt_read.o)
                0x000143d0                read
 .text          0x00014550       0x60 ../freqRelay_bsp/\libhal_bsp.a(alt_release_fd.o)
                0x00014550                alt_release_fd
 .text          0x000145b0       0xbc ../freqRelay_bsp/\libhal_bsp.a(alt_sbrk.o)
                0x000145b0                sbrk
 .text          0x0001466c      0x180 ../freqRelay_bsp/\libhal_bsp.a(alt_write.o)
                0x0001466c                write
 .text          0x000147ec      0x3d8 ../freqRelay_bsp/\libhal_bsp.a(alt_sys_init.o)
                0x000147ec                alt_irq_init
                0x00014820                alt_sys_init
 .text          0x00014bc4      0x8d8 ../freqRelay_bsp/\libhal_bsp.a(altera_avalon_cfi_flash.o)
                0x00014bc4                alt_flash_cfi_init
                0x00014c98                alt_flash_cfi_write
                0x00014f58                alt_flash_cfi_get_info
                0x00014fe8                alt_flash_cfi_read
                0x00015050                alt_write_value_to_flash
                0x000151b4                alt_flash_program_block
 .text          0x0001549c     0x14a8 ../freqRelay_bsp/\libhal_bsp.a(altera_avalon_cfi_flash_table.o)
                0x0001549c                alt_read_query_entry_8bit
                0x000154dc                alt_read_query_entry_16bit
                0x00015520                alt_read_query_entry_32bit
                0x00015568                alt_write_flash_command_8bit_device_8bit_mode
                0x000155a4                alt_write_flash_command_16bit_device_8bit_mode
                0x00015620                alt_write_flash_command_32bit_device_8bit_mode
                0x00015668                alt_write_flash_command_16bit_device_16bit_mode
                0x000156ac                alt_write_flash_command_32bit_device_16bit_mode
                0x000156f4                alt_write_flash_command_32bit_device_32bit_mode
                0x0001573c                alt_write_native_8bit
                0x00015770                alt_write_native_16bit
                0x000157a4                alt_write_native_32bit
                0x000157d4                alt_set_flash_width_func
                0x000159b4                alt_set_flash_algorithm_func
                0x00015adc                alt_read_cfi_table
                0x000160bc                alt_read_cfi_width
                0x00016868                alt_check_primary_table
 .text          0x00016944      0x148 ../freqRelay_bsp/\libhal_bsp.a(altera_avalon_jtag_uart_fd.o)
                0x00016944                altera_avalon_jtag_uart_read_fd
                0x0001699c                altera_avalon_jtag_uart_write_fd
                0x000169f4                altera_avalon_jtag_uart_close_fd
                0x00016a3c                altera_avalon_jtag_uart_ioctl_fd
 .text          0x00016a8c      0x408 ../freqRelay_bsp/\libhal_bsp.a(altera_avalon_jtag_uart_init.o)
                0x00016a8c                altera_avalon_jtag_uart_init
                0x00016e20                altera_avalon_jtag_uart_close
 .text          0x00016e94       0xf4 ../freqRelay_bsp/\libhal_bsp.a(altera_avalon_jtag_uart_ioctl.o)
                0x00016e94                altera_avalon_jtag_uart_ioctl
 .text          0x00016f88      0x224 ../freqRelay_bsp/\libhal_bsp.a(altera_avalon_jtag_uart_read.o)
                0x00016f88                altera_avalon_jtag_uart_read
 .text          0x000171ac      0x240 ../freqRelay_bsp/\libhal_bsp.a(altera_avalon_jtag_uart_write.o)
                0x000171ac                altera_avalon_jtag_uart_write
 .text          0x000173ec      0xee0 ../freqRelay_bsp/\libhal_bsp.a(altera_avalon_lcd_16207.o)
                0x00017bc0                altera_avalon_lcd_16207_write
                0x00018190                altera_avalon_lcd_16207_init
 .text          0x000182cc       0x58 ../freqRelay_bsp/\libhal_bsp.a(altera_avalon_lcd_16207_fd.o)
                0x000182cc                altera_avalon_lcd_16207_write_fd
 .text          0x00018324       0xfc ../freqRelay_bsp/\libhal_bsp.a(altera_avalon_timer_sc.o)
                0x00018398                alt_avalon_timer_sc_init
 .text          0x00018420       0xf8 ../freqRelay_bsp/\libhal_bsp.a(altera_avalon_uart_fd.o)
                0x00018420                altera_avalon_uart_read_fd
                0x00018478                altera_avalon_uart_write_fd
                0x000184d0                altera_avalon_uart_close_fd
 .text          0x00018518      0x3fc ../freqRelay_bsp/\libhal_bsp.a(altera_avalon_uart_init.o)
                0x00018518                altera_avalon_uart_init
                0x000188b4                altera_avalon_uart_close
 .text          0x00018914      0x290 ../freqRelay_bsp/\libhal_bsp.a(altera_avalon_uart_read.o)
                0x00018914                altera_avalon_uart_read
 .text          0x00018ba4      0x228 ../freqRelay_bsp/\libhal_bsp.a(altera_avalon_uart_write.o)
                0x00018ba4                altera_avalon_uart_write
 .text          0x00018dcc      0x700 ../freqRelay_bsp/\libhal_bsp.a(altera_up_avalon_ps2.o)
                0x00018dcc                read_RI_bit
                0x00018e00                read_RE_bit
                0x00018e30                read_CE_bit
                0x00018e64                read_num_bytes_available
                0x00018e98                read_data_valid
                0x00018ecc                read_data_byte
                0x00018ef8                alt_up_ps2_init
                0x00018fc4                alt_up_ps2_enable_read_interrupt
                0x00019018                alt_up_ps2_disable_read_interrupt
                0x00019070                alt_up_ps2_write_data_byte
                0x000190e8                alt_up_ps2_wait_for_ack
                0x00019158                alt_up_ps2_write_data_byte_with_ack
                0x000191c4                alt_up_ps2_read_data_byte_timeout
                0x00019274                alt_up_ps2_read_data_byte
                0x000192f0                alt_up_ps2_clear_fifo
                0x00019348                alt_up_ps2_read_fd
                0x000193e4                alt_up_ps2_write_fd
                0x0001948c                alt_up_ps2_open_dev
 .text          0x000194cc      0x304 ../freqRelay_bsp/\libhal_bsp.a(altera_up_avalon_video_character_buffer_with_dma.o)
                0x000194cc                alt_up_char_buffer_init
                0x00019550                alt_up_char_buffer_open_dev
                0x00019590                alt_up_char_buffer_draw
                0x00019660                alt_up_char_buffer_string
                0x00019774                alt_up_char_buffer_clear
 .text          0x000197d0      0x5e0 ../freqRelay_bsp/\libhal_bsp.a(altera_up_ps2_keyboard.o)
                0x000197d0                get_multi_byte_make_code_index
                0x00019848                get_single_byte_make_code_index
                0x000198c0                get_next_state
                0x00019b1c                decode_scancode
                0x00019bc8                set_keyboard_rate
                0x00019c28                translate_make_code
                0x00019d30                reset_keyboard
 .text          0x00019db0      0x154 ../freqRelay_bsp/\libhal_bsp.a(alt_alarm_start.o)
                0x00019db0                alt_alarm_start
 .text          0x00019f04       0x78 ../freqRelay_bsp/\libhal_bsp.a(alt_dcache_flush.o)
                0x00019f04                alt_dcache_flush
 .text          0x00019f7c      0x114 ../freqRelay_bsp/\libhal_bsp.a(alt_dev_llist_insert.o)
                0x00019f7c                alt_dev_llist_insert
 .text          0x0001a090       0x64 ../freqRelay_bsp/\libhal_bsp.a(alt_do_ctors.o)
                0x0001a090                _do_ctors
 .text          0x0001a0f4       0x64 ../freqRelay_bsp/\libhal_bsp.a(alt_do_dtors.o)
                0x0001a0f4                _do_dtors
 .text          0x0001a158       0x94 ../freqRelay_bsp/\libhal_bsp.a(alt_find_dev.o)
                0x0001a158                alt_find_dev
 .text          0x0001a1ec      0x120 ../freqRelay_bsp/\libhal_bsp.a(alt_find_file.o)
                0x0001a1ec                alt_find_file
 .text          0x0001a30c       0xd0 ../freqRelay_bsp/\libhal_bsp.a(alt_flash_dev.o)
                0x0001a30c                alt_flash_open_dev
                0x0001a388                alt_flash_close_dev
 .text          0x0001a3dc       0xb8 ../freqRelay_bsp/\libhal_bsp.a(alt_get_fd.o)
                0x0001a3dc                alt_get_fd
 .text          0x0001a494      0x13c ../freqRelay_bsp/\libhal_bsp.a(alt_io_redirect.o)
                0x0001a558                alt_io_redirect
 .text          0x0001a5d0      0x1a4 ../freqRelay_bsp/\libhal_bsp.a(alt_tick.o)
                0x0001a5d0                alt_alarm_stop
                0x0001a668                alt_tick
 .text          0x0001a774       0x30 ../freqRelay_bsp/\libhal_bsp.a(alt_usleep.o)
                0x0001a774                usleep
 .text          0x0001a7a4       0x20 ../freqRelay_bsp/\libhal_bsp.a(altera_nios2_qsys_irq.o)
                0x0001a7a4                altera_nios2_qsys_irq_init
 .text          0x0001a7c4      0x460 ../freqRelay_bsp/\libhal_bsp.a(altera_avalon_cfi_flash_amd.o)
                0x0001a7c4                alt_program_amd
                0x0001a82c                alt_erase_block_amd
 .text          0x0001ac24      0x460 ../freqRelay_bsp/\libhal_bsp.a(altera_avalon_cfi_flash_intel.o)
                0x0001ac24                alt_program_intel
                0x0001aca8                alt_erase_block_intel
 .text          0x0001b084      0x12c ../freqRelay_bsp/\libhal_bsp.a(alt_busy_sleep.o)
                0x0001b084                alt_busy_sleep
 .text          0x0001b1b0       0x14 c:/altera/13.0/nios2eds/bin/gnu/h-i686-mingw32/bin/../lib/gcc/nios2-elf/4.1.2/../../../../nios2-elf/lib\libc.a(lib_a-atexit.o)
                0x0001b1b0                atexit
 .text          0x0001b1c4        0x0 c:/altera/13.0/nios2eds/bin/gnu/h-i686-mingw32/bin/../lib/gcc/nios2-elf/4.1.2/../../../../nios2-elf/lib\libc.a(lib_a-ctype_.o)
 .text          0x0001b1c4       0x38 c:/altera/13.0/nios2eds/bin/gnu/h-i686-mingw32/bin/../lib/gcc/nios2-elf/4.1.2/../../../../nios2-elf/lib\libc.a(lib_a-exit.o)
                0x0001b1c4                exit
 .text          0x0001b1fc       0x8c c:/altera/13.0/nios2eds/bin/gnu/h-i686-mingw32/bin/../lib/gcc/nios2-elf/4.1.2/../../../../nios2-elf/lib\libc.a(lib_a-strcpy.o)
                0x0001b1fc                strcpy
 .text          0x0001b288      0x134 c:/altera/13.0/nios2eds/bin/gnu/h-i686-mingw32/bin/../lib/gcc/nios2-elf/4.1.2/../../../../nios2-elf/lib\libc.a(lib_a-__atexit.o)
                0x0001b288                __register_exitproc
 .text          0x0001b3bc      0x1b4 c:/altera/13.0/nios2eds/bin/gnu/h-i686-mingw32/bin/../lib/gcc/nios2-elf/4.1.2/../../../../nios2-elf/lib\libc.a(lib_a-__call_atexit.o)
                0x0001b3c0                __call_exitprocs
 .text          0x0001b570       0x60 ../freqRelay_bsp/\libhal_bsp.a(alt_exit.o)
                0x0001b5b0                _exit
 *(.gnu.warning.*)
 *(.fini)
                0x0001b5d0                PROVIDE (__etext, ABSOLUTE (.))
                0x0001b5d0                PROVIDE (_etext, ABSOLUTE (.))
                0x0001b5d0                PROVIDE (etext, ABSOLUTE (.))
 *(.eh_frame_hdr)
                0x0001b5d0                . = ALIGN (0x4)
                0x0001b5d0                PROVIDE (__preinit_array_start, ABSOLUTE (.))
 *(.preinit_array)
                0x0001b5d0                PROVIDE (__preinit_array_end, ABSOLUTE (.))
                0x0001b5d0                PROVIDE (__init_array_start, ABSOLUTE (.))
 *(.init_array)
                0x0001b5d0                PROVIDE (__init_array_end, ABSOLUTE (.))
                0x0001b5d0                PROVIDE (__fini_array_start, ABSOLUTE (.))
 *(.fini_array)
                0x0001b5d0                PROVIDE (__fini_array_end, ABSOLUTE (.))
 *(.eh_frame)
 *(.gcc_except_table)
 *(.dynamic)
                0x0001b5d0                PROVIDE (__CTOR_LIST__, ABSOLUTE (.))
 *(.ctors)
 *(SORT(.ctors.*))
 .ctors.65535   0x0001b5d0        0x4 c:/altera/13.0/nios2eds/bin/gnu/h-i686-mingw32/bin/../lib/gcc/nios2-elf/4.1.2/../../../../nios2-elf/lib\libc.a(lib_a-__call_atexit.o)
                0x0001b5d4                PROVIDE (__CTOR_END__, ABSOLUTE (.))
                0x0001b5d4                PROVIDE (__DTOR_LIST__, ABSOLUTE (.))
 *(.dtors)
 *(SORT(.dtors.*))
                0x0001b5d4                PROVIDE (__DTOR_END__, ABSOLUTE (.))
 *(.jcr)
                0x0001b5d4                . = ALIGN (0x4)

.rodata         0x08000000      0xb30
                0x08000000                PROVIDE (__ram_rodata_start, ABSOLUTE (.))
                0x08000000                . = ALIGN (0x4)
 *(.rodata .rodata.* .gnu.linkonce.r.*)
 .rodata        0x08000000       0x34 obj/default/freertos/port.o
 .rodata        0x08000034       0x1c obj/default/freertos/tasks.o
 .rodata        0x08000050        0x8 obj/default/freertos/timers.o
 .rodata        0x08000058       0x24 obj/default/interrupts.o
 .rodata        0x0800007c      0x198 obj/default/taskslcfr.o
 .rodata        0x08000214       0x10 c:/altera/13.0/nios2eds/bin/gnu/h-i686-mingw32/bin/../lib/gcc/nios2-elf/4.1.2\libgcc.a(_thenan_sf.o)
                0x08000214                __thenan_sf
 .rodata        0x08000224      0x100 c:/altera/13.0/nios2eds/bin/gnu/h-i686-mingw32/bin/../lib/gcc/nios2-elf/4.1.2\libgcc.a(_clz.o)
                0x08000224                __clz_tab
 .rodata.str1.4
                0x08000324        0x2 c:/altera/13.0/nios2eds/bin/gnu/h-i686-mingw32/bin/../lib/gcc/nios2-elf/4.1.2/../../../../nios2-elf/lib\libc.a(lib_a-impure.o)
                                  0x4 (size before relaxing)
 *fill*         0x08000326        0x2 00
 .rodata.str1.4
                0x08000328        0x2 c:/altera/13.0/nios2eds/bin/gnu/h-i686-mingw32/bin/../lib/gcc/nios2-elf/4.1.2/../../../../nios2-elf/lib\libc.a(lib_a-puts.o)
                                  0x4 (size before relaxing)
 *fill*         0x0800032a        0x2 00
 .rodata.str1.4
                0x0800032c        0xf c:/altera/13.0/nios2eds/bin/gnu/h-i686-mingw32/bin/../lib/gcc/nios2-elf/4.1.2/../../../../nios2-elf/lib\libc.a(lib_a-strtod.o)
                                 0x10 (size before relaxing)
 *fill*         0x0800033b        0x1 00
 .rodata        0x0800033c       0x28 c:/altera/13.0/nios2eds/bin/gnu/h-i686-mingw32/bin/../lib/gcc/nios2-elf/4.1.2/../../../../nios2-elf/lib\libc.a(lib_a-strtod.o)
 .rodata.str1.4
                0x08000364       0x5e c:/altera/13.0/nios2eds/bin/gnu/h-i686-mingw32/bin/../lib/gcc/nios2-elf/4.1.2/../../../../nios2-elf/lib\libc.a(lib_a-vfprintf.o)
                                 0x60 (size before relaxing)
 *fill*         0x080003c2        0x2 00
 .rodata        0x080003c4       0x20 c:/altera/13.0/nios2eds/bin/gnu/h-i686-mingw32/bin/../lib/gcc/nios2-elf/4.1.2/../../../../nios2-elf/lib\libc.a(lib_a-vfprintf.o)
 .rodata.str1.4
                0x080003e4       0x10 c:/altera/13.0/nios2eds/bin/gnu/h-i686-mingw32/bin/../lib/gcc/nios2-elf/4.1.2/../../../../nios2-elf/lib\libc.a(lib_a-dtoa.o)
                                 0x14 (size before relaxing)
 .rodata.str1.4
                0x080003f4       0x1b c:/altera/13.0/nios2eds/bin/gnu/h-i686-mingw32/bin/../lib/gcc/nios2-elf/4.1.2/../../../../nios2-elf/lib\libc.a(lib_a-gdtoa-gethex.o)
                                 0x1c (size before relaxing)
 *fill*         0x0800040f        0x1 00
 .rodata.str1.4
                0x08000410       0x10 c:/altera/13.0/nios2eds/bin/gnu/h-i686-mingw32/bin/../lib/gcc/nios2-elf/4.1.2/../../../../nios2-elf/lib\libc.a(lib_a-locale.o)
                                 0x18 (size before relaxing)
 .rodata        0x08000420       0x30 c:/altera/13.0/nios2eds/bin/gnu/h-i686-mingw32/bin/../lib/gcc/nios2-elf/4.1.2/../../../../nios2-elf/lib\libc.a(lib_a-locale.o)
 .rodata        0x08000450      0x124 c:/altera/13.0/nios2eds/bin/gnu/h-i686-mingw32/bin/../lib/gcc/nios2-elf/4.1.2/../../../../nios2-elf/lib\libc.a(lib_a-mprec.o)
                0x08000450                __mprec_tens
                0x08000518                __mprec_bigtens
                0x08000540                __mprec_tinytens
 .rodata        0x08000574       0x14 c:/altera/13.0/nios2eds/bin/gnu/h-i686-mingw32/bin/../lib/gcc/nios2-elf/4.1.2\libgcc.a(_thenan_df.o)
                0x08000574                __thenan_df
 .rodata        0x08000588        0xc ../freqRelay_bsp/\libhal_bsp.a(alt_dev.o)
 .rodata        0x08000594       0x10 ../freqRelay_bsp/\libhal_bsp.a(alt_main.o)
 .rodata        0x080005a4       0xb0 ../freqRelay_bsp/\libhal_bsp.a(alt_sys_init.o)
 .rodata        0x08000654       0x1c ../freqRelay_bsp/\libhal_bsp.a(altera_up_avalon_video_character_buffer_with_dma.o)
 .rodata        0x08000670      0x23c ../freqRelay_bsp/\libhal_bsp.a(altera_up_ps2_keyboard.o)
 .rodata        0x080008ac      0x284 c:/altera/13.0/nios2eds/bin/gnu/h-i686-mingw32/bin/../lib/gcc/nios2-elf/4.1.2/../../../../nios2-elf/lib\libc.a(lib_a-ctype_.o)
                0x080008ac                _ctype_
 *(.rodata1)
                0x08000b30                . = ALIGN (0x4)
                0x08000b30                PROVIDE (__ram_rodata_end, ABSOLUTE (.))
                0x08000000                PROVIDE (__flash_rodata_start, LOADADDR (.rodata))

.rwdata         0x08000b30     0x2104
                0x08000b30                PROVIDE (__ram_rwdata_start, ABSOLUTE (.))
                0x08000b30                . = ALIGN (0x4)
 *(.got.plt)
 *(.got)
 *(.data1)
 *(.data .data.* .gnu.linkonce.d.*)
 .data          0x08000b30        0x0 ../freqRelay_bsp//obj/HAL/src/crt0.o
 .data          0x08000b30        0x0 obj/default/freertos/croutine.o
 .data          0x08000b30        0x0 obj/default/freertos/event_groups.o
 .data          0x08000b30        0x0 obj/default/freertos/heap.o
 .data          0x08000b30        0x0 obj/default/freertos/list.o
 .data          0x08000b30        0x0 obj/default/freertos/port.o
 .data          0x08000b30        0x0 obj/default/freertos/queue.o
 .data          0x08000b30        0x0 obj/default/freertos/tasks.o
 .data          0x08000b30        0x0 obj/default/freertos/timers.o
 .data          0x08000b30        0x0 obj/default/hello_world.o
 .data          0x08000b30        0x0 obj/default/interrupts.o
 .data          0x08000b30        0x0 obj/default/taskslcfr.o
 .data          0x08000b30        0x0 obj/default/variables.o
 .data          0x08000b30        0x0 obj/default/freertos/port_asm.o
 .data          0x08000b30        0x0 c:/altera/13.0/nios2eds/bin/gnu/h-i686-mingw32/bin/../lib/gcc/nios2-elf/4.1.2\libgcc.a(_addsub_sf.o)
 .data          0x08000b30        0x0 c:/altera/13.0/nios2eds/bin/gnu/h-i686-mingw32/bin/../lib/gcc/nios2-elf/4.1.2\libgcc.a(_mul_sf.o)
 .data          0x08000b30        0x0 c:/altera/13.0/nios2eds/bin/gnu/h-i686-mingw32/bin/../lib/gcc/nios2-elf/4.1.2\libgcc.a(_div_sf.o)
 .data          0x08000b30        0x0 c:/altera/13.0/nios2eds/bin/gnu/h-i686-mingw32/bin/../lib/gcc/nios2-elf/4.1.2\libgcc.a(_gt_sf.o)
 .data          0x08000b30        0x0 c:/altera/13.0/nios2eds/bin/gnu/h-i686-mingw32/bin/../lib/gcc/nios2-elf/4.1.2\libgcc.a(_lt_sf.o)
 .data          0x08000b30        0x0 c:/altera/13.0/nios2eds/bin/gnu/h-i686-mingw32/bin/../lib/gcc/nios2-elf/4.1.2\libgcc.a(_si_to_sf.o)
 .data          0x08000b30        0x0 c:/altera/13.0/nios2eds/bin/gnu/h-i686-mingw32/bin/../lib/gcc/nios2-elf/4.1.2\libgcc.a(_sf_to_si.o)
 .data          0x08000b30        0x0 c:/altera/13.0/nios2eds/bin/gnu/h-i686-mingw32/bin/../lib/gcc/nios2-elf/4.1.2\libgcc.a(_sf_to_df.o)
 .data          0x08000b30        0x0 c:/altera/13.0/nios2eds/bin/gnu/h-i686-mingw32/bin/../lib/gcc/nios2-elf/4.1.2\libgcc.a(_thenan_sf.o)
 .data          0x08000b30        0x0 c:/altera/13.0/nios2eds/bin/gnu/h-i686-mingw32/bin/../lib/gcc/nios2-elf/4.1.2\libgcc.a(_usi_to_sf.o)
 .data          0x08000b30        0x0 c:/altera/13.0/nios2eds/bin/gnu/h-i686-mingw32/bin/../lib/gcc/nios2-elf/4.1.2\libgcc.a(_make_df.o)
 .data          0x08000b30        0x0 c:/altera/13.0/nios2eds/bin/gnu/h-i686-mingw32/bin/../lib/gcc/nios2-elf/4.1.2\libgcc.a(_muldi3.o)
 .data          0x08000b30        0x0 c:/altera/13.0/nios2eds/bin/gnu/h-i686-mingw32/bin/../lib/gcc/nios2-elf/4.1.2\libgcc.a(_clzsi2.o)
 .data          0x08000b30        0x0 c:/altera/13.0/nios2eds/bin/gnu/h-i686-mingw32/bin/../lib/gcc/nios2-elf/4.1.2\libgcc.a(_pack_sf.o)
 .data          0x08000b30        0x0 c:/altera/13.0/nios2eds/bin/gnu/h-i686-mingw32/bin/../lib/gcc/nios2-elf/4.1.2\libgcc.a(_unpack_sf.o)
 .data          0x08000b30        0x0 c:/altera/13.0/nios2eds/bin/gnu/h-i686-mingw32/bin/../lib/gcc/nios2-elf/4.1.2\libgcc.a(_fpcmp_parts_sf.o)
 .data          0x08000b30        0x0 c:/altera/13.0/nios2eds/bin/gnu/h-i686-mingw32/bin/../lib/gcc/nios2-elf/4.1.2\libgcc.a(_pack_df.o)
 .data          0x08000b30        0x0 c:/altera/13.0/nios2eds/bin/gnu/h-i686-mingw32/bin/../lib/gcc/nios2-elf/4.1.2\libgcc.a(_clz.o)
 .data          0x08000b30        0x0 c:/altera/13.0/nios2eds/bin/gnu/h-i686-mingw32/bin/../lib/gcc/nios2-elf/4.1.2/../../../../nios2-elf/lib\libc.a(lib_a-fopen.o)
 .data          0x08000b30        0x0 c:/altera/13.0/nios2eds/bin/gnu/h-i686-mingw32/bin/../lib/gcc/nios2-elf/4.1.2/../../../../nios2-elf/lib\libc.a(lib_a-fprintf.o)
 .data          0x08000b30        0x0 c:/altera/13.0/nios2eds/bin/gnu/h-i686-mingw32/bin/../lib/gcc/nios2-elf/4.1.2/../../../../nios2-elf/lib\libc.a(lib_a-fseek.o)
 .data          0x08000b30        0x0 c:/altera/13.0/nios2eds/bin/gnu/h-i686-mingw32/bin/../lib/gcc/nios2-elf/4.1.2/../../../../nios2-elf/lib\libc.a(lib_a-fstatr.o)
 .data          0x08000b30      0x400 c:/altera/13.0/nios2eds/bin/gnu/h-i686-mingw32/bin/../lib/gcc/nios2-elf/4.1.2/../../../../nios2-elf/lib\libc.a(lib_a-impure.o)
 .data          0x08000f30        0x0 c:/altera/13.0/nios2eds/bin/gnu/h-i686-mingw32/bin/../lib/gcc/nios2-elf/4.1.2/../../../../nios2-elf/lib\libc.a(lib_a-int_errno.o)
 .data          0x08000f30        0x0 c:/altera/13.0/nios2eds/bin/gnu/h-i686-mingw32/bin/../lib/gcc/nios2-elf/4.1.2/../../../../nios2-elf/lib\libc.a(lib_a-makebuf.o)
 .data          0x08000f30      0x408 c:/altera/13.0/nios2eds/bin/gnu/h-i686-mingw32/bin/../lib/gcc/nios2-elf/4.1.2/../../../../nios2-elf/lib\libc.a(lib_a-mallocr.o)
                0x08000f30                __malloc_av_
 .data          0x08001338        0x0 c:/altera/13.0/nios2eds/bin/gnu/h-i686-mingw32/bin/../lib/gcc/nios2-elf/4.1.2/../../../../nios2-elf/lib\libc.a(lib_a-memcmp.o)
 .data          0x08001338        0x0 c:/altera/13.0/nios2eds/bin/gnu/h-i686-mingw32/bin/../lib/gcc/nios2-elf/4.1.2/../../../../nios2-elf/lib\libc.a(lib_a-memcpy.o)
 .data          0x08001338        0x0 c:/altera/13.0/nios2eds/bin/gnu/h-i686-mingw32/bin/../lib/gcc/nios2-elf/4.1.2/../../../../nios2-elf/lib\libc.a(lib_a-memset.o)
 .data          0x08001338        0x0 c:/altera/13.0/nios2eds/bin/gnu/h-i686-mingw32/bin/../lib/gcc/nios2-elf/4.1.2/../../../../nios2-elf/lib\libc.a(lib_a-openr.o)
 .data          0x08001338        0x0 c:/altera/13.0/nios2eds/bin/gnu/h-i686-mingw32/bin/../lib/gcc/nios2-elf/4.1.2/../../../../nios2-elf/lib\libc.a(lib_a-printf.o)
 .data          0x08001338        0x0 c:/altera/13.0/nios2eds/bin/gnu/h-i686-mingw32/bin/../lib/gcc/nios2-elf/4.1.2/../../../../nios2-elf/lib\libc.a(lib_a-puts.o)
 .data          0x08001338        0x0 c:/altera/13.0/nios2eds/bin/gnu/h-i686-mingw32/bin/../lib/gcc/nios2-elf/4.1.2/../../../../nios2-elf/lib\libc.a(lib_a-refill.o)
 .data          0x08001338        0x0 c:/altera/13.0/nios2eds/bin/gnu/h-i686-mingw32/bin/../lib/gcc/nios2-elf/4.1.2/../../../../nios2-elf/lib\libc.a(lib_a-sbrkr.o)
 .data          0x08001338        0x0 c:/altera/13.0/nios2eds/bin/gnu/h-i686-mingw32/bin/../lib/gcc/nios2-elf/4.1.2/../../../../nios2-elf/lib\libc.a(lib_a-stdio.o)
 .data          0x08001338        0x0 c:/altera/13.0/nios2eds/bin/gnu/h-i686-mingw32/bin/../lib/gcc/nios2-elf/4.1.2/../../../../nios2-elf/lib\libc.a(lib_a-strlen.o)
 .data          0x08001338       0x28 c:/altera/13.0/nios2eds/bin/gnu/h-i686-mingw32/bin/../lib/gcc/nios2-elf/4.1.2/../../../../nios2-elf/lib\libc.a(lib_a-strtod.o)
 .data          0x08001360        0x0 c:/altera/13.0/nios2eds/bin/gnu/h-i686-mingw32/bin/../lib/gcc/nios2-elf/4.1.2/../../../../nios2-elf/lib\libc.a(lib_a-vfprintf.o)
 .data          0x08001360        0x0 c:/altera/13.0/nios2eds/bin/gnu/h-i686-mingw32/bin/../lib/gcc/nios2-elf/4.1.2/../../../../nios2-elf/lib\libc.a(lib_a-writer.o)
 .data          0x08001360        0x0 c:/altera/13.0/nios2eds/bin/gnu/h-i686-mingw32/bin/../lib/gcc/nios2-elf/4.1.2/../../../../nios2-elf/lib\libc.a(lib_a-wsetup.o)
 .data          0x08001360        0x0 c:/altera/13.0/nios2eds/bin/gnu/h-i686-mingw32/bin/../lib/gcc/nios2-elf/4.1.2/../../../../nios2-elf/lib\libc.a(lib_a-closer.o)
 .data          0x08001360        0x0 c:/altera/13.0/nios2eds/bin/gnu/h-i686-mingw32/bin/../lib/gcc/nios2-elf/4.1.2/../../../../nios2-elf/lib\libc.a(lib_a-dtoa.o)
 .data          0x08001360        0x0 c:/altera/13.0/nios2eds/bin/gnu/h-i686-mingw32/bin/../lib/gcc/nios2-elf/4.1.2/../../../../nios2-elf/lib\libc.a(lib_a-fflush.o)
 .data          0x08001360        0x0 c:/altera/13.0/nios2eds/bin/gnu/h-i686-mingw32/bin/../lib/gcc/nios2-elf/4.1.2/../../../../nios2-elf/lib\libc.a(lib_a-findfp.o)
 .data          0x08001360        0x0 c:/altera/13.0/nios2eds/bin/gnu/h-i686-mingw32/bin/../lib/gcc/nios2-elf/4.1.2/../../../../nios2-elf/lib\libc.a(lib_a-flags.o)
 .data          0x08001360        0x0 c:/altera/13.0/nios2eds/bin/gnu/h-i686-mingw32/bin/../lib/gcc/nios2-elf/4.1.2/../../../../nios2-elf/lib\libc.a(lib_a-freer.o)
 .data          0x08001360        0x0 c:/altera/13.0/nios2eds/bin/gnu/h-i686-mingw32/bin/../lib/gcc/nios2-elf/4.1.2/../../../../nios2-elf/lib\libc.a(lib_a-fvwrite.o)
 .data          0x08001360        0x0 c:/altera/13.0/nios2eds/bin/gnu/h-i686-mingw32/bin/../lib/gcc/nios2-elf/4.1.2/../../../../nios2-elf/lib\libc.a(lib_a-fwalk.o)
 .data          0x08001360        0x0 c:/altera/13.0/nios2eds/bin/gnu/h-i686-mingw32/bin/../lib/gcc/nios2-elf/4.1.2/../../../../nios2-elf/lib\libc.a(lib_a-gdtoa-gethex.o)
 .data          0x08001360        0x0 c:/altera/13.0/nios2eds/bin/gnu/h-i686-mingw32/bin/../lib/gcc/nios2-elf/4.1.2/../../../../nios2-elf/lib\libc.a(lib_a-gdtoa-hexnan.o)
 .data          0x08001360        0x0 c:/altera/13.0/nios2eds/bin/gnu/h-i686-mingw32/bin/../lib/gcc/nios2-elf/4.1.2/../../../../nios2-elf/lib\libc.a(lib_a-isattyr.o)
 .data          0x08001360        0xc c:/altera/13.0/nios2eds/bin/gnu/h-i686-mingw32/bin/../lib/gcc/nios2-elf/4.1.2/../../../../nios2-elf/lib\libc.a(lib_a-locale.o)
                0x08001360                __lc_ctype
 .data          0x0800136c        0x0 c:/altera/13.0/nios2eds/bin/gnu/h-i686-mingw32/bin/../lib/gcc/nios2-elf/4.1.2/../../../../nios2-elf/lib\libc.a(lib_a-lseekr.o)
 .data          0x0800136c        0x0 c:/altera/13.0/nios2eds/bin/gnu/h-i686-mingw32/bin/../lib/gcc/nios2-elf/4.1.2/../../../../nios2-elf/lib\libc.a(lib_a-memchr.o)
 .data          0x0800136c        0x0 c:/altera/13.0/nios2eds/bin/gnu/h-i686-mingw32/bin/../lib/gcc/nios2-elf/4.1.2/../../../../nios2-elf/lib\libc.a(lib_a-memmove.o)
 .data          0x0800136c        0x0 c:/altera/13.0/nios2eds/bin/gnu/h-i686-mingw32/bin/../lib/gcc/nios2-elf/4.1.2/../../../../nios2-elf/lib\libc.a(lib_a-mprec.o)
 .data          0x0800136c        0x0 c:/altera/13.0/nios2eds/bin/gnu/h-i686-mingw32/bin/../lib/gcc/nios2-elf/4.1.2/../../../../nios2-elf/lib\libc.a(lib_a-readr.o)
 .data          0x0800136c        0x0 c:/altera/13.0/nios2eds/bin/gnu/h-i686-mingw32/bin/../lib/gcc/nios2-elf/4.1.2/../../../../nios2-elf/lib\libc.a(lib_a-reallocr.o)
 .data          0x0800136c        0x0 c:/altera/13.0/nios2eds/bin/gnu/h-i686-mingw32/bin/../lib/gcc/nios2-elf/4.1.2/../../../../nios2-elf/lib\libc.a(lib_a-s_isinfd.o)
 .data          0x0800136c        0x0 c:/altera/13.0/nios2eds/bin/gnu/h-i686-mingw32/bin/../lib/gcc/nios2-elf/4.1.2/../../../../nios2-elf/lib\libc.a(lib_a-s_isnand.o)
 .data          0x0800136c        0x0 c:/altera/13.0/nios2eds/bin/gnu/h-i686-mingw32/bin/../lib/gcc/nios2-elf/4.1.2/../../../../nios2-elf/lib\libc.a(lib_a-strcmp.o)
 .data          0x0800136c        0x0 c:/altera/13.0/nios2eds/bin/gnu/h-i686-mingw32/bin/../lib/gcc/nios2-elf/4.1.2/../../../../nios2-elf/lib\libc.a(lib_a-callocr.o)
 .data          0x0800136c        0x0 c:/altera/13.0/nios2eds/bin/gnu/h-i686-mingw32/bin/../lib/gcc/nios2-elf/4.1.2/../../../../nios2-elf/lib\libc.a(lib_a-fclose.o)
 .data          0x0800136c        0x0 c:/altera/13.0/nios2eds/bin/gnu/h-i686-mingw32/bin/../lib/gcc/nios2-elf/4.1.2\libgcc.a(_fixunsdfsi.o)
 .data          0x0800136c        0x0 c:/altera/13.0/nios2eds/bin/gnu/h-i686-mingw32/bin/../lib/gcc/nios2-elf/4.1.2\libgcc.a(_udivdi3.o)
 .data          0x0800136c        0x0 c:/altera/13.0/nios2eds/bin/gnu/h-i686-mingw32/bin/../lib/gcc/nios2-elf/4.1.2\libgcc.a(_umoddi3.o)
 .data          0x0800136c        0x0 c:/altera/13.0/nios2eds/bin/gnu/h-i686-mingw32/bin/../lib/gcc/nios2-elf/4.1.2\libgcc.a(_ne_sf.o)
 .data          0x0800136c        0x0 c:/altera/13.0/nios2eds/bin/gnu/h-i686-mingw32/bin/../lib/gcc/nios2-elf/4.1.2\libgcc.a(_addsub_df.o)
 .data          0x0800136c        0x0 c:/altera/13.0/nios2eds/bin/gnu/h-i686-mingw32/bin/../lib/gcc/nios2-elf/4.1.2\libgcc.a(_mul_df.o)
 .data          0x0800136c        0x0 c:/altera/13.0/nios2eds/bin/gnu/h-i686-mingw32/bin/../lib/gcc/nios2-elf/4.1.2\libgcc.a(_div_df.o)
 .data          0x0800136c        0x0 c:/altera/13.0/nios2eds/bin/gnu/h-i686-mingw32/bin/../lib/gcc/nios2-elf/4.1.2\libgcc.a(_eq_df.o)
 .data          0x0800136c        0x0 c:/altera/13.0/nios2eds/bin/gnu/h-i686-mingw32/bin/../lib/gcc/nios2-elf/4.1.2\libgcc.a(_ne_df.o)
 .data          0x0800136c        0x0 c:/altera/13.0/nios2eds/bin/gnu/h-i686-mingw32/bin/../lib/gcc/nios2-elf/4.1.2\libgcc.a(_gt_df.o)
 .data          0x0800136c        0x0 c:/altera/13.0/nios2eds/bin/gnu/h-i686-mingw32/bin/../lib/gcc/nios2-elf/4.1.2\libgcc.a(_ge_df.o)
 .data          0x0800136c        0x0 c:/altera/13.0/nios2eds/bin/gnu/h-i686-mingw32/bin/../lib/gcc/nios2-elf/4.1.2\libgcc.a(_lt_df.o)
 .data          0x0800136c        0x0 c:/altera/13.0/nios2eds/bin/gnu/h-i686-mingw32/bin/../lib/gcc/nios2-elf/4.1.2\libgcc.a(_le_df.o)
 .data          0x0800136c        0x0 c:/altera/13.0/nios2eds/bin/gnu/h-i686-mingw32/bin/../lib/gcc/nios2-elf/4.1.2\libgcc.a(_si_to_df.o)
 .data          0x0800136c        0x0 c:/altera/13.0/nios2eds/bin/gnu/h-i686-mingw32/bin/../lib/gcc/nios2-elf/4.1.2\libgcc.a(_df_to_si.o)
 .data          0x0800136c        0x0 c:/altera/13.0/nios2eds/bin/gnu/h-i686-mingw32/bin/../lib/gcc/nios2-elf/4.1.2\libgcc.a(_df_to_sf.o)
 .data          0x0800136c        0x0 c:/altera/13.0/nios2eds/bin/gnu/h-i686-mingw32/bin/../lib/gcc/nios2-elf/4.1.2\libgcc.a(_thenan_df.o)
 .data          0x0800136c        0x0 c:/altera/13.0/nios2eds/bin/gnu/h-i686-mingw32/bin/../lib/gcc/nios2-elf/4.1.2\libgcc.a(_usi_to_df.o)
 .data          0x0800136c        0x0 c:/altera/13.0/nios2eds/bin/gnu/h-i686-mingw32/bin/../lib/gcc/nios2-elf/4.1.2\libgcc.a(lib2-divmod.o)
 .data          0x0800136c        0x0 c:/altera/13.0/nios2eds/bin/gnu/h-i686-mingw32/bin/../lib/gcc/nios2-elf/4.1.2\libgcc.a(_make_sf.o)
 .data          0x0800136c        0x0 c:/altera/13.0/nios2eds/bin/gnu/h-i686-mingw32/bin/../lib/gcc/nios2-elf/4.1.2\libgcc.a(_unpack_df.o)
 .data          0x0800136c        0x0 c:/altera/13.0/nios2eds/bin/gnu/h-i686-mingw32/bin/../lib/gcc/nios2-elf/4.1.2\libgcc.a(_fpcmp_parts_df.o)
 .data          0x0800136c        0x0 ../freqRelay_bsp/\libhal_bsp.a(alt_close.o)
 .data          0x0800136c      0x1a8 ../freqRelay_bsp/\libhal_bsp.a(alt_dev.o)
                0x0800136c                alt_dev_null
                0x08001394                alt_fd_list
 .data          0x08001514        0x0 ../freqRelay_bsp/\libhal_bsp.a(alt_errno.o)
 .data          0x08001514        0x0 ../freqRelay_bsp/\libhal_bsp.a(alt_fstat.o)
 .data          0x08001514        0x0 ../freqRelay_bsp/\libhal_bsp.a(alt_irq_handler.o)
 .data          0x08001514        0x0 ../freqRelay_bsp/\libhal_bsp.a(alt_irq_vars.o)
 .data          0x08001514        0x0 ../freqRelay_bsp/\libhal_bsp.a(alt_isatty.o)
 .data          0x08001514        0x0 ../freqRelay_bsp/\libhal_bsp.a(alt_lseek.o)
 .data          0x08001514        0x0 ../freqRelay_bsp/\libhal_bsp.a(alt_main.o)
 .data          0x08001514        0x0 ../freqRelay_bsp/\libhal_bsp.a(alt_malloc_lock.o)
 .data          0x08001514        0x0 ../freqRelay_bsp/\libhal_bsp.a(alt_open.o)
 .data          0x08001514        0x0 ../freqRelay_bsp/\libhal_bsp.a(alt_read.o)
 .data          0x08001514        0x0 ../freqRelay_bsp/\libhal_bsp.a(alt_release_fd.o)
 .data          0x08001514        0x0 ../freqRelay_bsp/\libhal_bsp.a(alt_sbrk.o)
 .data          0x08001514        0x0 ../freqRelay_bsp/\libhal_bsp.a(alt_write.o)
 .data          0x08001514     0x13f0 ../freqRelay_bsp/\libhal_bsp.a(alt_sys_init.o)
 .data          0x08002904        0x0 ../freqRelay_bsp/\libhal_bsp.a(altera_avalon_cfi_flash.o)
 .data          0x08002904        0x0 ../freqRelay_bsp/\libhal_bsp.a(altera_avalon_cfi_flash_table.o)
 .data          0x08002904        0x0 ../freqRelay_bsp/\libhal_bsp.a(altera_avalon_jtag_uart_fd.o)
 .data          0x08002904        0x0 ../freqRelay_bsp/\libhal_bsp.a(altera_avalon_jtag_uart_init.o)
 .data          0x08002904        0x0 ../freqRelay_bsp/\libhal_bsp.a(altera_avalon_jtag_uart_ioctl.o)
 .data          0x08002904        0x0 ../freqRelay_bsp/\libhal_bsp.a(altera_avalon_jtag_uart_read.o)
 .data          0x08002904        0x0 ../freqRelay_bsp/\libhal_bsp.a(altera_avalon_jtag_uart_write.o)
 .data          0x08002904        0x0 ../freqRelay_bsp/\libhal_bsp.a(altera_avalon_lcd_16207.o)
 .data          0x08002904        0x0 ../freqRelay_bsp/\libhal_bsp.a(altera_avalon_lcd_16207_fd.o)
 .data          0x08002904        0x0 ../freqRelay_bsp/\libhal_bsp.a(altera_avalon_timer_sc.o)
 .data          0x08002904        0x0 ../freqRelay_bsp/\libhal_bsp.a(altera_avalon_uart_fd.o)
 .data          0x08002904        0x0 ../freqRelay_bsp/\libhal_bsp.a(altera_avalon_uart_init.o)
 .data          0x08002904        0x0 ../freqRelay_bsp/\libhal_bsp.a(altera_avalon_uart_read.o)
 .data          0x08002904        0x0 ../freqRelay_bsp/\libhal_bsp.a(altera_avalon_uart_write.o)
 .data          0x08002904        0x0 ../freqRelay_bsp/\libhal_bsp.a(altera_up_avalon_ps2.o)
 .data          0x08002904        0x0 ../freqRelay_bsp/\libhal_bsp.a(altera_up_avalon_video_character_buffer_with_dma.o)
 .data          0x08002904      0x2d0 ../freqRelay_bsp/\libhal_bsp.a(altera_up_ps2_keyboard.o)
                0x08002904                key_table
                0x08002a9c                ascii_codes
                0x08002b04                single_byte_make_code
                0x08002b6c                multi_byte_make_code
 .data          0x08002bd4        0x0 ../freqRelay_bsp/\libhal_bsp.a(alt_alarm_start.o)
 .data          0x08002bd4        0x0 ../freqRelay_bsp/\libhal_bsp.a(alt_dcache_flush.o)
 .data          0x08002bd4        0x0 ../freqRelay_bsp/\libhal_bsp.a(alt_dev_llist_insert.o)
 .data          0x08002bd4        0x0 ../freqRelay_bsp/\libhal_bsp.a(alt_do_ctors.o)
 .data          0x08002bd4        0x0 ../freqRelay_bsp/\libhal_bsp.a(alt_do_dtors.o)
 .data          0x08002bd4        0x0 ../freqRelay_bsp/\libhal_bsp.a(alt_find_dev.o)
 .data          0x08002bd4        0x0 ../freqRelay_bsp/\libhal_bsp.a(alt_find_file.o)
 .data          0x08002bd4        0x0 ../freqRelay_bsp/\libhal_bsp.a(alt_flash_dev.o)
 .data          0x08002bd4        0x0 ../freqRelay_bsp/\libhal_bsp.a(alt_get_fd.o)
 .data          0x08002bd4        0x0 ../freqRelay_bsp/\libhal_bsp.a(alt_io_redirect.o)
 .data          0x08002bd4        0x0 ../freqRelay_bsp/\libhal_bsp.a(alt_tick.o)
 .data          0x08002bd4        0x0 ../freqRelay_bsp/\libhal_bsp.a(alt_usleep.o)
 .data          0x08002bd4        0x0 ../freqRelay_bsp/\libhal_bsp.a(altera_nios2_qsys_irq.o)
 .data          0x08002bd4        0x0 ../freqRelay_bsp/\libhal_bsp.a(altera_avalon_cfi_flash_amd.o)
 .data          0x08002bd4        0x0 ../freqRelay_bsp/\libhal_bsp.a(altera_avalon_cfi_flash_intel.o)
 .data          0x08002bd4        0x0 ../freqRelay_bsp/\libhal_bsp.a(alt_busy_sleep.o)
 .data          0x08002bd4        0x0 c:/altera/13.0/nios2eds/bin/gnu/h-i686-mingw32/bin/../lib/gcc/nios2-elf/4.1.2/../../../../nios2-elf/lib\libc.a(lib_a-atexit.o)
 .data          0x08002bd4        0x0 c:/altera/13.0/nios2eds/bin/gnu/h-i686-mingw32/bin/../lib/gcc/nios2-elf/4.1.2/../../../../nios2-elf/lib\libc.a(lib_a-ctype_.o)
 .data          0x08002bd4        0x0 c:/altera/13.0/nios2eds/bin/gnu/h-i686-mingw32/bin/../lib/gcc/nios2-elf/4.1.2/../../../../nios2-elf/lib\libc.a(lib_a-exit.o)
 .data          0x08002bd4        0x0 c:/altera/13.0/nios2eds/bin/gnu/h-i686-mingw32/bin/../lib/gcc/nios2-elf/4.1.2/../../../../nios2-elf/lib\libc.a(lib_a-strcpy.o)
 .data          0x08002bd4        0x0 c:/altera/13.0/nios2eds/bin/gnu/h-i686-mingw32/bin/../lib/gcc/nios2-elf/4.1.2/../../../../nios2-elf/lib\libc.a(lib_a-__atexit.o)
 .data          0x08002bd4        0x0 c:/altera/13.0/nios2eds/bin/gnu/h-i686-mingw32/bin/../lib/gcc/nios2-elf/4.1.2/../../../../nios2-elf/lib\libc.a(lib_a-__call_atexit.o)
 .data          0x08002bd4        0x0 ../freqRelay_bsp/\libhal_bsp.a(alt_exit.o)
                0x0800abd4                _gp = ABSOLUTE ((. + 0x8000))
                0x0800abd4                PROVIDE (gp, _gp)
 *(.rwdata .rwdata.*)
 *(.sdata .sdata.* .gnu.linkonce.s.*)
 .sdata         0x08002bd4        0xc obj/default/freertos/heap.o
 .sdata         0x08002be0        0x4 obj/default/freertos/tasks.o
 .sdata         0x08002be4        0x8 c:/altera/13.0/nios2eds/bin/gnu/h-i686-mingw32/bin/../lib/gcc/nios2-elf/4.1.2/../../../../nios2-elf/lib\libc.a(lib_a-impure.o)
                0x08002be4                _impure_ptr
                0x08002be8                _global_impure_ptr
 .sdata         0x08002bec        0x8 c:/altera/13.0/nios2eds/bin/gnu/h-i686-mingw32/bin/../lib/gcc/nios2-elf/4.1.2/../../../../nios2-elf/lib\libc.a(lib_a-mallocr.o)
                0x08002bec                __malloc_trim_threshold
                0x08002bf0                __malloc_sbrk_base
 .sdata         0x08002bf4        0x8 c:/altera/13.0/nios2eds/bin/gnu/h-i686-mingw32/bin/../lib/gcc/nios2-elf/4.1.2/../../../../nios2-elf/lib\libc.a(lib_a-locale.o)
                0x08002bf4                __mb_cur_max
 .sdata         0x08002bfc       0x14 ../freqRelay_bsp/\libhal_bsp.a(alt_dev.o)
                0x08002bfc                alt_fs_list
                0x08002c04                alt_dev_list
                0x08002c0c                alt_max_fd
 .sdata         0x08002c10        0x4 ../freqRelay_bsp/\libhal_bsp.a(alt_errno.o)
                0x08002c10                alt_errno
 .sdata         0x08002c14        0x4 ../freqRelay_bsp/\libhal_bsp.a(alt_irq_vars.o)
                0x08002c14                alt_priority_mask
 .sdata         0x08002c18        0x4 ../freqRelay_bsp/\libhal_bsp.a(alt_sbrk.o)
 .sdata         0x08002c1c        0x4 ../freqRelay_bsp/\libhal_bsp.a(altera_avalon_lcd_16207.o)
 .sdata         0x08002c20        0x8 ../freqRelay_bsp/\libhal_bsp.a(alt_flash_dev.o)
                0x08002c20                alt_flash_dev_list
 .sdata         0x08002c28        0x8 ../freqRelay_bsp/\libhal_bsp.a(alt_tick.o)
                0x08002c28                alt_alarm_list
 .sdata         0x08002c30        0x4 c:/altera/13.0/nios2eds/bin/gnu/h-i686-mingw32/bin/../lib/gcc/nios2-elf/4.1.2/../../../../nios2-elf/lib\libc.a(lib_a-ctype_.o)
                0x08002c30                __ctype_ptr
 *(.sdata2 .sdata2.* .gnu.linkonce.s2.*)
                0x08002c34                . = ALIGN (0x4)
                0x08002c34                _edata = ABSOLUTE (.)
                0x08002c34                PROVIDE (edata, ABSOLUTE (.))
                0x08002c34                PROVIDE (__ram_rwdata_end, ABSOLUTE (.))
                0x08000b30                PROVIDE (__flash_rwdata_start, LOADADDR (.rwdata))

.bss            0x08002c34    0x7d674
                0x08002c34                __bss_start = ABSOLUTE (.)
                0x08002c34                PROVIDE (__sbss_start, ABSOLUTE (.))
                0x08002c34                PROVIDE (___sbss_start, ABSOLUTE (.))
 *(.dynsbss)
 *(.sbss .sbss.* .gnu.linkonce.sb.*)
 .sbss          0x08002c34       0x1c obj/default/freertos/croutine.o
                0x08002c34                pxCurrentCoRoutine
 .sbss          0x08002c50        0xc obj/default/freertos/heap.o
 .sbss          0x08002c5c       0x34 obj/default/freertos/tasks.o
                0x08002c5c                pxCurrentTCB
 .sbss          0x08002c90       0x10 obj/default/freertos/timers.o
 .sbss          0x08002ca0       0x38 obj/default/hello_world.o
                0x08002ca0                MutexRoc
                0x08002ca4                qLed
                0x08002ca8                qFreq
                0x08002cac                MutexMode
                0x08002cb0                LoadManagementTaskHandle
                0x08002cb4                SemaphoreButton
                0x08002cb8                SwitchPollingTaskHandle
                0x08002cbc                qInformation
                0x08002cc0                MutexFreq
                0x08002cc4                currentMode
                0x08002cc8                frequencyThreshold
                0x08002ccc                qKeyBoard
                0x08002cd0                qViolation
                0x08002cd4                rocThreshold
 .sbss          0x08002cd8        0x1 obj/default/interrupts.o
 .sbss          0x08002cd9        0x1 obj/default/taskslcfr.o
 *fill*         0x08002cda        0x2 00
 .sbss          0x08002cdc        0x4 c:/altera/13.0/nios2eds/bin/gnu/h-i686-mingw32/bin/../lib/gcc/nios2-elf/4.1.2/../../../../nios2-elf/lib\libc.a(lib_a-int_errno.o)
                0x08002cdc                errno
 .sbss          0x08002ce0        0xc c:/altera/13.0/nios2eds/bin/gnu/h-i686-mingw32/bin/../lib/gcc/nios2-elf/4.1.2/../../../../nios2-elf/lib\libc.a(lib_a-mallocr.o)
                0x08002ce0                __malloc_top_pad
                0x08002ce4                __malloc_max_sbrked_mem
                0x08002ce8                __malloc_max_total_mem
 .sbss          0x08002cec        0xc c:/altera/13.0/nios2eds/bin/gnu/h-i686-mingw32/bin/../lib/gcc/nios2-elf/4.1.2/../../../../nios2-elf/lib\libc.a(lib_a-locale.o)
                0x08002cec                __nlocale_changed
                0x08002cf0                __mlocale_changed
                0x08002cf4                _PathLocale
 .sbss          0x08002cf8        0x4 ../freqRelay_bsp/\libhal_bsp.a(alt_irq_vars.o)
                0x08002cf8                alt_irq_active
 .sbss          0x08002cfc        0xc ../freqRelay_bsp/\libhal_bsp.a(alt_main.o)
                0x08002cfc                alt_argc
                0x08002d00                alt_argv
                0x08002d04                alt_envp
 .sbss          0x08002d08        0x8 ../freqRelay_bsp/\libhal_bsp.a(alt_tick.o)
                0x08002d08                _alt_tick_rate
                0x08002d0c                _alt_nticks
 *(.sbss2 .sbss2.* .gnu.linkonce.sb2.*)
 *(.scommon)
                0x08002d10                PROVIDE (__sbss_end, ABSOLUTE (.))
                0x08002d10                PROVIDE (___sbss_end, ABSOLUTE (.))
 *(.dynbss)
 *(.bss .bss.* .gnu.linkonce.b.*)
 .bss           0x08002d10        0x0 ../freqRelay_bsp//obj/HAL/src/crt0.o
 .bss           0x08002d10       0x64 obj/default/freertos/croutine.o
 .bss           0x08002d74        0x0 obj/default/freertos/event_groups.o
 .bss           0x08002d74    0x7d000 obj/default/freertos/heap.o
 .bss           0x0807fd74        0x0 obj/default/freertos/list.o
 .bss           0x0807fd74        0x0 obj/default/freertos/port.o
 .bss           0x0807fd74        0x0 obj/default/freertos/queue.o
 .bss           0x0807fd74      0x154 obj/default/freertos/tasks.o
 .bss           0x0807fec8       0x28 obj/default/freertos/timers.o
 .bss           0x0807fef0        0x0 obj/default/hello_world.o
 .bss           0x0807fef0        0x0 obj/default/interrupts.o
 .bss           0x0807fef0        0x0 obj/default/taskslcfr.o
 .bss           0x0807fef0        0x0 obj/default/variables.o
 .bss           0x0807fef0        0x0 obj/default/freertos/port_asm.o
 .bss           0x0807fef0        0x0 c:/altera/13.0/nios2eds/bin/gnu/h-i686-mingw32/bin/../lib/gcc/nios2-elf/4.1.2\libgcc.a(_addsub_sf.o)
 .bss           0x0807fef0        0x0 c:/altera/13.0/nios2eds/bin/gnu/h-i686-mingw32/bin/../lib/gcc/nios2-elf/4.1.2\libgcc.a(_mul_sf.o)
 .bss           0x0807fef0        0x0 c:/altera/13.0/nios2eds/bin/gnu/h-i686-mingw32/bin/../lib/gcc/nios2-elf/4.1.2\libgcc.a(_div_sf.o)
 .bss           0x0807fef0        0x0 c:/altera/13.0/nios2eds/bin/gnu/h-i686-mingw32/bin/../lib/gcc/nios2-elf/4.1.2\libgcc.a(_gt_sf.o)
 .bss           0x0807fef0        0x0 c:/altera/13.0/nios2eds/bin/gnu/h-i686-mingw32/bin/../lib/gcc/nios2-elf/4.1.2\libgcc.a(_lt_sf.o)
 .bss           0x0807fef0        0x0 c:/altera/13.0/nios2eds/bin/gnu/h-i686-mingw32/bin/../lib/gcc/nios2-elf/4.1.2\libgcc.a(_si_to_sf.o)
 .bss           0x0807fef0        0x0 c:/altera/13.0/nios2eds/bin/gnu/h-i686-mingw32/bin/../lib/gcc/nios2-elf/4.1.2\libgcc.a(_sf_to_si.o)
 .bss           0x0807fef0        0x0 c:/altera/13.0/nios2eds/bin/gnu/h-i686-mingw32/bin/../lib/gcc/nios2-elf/4.1.2\libgcc.a(_sf_to_df.o)
 .bss           0x0807fef0        0x0 c:/altera/13.0/nios2eds/bin/gnu/h-i686-mingw32/bin/../lib/gcc/nios2-elf/4.1.2\libgcc.a(_thenan_sf.o)
 .bss           0x0807fef0        0x0 c:/altera/13.0/nios2eds/bin/gnu/h-i686-mingw32/bin/../lib/gcc/nios2-elf/4.1.2\libgcc.a(_usi_to_sf.o)
 .bss           0x0807fef0        0x0 c:/altera/13.0/nios2eds/bin/gnu/h-i686-mingw32/bin/../lib/gcc/nios2-elf/4.1.2\libgcc.a(_make_df.o)
 .bss           0x0807fef0        0x0 c:/altera/13.0/nios2eds/bin/gnu/h-i686-mingw32/bin/../lib/gcc/nios2-elf/4.1.2\libgcc.a(_muldi3.o)
 .bss           0x0807fef0        0x0 c:/altera/13.0/nios2eds/bin/gnu/h-i686-mingw32/bin/../lib/gcc/nios2-elf/4.1.2\libgcc.a(_clzsi2.o)
 .bss           0x0807fef0        0x0 c:/altera/13.0/nios2eds/bin/gnu/h-i686-mingw32/bin/../lib/gcc/nios2-elf/4.1.2\libgcc.a(_pack_sf.o)
 .bss           0x0807fef0        0x0 c:/altera/13.0/nios2eds/bin/gnu/h-i686-mingw32/bin/../lib/gcc/nios2-elf/4.1.2\libgcc.a(_unpack_sf.o)
 .bss           0x0807fef0        0x0 c:/altera/13.0/nios2eds/bin/gnu/h-i686-mingw32/bin/../lib/gcc/nios2-elf/4.1.2\libgcc.a(_fpcmp_parts_sf.o)
 .bss           0x0807fef0        0x0 c:/altera/13.0/nios2eds/bin/gnu/h-i686-mingw32/bin/../lib/gcc/nios2-elf/4.1.2\libgcc.a(_pack_df.o)
 .bss           0x0807fef0        0x0 c:/altera/13.0/nios2eds/bin/gnu/h-i686-mingw32/bin/../lib/gcc/nios2-elf/4.1.2\libgcc.a(_clz.o)
 .bss           0x0807fef0        0x0 c:/altera/13.0/nios2eds/bin/gnu/h-i686-mingw32/bin/../lib/gcc/nios2-elf/4.1.2/../../../../nios2-elf/lib\libc.a(lib_a-fopen.o)
 .bss           0x0807fef0        0x0 c:/altera/13.0/nios2eds/bin/gnu/h-i686-mingw32/bin/../lib/gcc/nios2-elf/4.1.2/../../../../nios2-elf/lib\libc.a(lib_a-fprintf.o)
 .bss           0x0807fef0        0x0 c:/altera/13.0/nios2eds/bin/gnu/h-i686-mingw32/bin/../lib/gcc/nios2-elf/4.1.2/../../../../nios2-elf/lib\libc.a(lib_a-fseek.o)
 .bss           0x0807fef0        0x0 c:/altera/13.0/nios2eds/bin/gnu/h-i686-mingw32/bin/../lib/gcc/nios2-elf/4.1.2/../../../../nios2-elf/lib\libc.a(lib_a-fstatr.o)
 .bss           0x0807fef0        0x0 c:/altera/13.0/nios2eds/bin/gnu/h-i686-mingw32/bin/../lib/gcc/nios2-elf/4.1.2/../../../../nios2-elf/lib\libc.a(lib_a-impure.o)
 .bss           0x0807fef0        0x0 c:/altera/13.0/nios2eds/bin/gnu/h-i686-mingw32/bin/../lib/gcc/nios2-elf/4.1.2/../../../../nios2-elf/lib\libc.a(lib_a-int_errno.o)
 .bss           0x0807fef0        0x0 c:/altera/13.0/nios2eds/bin/gnu/h-i686-mingw32/bin/../lib/gcc/nios2-elf/4.1.2/../../../../nios2-elf/lib\libc.a(lib_a-makebuf.o)
 .bss           0x0807fef0       0x28 c:/altera/13.0/nios2eds/bin/gnu/h-i686-mingw32/bin/../lib/gcc/nios2-elf/4.1.2/../../../../nios2-elf/lib\libc.a(lib_a-mallocr.o)
                0x0807fef0                __malloc_current_mallinfo
 .bss           0x0807ff18        0x0 c:/altera/13.0/nios2eds/bin/gnu/h-i686-mingw32/bin/../lib/gcc/nios2-elf/4.1.2/../../../../nios2-elf/lib\libc.a(lib_a-memcmp.o)
 .bss           0x0807ff18        0x0 c:/altera/13.0/nios2eds/bin/gnu/h-i686-mingw32/bin/../lib/gcc/nios2-elf/4.1.2/../../../../nios2-elf/lib\libc.a(lib_a-memcpy.o)
 .bss           0x0807ff18        0x0 c:/altera/13.0/nios2eds/bin/gnu/h-i686-mingw32/bin/../lib/gcc/nios2-elf/4.1.2/../../../../nios2-elf/lib\libc.a(lib_a-memset.o)
 .bss           0x0807ff18        0x0 c:/altera/13.0/nios2eds/bin/gnu/h-i686-mingw32/bin/../lib/gcc/nios2-elf/4.1.2/../../../../nios2-elf/lib\libc.a(lib_a-openr.o)
 .bss           0x0807ff18        0x0 c:/altera/13.0/nios2eds/bin/gnu/h-i686-mingw32/bin/../lib/gcc/nios2-elf/4.1.2/../../../../nios2-elf/lib\libc.a(lib_a-printf.o)
 .bss           0x0807ff18        0x0 c:/altera/13.0/nios2eds/bin/gnu/h-i686-mingw32/bin/../lib/gcc/nios2-elf/4.1.2/../../../../nios2-elf/lib\libc.a(lib_a-puts.o)
 .bss           0x0807ff18        0x0 c:/altera/13.0/nios2eds/bin/gnu/h-i686-mingw32/bin/../lib/gcc/nios2-elf/4.1.2/../../../../nios2-elf/lib\libc.a(lib_a-refill.o)
 .bss           0x0807ff18        0x0 c:/altera/13.0/nios2eds/bin/gnu/h-i686-mingw32/bin/../lib/gcc/nios2-elf/4.1.2/../../../../nios2-elf/lib\libc.a(lib_a-sbrkr.o)
 .bss           0x0807ff18        0x0 c:/altera/13.0/nios2eds/bin/gnu/h-i686-mingw32/bin/../lib/gcc/nios2-elf/4.1.2/../../../../nios2-elf/lib\libc.a(lib_a-stdio.o)
 .bss           0x0807ff18        0x0 c:/altera/13.0/nios2eds/bin/gnu/h-i686-mingw32/bin/../lib/gcc/nios2-elf/4.1.2/../../../../nios2-elf/lib\libc.a(lib_a-strlen.o)
 .bss           0x0807ff18        0x0 c:/altera/13.0/nios2eds/bin/gnu/h-i686-mingw32/bin/../lib/gcc/nios2-elf/4.1.2/../../../../nios2-elf/lib\libc.a(lib_a-strtod.o)
 .bss           0x0807ff18        0x0 c:/altera/13.0/nios2eds/bin/gnu/h-i686-mingw32/bin/../lib/gcc/nios2-elf/4.1.2/../../../../nios2-elf/lib\libc.a(lib_a-vfprintf.o)
 .bss           0x0807ff18        0x0 c:/altera/13.0/nios2eds/bin/gnu/h-i686-mingw32/bin/../lib/gcc/nios2-elf/4.1.2/../../../../nios2-elf/lib\libc.a(lib_a-writer.o)
 .bss           0x0807ff18        0x0 c:/altera/13.0/nios2eds/bin/gnu/h-i686-mingw32/bin/../lib/gcc/nios2-elf/4.1.2/../../../../nios2-elf/lib\libc.a(lib_a-wsetup.o)
 .bss           0x0807ff18        0x0 c:/altera/13.0/nios2eds/bin/gnu/h-i686-mingw32/bin/../lib/gcc/nios2-elf/4.1.2/../../../../nios2-elf/lib\libc.a(lib_a-closer.o)
 .bss           0x0807ff18        0x0 c:/altera/13.0/nios2eds/bin/gnu/h-i686-mingw32/bin/../lib/gcc/nios2-elf/4.1.2/../../../../nios2-elf/lib\libc.a(lib_a-dtoa.o)
 .bss           0x0807ff18        0x0 c:/altera/13.0/nios2eds/bin/gnu/h-i686-mingw32/bin/../lib/gcc/nios2-elf/4.1.2/../../../../nios2-elf/lib\libc.a(lib_a-fflush.o)
 .bss           0x0807ff18        0x0 c:/altera/13.0/nios2eds/bin/gnu/h-i686-mingw32/bin/../lib/gcc/nios2-elf/4.1.2/../../../../nios2-elf/lib\libc.a(lib_a-findfp.o)
 .bss           0x0807ff18        0x0 c:/altera/13.0/nios2eds/bin/gnu/h-i686-mingw32/bin/../lib/gcc/nios2-elf/4.1.2/../../../../nios2-elf/lib\libc.a(lib_a-flags.o)
 .bss           0x0807ff18        0x0 c:/altera/13.0/nios2eds/bin/gnu/h-i686-mingw32/bin/../lib/gcc/nios2-elf/4.1.2/../../../../nios2-elf/lib\libc.a(lib_a-freer.o)
 .bss           0x0807ff18        0x0 c:/altera/13.0/nios2eds/bin/gnu/h-i686-mingw32/bin/../lib/gcc/nios2-elf/4.1.2/../../../../nios2-elf/lib\libc.a(lib_a-fvwrite.o)
 .bss           0x0807ff18        0x0 c:/altera/13.0/nios2eds/bin/gnu/h-i686-mingw32/bin/../lib/gcc/nios2-elf/4.1.2/../../../../nios2-elf/lib\libc.a(lib_a-fwalk.o)
 .bss           0x0807ff18        0x0 c:/altera/13.0/nios2eds/bin/gnu/h-i686-mingw32/bin/../lib/gcc/nios2-elf/4.1.2/../../../../nios2-elf/lib\libc.a(lib_a-gdtoa-gethex.o)
 .bss           0x0807ff18        0x0 c:/altera/13.0/nios2eds/bin/gnu/h-i686-mingw32/bin/../lib/gcc/nios2-elf/4.1.2/../../../../nios2-elf/lib\libc.a(lib_a-gdtoa-hexnan.o)
 .bss           0x0807ff18        0x0 c:/altera/13.0/nios2eds/bin/gnu/h-i686-mingw32/bin/../lib/gcc/nios2-elf/4.1.2/../../../../nios2-elf/lib\libc.a(lib_a-isattyr.o)
 .bss           0x0807ff18        0x0 c:/altera/13.0/nios2eds/bin/gnu/h-i686-mingw32/bin/../lib/gcc/nios2-elf/4.1.2/../../../../nios2-elf/lib\libc.a(lib_a-locale.o)
 .bss           0x0807ff18        0x0 c:/altera/13.0/nios2eds/bin/gnu/h-i686-mingw32/bin/../lib/gcc/nios2-elf/4.1.2/../../../../nios2-elf/lib\libc.a(lib_a-lseekr.o)
 .bss           0x0807ff18        0x0 c:/altera/13.0/nios2eds/bin/gnu/h-i686-mingw32/bin/../lib/gcc/nios2-elf/4.1.2/../../../../nios2-elf/lib\libc.a(lib_a-memchr.o)
 .bss           0x0807ff18        0x0 c:/altera/13.0/nios2eds/bin/gnu/h-i686-mingw32/bin/../lib/gcc/nios2-elf/4.1.2/../../../../nios2-elf/lib\libc.a(lib_a-memmove.o)
 .bss           0x0807ff18        0x0 c:/altera/13.0/nios2eds/bin/gnu/h-i686-mingw32/bin/../lib/gcc/nios2-elf/4.1.2/../../../../nios2-elf/lib\libc.a(lib_a-mprec.o)
 .bss           0x0807ff18        0x0 c:/altera/13.0/nios2eds/bin/gnu/h-i686-mingw32/bin/../lib/gcc/nios2-elf/4.1.2/../../../../nios2-elf/lib\libc.a(lib_a-readr.o)
 .bss           0x0807ff18        0x0 c:/altera/13.0/nios2eds/bin/gnu/h-i686-mingw32/bin/../lib/gcc/nios2-elf/4.1.2/../../../../nios2-elf/lib\libc.a(lib_a-reallocr.o)
 .bss           0x0807ff18        0x0 c:/altera/13.0/nios2eds/bin/gnu/h-i686-mingw32/bin/../lib/gcc/nios2-elf/4.1.2/../../../../nios2-elf/lib\libc.a(lib_a-s_isinfd.o)
 .bss           0x0807ff18        0x0 c:/altera/13.0/nios2eds/bin/gnu/h-i686-mingw32/bin/../lib/gcc/nios2-elf/4.1.2/../../../../nios2-elf/lib\libc.a(lib_a-s_isnand.o)
 .bss           0x0807ff18        0x0 c:/altera/13.0/nios2eds/bin/gnu/h-i686-mingw32/bin/../lib/gcc/nios2-elf/4.1.2/../../../../nios2-elf/lib\libc.a(lib_a-strcmp.o)
 .bss           0x0807ff18        0x0 c:/altera/13.0/nios2eds/bin/gnu/h-i686-mingw32/bin/../lib/gcc/nios2-elf/4.1.2/../../../../nios2-elf/lib\libc.a(lib_a-callocr.o)
 .bss           0x0807ff18        0x0 c:/altera/13.0/nios2eds/bin/gnu/h-i686-mingw32/bin/../lib/gcc/nios2-elf/4.1.2/../../../../nios2-elf/lib\libc.a(lib_a-fclose.o)
 .bss           0x0807ff18        0x0 c:/altera/13.0/nios2eds/bin/gnu/h-i686-mingw32/bin/../lib/gcc/nios2-elf/4.1.2\libgcc.a(_fixunsdfsi.o)
 .bss           0x0807ff18        0x0 c:/altera/13.0/nios2eds/bin/gnu/h-i686-mingw32/bin/../lib/gcc/nios2-elf/4.1.2\libgcc.a(_udivdi3.o)
 .bss           0x0807ff18        0x0 c:/altera/13.0/nios2eds/bin/gnu/h-i686-mingw32/bin/../lib/gcc/nios2-elf/4.1.2\libgcc.a(_umoddi3.o)
 .bss           0x0807ff18        0x0 c:/altera/13.0/nios2eds/bin/gnu/h-i686-mingw32/bin/../lib/gcc/nios2-elf/4.1.2\libgcc.a(_ne_sf.o)
 .bss           0x0807ff18        0x0 c:/altera/13.0/nios2eds/bin/gnu/h-i686-mingw32/bin/../lib/gcc/nios2-elf/4.1.2\libgcc.a(_addsub_df.o)
 .bss           0x0807ff18        0x0 c:/altera/13.0/nios2eds/bin/gnu/h-i686-mingw32/bin/../lib/gcc/nios2-elf/4.1.2\libgcc.a(_mul_df.o)
 .bss           0x0807ff18        0x0 c:/altera/13.0/nios2eds/bin/gnu/h-i686-mingw32/bin/../lib/gcc/nios2-elf/4.1.2\libgcc.a(_div_df.o)
 .bss           0x0807ff18        0x0 c:/altera/13.0/nios2eds/bin/gnu/h-i686-mingw32/bin/../lib/gcc/nios2-elf/4.1.2\libgcc.a(_eq_df.o)
 .bss           0x0807ff18        0x0 c:/altera/13.0/nios2eds/bin/gnu/h-i686-mingw32/bin/../lib/gcc/nios2-elf/4.1.2\libgcc.a(_ne_df.o)
 .bss           0x0807ff18        0x0 c:/altera/13.0/nios2eds/bin/gnu/h-i686-mingw32/bin/../lib/gcc/nios2-elf/4.1.2\libgcc.a(_gt_df.o)
 .bss           0x0807ff18        0x0 c:/altera/13.0/nios2eds/bin/gnu/h-i686-mingw32/bin/../lib/gcc/nios2-elf/4.1.2\libgcc.a(_ge_df.o)
 .bss           0x0807ff18        0x0 c:/altera/13.0/nios2eds/bin/gnu/h-i686-mingw32/bin/../lib/gcc/nios2-elf/4.1.2\libgcc.a(_lt_df.o)
 .bss           0x0807ff18        0x0 c:/altera/13.0/nios2eds/bin/gnu/h-i686-mingw32/bin/../lib/gcc/nios2-elf/4.1.2\libgcc.a(_le_df.o)
 .bss           0x0807ff18        0x0 c:/altera/13.0/nios2eds/bin/gnu/h-i686-mingw32/bin/../lib/gcc/nios2-elf/4.1.2\libgcc.a(_si_to_df.o)
 .bss           0x0807ff18        0x0 c:/altera/13.0/nios2eds/bin/gnu/h-i686-mingw32/bin/../lib/gcc/nios2-elf/4.1.2\libgcc.a(_df_to_si.o)
 .bss           0x0807ff18        0x0 c:/altera/13.0/nios2eds/bin/gnu/h-i686-mingw32/bin/../lib/gcc/nios2-elf/4.1.2\libgcc.a(_df_to_sf.o)
 .bss           0x0807ff18        0x0 c:/altera/13.0/nios2eds/bin/gnu/h-i686-mingw32/bin/../lib/gcc/nios2-elf/4.1.2\libgcc.a(_thenan_df.o)
 .bss           0x0807ff18        0x0 c:/altera/13.0/nios2eds/bin/gnu/h-i686-mingw32/bin/../lib/gcc/nios2-elf/4.1.2\libgcc.a(_usi_to_df.o)
 .bss           0x0807ff18        0x0 c:/altera/13.0/nios2eds/bin/gnu/h-i686-mingw32/bin/../lib/gcc/nios2-elf/4.1.2\libgcc.a(lib2-divmod.o)
 .bss           0x0807ff18        0x0 c:/altera/13.0/nios2eds/bin/gnu/h-i686-mingw32/bin/../lib/gcc/nios2-elf/4.1.2\libgcc.a(_make_sf.o)
 .bss           0x0807ff18        0x0 c:/altera/13.0/nios2eds/bin/gnu/h-i686-mingw32/bin/../lib/gcc/nios2-elf/4.1.2\libgcc.a(_unpack_df.o)
 .bss           0x0807ff18        0x0 c:/altera/13.0/nios2eds/bin/gnu/h-i686-mingw32/bin/../lib/gcc/nios2-elf/4.1.2\libgcc.a(_fpcmp_parts_df.o)
 .bss           0x0807ff18        0x0 ../freqRelay_bsp/\libhal_bsp.a(alt_close.o)
 .bss           0x0807ff18        0x0 ../freqRelay_bsp/\libhal_bsp.a(alt_dev.o)
 .bss           0x0807ff18        0x0 ../freqRelay_bsp/\libhal_bsp.a(alt_errno.o)
 .bss           0x0807ff18        0x0 ../freqRelay_bsp/\libhal_bsp.a(alt_fstat.o)
 .bss           0x0807ff18        0x0 ../freqRelay_bsp/\libhal_bsp.a(alt_irq_handler.o)
 .bss           0x0807ff18        0x0 ../freqRelay_bsp/\libhal_bsp.a(alt_irq_vars.o)
 .bss           0x0807ff18        0x0 ../freqRelay_bsp/\libhal_bsp.a(alt_isatty.o)
 .bss           0x0807ff18        0x0 ../freqRelay_bsp/\libhal_bsp.a(alt_lseek.o)
 .bss           0x0807ff18        0x0 ../freqRelay_bsp/\libhal_bsp.a(alt_main.o)
 .bss           0x0807ff18        0x0 ../freqRelay_bsp/\libhal_bsp.a(alt_malloc_lock.o)
 .bss           0x0807ff18        0x0 ../freqRelay_bsp/\libhal_bsp.a(alt_open.o)
 .bss           0x0807ff18        0x0 ../freqRelay_bsp/\libhal_bsp.a(alt_read.o)
 .bss           0x0807ff18        0x0 ../freqRelay_bsp/\libhal_bsp.a(alt_release_fd.o)
 .bss           0x0807ff18        0x0 ../freqRelay_bsp/\libhal_bsp.a(alt_sbrk.o)
 .bss           0x0807ff18        0x0 ../freqRelay_bsp/\libhal_bsp.a(alt_write.o)
 .bss           0x0807ff18        0x0 ../freqRelay_bsp/\libhal_bsp.a(alt_sys_init.o)
 .bss           0x0807ff18        0x0 ../freqRelay_bsp/\libhal_bsp.a(altera_avalon_cfi_flash.o)
 .bss           0x0807ff18        0x0 ../freqRelay_bsp/\libhal_bsp.a(altera_avalon_cfi_flash_table.o)
 .bss           0x0807ff18        0x0 ../freqRelay_bsp/\libhal_bsp.a(altera_avalon_jtag_uart_fd.o)
 .bss           0x0807ff18        0x0 ../freqRelay_bsp/\libhal_bsp.a(altera_avalon_jtag_uart_init.o)
 .bss           0x0807ff18        0x0 ../freqRelay_bsp/\libhal_bsp.a(altera_avalon_jtag_uart_ioctl.o)
 .bss           0x0807ff18        0x0 ../freqRelay_bsp/\libhal_bsp.a(altera_avalon_jtag_uart_read.o)
 .bss           0x0807ff18        0x0 ../freqRelay_bsp/\libhal_bsp.a(altera_avalon_jtag_uart_write.o)
 .bss           0x0807ff18        0x0 ../freqRelay_bsp/\libhal_bsp.a(altera_avalon_lcd_16207.o)
 .bss           0x0807ff18        0x0 ../freqRelay_bsp/\libhal_bsp.a(altera_avalon_lcd_16207_fd.o)
 .bss           0x0807ff18        0x0 ../freqRelay_bsp/\libhal_bsp.a(altera_avalon_timer_sc.o)
 .bss           0x0807ff18        0x0 ../freqRelay_bsp/\libhal_bsp.a(altera_avalon_uart_fd.o)
 .bss           0x0807ff18        0x0 ../freqRelay_bsp/\libhal_bsp.a(altera_avalon_uart_init.o)
 .bss           0x0807ff18        0x0 ../freqRelay_bsp/\libhal_bsp.a(altera_avalon_uart_read.o)
 .bss           0x0807ff18        0x0 ../freqRelay_bsp/\libhal_bsp.a(altera_avalon_uart_write.o)
 .bss           0x0807ff18        0x0 ../freqRelay_bsp/\libhal_bsp.a(altera_up_avalon_ps2.o)
 .bss           0x0807ff18        0x0 ../freqRelay_bsp/\libhal_bsp.a(altera_up_avalon_video_character_buffer_with_dma.o)
 .bss           0x0807ff18        0x0 ../freqRelay_bsp/\libhal_bsp.a(altera_up_ps2_keyboard.o)
 .bss           0x0807ff18        0x0 ../freqRelay_bsp/\libhal_bsp.a(alt_alarm_start.o)
 .bss           0x0807ff18        0x0 ../freqRelay_bsp/\libhal_bsp.a(alt_dcache_flush.o)
 .bss           0x0807ff18        0x0 ../freqRelay_bsp/\libhal_bsp.a(alt_dev_llist_insert.o)