Archive member included because of file (symbol)

c:/altera/13.0/nios2eds/bin/gnu/h-i686-mingw32/bin/../lib/gcc/nios2-elf/4.1.2\libgcc.a(_addsub_sf.o)
                              obj/default/taskslcfr.o (__subsf3)
c:/altera/13.0/nios2eds/bin/gnu/h-i686-mingw32/bin/../lib/gcc/nios2-elf/4.1.2\libgcc.a(_mul_sf.o)
                              obj/default/taskslcfr.o (__mulsf3)
c:/altera/13.0/nios2eds/bin/gnu/h-i686-mingw32/bin/../lib/gcc/nios2-elf/4.1.2\libgcc.a(_div_sf.o)
                              obj/default/taskslcfr.o (__divsf3)
c:/altera/13.0/nios2eds/bin/gnu/h-i686-mingw32/bin/../lib/gcc/nios2-elf/4.1.2\libgcc.a(_si_to_sf.o)
                              obj/default/taskslcfr.o (__floatsisf)
c:/altera/13.0/nios2eds/bin/gnu/h-i686-mingw32/bin/../lib/gcc/nios2-elf/4.1.2\libgcc.a(_sf_to_si.o)
                              obj/default/taskslcfr.o (__fixsfsi)
c:/altera/13.0/nios2eds/bin/gnu/h-i686-mingw32/bin/../lib/gcc/nios2-elf/4.1.2\libgcc.a(_sf_to_df.o)
                              obj/default/taskslcfr.o (__extendsfdf2)
c:/altera/13.0/nios2eds/bin/gnu/h-i686-mingw32/bin/../lib/gcc/nios2-elf/4.1.2\libgcc.a(_thenan_sf.o)
                              c:/altera/13.0/nios2eds/bin/gnu/h-i686-mingw32/bin/../lib/gcc/nios2-elf/4.1.2\libgcc.a(_addsub_sf.o) (__thenan_sf)
c:/altera/13.0/nios2eds/bin/gnu/h-i686-mingw32/bin/../lib/gcc/nios2-elf/4.1.2\libgcc.a(_usi_to_sf.o)
                              obj/default/taskslcfr.o (__floatunsisf)
c:/altera/13.0/nios2eds/bin/gnu/h-i686-mingw32/bin/../lib/gcc/nios2-elf/4.1.2\libgcc.a(_make_df.o)
                              c:/altera/13.0/nios2eds/bin/gnu/h-i686-mingw32/bin/../lib/gcc/nios2-elf/4.1.2\libgcc.a(_sf_to_df.o) (__make_dp)
c:/altera/13.0/nios2eds/bin/gnu/h-i686-mingw32/bin/../lib/gcc/nios2-elf/4.1.2\libgcc.a(_muldi3.o)
                              c:/altera/13.0/nios2eds/bin/gnu/h-i686-mingw32/bin/../lib/gcc/nios2-elf/4.1.2\libgcc.a(_mul_sf.o) (__muldi3)
c:/altera/13.0/nios2eds/bin/gnu/h-i686-mingw32/bin/../lib/gcc/nios2-elf/4.1.2\libgcc.a(_clzsi2.o)
                              c:/altera/13.0/nios2eds/bin/gnu/h-i686-mingw32/bin/../lib/gcc/nios2-elf/4.1.2\libgcc.a(_si_to_sf.o) (__clzsi2)
c:/altera/13.0/nios2eds/bin/gnu/h-i686-mingw32/bin/../lib/gcc/nios2-elf/4.1.2\libgcc.a(_pack_sf.o)
                              c:/altera/13.0/nios2eds/bin/gnu/h-i686-mingw32/bin/../lib/gcc/nios2-elf/4.1.2\libgcc.a(_addsub_sf.o) (__pack_f)
c:/altera/13.0/nios2eds/bin/gnu/h-i686-mingw32/bin/../lib/gcc/nios2-elf/4.1.2\libgcc.a(_unpack_sf.o)
                              c:/altera/13.0/nios2eds/bin/gnu/h-i686-mingw32/bin/../lib/gcc/nios2-elf/4.1.2\libgcc.a(_addsub_sf.o) (__unpack_f)
c:/altera/13.0/nios2eds/bin/gnu/h-i686-mingw32/bin/../lib/gcc/nios2-elf/4.1.2\libgcc.a(_pack_df.o)
                              c:/altera/13.0/nios2eds/bin/gnu/h-i686-mingw32/bin/../lib/gcc/nios2-elf/4.1.2\libgcc.a(_make_df.o) (__pack_d)
c:/altera/13.0/nios2eds/bin/gnu/h-i686-mingw32/bin/../lib/gcc/nios2-elf/4.1.2\libgcc.a(_clz.o)
                              c:/altera/13.0/nios2eds/bin/gnu/h-i686-mingw32/bin/../lib/gcc/nios2-elf/4.1.2\libgcc.a(_clzsi2.o) (__clz_tab)
c:/altera/13.0/nios2eds/bin/gnu/h-i686-mingw32/bin/../lib/gcc/nios2-elf/4.1.2/../../../../nios2-elf/lib\libc.a(lib_a-fopen.o)
                              obj/default/taskslcfr.o (fopen)
c:/altera/13.0/nios2eds/bin/gnu/h-i686-mingw32/bin/../lib/gcc/nios2-elf/4.1.2/../../../../nios2-elf/lib\libc.a(lib_a-fprintf.o)
                              obj/default/taskslcfr.o (fprintf)
c:/altera/13.0/nios2eds/bin/gnu/h-i686-mingw32/bin/../lib/gcc/nios2-elf/4.1.2/../../../../nios2-elf/lib\libc.a(lib_a-fseek.o)
                              c:/altera/13.0/nios2eds/bin/gnu/h-i686-mingw32/bin/../lib/gcc/nios2-elf/4.1.2/../../../../nios2-elf/lib\libc.a(lib_a-fopen.o) (_fseek_r)
c:/altera/13.0/nios2eds/bin/gnu/h-i686-mingw32/bin/../lib/gcc/nios2-elf/4.1.2/../../../../nios2-elf/lib\libc.a(lib_a-fstatr.o)
                              c:/altera/13.0/nios2eds/bin/gnu/h-i686-mingw32/bin/../lib/gcc/nios2-elf/4.1.2/../../../../nios2-elf/lib\libc.a(lib_a-fseek.o) (_fstat_r)
c:/altera/13.0/nios2eds/bin/gnu/h-i686-mingw32/bin/../lib/gcc/nios2-elf/4.1.2/../../../../nios2-elf/lib\libc.a(lib_a-impure.o)
                              c:/altera/13.0/nios2eds/bin/gnu/h-i686-mingw32/bin/../lib/gcc/nios2-elf/4.1.2/../../../../nios2-elf/lib\libc.a(lib_a-fopen.o) (_impure_ptr)
c:/altera/13.0/nios2eds/bin/gnu/h-i686-mingw32/bin/../lib/gcc/nios2-elf/4.1.2/../../../../nios2-elf/lib\libc.a(lib_a-int_errno.o)
                              c:/altera/13.0/nios2eds/bin/gnu/h-i686-mingw32/bin/../lib/gcc/nios2-elf/4.1.2/../../../../nios2-elf/lib\libc.a(lib_a-fstatr.o) (errno)
c:/altera/13.0/nios2eds/bin/gnu/h-i686-mingw32/bin/../lib/gcc/nios2-elf/4.1.2/../../../../nios2-elf/lib\libc.a(lib_a-makebuf.o)
                              c:/altera/13.0/nios2eds/bin/gnu/h-i686-mingw32/bin/../lib/gcc/nios2-elf/4.1.2/../../../../nios2-elf/lib\libc.a(lib_a-fseek.o) (__smakebuf_r)
[...]
Memory Configuration

Name             Origin             Length             Attributes
onchip_memory_BEFORE_EXCEPTION 0x00000000         0x00000020
onchip_memory    0x00000020         0x00031fe0
reset            0x01000000         0x00000020
flash_controller 0x01000020         0x007fffe0
sdram            0x08000000         0x08000000
*default*        0x00000000         0xffffffff

Linker script and memory map

LOAD ../freqRelay_bsp//obj/HAL/src/crt0.o
LOAD obj/default/freertos/croutine.o
LOAD obj/default/freertos/event_groups.o
LOAD obj/default/freertos/heap.o
LOAD obj/default/freertos/list.o
LOAD obj/default/freertos/port.o
LOAD obj/default/freertos/queue.o
LOAD obj/default/freertos/tasks.o
LOAD obj/default/freertos/timers.o
LOAD obj/default/hello_world.o
LOAD obj/default/interrupts.o
LOAD obj/default/taskslcfr.o
LOAD obj/default/variables.o
LOAD obj/default/freertos/port_asm.o
LOAD c:/altera/13.0/nios2eds/bin/gnu/h-i686-mingw32/bin/../lib/gcc/nios2-elf/4.1.2/../../../../nios2-elf/lib\libstdc++.a
LOAD c:/altera/13.0/nios2eds/bin/gnu/h-i686-mingw32/bin/../lib/gcc/nios2-elf/4.1.2/../../../../nios2-elf/lib\libm.a
LOAD c:/altera/13.0/nios2eds/bin/gnu/h-i686-mingw32/bin/../lib/gcc/nios2-elf/4.1.2\libgcc.a
START GROUP
LOAD c:/altera/13.0/nios2eds/bin/gnu/h-i686-mingw32/bin/../lib/gcc/nios2-elf/4.1.2/../../../../nios2-elf/lib\libc.a
LOAD c:/altera/13.0/nios2eds/bin/gnu/h-i686-mingw32/bin/../lib/gcc/nios2-elf/4.1.2\libgcc.a
LOAD ../freqRelay_bsp/\libhal_bsp.a
END GROUP
LOAD c:/altera/13.0/nios2eds/bin/gnu/h-i686-mingw32/bin/../lib/gcc/nios2-elf/4.1.2\libgcc.a
                0x00000000                __alt_mem_onchip_memory = 0x0
                0x01000000                __alt_mem_flash_controller = 0x1000000
                0x08000000                __alt_mem_sdram = 0x8000000

.entry          0x01000000        0x0
 *(.entry)
 .entry         0x01000000        0x0 ../freqRelay_bsp//obj/HAL/src/crt0.o
                0x01000000                __reset

.exceptions     0x00000020      0x228
                0x00000020                PROVIDE (__ram_exceptions_start, ABSOLUTE (.))
                0x00000020                . = ALIGN (0x20)
 *(.irq)
 *(.exceptions.entry.label)
 *(.exceptions.entry.user)
 *(.exceptions.entry)
 .exceptions.entry
                0x00000020       0x8c obj/default/freertos/port_asm.o
 *(.exceptions.irqtest.user)
 *(.exceptions.irqtest)
 .exceptions.irqtest
                0x000000ac       0x14 obj/default/freertos/port_asm.o
 *(.exceptions.irqhandler.user)
 *(.exceptions.irqhandler)
 .exceptions.irqhandler
                0x000000c0        0x4 obj/default/freertos/port_asm.o
 *(.exceptions.irqreturn.user)
 *(.exceptions.irqreturn)
 .exceptions.irqreturn
                0x000000c4       0x8c obj/default/freertos/port_asm.o
                0x000000c4                restore_sp_from_pxCurrentTCB
 *(.exceptions.notirq.label)
 *(.exceptions.notirq.user)
 *(.exceptions.notirq)
 *(.exceptions.soft.user)
 *(.exceptions.soft)
 .exceptions.soft
                0x00000150       0x2c obj/default/freertos/port_asm.o
 *(.exceptions.unknown.user)
 *(.exceptions.unknown)
 *(.exceptions.exit.label)
 *(.exceptions.exit.user)
 *(.exceptions.exit)
 *(.exceptions)
 .exceptions    0x0000017c       0xcc ../freqRelay_bsp/\libhal_bsp.a(alt_irq_handler.o)
                0x0000017c                alt_irq_handler
                0x00000248                PROVIDE (__ram_exceptions_end, ABSOLUTE (.))
                0x00000020                PROVIDE (__flash_exceptions_start, LOADADDR (.exceptions))

.text           0x00000248    0x1a67c
                0x00000248                PROVIDE (stext, ABSOLUTE (.))
 *(.interp)
 *(.hash)
 *(.dynsym)
 *(.dynstr)
 *(.gnu.version)
 *(.gnu.version_d)
 *(.gnu.version_r)
 *(.rel.init)
 *(.rela.init)
 *(.rel.text .rel.text.* .rel.gnu.linkonce.t.*)
 *(.rela.text .rela.text.* .rela.gnu.linkonce.t.*)
 *(.rel.fini)
 *(.rela.fini)
 *(.rel.rodata .rel.rodata.* .rel.gnu.linkonce.r.*)
 *(.rela.rodata .rela.rodata.* .rela.gnu.linkonce.r.*)
 *(.rel.data .rel.data.* .rel.gnu.linkonce.d.*)
 *(.rela.data .rela.data.* .rela.gnu.linkonce.d.*)
 *(.rel.tdata .rel.tdata.* .rel.gnu.linkonce.td.*)
 *(.rela.tdata .rela.tdata.* .rela.gnu.linkonce.td.*)
 *(.rel.tbss .rel.tbss.* .rel.gnu.linkonce.tb.*)
 *(.rela.tbss .rela.tbss.* .rela.gnu.linkonce.tb.*)
 *(.rel.ctors)
 *(.rela.ctors)
 *(.rel.dtors)
 *(.rela.dtors)
 *(.rel.got)
 *(.rela.got)
 *(.rel.sdata .rel.sdata.* .rel.gnu.linkonce.s.*)
 *(.rela.sdata .rela.sdata.* .rela.gnu.linkonce.s.*)
 *(.rel.sbss .rel.sbss.* .rel.gnu.linkonce.sb.*)
 *(.rela.sbss .rela.sbss.* .rela.gnu.linkonce.sb.*)
 *(.rel.sdata2 .rel.sdata2.* .rel.gnu.linkonce.s2.*)
 *(.rela.sdata2 .rela.sdata2.* .rela.gnu.linkonce.s2.*)
 *(.rel.sbss2 .rel.sbss2.* .rel.gnu.linkonce.sb2.*)
 *(.rela.sbss2 .rela.sbss2.* .rela.gnu.linkonce.sb2.*)
 *(.rel.bss .rel.bss.* .rel.gnu.linkonce.b.*)
 *(.rela.bss .rela.bss.* .rela.gnu.linkonce.b.*)
 *(.rel.plt)
 *(.rela.plt)
 *(.rel.dyn)
 *(.init)
 *(.plt)
 *(.text .stub .text.* .gnu.linkonce.t.*)
 .text          0x00000248       0x48 ../freqRelay_bsp//obj/HAL/src/crt0.o
                0x00000248                _start
 .text          0x00000290      0x60c obj/default/freertos/croutine.o
                0x00000290                xCoRoutineCreate
                0x000003d0                vCoRoutineAddToDelayedList
                0x00000694                vCoRoutineSchedule
                0x0000081c                xCoRoutineRemoveFromEventList
 .text          0x0000089c      0x720 obj/default/freertos/event_groups.o
                0x0000089c                xEventGroupCreate
                0x000008f0                xEventGroupSync
                0x00000a74                xEventGroupWaitBits
                0x00000c34                xEventGroupClearBits
                0x00000c9c                xEventGroupGetBitsFromISR
                0x00000cd8                xEventGroupSetBits
                0x00000e64                vEventGroupDelete
                0x00000ed4                vEventGroupSetBitsCallback
                0x00000f0c                vEventGroupClearBitsCallback
 .text          0x00000fbc      0x448 obj/default/freertos/heap.o
                0x00000fbc                pvPortMalloc
                0x00001150                vPortFree
                0x000011d0                xPortGetFreeHeapSize
                0x000011f0                vPortInitialiseBlocks
 .text          0x00001404      0x28c obj/default/freertos/list.o
                0x00001404                vListInitialise
                0x00001474                vListInitialiseItem
                0x0000149c                vListInsertEnd
                0x00001524                vListInsert
                0x000015f8                uxListRemove
 .text          0x00001690      0x434 obj/default/freertos/port.o
                0x00001690                vApplicationStackOverflowHook
                0x000016f4                pxPortInitialiseStack
                0x000017dc                xPortStartScheduler
                0x00001814                vPortEndScheduler
                0x000018c8                vPortSysTickHandler
                0x00001914                alt_irq_register
 .text          0x00001ac4     0x1134 obj/default/freertos/queue.o
                0x00001ac4                xQueueGenericReset
                0x00001bd8                xQueueGenericCreate
                0x00001cb4                xQueueCreateMutex
                0x00001d78                xQueueGiveMutexRecursive
                0x00001e0c                xQueueTakeMutexRecursive
                0x00001eb4                xQueueCreateCountingSemaphore
                0x00001f10                xQueueGenericSend
                0x000020c0                xQueueGenericSendFromISR
                0x000021a8                xQueueGiveFromISR
                0x00002280                xQueueGenericReceive
                0x000024ac                xQueueReceiveFromISR
                0x00002590                xQueuePeekFromISR
                0x00002610                uxQueueMessagesWaiting
                0x00002650                uxQueueSpacesAvailable
                0x000026a4                uxQueueMessagesWaitingFromISR
                0x000026d4                vQueueDelete
                0x00002a80                xQueueIsQueueEmptyFromISR
                0x00002b1c                xQueueIsQueueFullFromISR
                0x00002b64                vQueueWaitForMessageRestricted
 .text          0x00002bf8     0x1c94 obj/default/freertos/tasks.o
                0x00002bf8                xTaskGenericCreate
                0x00002dc0                vTaskDelete
                0x00002e98                vTaskDelay
                0x00002f10                vTaskStartScheduler
                0x00002fac                vTaskEndScheduler
                0x00002ff0                vTaskSuspendAll
                0x00003018                xTaskResumeAll
                0x00003168                xTaskGetTickCount
                0x00003190                xTaskGetTickCountFromISR
                0x000031bc                uxTaskGetNumberOfTasks
                0x000031dc                xTaskIncrementTick
                0x000033b8                vTaskSwitchContext
                0x000034e8                vTaskPlaceOnEventList
                0x00003548                vTaskPlaceOnUnorderedEventList
                0x000035bc                vTaskPlaceOnEventListRestricted
                0x0000361c                xTaskRemoveFromEventList
                0x00003704                xTaskRemoveFromUnorderedEventList
                0x000037d4                vTaskSetTimeOutState
                0x0000380c                xTaskCheckForTimeOut
                0x000038d0                vTaskMissedYield
                0x00003d50                uxTaskGetStackHighWaterMark
                0x00003e6c                xTaskGetCurrentTaskHandle
                0x00003e94                xTaskGetSchedulerState
                0x00003ee8                vTaskPriorityInherit
                0x00004018                xTaskPriorityDisinherit
                0x00004114                vTaskEnterCritical
                0x00004168                vTaskExitCritical
                0x000041d0                uxTaskResetEventItemValue
                0x00004214                pvTaskIncrementMutexHeldCount
                0x00004250                ulTaskNotifyTake
                0x00004328                xTaskNotifyWait
                0x00004434                xTaskNotify
                0x000045bc                xTaskNotifyFromISR
                0x0000477c                vTaskNotifyGiveFromISR
 .text          0x0000488c      0x8b0 obj/default/freertos/timers.o
                0x0000488c                xTimerCreateTimerTask
                0x000048fc                xTimerCreate
                0x000049ac                xTimerGenericCommand
                0x00004a74                pcTimerGetTimerName
                0x000050c0                xTimerIsTimerActive
                0x0000510c                pvTimerGetTimerID
 .text          0x0000513c       0x38 obj/default/hello_world.o
                0x0000513c                main
 .text          0x00005174      0x230 obj/default/interrupts.o
                0x00005174                buttonIsr
                0x000051b4                freqAdcIsr
                0x00005204                keyboardIsr
                0x000052e0                registerInterrupts
 .text          0x000053a4      0x8c4 obj/default/taskslcfr.o
                0x000053a4                frequencyViolationTask
                0x000054b4                informationTask
                0x00005658                switchPollingTask
                0x000056a8                ledDriverTask
                0x00005704                buildNumber
                0x00005868                keyboardTask
                0x00005a6c                buttonTask
                0x00005b24                createTasks
 .text          0x00005c68       0xc0 obj/default/variables.o
                0x00005c68                createVariables
 .text          0x00005d28        0x0 obj/default/freertos/port_asm.o
 .text          0x00005d28      0x2b8 c:/altera/13.0/nios2eds/bin/gnu/h-i686-mingw32/bin/../lib/gcc/nios2-elf/4.1.2\libgcc.a(_addsub_sf.o)
                0x00005f0c                __subsf3
                0x00005f7c                __addsf3
 .text          0x00005fe0      0x1e0 c:/altera/13.0/nios2eds/bin/gnu/h-i686-mingw32/bin/../lib/gcc/nios2-elf/4.1.2\libgcc.a(_mul_sf.o)
                0x00005fe0                __mulsf3
 .text          0x000061c0      0x174 c:/altera/13.0/nios2eds/bin/gnu/h-i686-mingw32/bin/../lib/gcc/nios2-elf/4.1.2\libgcc.a(_div_sf.o)
                0x000061c0                __divsf3
 .text          0x00006334       0x98 c:/altera/13.0/nios2eds/bin/gnu/h-i686-mingw32/bin/../lib/gcc/nios2-elf/4.1.2\libgcc.a(_si_to_sf.o)
                0x00006334                __floatsisf
 .text          0x000063cc       0x94 c:/altera/13.0/nios2eds/bin/gnu/h-i686-mingw32/bin/../lib/gcc/nios2-elf/4.1.2\libgcc.a(_sf_to_si.o)
                0x000063cc                __fixsfsi
 .text          0x00006460       0x54 c:/altera/13.0/nios2eds/bin/gnu/h-i686-mingw32/bin/../lib/gcc/nios2-elf/4.1.2\libgcc.a(_sf_to_df.o)
                0x00006460                __extendsfdf2
 .text          0x000064b4        0x0 c:/altera/13.0/nios2eds/bin/gnu/h-i686-mingw32/bin/../lib/gcc/nios2-elf/4.1.2\libgcc.a(_thenan_sf.o)
 .text          0x000064b4       0xc0 c:/altera/13.0/nios2eds/bin/gnu/h-i686-mingw32/bin/../lib/gcc/nios2-elf/4.1.2\libgcc.a(_usi_to_sf.o)
                0x000064b4                __floatunsisf
 .text          0x00006574       0x38 c:/altera/13.0/nios2eds/bin/gnu/h-i686-mingw32/bin/../lib/gcc/nios2-elf/4.1.2\libgcc.a(_make_df.o)
                0x00006574                __make_dp
 .text          0x000065ac       0x98 c:/altera/13.0/nios2eds/bin/gnu/h-i686-mingw32/bin/../lib/gcc/nios2-elf/4.1.2\libgcc.a(_muldi3.o)
                0x000065ac                __muldi3
 .text          0x00006644       0x80 c:/altera/13.0/nios2eds/bin/gnu/h-i686-mingw32/bin/../lib/gcc/nios2-elf/4.1.2\libgcc.a(_clzsi2.o)
                0x00006644                __clzsi2
 .text          0x000066c4      0x160 c:/altera/13.0/nios2eds/bin/gnu/h-i686-mingw32/bin/../lib/gcc/nios2-elf/4.1.2\libgcc.a(_pack_sf.o)
                0x000066c4                __pack_f
 .text          0x00006824       0xc8 c:/altera/13.0/nios2eds/bin/gnu/h-i686-mingw32/bin/../lib/gcc/nios2-elf/4.1.2\libgcc.a(_unpack_sf.o)
                0x00006824                __unpack_f
 .text          0x000068ec      0x314 c:/altera/13.0/nios2eds/bin/gnu/h-i686-mingw32/bin/../lib/gcc/nios2-elf/4.1.2\libgcc.a(_pack_df.o)
                0x000068ec                __pack_d
 .text          0x00006c00        0x0 c:/altera/13.0/nios2eds/bin/gnu/h-i686-mingw32/bin/../lib/gcc/nios2-elf/4.1.2\libgcc.a(_clz.o)
 .text          0x00006c00      0x110 c:/altera/13.0/nios2eds/bin/gnu/h-i686-mingw32/bin/../lib/gcc/nios2-elf/4.1.2/../../../../nios2-elf/lib\libc.a(lib_a-fopen.o)
                0x00006c00                _fopen_r
                0x00006cf4                fopen
 .text          0x00006d10       0x60 c:/altera/13.0/nios2eds/bin/gnu/h-i686-mingw32/bin/../lib/gcc/nios2-elf/4.1.2/../../../../nios2-elf/lib\libc.a(lib_a-fprintf.o)
                0x00006d10                fprintf
                0x00006d3c                _fprintf_r
 .text          0x00006d70      0x460 c:/altera/13.0/nios2eds/bin/gnu/h-i686-mingw32/bin/../lib/gcc/nios2-elf/4.1.2/../../../../nios2-elf/lib\libc.a(lib_a-fseek.o)
                0x00006d70                _fseek_r
                0x000071ac                fseek
 .text          0x000071d0       0x74 c:/altera/13.0/nios2eds/bin/gnu/h-i686-mingw32/bin/../lib/gcc/nios2-elf/4.1.2/../../../../nios2-elf/lib\libc.a(lib_a-fstatr.o)
                0x000071d0                _fstat_r
 .text          0x00007244        0x0 c:/altera/13.0/nios2eds/bin/gnu/h-i686-mingw32/bin/../lib/gcc/nios2-elf/4.1.2/../../../../nios2-elf/lib\libc.a(lib_a-impure.o)
 .text          0x00007244        0x0 c:/altera/13.0/nios2eds/bin/gnu/h-i686-mingw32/bin/../lib/gcc/nios2-elf/4.1.2/../../../../nios2-elf/lib\libc.a(lib_a-int_errno.o)
 .text          0x00007244      0x194 c:/altera/13.0/nios2eds/bin/gnu/h-i686-mingw32/bin/../lib/gcc/nios2-elf/4.1.2/../../../../nios2-elf/lib\libc.a(lib_a-makebuf.o)
                0x00007244                __smakebuf_r
 .text          0x000073d8      0x740 c:/altera/13.0/nios2eds/bin/gnu/h-i686-mingw32/bin/../lib/gcc/nios2-elf/4.1.2/../../../../nios2-elf/lib\libc.a(lib_a-mallocr.o)
                0x000073d8                _malloc_r
 .text          0x00007b18       0x74 c:/altera/13.0/nios2eds/bin/gnu/h-i686-mingw32/bin/../lib/gcc/nios2-elf/4.1.2/../../../../nios2-elf/lib\libc.a(lib_a-memcmp.o)
                0x00007b18                memcmp
 .text          0x00007b8c       0xa0 c:/altera/13.0/nios2eds/bin/gnu/h-i686-mingw32/bin/../lib/gcc/nios2-elf/4.1.2/../../../../nios2-elf/lib\libc.a(lib_a-memcpy.o)
                0x00007b8c                memcpy
 .text          0x00007c2c       0x98 c:/altera/13.0/nios2eds/bin/gnu/h-i686-mingw32/bin/../lib/gcc/nios2-elf/4.1.2/../../../../nios2-elf/lib\libc.a(lib_a-memset.o)
                0x00007c2c                memset
 .text          0x00007cc4       0x78 c:/altera/13.0/nios2eds/bin/gnu/h-i686-mingw32/bin/../lib/gcc/nios2-elf/4.1.2/../../../../nios2-elf/lib\libc.a(lib_a-openr.o)
                0x00007cc4                _open_r
 .text          0x00007d3c       0x78 c:/altera/13.0/nios2eds/bin/gnu/h-i686-mingw32/bin/../lib/gcc/nios2-elf/4.1.2/../../../../nios2-elf/lib\libc.a(lib_a-printf.o)
                0x00007d3c                printf
                0x00007d80                _printf_r
 .text          0x00007db4       0xb4 c:/altera/13.0/nios2eds/bin/gnu/h-i686-mingw32/bin/../lib/gcc/nios2-elf/4.1.2/../../../../nios2-elf/lib\libc.a(lib_a-puts.o)
                0x00007db4                _puts_r
                0x00007e54                puts
 .text          0x00007e68      0x1e0 c:/altera/13.0/nios2eds/bin/gnu/h-i686-mingw32/bin/../lib/gcc/nios2-elf/4.1.2/../../../../nios2-elf/lib\libc.a(lib_a-refill.o)
                0x00007e68                __srefill_r
 .text          0x00008048       0x70 c:/altera/13.0/nios2eds/bin/gnu/h-i686-mingw32/bin/../lib/gcc/nios2-elf/4.1.2/../../../../nios2-elf/lib\libc.a(lib_a-sbrkr.o)
                0x00008048                _sbrk_r
 .text          0x000080b8      0x14c c:/altera/13.0/nios2eds/bin/gnu/h-i686-mingw32/bin/../lib/gcc/nios2-elf/4.1.2/../../../../nios2-elf/lib\libc.a(lib_a-stdio.o)
                0x000080b8                __sclose
                0x000080c0                __sseek
                0x00008128                __swrite
                0x000081a4                __sread
 .text          0x00008204       0x74 c:/altera/13.0/nios2eds/bin/gnu/h-i686-mingw32/bin/../lib/gcc/nios2-elf/4.1.2/../../../../nios2-elf/lib\libc.a(lib_a-strlen.o)
                0x00008204                strlen
 .text          0x00008278     0x166c c:/altera/13.0/nios2eds/bin/gnu/h-i686-mingw32/bin/../lib/gcc/nios2-elf/4.1.2/../../../../nios2-elf/lib\libc.a(lib_a-strtod.o)
                0x000082c0                _strtod_r
                0x000097a4                strtof
                0x000098c8                strtod
 .text          0x000098e4     0x1f28 c:/altera/13.0/nios2eds/bin/gnu/h-i686-mingw32/bin/../lib/gcc/nios2-elf/4.1.2/../../../../nios2-elf/lib\libc.a(lib_a-vfprintf.o)
                0x0000993c                ___vfprintf_internal_r
                0x0000b7e8                __vfprintf_internal
 .text          0x0000b80c       0x78 c:/altera/13.0/nios2eds/bin/gnu/h-i686-mingw32/bin/../lib/gcc/nios2-elf/4.1.2/../../../../nios2-elf/lib\libc.a(lib_a-writer.o)
                0x0000b80c                _write_r
 .text          0x0000b884      0x13c c:/altera/13.0/nios2eds/bin/gnu/h-i686-mingw32/bin/../lib/gcc/nios2-elf/4.1.2/../../../../nios2-elf/lib\libc.a(lib_a-wsetup.o)
                0x0000b884                __swsetup_r
 .text          0x0000b9c0       0x70 c:/altera/13.0/nios2eds/bin/gnu/h-i686-mingw32/bin/../lib/gcc/nios2-elf/4.1.2/../../../../nios2-elf/lib\libc.a(lib_a-closer.o)
                0x0000b9c0                _close_r
 .text          0x0000ba30     0x17cc c:/altera/13.0/nios2eds/bin/gnu/h-i686-mingw32/bin/../lib/gcc/nios2-elf/4.1.2/../../../../nios2-elf/lib\libc.a(lib_a-dtoa.o)
                0x0000bc48                _dtoa_r
 .text          0x0000d1fc      0x230 c:/altera/13.0/nios2eds/bin/gnu/h-i686-mingw32/bin/../lib/gcc/nios2-elf/4.1.2/../../../../nios2-elf/lib\libc.a(lib_a-fflush.o)
                0x0000d1fc                _fflush_r
                0x0000d3f8                fflush
 .text          0x0000d42c      0x2c0 c:/altera/13.0/nios2eds/bin/gnu/h-i686-mingw32/bin/../lib/gcc/nios2-elf/4.1.2/../../../../nios2-elf/lib\libc.a(lib_a-findfp.o)
                0x0000d484                __sfp_lock_acquire
                0x0000d488                __sfp_lock_release
                0x0000d48c                __sinit_lock_acquire
                0x0000d490                __sinit_lock_release
                0x0000d494                __sinit
                0x0000d548                __fp_unlock_all
                0x0000d560                __fp_lock_all
                0x0000d578                _cleanup_r
                0x0000d584                _cleanup
                0x0000d594                __sfmoreglue
                0x0000d5fc                __sfp
 .text          0x0000d6ec       0xa0 c:/altera/13.0/nios2eds/bin/gnu/h-i686-mingw32/bin/../lib/gcc/nios2-elf/4.1.2/../../../../nios2-elf/lib\libc.a(lib_a-flags.o)
                0x0000d6ec                __sflags
 .text          0x0000d78c      0x440 c:/altera/13.0/nios2eds/bin/gnu/h-i686-mingw32/bin/../lib/gcc/nios2-elf/4.1.2/../../../../nios2-elf/lib\libc.a(lib_a-freer.o)
                0x0000d78c                _malloc_trim_r
                0x0000d8b8                _free_r
 .text          0x0000dbcc      0x49c c:/altera/13.0/nios2eds/bin/gnu/h-i686-mingw32/bin/../lib/gcc/nios2-elf/4.1.2/../../../../nios2-elf/lib\libc.a(lib_a-fvwrite.o)
                0x0000dbcc                __sfvwrite_r
 .text          0x0000e068      0x180 c:/altera/13.0/nios2eds/bin/gnu/h-i686-mingw32/bin/../lib/gcc/nios2-elf/4.1.2/../../../../nios2-elf/lib\libc.a(lib_a-fwalk.o)
                0x0000e068                _fwalk_reent
                0x0000e130                _fwalk
 .text          0x0000e1e8      0x8f4 c:/altera/13.0/nios2eds/bin/gnu/h-i686-mingw32/bin/../lib/gcc/nios2-elf/4.1.2/../../../../nios2-elf/lib\libc.a(lib_a-gdtoa-gethex.o)
                0x0000e20c                __hexdig_init
                0x0000e324                __gethex
 .text          0x0000eadc      0x294 c:/altera/13.0/nios2eds/bin/gnu/h-i686-mingw32/bin/../lib/gcc/nios2-elf/4.1.2/../../../../nios2-elf/lib\libc.a(lib_a-gdtoa-hexnan.o)
                0x0000eb28                __hexnan
 .text          0x0000ed70       0x70 c:/altera/13.0/nios2eds/bin/gnu/h-i686-mingw32/bin/../lib/gcc/nios2-elf/4.1.2/../../../../nios2-elf/lib\libc.a(lib_a-isattyr.o)
                0x0000ed70                _isatty_r
 .text          0x0000ede0       0xc4 c:/altera/13.0/nios2eds/bin/gnu/h-i686-mingw32/bin/../lib/gcc/nios2-elf/4.1.2/../../../../nios2-elf/lib\libc.a(lib_a-locale.o)
                0x0000ede0                __locale_charset
                0x0000ede8                _localeconv_r
                0x0000edf4                localeconv
                0x0000ee04                _setlocale_r
                0x0000ee88                setlocale
 .text          0x0000eea4       0x78 c:/altera/13.0/nios2eds/bin/gnu/h-i686-mingw32/bin/../lib/gcc/nios2-elf/4.1.2/../../../../nios2-elf/lib\libc.a(lib_a-lseekr.o)
                0x0000eea4                _lseek_r
 .text          0x0000ef1c       0xe4 c:/altera/13.0/nios2eds/bin/gnu/h-i686-mingw32/bin/../lib/gcc/nios2-elf/4.1.2/../../../../nios2-elf/lib\libc.a(lib_a-memchr.o)
                0x0000ef1c                memchr
 .text          0x0000f000       0xe0 c:/altera/13.0/nios2eds/bin/gnu/h-i686-mingw32/bin/../lib/gcc/nios2-elf/4.1.2/../../../../nios2-elf/lib\libc.a(lib_a-memmove.o)
                0x0000f000                memmove
 .text          0x0000f0e0      0xff4 c:/altera/13.0/nios2eds/bin/gnu/h-i686-mingw32/bin/../lib/gcc/nios2-elf/4.1.2/../../../../nios2-elf/lib\libc.a(lib_a-mprec.o)
                0x0000f0e0                _Bfree
                0x0000f108                __hi0bits
                0x0000f178                __lo0bits
                0x0000f23c                __mcmp
                0x0000f29c                __ulp
                0x0000f31c                __b2d
                0x0000f43c                __ratio
                0x0000f4ec                _mprec_log10
                0x0000f580                __copybits
                0x0000f5d8                __any_on
                0x0000f660                _Balloc
                0x0000f71c                __d2b
                0x0000f898                __mdiff
                0x0000fa24                __lshift
                0x0000fb70                __multiply
                0x0000fd58                __i2b
                0x0000fd94                __multadd
                0x0000fe94                __pow5mult
                0x0000ffb4                __s2b
 .text          0x000100d4       0x78 c:/altera/13.0/nios2eds/bin/gnu/h-i686-mingw32/bin/../lib/gcc/nios2-elf/4.1.2/../../../../nios2-elf/lib\libc.a(lib_a-readr.o)
                0x000100d4                _read_r
 .text          0x0001014c      0x5f4 c:/altera/13.0/nios2eds/bin/gnu/h-i686-mingw32/bin/../lib/gcc/nios2-elf/4.1.2/../../../../nios2-elf/lib\libc.a(lib_a-reallocr.o)
                0x0001014c                _realloc_r
 .text          0x00010740       0x40 c:/altera/13.0/nios2eds/bin/gnu/h-i686-mingw32/bin/../lib/gcc/nios2-elf/4.1.2/../../../../nios2-elf/lib\libc.a(lib_a-s_isinfd.o)
                0x00010740                __isinfd
 .text          0x00010780       0x30 c:/altera/13.0/nios2eds/bin/gnu/h-i686-mingw32/bin/../lib/gcc/nios2-elf/4.1.2/../../../../nios2-elf/lib\libc.a(lib_a-s_isnand.o)
                0x00010780                __isnand
 .text          0x000107b0       0xbc c:/altera/13.0/nios2eds/bin/gnu/h-i686-mingw32/bin/../lib/gcc/nios2-elf/4.1.2/../../../../nios2-elf/lib\libc.a(lib_a-strcmp.o)
                0x000107b0                strcmp
 .text          0x0001086c       0xb4 c:/altera/13.0/nios2eds/bin/gnu/h-i686-mingw32/bin/../lib/gcc/nios2-elf/4.1.2/../../../../nios2-elf/lib\libc.a(lib_a-callocr.o)
                0x0001086c                _calloc_r
 .text          0x00010920      0x124 c:/altera/13.0/nios2eds/bin/gnu/h-i686-mingw32/bin/../lib/gcc/nios2-elf/4.1.2/../../../../nios2-elf/lib\libc.a(lib_a-fclose.o)
                0x00010920                _fclose_r
                0x00010a30                fclose
 .text          0x00010a44       0xa4 c:/altera/13.0/nios2eds/bin/gnu/h-i686-mingw32/bin/../lib/gcc/nios2-elf/4.1.2\libgcc.a(_fixunsdfsi.o)
                0x00010a44                __fixunsdfsi
 .text          0x00010ae8      0x5dc c:/altera/13.0/nios2eds/bin/gnu/h-i686-mingw32/bin/../lib/gcc/nios2-elf/4.1.2\libgcc.a(_udivdi3.o)
                0x00010ae8                __udivdi3
 .text          0x000110c4      0x5b0 c:/altera/13.0/nios2eds/bin/gnu/h-i686-mingw32/bin/../lib/gcc/nios2-elf/4.1.2\libgcc.a(_umoddi3.o)
                0x000110c4                __umoddi3
 .text          0x00011674       0x78 c:/altera/13.0/nios2eds/bin/gnu/h-i686-mingw32/bin/../lib/gcc/nios2-elf/4.1.2\libgcc.a(_ne_sf.o)
                0x00011674                __nesf2
 .text          0x000116ec       0x78 c:/altera/13.0/nios2eds/bin/gnu/h-i686-mingw32/bin/../lib/gcc/nios2-elf/4.1.2\libgcc.a(_gt_sf.o)
                0x000116ec                __gtsf2
 .text          0x00011764       0x78 c:/altera/13.0/nios2eds/bin/gnu/h-i686-mingw32/bin/../lib/gcc/nios2-elf/4.1.2\libgcc.a(_lt_sf.o)
                0x00011764                __ltsf2
 .text          0x000117dc      0x504 c:/altera/13.0/nios2eds/bin/gnu/h-i686-mingw32/bin/../lib/gcc/nios2-elf/4.1.2\libgcc.a(_addsub_df.o)
                0x00011bec                __subdf3
                0x00011c6c                __adddf3
 .text          0x00011ce0      0x3c4 c:/altera/13.0/nios2eds/bin/gnu/h-i686-mingw32/bin/../lib/gcc/nios2-elf/4.1.2\libgcc.a(_mul_df.o)
                0x00011ce0                __muldf3
 .text          0x000120a4      0x258 c:/altera/13.0/nios2eds/bin/gnu/h-i686-mingw32/bin/../lib/gcc/nios2-elf/4.1.2\libgcc.a(_div_df.o)
                0x000120a4                __divdf3
 .text          0x000122fc       0x88 c:/altera/13.0/nios2eds/bin/gnu/h-i686-mingw32/bin/../lib/gcc/nios2-elf/4.1.2\libgcc.a(_eq_df.o)
                0x000122fc                __eqdf2
 .text          0x00012384       0x88 c:/altera/13.0/nios2eds/bin/gnu/h-i686-mingw32/bin/../lib/gcc/nios2-elf/4.1.2\libgcc.a(_ne_df.o)
                0x00012384                __nedf2
 .text          0x0001240c       0x88 c:/altera/13.0/nios2eds/bin/gnu/h-i686-mingw32/bin/../lib/gcc/nios2-elf/4.1.2\libgcc.a(_gt_df.o)
                0x0001240c                __gtdf2
 .text          0x00012494       0x88 c:/altera/13.0/nios2eds/bin/gnu/h-i686-mingw32/bin/../lib/gcc/nios2-elf/4.1.2\libgcc.a(_ge_df.o)
                0x00012494                __gedf2
 .text          0x0001251c       0x88 c:/altera/13.0/nios2eds/bin/gnu/h-i686-mingw32/bin/../lib/gcc/nios2-elf/4.1.2\libgcc.a(_lt_df.o)
                0x0001251c                __ltdf2
 .text          0x000125a4       0x88 c:/altera/13.0/nios2eds/bin/gnu/h-i686-mingw32/bin/../lib/gcc/nios2-elf/4.1.2\libgcc.a(_le_df.o)
                0x000125a4                __ledf2
 .text          0x0001262c       0xf8 c:/altera/13.0/nios2eds/bin/gnu/h-i686-mingw32/bin/../lib/gcc/nios2-elf/4.1.2\libgcc.a(_si_to_df.o)
                0x0001262c                __floatsidf
 .text          0x00012724       0xd8 c:/altera/13.0/nios2eds/bin/gnu/h-i686-mingw32/bin/../lib/gcc/nios2-elf/4.1.2\libgcc.a(_df_to_si.o)
                0x00012724                __fixdfsi
 .text          0x000127fc       0x74 c:/altera/13.0/nios2eds/bin/gnu/h-i686-mingw32/bin/../lib/gcc/nios2-elf/4.1.2\libgcc.a(_df_to_sf.o)
                0x000127fc                __truncdfsf2
 .text          0x00012870        0x0 c:/altera/13.0/nios2eds/bin/gnu/h-i686-mingw32/bin/../lib/gcc/nios2-elf/4.1.2\libgcc.a(_thenan_df.o)
 .text          0x00012870      0x194 c:/altera/13.0/nios2eds/bin/gnu/h-i686-mingw32/bin/../lib/gcc/nios2-elf/4.1.2\libgcc.a(_usi_to_df.o)
                0x00012870                __floatunsidf
 .text          0x00012a04      0x14c c:/altera/13.0/nios2eds/bin/gnu/h-i686-mingw32/bin/../lib/gcc/nios2-elf/4.1.2\libgcc.a(lib2-divmod.o)
                0x00012a80                __divsi3
                0x00012ae0                __modsi3
                0x00012b40                __udivsi3
                0x00012b48                __umodsi3
 .text          0x00012b50       0xa8 c:/altera/13.0/nios2eds/bin/gnu/h-i686-mingw32/bin/../lib/gcc/nios2-elf/4.1.2\libgcc.a(_fpcmp_parts_sf.o)
                0x00012b50                __fpcmp_parts_f
 .text          0x00012bf8       0x2c c:/altera/13.0/nios2eds/bin/gnu/h-i686-mingw32/bin/../lib/gcc/nios2-elf/4.1.2\libgcc.a(_make_sf.o)
                0x00012bf8                __make_fp
 .text          0x00012c24      0x138 c:/altera/13.0/nios2eds/bin/gnu/h-i686-mingw32/bin/../lib/gcc/nios2-elf/4.1.2\libgcc.a(_unpack_df.o)
                0x00012c24                __unpack_d
 .text          0x00012d5c       0xc8 c:/altera/13.0/nios2eds/bin/gnu/h-i686-mingw32/bin/../lib/gcc/nios2-elf/4.1.2\libgcc.a(_fpcmp_parts_df.o)
                0x00012d5c                __fpcmp_parts_d
 .text          0x00012e24      0x15c ../freqRelay_bsp/\libhal_bsp.a(alt_close.o)
                0x00012e24                close
 .text          0x00012f80       0x2c ../freqRelay_bsp/\libhal_bsp.a(alt_dev.o)
 .text          0x00012fac        0x0 ../freqRelay_bsp/\libhal_bsp.a(alt_errno.o)
 .text          0x00012fac      0x134 ../freqRelay_bsp/\libhal_bsp.a(alt_fstat.o)
                0x00012fac                fstat
 .text          0x000130e0        0x0 ../freqRelay_bsp/\libhal_bsp.a(alt_irq_handler.o)
 .text          0x000130e0        0x0 ../freqRelay_bsp/\libhal_bsp.a(alt_irq_vars.o)
 .text          0x000130e0      0x120 ../freqRelay_bsp/\libhal_bsp.a(alt_isatty.o)
                0x000130e0                isatty
 .text          0x00013200      0x150 ../freqRelay_bsp/\libhal_bsp.a(alt_lseek.o)
                0x00013200                lseek
 .text          0x00013350       0x6c ../freqRelay_bsp/\libhal_bsp.a(alt_main.o)
                0x00013350                alt_main
 .text          0x000133bc       0x40 ../freqRelay_bsp/\libhal_bsp.a(alt_malloc_lock.o)
                0x000133bc                __malloc_lock
                0x000133dc                __malloc_unlock
 .text          0x000133fc      0x2c4 ../freqRelay_bsp/\libhal_bsp.a(alt_open.o)
                0x000134d8                open
 .text          0x000136c0      0x180 ../freqRelay_bsp/\libhal_bsp.a(alt_read.o)
                0x000136c0                read
 .text          0x00013840       0x60 ../freqRelay_bsp/\libhal_bsp.a(alt_release_fd.o)
                0x00013840                alt_release_fd
 .text          0x000138a0       0xbc ../freqRelay_bsp/\libhal_bsp.a(alt_sbrk.o)
                0x000138a0                sbrk
 .text          0x0001395c      0x180 ../freqRelay_bsp/\libhal_bsp.a(alt_write.o)
                0x0001395c                write
 .text          0x00013adc      0x3d8 ../freqRelay_bsp/\libhal_bsp.a(alt_sys_init.o)
                0x00013adc                alt_irq_init
                0x00013b10                alt_sys_init
 .text          0x00013eb4      0x8d8 ../freqRelay_bsp/\libhal_bsp.a(altera_avalon_cfi_flash.o)
                0x00013eb4                alt_flash_cfi_init
                0x00013f88                alt_flash_cfi_write
                0x00014248                alt_flash_cfi_get_info
                0x000142d8                alt_flash_cfi_read
                0x00014340                alt_write_value_to_flash
                0x000144a4                alt_flash_program_block
 .text          0x0001478c     0x14a8 ../freqRelay_bsp/\libhal_bsp.a(altera_avalon_cfi_flash_table.o)
                0x0001478c                alt_read_query_entry_8bit
                0x000147cc                alt_read_query_entry_16bit
                0x00014810                alt_read_query_entry_32bit
                0x00014858                alt_write_flash_command_8bit_device_8bit_mode
                0x00014894                alt_write_flash_command_16bit_device_8bit_mode
                0x00014910                alt_write_flash_command_32bit_device_8bit_mode
                0x00014958                alt_write_flash_command_16bit_device_16bit_mode
                0x0001499c                alt_write_flash_command_32bit_device_16bit_mode
                0x000149e4                alt_write_flash_command_32bit_device_32bit_mode
                0x00014a2c                alt_write_native_8bit
                0x00014a60                alt_write_native_16bit
                0x00014a94                alt_write_native_32bit
                0x00014ac4                alt_set_flash_width_func
                0x00014ca4                alt_set_flash_algorithm_func
                0x00014dcc                alt_read_cfi_table
                0x000153ac                alt_read_cfi_width
                0x00015b58                alt_check_primary_table
 .text          0x00015c34      0x148 ../freqRelay_bsp/\libhal_bsp.a(altera_avalon_jtag_uart_fd.o)
                0x00015c34                altera_avalon_jtag_uart_read_fd
                0x00015c8c                altera_avalon_jtag_uart_write_fd
                0x00015ce4                altera_avalon_jtag_uart_close_fd
                0x00015d2c                altera_avalon_jtag_uart_ioctl_fd
 .text          0x00015d7c      0x408 ../freqRelay_bsp/\libhal_bsp.a(altera_avalon_jtag_uart_init.o)
                0x00015d7c                altera_avalon_jtag_uart_init
                0x00016110                altera_avalon_jtag_uart_close
 .text          0x00016184       0xf4 ../freqRelay_bsp/\libhal_bsp.a(altera_avalon_jtag_uart_ioctl.o)
                0x00016184                altera_avalon_jtag_uart_ioctl
 .text          0x00016278      0x224 ../freqRelay_bsp/\libhal_bsp.a(altera_avalon_jtag_uart_read.o)
                0x00016278                altera_avalon_jtag_uart_read
 .text          0x0001649c      0x240 ../freqRelay_bsp/\libhal_bsp.a(altera_avalon_jtag_uart_write.o)
                0x0001649c                altera_avalon_jtag_uart_write
 .text          0x000166dc      0xee0 ../freqRelay_bsp/\libhal_bsp.a(altera_avalon_lcd_16207.o)
                0x00016eb0                altera_avalon_lcd_16207_write
                0x00017480                altera_avalon_lcd_16207_init
 .text          0x000175bc       0x58 ../freqRelay_bsp/\libhal_bsp.a(altera_avalon_lcd_16207_fd.o)
                0x000175bc                altera_avalon_lcd_16207_write_fd
 .text          0x00017614       0xfc ../freqRelay_bsp/\libhal_bsp.a(altera_avalon_timer_sc.o)
                0x00017688                alt_avalon_timer_sc_init
 .text          0x00017710       0xf8 ../freqRelay_bsp/\libhal_bsp.a(altera_avalon_uart_fd.o)
                0x00017710                altera_avalon_uart_read_fd
                0x00017768                altera_avalon_uart_write_fd
                0x000177c0                altera_avalon_uart_close_fd
 .text          0x00017808      0x3fc ../freqRelay_bsp/\libhal_bsp.a(altera_avalon_uart_init.o)
                0x00017808                altera_avalon_uart_init
                0x00017ba4                altera_avalon_uart_close
 .text          0x00017c04      0x290 ../freqRelay_bsp/\libhal_bsp.a(altera_avalon_uart_read.o)
                0x00017c04                altera_avalon_uart_read
 .text          0x00017e94      0x228 ../freqRelay_bsp/\libhal_bsp.a(altera_avalon_uart_write.o)
                0x00017e94                altera_avalon_uart_write
 .text          0x000180bc      0x700 ../freqRelay_bsp/\libhal_bsp.a(altera_up_avalon_ps2.o)
                0x000180bc                read_RI_bit
                0x000180f0                read_RE_bit
                0x00018120                read_CE_bit
                0x00018154                read_num_bytes_available
                0x00018188                read_data_valid
                0x000181bc                read_data_byte
                0x000181e8                alt_up_ps2_init
                0x000182b4                alt_up_ps2_enable_read_interrupt
                0x00018308                alt_up_ps2_disable_read_interrupt
                0x00018360                alt_up_ps2_write_data_byte
                0x000183d8                alt_up_ps2_wait_for_ack
                0x00018448                alt_up_ps2_write_data_byte_with_ack
                0x000184b4                alt_up_ps2_read_data_byte_timeout
                0x00018564                alt_up_ps2_read_data_byte
                0x000185e0                alt_up_ps2_clear_fifo
                0x00018638                alt_up_ps2_read_fd
                0x000186d4                alt_up_ps2_write_fd
                0x0001877c                alt_up_ps2_open_dev
 .text          0x000187bc      0x304 ../freqRelay_bsp/\libhal_bsp.a(altera_up_avalon_video_character_buffer_with_dma.o)
                0x000187bc                alt_up_char_buffer_init
                0x00018840                alt_up_char_buffer_open_dev
                0x00018880                alt_up_char_buffer_draw
                0x00018950                alt_up_char_buffer_string
                0x00018a64                alt_up_char_buffer_clear
 .text          0x00018ac0      0x5e0 ../freqRelay_bsp/\libhal_bsp.a(altera_up_ps2_keyboard.o)
                0x00018ac0                get_multi_byte_make_code_index
                0x00018b38                get_single_byte_make_code_index
                0x00018bb0                get_next_state
                0x00018e0c                decode_scancode
                0x00018eb8                set_keyboard_rate
                0x00018f18                translate_make_code
                0x00019020                reset_keyboard
 .text          0x000190a0      0x154 ../freqRelay_bsp/\libhal_bsp.a(alt_alarm_start.o)
                0x000190a0                alt_alarm_start
 .text          0x000191f4       0x78 ../freqRelay_bsp/\libhal_bsp.a(alt_dcache_flush.o)
                0x000191f4                alt_dcache_flush
 .text          0x0001926c      0x114 ../freqRelay_bsp/\libhal_bsp.a(alt_dev_llist_insert.o)
                0x0001926c                alt_dev_llist_insert
 .text          0x00019380       0x64 ../freqRelay_bsp/\libhal_bsp.a(alt_do_ctors.o)
                0x00019380                _do_ctors
 .text          0x000193e4       0x64 ../freqRelay_bsp/\libhal_bsp.a(alt_do_dtors.o)
                0x000193e4                _do_dtors
 .text          0x00019448       0x94 ../freqRelay_bsp/\libhal_bsp.a(alt_find_dev.o)
                0x00019448                alt_find_dev
 .text          0x000194dc      0x120 ../freqRelay_bsp/\libhal_bsp.a(alt_find_file.o)
                0x000194dc                alt_find_file
 .text          0x000195fc       0xd0 ../freqRelay_bsp/\libhal_bsp.a(alt_flash_dev.o)
                0x000195fc                alt_flash_open_dev
                0x00019678                alt_flash_close_dev
 .text          0x000196cc       0xb8 ../freqRelay_bsp/\libhal_bsp.a(alt_get_fd.o)
                0x000196cc                alt_get_fd
 .text          0x00019784      0x13c ../freqRelay_bsp/\libhal_bsp.a(alt_io_redirect.o)
                0x00019848                alt_io_redirect
 .text          0x000198c0      0x1a4 ../freqRelay_bsp/\libhal_bsp.a(alt_tick.o)
                0x000198c0                alt_alarm_stop
                0x00019958                alt_tick
 .text          0x00019a64       0x30 ../freqRelay_bsp/\libhal_bsp.a(alt_usleep.o)
                0x00019a64                usleep
 .text          0x00019a94       0x20 ../freqRelay_bsp/\libhal_bsp.a(altera_nios2_qsys_irq.o)
                0x00019a94                altera_nios2_qsys_irq_init
 .text          0x00019ab4      0x460 ../freqRelay_bsp/\libhal_bsp.a(altera_avalon_cfi_flash_amd.o)
                0x00019ab4                alt_program_amd
                0x00019b1c                alt_erase_block_amd
 .text          0x00019f14      0x460 ../freqRelay_bsp/\libhal_bsp.a(altera_avalon_cfi_flash_intel.o)
                0x00019f14                alt_program_intel
                0x00019f98                alt_erase_block_intel
 .text          0x0001a374      0x12c ../freqRelay_bsp/\libhal_bsp.a(alt_busy_sleep.o)
                0x0001a374                alt_busy_sleep
 .text          0x0001a4a0       0x14 c:/altera/13.0/nios2eds/bin/gnu/h-i686-mingw32/bin/../lib/gcc/nios2-elf/4.1.2/../../../../nios2-elf/lib\libc.a(lib_a-atexit.o)
                0x0001a4a0                atexit
 .text          0x0001a4b4        0x0 c:/altera/13.0/nios2eds/bin/gnu/h-i686-mingw32/bin/../lib/gcc/nios2-elf/4.1.2/../../../../nios2-elf/lib\libc.a(lib_a-ctype_.o)
 .text          0x0001a4b4       0x38 c:/altera/13.0/nios2eds/bin/gnu/h-i686-mingw32/bin/../lib/gcc/nios2-elf/4.1.2/../../../../nios2-elf/lib\libc.a(lib_a-exit.o)
                0x0001a4b4                exit
 .text          0x0001a4ec       0x8c c:/altera/13.0/nios2eds/bin/gnu/h-i686-mingw32/bin/../lib/gcc/nios2-elf/4.1.2/../../../../nios2-elf/lib\libc.a(lib_a-strcpy.o)
                0x0001a4ec                strcpy
 .text          0x0001a578      0x134 c:/altera/13.0/nios2eds/bin/gnu/h-i686-mingw32/bin/../lib/gcc/nios2-elf/4.1.2/../../../../nios2-elf/lib\libc.a(lib_a-__atexit.o)
                0x0001a578                __register_exitproc
 .text          0x0001a6ac      0x1b4 c:/altera/13.0/nios2eds/bin/gnu/h-i686-mingw32/bin/../lib/gcc/nios2-elf/4.1.2/../../../../nios2-elf/lib\libc.a(lib_a-__call_atexit.o)
                0x0001a6b0                __call_exitprocs
 .text          0x0001a860       0x60 ../freqRelay_bsp/\libhal_bsp.a(alt_exit.o)
                0x0001a8a0                _exit
 *(.gnu.warning.*)
 *(.fini)
                0x0001a8c0                PROVIDE (__etext, ABSOLUTE (.))
                0x0001a8c0                PROVIDE (_etext, ABSOLUTE (.))
                0x0001a8c0                PROVIDE (etext, ABSOLUTE (.))
 *(.eh_frame_hdr)
                0x0001a8c0                . = ALIGN (0x4)
                0x0001a8c0                PROVIDE (__preinit_array_start, ABSOLUTE (.))
 *(.preinit_array)
                0x0001a8c0                PROVIDE (__preinit_array_end, ABSOLUTE (.))
                0x0001a8c0                PROVIDE (__init_array_start, ABSOLUTE (.))
 *(.init_array)
                0x0001a8c0                PROVIDE (__init_array_end, ABSOLUTE (.))
                0x0001a8c0                PROVIDE (__fini_array_start, ABSOLUTE (.))
 *(.fini_array)
                0x0001a8c0                PROVIDE (__fini_array_end, ABSOLUTE (.))
 *(.eh_frame)
 *(.gcc_except_table)
 *(.dynamic)
                0x0001a8c0                PROVIDE (__CTOR_LIST__, ABSOLUTE (.))
 *(.ctors)
 *(SORT(.ctors.*))
 .ctors.65535   0x0001a8c0        0x4 c:/altera/13.0/nios2eds/bin/gnu/h-i686-mingw32/bin/../lib/gcc/nios2-elf/4.1.2/../../../../nios2-elf/lib\libc.a(lib_a-__call_atexit.o)
                0x0001a8c4                PROVIDE (__CTOR_END__, ABSOLUTE (.))
                0x0001a8c4                PROVIDE (__DTOR_LIST__, ABSOLUTE (.))
 *(.dtors)
 *(SORT(.dtors.*))
                0x0001a8c4                PROVIDE (__DTOR_END__, ABSOLUTE (.))
 *(.jcr)
                0x0001a8c4                . = ALIGN (0x4)

.rodata         0x08000000      0xad8
                0x08000000                PROVIDE (__ram_rodata_start, ABSOLUTE (.))
                0x08000000                . = ALIGN (0x4)
 *(.rodata .rodata.* .gnu.linkonce.r.*)
 .rodata        0x08000000       0x34 obj/default/freertos/port.o
 .rodata        0x08000034       0x1c obj/default/freertos/tasks.o
 .rodata        0x08000050        0x8 obj/default/freertos/timers.o
 .rodata        0x08000058       0x24 obj/default/interrupts.o
 .rodata        0x0800007c      0x140 obj/default/taskslcfr.o
 .rodata        0x080001bc       0x10 c:/altera/13.0/nios2eds/bin/gnu/h-i686-mingw32/bin/../lib/gcc/nios2-elf/4.1.2\libgcc.a(_thenan_sf.o)
                0x080001bc                __thenan_sf
 .rodata        0x080001cc      0x100 c:/altera/13.0/nios2eds/bin/gnu/h-i686-mingw32/bin/../lib/gcc/nios2-elf/4.1.2\libgcc.a(_clz.o)
                0x080001cc                __clz_tab
 .rodata.str1.4
                0x080002cc        0x2 c:/altera/13.0/nios2eds/bin/gnu/h-i686-mingw32/bin/../lib/gcc/nios2-elf/4.1.2/../../../../nios2-elf/lib\libc.a(lib_a-impure.o)
                                  0x4 (size before relaxing)
 *fill*         0x080002ce        0x2 00
 .rodata.str1.4
                0x080002d0        0x2 c:/altera/13.0/nios2eds/bin/gnu/h-i686-mingw32/bin/../lib/gcc/nios2-elf/4.1.2/../../../../nios2-elf/lib\libc.a(lib_a-puts.o)
                                  0x4 (size before relaxing)
 *fill*         0x080002d2        0x2 00
 .rodata.str1.4
                0x080002d4        0xf c:/altera/13.0/nios2eds/bin/gnu/h-i686-mingw32/bin/../lib/gcc/nios2-elf/4.1.2/../../../../nios2-elf/lib\libc.a(lib_a-strtod.o)
                                 0x10 (size before relaxing)
 *fill*         0x080002e3        0x1 00
 .rodata        0x080002e4       0x28 c:/altera/13.0/nios2eds/bin/gnu/h-i686-mingw32/bin/../lib/gcc/nios2-elf/4.1.2/../../../../nios2-elf/lib\libc.a(lib_a-strtod.o)
 .rodata.str1.4
                0x0800030c       0x5e c:/altera/13.0/nios2eds/bin/gnu/h-i686-mingw32/bin/../lib/gcc/nios2-elf/4.1.2/../../../../nios2-elf/lib\libc.a(lib_a-vfprintf.o)
                                 0x60 (size before relaxing)
 *fill*         0x0800036a        0x2 00
 .rodata        0x0800036c       0x20 c:/altera/13.0/nios2eds/bin/gnu/h-i686-mingw32/bin/../lib/gcc/nios2-elf/4.1.2/../../../../nios2-elf/lib\libc.a(lib_a-vfprintf.o)
 .rodata.str1.4
                0x0800038c       0x10 c:/altera/13.0/nios2eds/bin/gnu/h-i686-mingw32/bin/../lib/gcc/nios2-elf/4.1.2/../../../../nios2-elf/lib\libc.a(lib_a-dtoa.o)
                                 0x14 (size before relaxing)
 .rodata.str1.4
                0x0800039c       0x1b c:/altera/13.0/nios2eds/bin/gnu/h-i686-mingw32/bin/../lib/gcc/nios2-elf/4.1.2/../../../../nios2-elf/lib\libc.a(lib_a-gdtoa-gethex.o)
                                 0x1c (size before relaxing)
 *fill*         0x080003b7        0x1 00
 .rodata.str1.4
                0x080003b8       0x10 c:/altera/13.0/nios2eds/bin/gnu/h-i686-mingw32/bin/../lib/gcc/nios2-elf/4.1.2/../../../../nios2-elf/lib\libc.a(lib_a-locale.o)
                                 0x18 (size before relaxing)
 .rodata        0x080003c8       0x30 c:/altera/13.0/nios2eds/bin/gnu/h-i686-mingw32/bin/../lib/gcc/nios2-elf/4.1.2/../../../../nios2-elf/lib\libc.a(lib_a-locale.o)
 .rodata        0x080003f8      0x124 c:/altera/13.0/nios2eds/bin/gnu/h-i686-mingw32/bin/../lib/gcc/nios2-elf/4.1.2/../../../../nios2-elf/lib\libc.a(lib_a-mprec.o)
                0x080003f8                __mprec_tens
                0x080004c0                __mprec_bigtens
                0x080004e8                __mprec_tinytens
 .rodata        0x0800051c       0x14 c:/altera/13.0/nios2eds/bin/gnu/h-i686-mingw32/bin/../lib/gcc/nios2-elf/4.1.2\libgcc.a(_thenan_df.o)
                0x0800051c                __thenan_df
 .rodata        0x08000530        0xc ../freqRelay_bsp/\libhal_bsp.a(alt_dev.o)
 .rodata        0x0800053c       0x10 ../freqRelay_bsp/\libhal_bsp.a(alt_main.o)
 .rodata        0x0800054c       0xb0 ../freqRelay_bsp/\libhal_bsp.a(alt_sys_init.o)
 .rodata        0x080005fc       0x1c ../freqRelay_bsp/\libhal_bsp.a(altera_up_avalon_video_character_buffer_with_dma.o)
 .rodata        0x08000618      0x23c ../freqRelay_bsp/\libhal_bsp.a(altera_up_ps2_keyboard.o)
 .rodata        0x08000854      0x284 c:/altera/13.0/nios2eds/bin/gnu/h-i686-mingw32/bin/../lib/gcc/nios2-elf/4.1.2/../../../../nios2-elf/lib\libc.a(lib_a-ctype_.o)
                0x08000854                _ctype_
 *(.rodata1)
                0x08000ad8                . = ALIGN (0x4)
                0x08000ad8                PROVIDE (__ram_rodata_end, ABSOLUTE (.))
                0x08000000                PROVIDE (__flash_rodata_start, LOADADDR (.rodata))

.rwdata         0x08000ad8     0x2104
                0x08000ad8                PROVIDE (__ram_rwdata_start, ABSOLUTE (.))
                0x08000ad8                . = ALIGN (0x4)
 *(.got.plt)
 *(.got)
 *(.data1)
 *(.data .data.* .gnu.linkonce.d.*)
 .data          0x08000ad8        0x0 ../freqRelay_bsp//obj/HAL/src/crt0.o
 .data          0x08000ad8        0x0 obj/default/freertos/croutine.o
 .data          0x08000ad8        0x0 obj/default/freertos/event_groups.o
 .data          0x08000ad8        0x0 obj/default/freertos/heap.o
 .data          0x08000ad8        0x0 obj/default/freertos/list.o
 .data          0x08000ad8        0x0 obj/default/freertos/port.o
 .data          0x08000ad8        0x0 obj/default/freertos/queue.o
 .data          0x08000ad8        0x0 obj/default/freertos/tasks.o
 .data          0x08000ad8        0x0 obj/default/freertos/timers.o
 .data          0x08000ad8        0x0 obj/default/hello_world.o
 .data          0x08000ad8        0x0 obj/default/interrupts.o
 .data          0x08000ad8        0x0 obj/default/taskslcfr.o
 .data          0x08000ad8        0x0 obj/default/variables.o
 .data          0x08000ad8        0x0 obj/default/freertos/port_asm.o
 .data          0x08000ad8        0x0 c:/altera/13.0/nios2eds/bin/gnu/h-i686-mingw32/bin/../lib/gcc/nios2-elf/4.1.2\libgcc.a(_addsub_sf.o)
 .data          0x08000ad8        0x0 c:/altera/13.0/nios2eds/bin/gnu/h-i686-mingw32/bin/../lib/gcc/nios2-elf/4.1.2\libgcc.a(_mul_sf.o)
 .data          0x08000ad8        0x0 c:/altera/13.0/nios2eds/bin/gnu/h-i686-mingw32/bin/../lib/gcc/nios2-elf/4.1.2\libgcc.a(_div_sf.o)
 .data          0x08000ad8        0x0 c:/altera/13.0/nios2eds/bin/gnu/h-i686-mingw32/bin/../lib/gcc/nios2-elf/4.1.2\libgcc.a(_si_to_sf.o)
 .data          0x08000ad8        0x0 c:/altera/13.0/nios2eds/bin/gnu/h-i686-mingw32/bin/../lib/gcc/nios2-elf/4.1.2\libgcc.a(_sf_to_si.o)
 .data          0x08000ad8        0x0 c:/altera/13.0/nios2eds/bin/gnu/h-i686-mingw32/bin/../lib/gcc/nios2-elf/4.1.2\libgcc.a(_sf_to_df.o)
 .data          0x08000ad8        0x0 c:/altera/13.0/nios2eds/bin/gnu/h-i686-mingw32/bin/../lib/gcc/nios2-elf/4.1.2\libgcc.a(_thenan_sf.o)
 .data          0x08000ad8        0x0 c:/altera/13.0/nios2eds/bin/gnu/h-i686-mingw32/bin/../lib/gcc/nios2-elf/4.1.2\libgcc.a(_usi_to_sf.o)
 .data          0x08000ad8        0x0 c:/altera/13.0/nios2eds/bin/gnu/h-i686-mingw32/bin/../lib/gcc/nios2-elf/4.1.2\libgcc.a(_make_df.o)
 .data          0x08000ad8        0x0 c:/altera/13.0/nios2eds/bin/gnu/h-i686-mingw32/bin/../lib/gcc/nios2-elf/4.1.2\libgcc.a(_muldi3.o)
 .data          0x08000ad8        0x0 c:/altera/13.0/nios2eds/bin/gnu/h-i686-mingw32/bin/../lib/gcc/nios2-elf/4.1.2\libgcc.a(_clzsi2.o)
 .data          0x08000ad8        0x0 c:/altera/13.0/nios2eds/bin/gnu/h-i686-mingw32/bin/../lib/gcc/nios2-elf/4.1.2\libgcc.a(_pack_sf.o)
 .data          0x08000ad8        0x0 c:/altera/13.0/nios2eds/bin/gnu/h-i686-mingw32/bin/../lib/gcc/nios2-elf/4.1.2\libgcc.a(_unpack_sf.o)
 .data          0x08000ad8        0x0 c:/altera/13.0/nios2eds/bin/gnu/h-i686-mingw32/bin/../lib/gcc/nios2-elf/4.1.2\libgcc.a(_pack_df.o)
 .data          0x08000ad8        0x0 c:/altera/13.0/nios2eds/bin/gnu/h-i686-mingw32/bin/../lib/gcc/nios2-elf/4.1.2\libgcc.a(_clz.o)
 .data          0x08000ad8        0x0 c:/altera/13.0/nios2eds/bin/gnu/h-i686-mingw32/bin/../lib/gcc/nios2-elf/4.1.2/../../../../nios2-elf/lib\libc.a(lib_a-fopen.o)
 .data          0x08000ad8        0x0 c:/altera/13.0/nios2eds/bin/gnu/h-i686-mingw32/bin/../lib/gcc/nios2-elf/4.1.2/../../../../nios2-elf/lib\libc.a(lib_a-fprintf.o)
 .data          0x08000ad8        0x0 c:/altera/13.0/nios2eds/bin/gnu/h-i686-mingw32/bin/../lib/gcc/nios2-elf/4.1.2/../../../../nios2-elf/lib\libc.a(lib_a-fseek.o)
 .data          0x08000ad8        0x0 c:/altera/13.0/nios2eds/bin/gnu/h-i686-mingw32/bin/../lib/gcc/nios2-elf/4.1.2/../../../../nios2-elf/lib\libc.a(lib_a-fstatr.o)
 .data          0x08000ad8      0x400 c:/altera/13.0/nios2eds/bin/gnu/h-i686-mingw32/bin/../lib/gcc/nios2-elf/4.1.2/../../../../nios2-elf/lib\libc.a(lib_a-impure.o)
 .data          0x08000ed8        0x0 c:/altera/13.0/nios2eds/bin/gnu/h-i686-mingw32/bin/../lib/gcc/nios2-elf/4.1.2/../../../../nios2-elf/lib\libc.a(lib_a-int_errno.o)
 .data          0x08000ed8        0x0 c:/altera/13.0/nios2eds/bin/gnu/h-i686-mingw32/bin/../lib/gcc/nios2-elf/4.1.2/../../../../nios2-elf/lib\libc.a(lib_a-makebuf.o)
 .data          0x08000ed8      0x408 c:/altera/13.0/nios2eds/bin/gnu/h-i686-mingw32/bin/../lib/gcc/nios2-elf/4.1.2/../../../../nios2-elf/lib\libc.a(lib_a-mallocr.o)
                0x08000ed8                __malloc_av_
 .data          0x080012e0        0x0 c:/altera/13.0/nios2eds/bin/gnu/h-i686-mingw32/bin/../lib/gcc/nios2-elf/4.1.2/../../../../nios2-elf/lib\libc.a(lib_a-memcmp.o)
 .data          0x080012e0        0x0 c:/altera/13.0/nios2eds/bin/gnu/h-i686-mingw32/bin/../lib/gcc/nios2-elf/4.1.2/../../../../nios2-elf/lib\libc.a(lib_a-memcpy.o)
 .data          0x080012e0        0x0 c:/altera/13.0/nios2eds/bin/gnu/h-i686-mingw32/bin/../lib/gcc/nios2-elf/4.1.2/../../../../nios2-elf/lib\libc.a(lib_a-memset.o)
 .data          0x080012e0        0x0 c:/altera/13.0/nios2eds/bin/gnu/h-i686-mingw32/bin/../lib/gcc/nios2-elf/4.1.2/../../../../nios2-elf/lib\libc.a(lib_a-openr.o)
 .data          0x080012e0        0x0 c:/altera/13.0/nios2eds/bin/gnu/h-i686-mingw32/bin/../lib/gcc/nios2-elf/4.1.2/../../../../nios2-elf/lib\libc.a(lib_a-printf.o)
 .data          0x080012e0        0x0 c:/altera/13.0/nios2eds/bin/gnu/h-i686-mingw32/bin/../lib/gcc/nios2-elf/4.1.2/../../../../nios2-elf/lib\libc.a(lib_a-puts.o)
 .data          0x080012e0        0x0 c:/altera/13.0/nios2eds/bin/gnu/h-i686-mingw32/bin/../lib/gcc/nios2-elf/4.1.2/../../../../nios2-elf/lib\libc.a(lib_a-refill.o)
 .data          0x080012e0        0x0 c:/altera/13.0/nios2eds/bin/gnu/h-i686-mingw32/bin/../lib/gcc/nios2-elf/4.1.2/../../../../nios2-elf/lib\libc.a(lib_a-sbrkr.o)
 .data          0x080012e0        0x0 c:/altera/13.0/nios2eds/bin/gnu/h-i686-mingw32/bin/../lib/gcc/nios2-elf/4.1.2/../../../../nios2-elf/lib\libc.a(lib_a-stdio.o)
 .data          0x080012e0        0x0 c:/altera/13.0/nios2eds/bin/gnu/h-i686-mingw32/bin/../lib/gcc/nios2-elf/4.1.2/../../../../nios2-elf/lib\libc.a(lib_a-strlen.o)
 .data          0x080012e0       0x28 c:/altera/13.0/nios2eds/bin/gnu/h-i686-mingw32/bin/../lib/gcc/nios2-elf/4.1.2/../../../../nios2-elf/lib\libc.a(lib_a-strtod.o)
 .data          0x08001308        0x0 c:/altera/13.0/nios2eds/bin/gnu/h-i686-mingw32/bin/../lib/gcc/nios2-elf/4.1.2/../../../../nios2-elf/lib\libc.a(lib_a-vfprintf.o)
 .data          0x08001308        0x0 c:/altera/13.0/nios2eds/bin/gnu/h-i686-mingw32/bin/../lib/gcc/nios2-elf/4.1.2/../../../../nios2-elf/lib\libc.a(lib_a-writer.o)
 .data          0x08001308        0x0 c:/altera/13.0/nios2eds/bin/gnu/h-i686-mingw32/bin/../lib/gcc/nios2-elf/4.1.2/../../../../nios2-elf/lib\libc.a(lib_a-wsetup.o)
 .data          0x08001308        0x0 c:/altera/13.0/nios2eds/bin/gnu/h-i686-mingw32/bin/../lib/gcc/nios2-elf/4.1.2/../../../../nios2-elf/lib\libc.a(lib_a-closer.o)
 .data          0x08001308        0x0 c:/altera/13.0/nios2eds/bin/gnu/h-i686-mingw32/bin/../lib/gcc/nios2-elf/4.1.2/../../../../nios2-elf/lib\libc.a(lib_a-dtoa.o)
 .data          0x08001308        0x0 c:/altera/13.0/nios2eds/bin/gnu/h-i686-mingw32/bin/../lib/gcc/nios2-elf/4.1.2/../../../../nios2-elf/lib\libc.a(lib_a-fflush.o)
 .data          0x08001308        0x0 c:/altera/13.0/nios2eds/bin/gnu/h-i686-mingw32/bin/../lib/gcc/nios2-elf/4.1.2/../../../../nios2-elf/lib\libc.a(lib_a-findfp.o)
 .data          0x08001308        0x0 c:/altera/13.0/nios2eds/bin/gnu/h-i686-mingw32/bin/../lib/gcc/nios2-elf/4.1.2/../../../../nios2-elf/lib\libc.a(lib_a-flags.o)
 .data          0x08001308        0x0 c:/altera/13.0/nios2eds/bin/gnu/h-i686-mingw32/bin/../lib/gcc/nios2-elf/4.1.2/../../../../nios2-elf/lib\libc.a(lib_a-freer.o)
 .data          0x08001308        0x0 c:/altera/13.0/nios2eds/bin/gnu/h-i686-mingw32/bin/../lib/gcc/nios2-elf/4.1.2/../../../../nios2-elf/lib\libc.a(lib_a-fvwrite.o)
 .data          0x08001308        0x0 c:/altera/13.0/nios2eds/bin/gnu/h-i686-mingw32/bin/../lib/gcc/nios2-elf/4.1.2/../../../../nios2-elf/lib\libc.a(lib_a-fwalk.o)
 .data          0x08001308        0x0 c:/altera/13.0/nios2eds/bin/gnu/h-i686-mingw32/bin/../lib/gcc/nios2-elf/4.1.2/../../../../nios2-elf/lib\libc.a(lib_a-gdtoa-gethex.o)
 .data          0x08001308        0x0 c:/altera/13.0/nios2eds/bin/gnu/h-i686-mingw32/bin/../lib/gcc/nios2-elf/4.1.2/../../../../nios2-elf/lib\libc.a(lib_a-gdtoa-hexnan.o)
 .data          0x08001308        0x0 c:/altera/13.0/nios2eds/bin/gnu/h-i686-mingw32/bin/../lib/gcc/nios2-elf/4.1.2/../../../../nios2-elf/lib\libc.a(lib_a-isattyr.o)
 .data          0x08001308        0xc c:/altera/13.0/nios2eds/bin/gnu/h-i686-mingw32/bin/../lib/gcc/nios2-elf/4.1.2/../../../../nios2-elf/lib\libc.a(lib_a-locale.o)
                0x08001308                __lc_ctype
 .data          0x08001314        0x0 c:/altera/13.0/nios2eds/bin/gnu/h-i686-mingw32/bin/../lib/gcc/nios2-elf/4.1.2/../../../../nios2-elf/lib\libc.a(lib_a-lseekr.o)
 .data          0x08001314        0x0 c:/altera/13.0/nios2eds/bin/gnu/h-i686-mingw32/bin/../lib/gcc/nios2-elf/4.1.2/../../../../nios2-elf/lib\libc.a(lib_a-memchr.o)
 .data          0x08001314        0x0 c:/altera/13.0/nios2eds/bin/gnu/h-i686-mingw32/bin/../lib/gcc/nios2-elf/4.1.2/../../../../nios2-elf/lib\libc.a(lib_a-memmove.o)
 .data          0x08001314        0x0 c:/altera/13.0/nios2eds/bin/gnu/h-i686-mingw32/bin/../lib/gcc/nios2-elf/4.1.2/../../../../nios2-elf/lib\libc.a(lib_a-mprec.o)
 .data          0x08001314        0x0 c:/altera/13.0/nios2eds/bin/gnu/h-i686-mingw32/bin/../lib/gcc/nios2-elf/4.1.2/../../../../nios2-elf/lib\libc.a(lib_a-readr.o)
 .data          0x08001314        0x0 c:/altera/13.0/nios2eds/bin/gnu/h-i686-mingw32/bin/../lib/gcc/nios2-elf/4.1.2/../../../../nios2-elf/lib\libc.a(lib_a-reallocr.o)
 .data          0x08001314        0x0 c:/altera/13.0/nios2eds/bin/gnu/h-i686-mingw32/bin/../lib/gcc/nios2-elf/4.1.2/../../../../nios2-elf/lib\libc.a(lib_a-s_isinfd.o)
 .data          0x08001314        0x0 c:/altera/13.0/nios2eds/bin/gnu/h-i686-mingw32/bin/../lib/gcc/nios2-elf/4.1.2/../../../../nios2-elf/lib\libc.a(lib_a-s_isnand.o)
 .data          0x08001314        0x0 c:/altera/13.0/nios2eds/bin/gnu/h-i686-mingw32/bin/../lib/gcc/nios2-elf/4.1.2/../../../../nios2-elf/lib\libc.a(lib_a-strcmp.o)
 .data          0x08001314        0x0 c:/altera/13.0/nios2eds/bin/gnu/h-i686-mingw32/bin/../lib/gcc/nios2-elf/4.1.2/../../../../nios2-elf/lib\libc.a(lib_a-callocr.o)
 .data          0x08001314        0x0 c:/altera/13.0/nios2eds/bin/gnu/h-i686-mingw32/bin/../lib/gcc/nios2-elf/4.1.2/../../../../nios2-elf/lib\libc.a(lib_a-fclose.o)
 .data          0x08001314        0x0 c:/altera/13.0/nios2eds/bin/gnu/h-i686-mingw32/bin/../lib/gcc/nios2-elf/4.1.2\libgcc.a(_fixunsdfsi.o)
 .data          0x08001314        0x0 c:/altera/13.0/nios2eds/bin/gnu/h-i686-mingw32/bin/../lib/gcc/nios2-elf/4.1.2\libgcc.a(_udivdi3.o)
 .data          0x08001314        0x0 c:/altera/13.0/nios2eds/bin/gnu/h-i686-mingw32/bin/../lib/gcc/nios2-elf/4.1.2\libgcc.a(_umoddi3.o)
 .data          0x08001314        0x0 c:/altera/13.0/nios2eds/bin/gnu/h-i686-mingw32/bin/../lib/gcc/nios2-elf/4.1.2\libgcc.a(_ne_sf.o)
 .data          0x08001314        0x0 c:/altera/13.0/nios2eds/bin/gnu/h-i686-mingw32/bin/../lib/gcc/nios2-elf/4.1.2\libgcc.a(_gt_sf.o)
 .data          0x08001314        0x0 c:/altera/13.0/nios2eds/bin/gnu/h-i686-mingw32/bin/../lib/gcc/nios2-elf/4.1.2\libgcc.a(_lt_sf.o)
 .data          0x08001314        0x0 c:/altera/13.0/nios2eds/bin/gnu/h-i686-mingw32/bin/../lib/gcc/nios2-elf/4.1.2\libgcc.a(_addsub_df.o)
 .data          0x08001314        0x0 c:/altera/13.0/nios2eds/bin/gnu/h-i686-mingw32/bin/../lib/gcc/nios2-elf/4.1.2\libgcc.a(_mul_df.o)
 .data          0x08001314        0x0 c:/altera/13.0/nios2eds/bin/gnu/h-i686-mingw32/bin/../lib/gcc/nios2-elf/4.1.2\libgcc.a(_div_df.o)
 .data          0x08001314        0x0 c:/altera/13.0/nios2eds/bin/gnu/h-i686-mingw32/bin/../lib/gcc/nios2-elf/4.1.2\libgcc.a(_eq_df.o)
 .data          0x08001314        0x0 c:/altera/13.0/nios2eds/bin/gnu/h-i686-mingw32/bin/../lib/gcc/nios2-elf/4.1.2\libgcc.a(_ne_df.o)
 .data          0x08001314        0x0 c:/altera/13.0/nios2eds/bin/gnu/h-i686-mingw32/bin/../lib/gcc/nios2-elf/4.1.2\libgcc.a(_gt_df.o)
 .data          0x08001314        0x0 c:/altera/13.0/nios2eds/bin/gnu/h-i686-mingw32/bin/../lib/gcc/nios2-elf/4.1.2\libgcc.a(_ge_df.o)
 .data          0x08001314        0x0 c:/altera/13.0/nios2eds/bin/gnu/h-i686-mingw32/bin/../lib/gcc/nios2-elf/4.1.2\libgcc.a(_lt_df.o)
 .data          0x08001314        0x0 c:/altera/13.0/nios2eds/bin/gnu/h-i686-mingw32/bin/../lib/gcc/nios2-elf/4.1.2\libgcc.a(_le_df.o)
 .data          0x08001314        0x0 c:/altera/13.0/nios2eds/bin/gnu/h-i686-mingw32/bin/../lib/gcc/nios2-elf/4.1.2\libgcc.a(_si_to_df.o)
 .data          0x08001314        0x0 c:/altera/13.0/nios2eds/bin/gnu/h-i686-mingw32/bin/../lib/gcc/nios2-elf/4.1.2\libgcc.a(_df_to_si.o)
 .data          0x08001314        0x0 c:/altera/13.0/nios2eds/bin/gnu/h-i686-mingw32/bin/../lib/gcc/nios2-elf/4.1.2\libgcc.a(_df_to_sf.o)
 .data          0x08001314        0x0 c:/altera/13.0/nios2eds/bin/gnu/h-i686-mingw32/bin/../lib/gcc/nios2-elf/4.1.2\libgcc.a(_thenan_df.o)
 .data          0x08001314        0x0 c:/altera/13.0/nios2eds/bin/gnu/h-i686-mingw32/bin/../lib/gcc/nios2-elf/4.1.2\libgcc.a(_usi_to_df.o)
 .data          0x08001314        0x0 c:/altera/13.0/nios2eds/bin/gnu/h-i686-mingw32/bin/../lib/gcc/nios2-elf/4.1.2\libgcc.a(lib2-divmod.o)
 .data          0x08001314        0x0 c:/altera/13.0/nios2eds/bin/gnu/h-i686-mingw32/bin/../lib/gcc/nios2-elf/4.1.2\libgcc.a(_fpcmp_parts_sf.o)
 .data          0x08001314        0x0 c:/altera/13.0/nios2eds/bin/gnu/h-i686-mingw32/bin/../lib/gcc/nios2-elf/4.1.2\libgcc.a(_make_sf.o)
 .data          0x08001314        0x0 c:/altera/13.0/nios2eds/bin/gnu/h-i686-mingw32/bin/../lib/gcc/nios2-elf/4.1.2\libgcc.a(_unpack_df.o)
 .data          0x08001314        0x0 c:/altera/13.0/nios2eds/bin/gnu/h-i686-mingw32/bin/../lib/gcc/nios2-elf/4.1.2\libgcc.a(_fpcmp_parts_df.o)
 .data          0x08001314        0x0 ../freqRelay_bsp/\libhal_bsp.a(alt_close.o)
 .data          0x08001314      0x1a8 ../freqRelay_bsp/\libhal_bsp.a(alt_dev.o)
                0x08001314                alt_dev_null
                0x0800133c                alt_fd_list
 .data          0x080014bc        0x0 ../freqRelay_bsp/\libhal_bsp.a(alt_errno.o)
 .data          0x080014bc        0x0 ../freqRelay_bsp/\libhal_bsp.a(alt_fstat.o)
 .data          0x080014bc        0x0 ../freqRelay_bsp/\libhal_bsp.a(alt_irq_handler.o)
 .data          0x080014bc        0x0 ../freqRelay_bsp/\libhal_bsp.a(alt_irq_vars.o)
 .data          0x080014bc        0x0 ../freqRelay_bsp/\libhal_bsp.a(alt_isatty.o)
 .data          0x080014bc        0x0 ../freqRelay_bsp/\libhal_bsp.a(alt_lseek.o)
 .data          0x080014bc        0x0 ../freqRelay_bsp/\libhal_bsp.a(alt_main.o)
 .data          0x080014bc        0x0 ../freqRelay_bsp/\libhal_bsp.a(alt_malloc_lock.o)
 .data          0x080014bc        0x0 ../freqRelay_bsp/\libhal_bsp.a(alt_open.o)
 .data          0x080014bc        0x0 ../freqRelay_bsp/\libhal_bsp.a(alt_read.o)
 .data          0x080014bc        0x0 ../freqRelay_bsp/\libhal_bsp.a(alt_release_fd.o)
 .data          0x080014bc        0x0 ../freqRelay_bsp/\libhal_bsp.a(alt_sbrk.o)
 .data          0x080014bc        0x0 ../freqRelay_bsp/\libhal_bsp.a(alt_write.o)
 .data          0x080014bc     0x13f0 ../freqRelay_bsp/\libhal_bsp.a(alt_sys_init.o)
 .data          0x080028ac        0x0 ../freqRelay_bsp/\libhal_bsp.a(altera_avalon_cfi_flash.o)
 .data          0x080028ac        0x0 ../freqRelay_bsp/\libhal_bsp.a(altera_avalon_cfi_flash_table.o)
 .data          0x080028ac        0x0 ../freqRelay_bsp/\libhal_bsp.a(altera_avalon_jtag_uart_fd.o)
 .data          0x080028ac        0x0 ../freqRelay_bsp/\libhal_bsp.a(altera_avalon_jtag_uart_init.o)
 .data          0x080028ac        0x0 ../freqRelay_bsp/\libhal_bsp.a(altera_avalon_jtag_uart_ioctl.o)
 .data          0x080028ac        0x0 ../freqRelay_bsp/\libhal_bsp.a(altera_avalon_jtag_uart_read.o)
 .data          0x080028ac        0x0 ../freqRelay_bsp/\libhal_bsp.a(altera_avalon_jtag_uart_write.o)
 .data          0x080028ac        0x0 ../freqRelay_bsp/\libhal_bsp.a(altera_avalon_lcd_16207.o)
 .data          0x080028ac        0x0 ../freqRelay_bsp/\libhal_bsp.a(altera_avalon_lcd_16207_fd.o)
 .data          0x080028ac        0x0 ../freqRelay_bsp/\libhal_bsp.a(altera_avalon_timer_sc.o)
 .data          0x080028ac        0x0 ../freqRelay_bsp/\libhal_bsp.a(altera_avalon_uart_fd.o)
 .data          0x080028ac        0x0 ../freqRelay_bsp/\libhal_bsp.a(altera_avalon_uart_init.o)
 .data          0x080028ac        0x0 ../freqRelay_bsp/\libhal_bsp.a(altera_avalon_uart_read.o)
 .data          0x080028ac        0x0 ../freqRelay_bsp/\libhal_bsp.a(altera_avalon_uart_write.o)
 .data          0x080028ac        0x0 ../freqRelay_bsp/\libhal_bsp.a(altera_up_avalon_ps2.o)
 .data          0x080028ac        0x0 ../freqRelay_bsp/\libhal_bsp.a(altera_up_avalon_video_character_buffer_with_dma.o)
 .data          0x080028ac      0x2d0 ../freqRelay_bsp/\libhal_bsp.a(altera_up_ps2_keyboard.o)
                0x080028ac                key_table
                0x08002a44                ascii_codes
                0x08002aac                single_byte_make_code
                0x08002b14                multi_byte_make_code
 .data          0x08002b7c        0x0 ../freqRelay_bsp/\libhal_bsp.a(alt_alarm_start.o)
 .data          0x08002b7c        0x0 ../freqRelay_bsp/\libhal_bsp.a(alt_dcache_flush.o)
 .data          0x08002b7c        0x0 ../freqRelay_bsp/\libhal_bsp.a(alt_dev_llist_insert.o)
 .data          0x08002b7c        0x0 ../freqRelay_bsp/\libhal_bsp.a(alt_do_ctors.o)
 .data          0x08002b7c        0x0 ../freqRelay_bsp/\libhal_bsp.a(alt_do_dtors.o)
 .data          0x08002b7c        0x0 ../freqRelay_bsp/\libhal_bsp.a(alt_find_dev.o)
 .data          0x08002b7c        0x0 ../freqRelay_bsp/\libhal_bsp.a(alt_find_file.o)
 .data          0x08002b7c        0x0 ../freqRelay_bsp/\libhal_bsp.a(alt_flash_dev.o)
 .data          0x08002b7c        0x0 ../freqRelay_bsp/\libhal_bsp.a(alt_get_fd.o)
 .data          0x08002b7c        0x0 ../freqRelay_bsp/\libhal_bsp.a(alt_io_redirect.o)
 .data          0x08002b7c        0x0 ../freqRelay_bsp/\libhal_bsp.a(alt_tick.o)
 .data          0x08002b7c        0x0 ../freqRelay_bsp/\libhal_bsp.a(alt_usleep.o)
 .data          0x08002b7c        0x0 ../freqRelay_bsp/\libhal_bsp.a(altera_nios2_qsys_irq.o)
 .data          0x08002b7c        0x0 ../freqRelay_bsp/\libhal_bsp.a(altera_avalon_cfi_flash_amd.o)
 .data          0x08002b7c        0x0 ../freqRelay_bsp/\libhal_bsp.a(altera_avalon_cfi_flash_intel.o)
 .data          0x08002b7c        0x0 ../freqRelay_bsp/\libhal_bsp.a(alt_busy_sleep.o)
 .data          0x08002b7c        0x0 c:/altera/13.0/nios2eds/bin/gnu/h-i686-mingw32/bin/../lib/gcc/nios2-elf/4.1.2/../../../../nios2-elf/lib\libc.a(lib_a-atexit.o)
 .data          0x08002b7c        0x0 c:/altera/13.0/nios2eds/bin/gnu/h-i686-mingw32/bin/../lib/gcc/nios2-elf/4.1.2/../../../../nios2-elf/lib\libc.a(lib_a-ctype_.o)
 .data          0x08002b7c        0x0 c:/altera/13.0/nios2eds/bin/gnu/h-i686-mingw32/bin/../lib/gcc/nios2-elf/4.1.2/../../../../nios2-elf/lib\libc.a(lib_a-exit.o)
 .data          0x08002b7c        0x0 c:/altera/13.0/nios2eds/bin/gnu/h-i686-mingw32/bin/../lib/gcc/nios2-elf/4.1.2/../../../../nios2-elf/lib\libc.a(lib_a-strcpy.o)
 .data          0x08002b7c        0x0 c:/altera/13.0/nios2eds/bin/gnu/h-i686-mingw32/bin/../lib/gcc/nios2-elf/4.1.2/../../../../nios2-elf/lib\libc.a(lib_a-__atexit.o)
 .data          0x08002b7c        0x0 c:/altera/13.0/nios2eds/bin/gnu/h-i686-mingw32/bin/../lib/gcc/nios2-elf/4.1.2/../../../../nios2-elf/lib\libc.a(lib_a-__call_atexit.o)
 .data          0x08002b7c        0x0 ../freqRelay_bsp/\libhal_bsp.a(alt_exit.o)
                0x0800ab7c                _gp = ABSOLUTE ((. + 0x8000))
                0x0800ab7c                PROVIDE (gp, _gp)
 *(.rwdata .rwdata.*)
 *(.sdata .sdata.* .gnu.linkonce.s.*)
 .sdata         0x08002b7c        0xc obj/default/freertos/heap.o
 .sdata         0x08002b88        0x4 obj/default/freertos/tasks.o
 .sdata         0x08002b8c        0x8 c:/altera/13.0/nios2eds/bin/gnu/h-i686-mingw32/bin/../lib/gcc/nios2-elf/4.1.2/../../../../nios2-elf/lib\libc.a(lib_a-impure.o)
                0x08002b8c                _impure_ptr
                0x08002b90                _global_impure_ptr
 .sdata         0x08002b94        0x8 c:/altera/13.0/nios2eds/bin/gnu/h-i686-mingw32/bin/../lib/gcc/nios2-elf/4.1.2/../../../../nios2-elf/lib\libc.a(lib_a-mallocr.o)
                0x08002b94                __malloc_trim_threshold
                0x08002b98                __malloc_sbrk_base
 .sdata         0x08002b9c        0x8 c:/altera/13.0/nios2eds/bin/gnu/h-i686-mingw32/bin/../lib/gcc/nios2-elf/4.1.2/../../../../nios2-elf/lib\libc.a(lib_a-locale.o)
                0x08002b9c                __mb_cur_max
 .sdata         0x08002ba4       0x14 ../freqRelay_bsp/\libhal_bsp.a(alt_dev.o)
                0x08002ba4                alt_fs_list
                0x08002bac                alt_dev_list
                0x08002bb4                alt_max_fd
 .sdata         0x08002bb8        0x4 ../freqRelay_bsp/\libhal_bsp.a(alt_errno.o)
                0x08002bb8                alt_errno
 .sdata         0x08002bbc        0x4 ../freqRelay_bsp/\libhal_bsp.a(alt_irq_vars.o)
                0x08002bbc                alt_priority_mask
 .sdata         0x08002bc0        0x4 ../freqRelay_bsp/\libhal_bsp.a(alt_sbrk.o)
 .sdata         0x08002bc4        0x4 ../freqRelay_bsp/\libhal_bsp.a(altera_avalon_lcd_16207.o)
 .sdata         0x08002bc8        0x8 ../freqRelay_bsp/\libhal_bsp.a(alt_flash_dev.o)
                0x08002bc8                alt_flash_dev_list
 .sdata         0x08002bd0        0x8 ../freqRelay_bsp/\libhal_bsp.a(alt_tick.o)
                0x08002bd0                alt_alarm_list
 .sdata         0x08002bd8        0x4 c:/altera/13.0/nios2eds/bin/gnu/h-i686-mingw32/bin/../lib/gcc/nios2-elf/4.1.2/../../../../nios2-elf/lib\libc.a(lib_a-ctype_.o)
                0x08002bd8                __ctype_ptr
 *(.sdata2 .sdata2.* .gnu.linkonce.s2.*)
                0x08002bdc                . = ALIGN (0x4)
                0x08002bdc                _edata = ABSOLUTE (.)
                0x08002bdc                PROVIDE (edata, ABSOLUTE (.))
                0x08002bdc                PROVIDE (__ram_rwdata_end, ABSOLUTE (.))
                0x08000ad8                PROVIDE (__flash_rwdata_start, LOADADDR (.rwdata))

.bss            0x08002bdc    0x7d654
                0x08002bdc                __bss_start = ABSOLUTE (.)
                0x08002bdc                PROVIDE (__sbss_start, ABSOLUTE (.))
                0x08002bdc                PROVIDE (___sbss_start, ABSOLUTE (.))
 *(.dynsbss)
 *(.sbss .sbss.* .gnu.linkonce.sb.*)
 .sbss          0x08002bdc       0x1c obj/default/freertos/croutine.o
                0x08002bdc                pxCurrentCoRoutine
 .sbss          0x08002bf8        0xc obj/default/freertos/heap.o
 .sbss          0x08002c04       0x34 obj/default/freertos/tasks.o
                0x08002c04                pxCurrentTCB
 .sbss          0x08002c38       0x10 obj/default/freertos/timers.o
 .sbss          0x08002c48       0x2c obj/default/hello_world.o
                0x08002c48                xMutexFreq
                0x08002c4c                qLed
                0x08002c50                qFreq
                0x08002c54                qInformation
                0x08002c58                xMutexRoc
                0x08002c5c                currentMode
                0x08002c60                frequencyThreshold
                0x08002c64                xButtonSemaphore
                0x08002c68                xMutexMode
                0x08002c6c                qKeyBoard
                0x08002c70                rocThreshold
 .sbss          0x08002c74        0x1 obj/default/interrupts.o
 .sbss          0x08002c75        0x1 obj/default/taskslcfr.o
 *fill*         0x08002c76        0x2 00
 .sbss          0x08002c78        0x4 c:/altera/13.0/nios2eds/bin/gnu/h-i686-mingw32/bin/../lib/gcc/nios2-elf/4.1.2/../../../../nios2-elf/lib\libc.a(lib_a-int_errno.o)
                0x08002c78                errno
 .sbss          0x08002c7c        0xc c:/altera/13.0/nios2eds/bin/gnu/h-i686-mingw32/bin/../lib/gcc/nios2-elf/4.1.2/../../../../nios2-elf/lib\libc.a(lib_a-mallocr.o)
                0x08002c7c                __malloc_top_pad
                0x08002c80                __malloc_max_sbrked_mem
                0x08002c84                __malloc_max_total_mem
 .sbss          0x08002c88        0xc c:/altera/13.0/nios2eds/bin/gnu/h-i686-mingw32/bin/../lib/gcc/nios2-elf/4.1.2/../../../../nios2-elf/lib\libc.a(lib_a-locale.o)
                0x08002c88                __nlocale_changed
                0x08002c8c                __mlocale_changed
                0x08002c90                _PathLocale
 .sbss          0x08002c94        0x4 ../freqRelay_bsp/\libhal_bsp.a(alt_irq_vars.o)
                0x08002c94                alt_irq_active
 .sbss          0x08002c98        0xc ../freqRelay_bsp/\libhal_bsp.a(alt_main.o)
                0x08002c98                alt_argc
                0x08002c9c                alt_argv
                0x08002ca0                alt_envp
 .sbss          0x08002ca4        0x8 ../freqRelay_bsp/\libhal_bsp.a(alt_tick.o)
                0x08002ca4                _alt_tick_rate
                0x08002ca8                _alt_nticks
 *(.sbss2 .sbss2.* .gnu.linkonce.sb2.*)
 *(.scommon)
                0x08002cac                PROVIDE (__sbss_end, ABSOLUTE (.))
                0x08002cac                PROVIDE (___sbss_end, ABSOLUTE (.))
 *(.dynbss)
 *(.bss .bss.* .gnu.linkonce.b.*)
 .bss           0x08002cac        0x0 ../freqRelay_bsp//obj/HAL/src/crt0.o
 .bss           0x08002cac       0x64 obj/default/freertos/croutine.o
 .bss           0x08002d10        0x0 obj/default/freertos/event_groups.o
 .bss           0x08002d10    0x7d000 obj/default/freertos/heap.o
 .bss           0x0807fd10        0x0 obj/default/freertos/list.o
 .bss           0x0807fd10        0x0 obj/default/freertos/port.o
 .bss           0x0807fd10        0x0 obj/default/freertos/queue.o
 .bss           0x0807fd10      0x140 obj/default/freertos/tasks.o
 .bss           0x0807fe50       0x28 obj/default/freertos/timers.o
 .bss           0x0807fe78        0x0 obj/default/hello_world.o
 .bss           0x0807fe78        0x0 obj/default/interrupts.o
 .bss           0x0807fe78        0x0 obj/default/taskslcfr.o
 .bss           0x0807fe78        0x0 obj/default/variables.o
 .bss           0x0807fe78        0x0 obj/default/freertos/port_asm.o
 .bss           0x0807fe78        0x0 c:/altera/13.0/nios2eds/bin/gnu/h-i686-mingw32/bin/../lib/gcc/nios2-elf/4.1.2\libgcc.a(_addsub_sf.o)
 .bss           0x0807fe78        0x0 c:/altera/13.0/nios2eds/bin/gnu/h-i686-mingw32/bin/../lib/gcc/nios2-elf/4.1.2\libgcc.a(_mul_sf.o)
 .bss           0x0807fe78        0x0 c:/altera/13.0/nios2eds/bin/gnu/h-i686-mingw32/bin/../lib/gcc/nios2-elf/4.1.2\libgcc.a(_div_sf.o)
 .bss           0x0807fe78        0x0 c:/altera/13.0/nios2eds/bin/gnu/h-i686-mingw32/bin/../lib/gcc/nios2-elf/4.1.2\libgcc.a(_si_to_sf.o)
 .bss           0x0807fe78        0x0 c:/altera/13.0/nios2eds/bin/gnu/h-i686-mingw32/bin/../lib/gcc/nios2-elf/4.1.2\libgcc.a(_sf_to_si.o)
 .bss           0x0807fe78        0x0 c:/altera/13.0/nios2eds/bin/gnu/h-i686-mingw32/bin/../lib/gcc/nios2-elf/4.1.2\libgcc.a(_sf_to_df.o)
 .bss           0x0807fe78        0x0 c:/altera/13.0/nios2eds/bin/gnu/h-i686-mingw32/bin/../lib/gcc/nios2-elf/4.1.2\libgcc.a(_thenan_sf.o)
 .bss           0x0807fe78        0x0 c:/altera/13.0/nios2eds/bin/gnu/h-i686-mingw32/bin/../lib/gcc/nios2-elf/4.1.2\libgcc.a(_usi_to_sf.o)
 .bss           0x0807fe78        0x0 c:/altera/13.0/nios2eds/bin/gnu/h-i686-mingw32/bin/../lib/gcc/nios2-elf/4.1.2\libgcc.a(_make_df.o)
 .bss           0x0807fe78        0x0 c:/altera/13.0/nios2eds/bin/gnu/h-i686-mingw32/bin/../lib/gcc/nios2-elf/4.1.2\libgcc.a(_muldi3.o)
 .bss           0x0807fe78        0x0 c:/altera/13.0/nios2eds/bin/gnu/h-i686-mingw32/bin/../lib/gcc/nios2-elf/4.1.2\libgcc.a(_clzsi2.o)
 .bss           0x0807fe78        0x0 c:/altera/13.0/nios2eds/bin/gnu/h-i686-mingw32/bin/../lib/gcc/nios2-elf/4.1.2\libgcc.a(_pack_sf.o)
 .bss           0x0807fe78        0x0 c:/altera/13.0/nios2eds/bin/gnu/h-i686-mingw32/bin/../lib/gcc/nios2-elf/4.1.2\libgcc.a(_unpack_sf.o)
 .bss           0x0807fe78        0x0 c:/altera/13.0/nios2eds/bin/gnu/h-i686-mingw32/bin/../lib/gcc/nios2-elf/4.1.2\libgcc.a(_pack_df.o)
 .bss           0x0807fe78        0x0 c:/altera/13.0/nios2eds/bin/gnu/h-i686-mingw32/bin/../lib/gcc/nios2-elf/4.1.2\libgcc.a(_clz.o)
 .bss           0x0807fe78        0x0 c:/altera/13.0/nios2eds/bin/gnu/h-i686-mingw32/bin/../lib/gcc/nios2-elf/4.1.2/../../../../nios2-elf/lib\libc.a(lib_a-fopen.o)
 .bss           0x0807fe78        0x0 c:/altera/13.0/nios2eds/bin/gnu/h-i686-mingw32/bin/../lib/gcc/nios2-elf/4.1.2/../../../../nios2-elf/lib\libc.a(lib_a-fprintf.o)
 .bss           0x0807fe78        0x0 c:/altera/13.0/nios2eds/bin/gnu/h-i686-mingw32/bin/../lib/gcc/nios2-elf/4.1.2/../../../../nios2-elf/lib\libc.a(lib_a-fseek.o)
 .bss           0x0807fe78        0x0 c:/altera/13.0/nios2eds/bin/gnu/h-i686-mingw32/bin/../lib/gcc/nios2-elf/4.1.2/../../../../nios2-elf/lib\libc.a(lib_a-fstatr.o)
 .bss           0x0807fe78        0x0 c:/altera/13.0/nios2eds/bin/gnu/h-i686-mingw32/bin/../lib/gcc/nios2-elf/4.1.2/../../../../nios2-elf/lib\libc.a(lib_a-impure.o)
 .bss           0x0807fe78        0x0 c:/altera/13.0/nios2eds/bin/gnu/h-i686-mingw32/bin/../lib/gcc/nios2-elf/4.1.2/../../../../nios2-elf/lib\libc.a(lib_a-int_errno.o)
 .bss           0x0807fe78        0x0 c:/altera/13.0/nios2eds/bin/gnu/h-i686-mingw32/bin/../lib/gcc/nios2-elf/4.1.2/../../../../nios2-elf/lib\libc.a(lib_a-makebuf.o)
 .bss           0x0807fe78       0x28 c:/altera/13.0/nios2eds/bin/gnu/h-i686-mingw32/bin/../lib/gcc/nios2-elf/4.1.2/../../../../nios2-elf/lib\libc.a(lib_a-mallocr.o)
                0x0807fe78                __malloc_current_mallinfo
 .bss           0x0807fea0        0x0 c:/altera/13.0/nios2eds/bin/gnu/h-i686-mingw32/bin/../lib/gcc/nios2-elf/4.1.2/../../../../nios2-elf/lib\libc.a(lib_a-memcmp.o)
 .bss           0x0807fea0        0x0 c:/altera/13.0/nios2eds/bin/gnu/h-i686-mingw32/bin/../lib/gcc/nios2-elf/4.1.2/../../../../nios2-elf/lib\libc.a(lib_a-memcpy.o)
 .bss           0x0807fea0        0x0 c:/altera/13.0/nios2eds/bin/gnu/h-i686-mingw32/bin/../lib/gcc/nios2-elf/4.1.2/../../../../nios2-elf/lib\libc.a(lib_a-memset.o)
 .bss           0x0807fea0        0x0 c:/altera/13.0/nios2eds/bin/gnu/h-i686-mingw32/bin/../lib/gcc/nios2-elf/4.1.2/../../../../nios2-elf/lib\libc.a(lib_a-openr.o)
 .bss           0x0807fea0        0x0 c:/altera/13.0/nios2eds/bin/gnu/h-i686-mingw32/bin/../lib/gcc/nios2-elf/4.1.2/../../../../nios2-elf/lib\libc.a(lib_a-printf.o)
 .bss           0x0807fea0        0x0 c:/altera/13.0/nios2eds/bin/gnu/h-i686-mingw32/bin/../lib/gcc/nios2-elf/4.1.2/../../../../nios2-elf/lib\libc.a(lib_a-puts.o)
 .bss           0x0807fea0        0x0 c:/altera/13.0/nios2eds/bin/gnu/h-i686-mingw32/bin/../lib/gcc/nios2-elf/4.1.2/../../../../nios2-elf/lib\libc.a(lib_a-refill.o)
 .bss           0x0807fea0        0x0 c:/altera/13.0/nios2eds/bin/gnu/h-i686-mingw32/bin/../lib/gcc/nios2-elf/4.1.2/../../../../nios2-elf/lib\libc.a(lib_a-sbrkr.o)
 .bss           0x0807fea0        0x0 c:/altera/13.0/nios2eds/bin/gnu/h-i686-mingw32/bin/../lib/gcc/nios2-elf/4.1.2/../../../../nios2-elf/lib\libc.a(lib_a-stdio.o)
 .bss           0x0807fea0        0x0 c:/altera/13.0/nios2eds/bin/gnu/h-i686-mingw32/bin/../lib/gcc/nios2-elf/4.1.2/../../../../nios2-elf/lib\libc.a(lib_a-strlen.o)
 .bss           0x0807fea0        0x0 c:/altera/13.0/nios2eds/bin/gnu/h-i686-mingw32/bin/../lib/gcc/nios2-elf/4.1.2/../../../../nios2-elf/lib\libc.a(lib_a-strtod.o)
 .bss           0x0807fea0        0x0 c:/altera/13.0/nios2eds/bin/gnu/h-i686-mingw32/bin/../lib/gcc/nios2-elf/4.1.2/../../../../nios2-elf/lib\libc.a(lib_a-vfprintf.o)
 .bss           0x0807fea0        0x0 c:/altera/13.0/nios2eds/bin/gnu/h-i686-mingw32/bin/../lib/gcc/nios2-elf/4.1.2/../../../../nios2-elf/lib\libc.a(lib_a-writer.o)
 .bss           0x0807fea0        0x0 c:/altera/13.0/nios2eds/bin/gnu/h-i686-mingw32/bin/../lib/gcc/nios2-elf/4.1.2/../../../../nios2-elf/lib\libc.a(lib_a-wsetup.o)
 .bss           0x0807fea0        0x0 c:/altera/13.0/nios2eds/bin/gnu/h-i686-mingw32/bin/../lib/gcc/nios2-elf/4.1.2/../../../../nios2-elf/lib\libc.a(lib_a-closer.o)
 .bss           0x0807fea0        0x0 c:/altera/13.0/nios2eds/bin/gnu/h-i686-mingw32/bin/../lib/gcc/nios2-elf/4.1.2/../../../../nios2-elf/lib\libc.a(lib_a-dtoa.o)
 .bss           0x0807fea0        0x0 c:/altera/13.0/nios2eds/bin/gnu/h-i686-mingw32/bin/../lib/gcc/nios2-elf/4.1.2/../../../../nios2-elf/lib\libc.a(lib_a-fflush.o)
 .bss           0x0807fea0        0x0 c:/altera/13.0/nios2eds/bin/gnu/h-i686-mingw32/bin/../lib/gcc/nios2-elf/4.1.2/../../../../nios2-elf/lib\libc.a(lib_a-findfp.o)
 .bss           0x0807fea0        0x0 c:/altera/13.0/nios2eds/bin/gnu/h-i686-mingw32/bin/../lib/gcc/nios2-elf/4.1.2/../../../../nios2-elf/lib\libc.a(lib_a-flags.o)
 .bss           0x0807fea0        0x0 c:/altera/13.0/nios2eds/bin/gnu/h-i686-mingw32/bin/../lib/gcc/nios2-elf/4.1.2/../../../../nios2-elf/lib\libc.a(lib_a-freer.o)
 .bss           0x0807fea0        0x0 c:/altera/13.0/nios2eds/bin/gnu/h-i686-mingw32/bin/../lib/gcc/nios2-elf/4.1.2/../../../../nios2-elf/lib\libc.a(lib_a-fvwrite.o)
 .bss           0x0807fea0        0x0 c:/altera/13.0/nios2eds/bin/gnu/h-i686-mingw32/bin/../lib/gcc/nios2-elf/4.1.2/../../../../nios2-elf/lib\libc.a(lib_a-fwalk.o)
 .bss           0x0807fea0        0x0 c:/altera/13.0/nios2eds/bin/gnu/h-i686-mingw32/bin/../lib/gcc/nios2-elf/4.1.2/../../../../nios2-elf/lib\libc.a(lib_a-gdtoa-gethex.o)
 .bss           0x0807fea0        0x0 c:/altera/13.0/nios2eds/bin/gnu/h-i686-mingw32/bin/../lib/gcc/nios2-elf/4.1.2/../../../../nios2-elf/lib\libc.a(lib_a-gdtoa-hexnan.o)
 .bss           0x0807fea0        0x0 c:/altera/13.0/nios2eds/bin/gnu/h-i686-mingw32/bin/../lib/gcc/nios2-elf/4.1.2/../../../../nios2-elf/lib\libc.a(lib_a-isattyr.o)
 .bss           0x0807fea0        0x0 c:/altera/13.0/nios2eds/bin/gnu/h-i686-mingw32/bin/../lib/gcc/nios2-elf/4.1.2/../../../../nios2-elf/lib\libc.a(lib_a-locale.o)
 .bss           0x0807fea0        0x0 c:/altera/13.0/nios2eds/bin/gnu/h-i686-mingw32/bin/../lib/gcc/nios2-elf/4.1.2/../../../../nios2-elf/lib\libc.a(lib_a-lseekr.o)
 .bss           0x0807fea0        0x0 c:/altera/13.0/nios2eds/bin/gnu/h-i686-mingw32/bin/../lib/gcc/nios2-elf/4.1.2/../../../../nios2-elf/lib\libc.a(lib_a-memchr.o)
 .bss           0x0807fea0        0x0 c:/altera/13.0/nios2eds/bin/gnu/h-i686-mingw32/bin/../lib/gcc/nios2-elf/4.1.2/../../../../nios2-elf/lib\libc.a(lib_a-memmove.o)
 .bss           0x0807fea0        0x0 c:/altera/13.0/nios2eds/bin/gnu/h-i686-mingw32/bin/../lib/gcc/nios2-elf/4.1.2/../../../../nios2-elf/lib\libc.a(lib_a-mprec.o)
 .bss           0x0807fea0        0x0 c:/altera/13.0/nios2eds/bin/gnu/h-i686-mingw32/bin/../lib/gcc/nios2-elf/4.1.2/../../../../nios2-elf/lib\libc.a(lib_a-readr.o)
 .bss           0x0807fea0        0x0 c:/altera/13.0/nios2eds/bin/gnu/h-i686-mingw32/bin/../lib/gcc/nios2-elf/4.1.2/../../../../nios2-elf/lib\libc.a(lib_a-reallocr.o)
 .bss           0x0807fea0        0x0 c:/altera/13.0/nios2eds/bin/gnu/h-i686-mingw32/bin/../lib/gcc/nios2-elf/4.1.2/../../../../nios2-elf/lib\libc.a(lib_a-s_isinfd.o)
 .bss           0x0807fea0        0x0 c:/altera/13.0/nios2eds/bin/gnu/h-i686-mingw32/bin/../lib/gcc/nios2-elf/4.1.2/../../../../nios2-elf/lib\libc.a(lib_a-s_isnand.o)
 .bss           0x0807fea0        0x0 c:/altera/13.0/nios2eds/bin/gnu/h-i686-mingw32/bin/../lib/gcc/nios2-elf/4.1.2/../../../../nios2-elf/lib\libc.a(lib_a-strcmp.o)
 .bss           0x0807fea0        0x0 c:/altera/13.0/nios2eds/bin/gnu/h-i686-mingw32/bin/../lib/gcc/nios2-elf/4.1.2/../../../../nios2-elf/lib\libc.a(lib_a-callocr.o)
 .bss           0x0807fea0        0x0 c:/altera/13.0/nios2eds/bin/gnu/h-i686-mingw32/bin/../lib/gcc/nios2-elf/4.1.2/../../../../nios2-elf/lib\libc.a(lib_a-fclose.o)
 .bss           0x0807fea0        0x0 c:/altera/13.0/nios2eds/bin/gnu/h-i686-mingw32/bin/../lib/gcc/nios2-elf/4.1.2\libgcc.a(_fixunsdfsi.o)
 .bss           0x0807fea0        0x0 c:/altera/13.0/nios2eds/bin/gnu/h-i686-mingw32/bin/../lib/gcc/nios2-elf/4.1.2\libgcc.a(_udivdi3.o)
 .bss           0x0807fea0        0x0 c:/altera/13.0/nios2eds/bin/gnu/h-i686-mingw32/bin/../lib/gcc/nios2-elf/4.1.2\libgcc.a(_umoddi3.o)
 .bss           0x0807fea0        0x0 c:/altera/13.0/nios2eds/bin/gnu/h-i686-mingw32/bin/../lib/gcc/nios2-elf/4.1.2\libgcc.a(_ne_sf.o)
 .bss           0x0807fea0        0x0 c:/altera/13.0/nios2eds/bin/gnu/h-i686-mingw32/bin/../lib/gcc/nios2-elf/4.1.2\libgcc.a(_gt_sf.o)
 .bss           0x0807fea0        0x0 c:/altera/13.0/nios2eds/bin/gnu/h-i686-mingw32/bin/../lib/gcc/nios2-elf/4.1.2\libgcc.a(_lt_sf.o)
 .bss           0x0807fea0        0x0 c:/altera/13.0/nios2eds/bin/gnu/h-i686-mingw32/bin/../lib/gcc/nios2-elf/4.1.2\libgcc.a(_addsub_df.o)
 .bss           0x0807fea0        0x0 c:/altera/13.0/nios2eds/bin/gnu/h-i686-mingw32/bin/../lib/gcc/nios2-elf/4.1.2\libgcc.a(_mul_df.o)
 .bss           0x0807fea0        0x0 c:/altera/13.0/nios2eds/bin/gnu/h-i686-mingw32/bin/../lib/gcc/nios2-elf/4.1.2\libgcc.a(_div_df.o)
 .bss           0x0807fea0        0x0 c:/altera/13.0/nios2eds/bin/gnu/h-i686-mingw32/bin/../lib/gcc/nios2-elf/4.1.2\libgcc.a(_eq_df.o)
 .bss           0x0807fea0        0x0 c:/altera/13.0/nios2eds/bin/gnu/h-i686-mingw32/bin/../lib/gcc/nios2-elf/4.1.2\libgcc.a(_ne_df.o)
 .bss           0x0807fea0        0x0 c:/altera/13.0/nios2eds/bin/gnu/h-i686-mingw32/bin/../lib/gcc/nios2-elf/4.1.2\libgcc.a(_gt_df.o)
 .bss           0x0807fea0        0x0 c:/altera/13.0/nios2eds/bin/gnu/h-i686-mingw32/bin/../lib/gcc/nios2-elf/4.1.2\libgcc.a(_ge_df.o)
 .bss           0x0807fea0        0x0 c:/altera/13.0/nios2eds/bin/gnu/h-i686-mingw32/bin/../lib/gcc/nios2-elf/4.1.2\libgcc.a(_lt_df.o)
 .bss           0x0807fea0        0x0 c:/altera/13.0/nios2eds/bin/gnu/h-i686-mingw32/bin/../lib/gcc/nios2-elf/4.1.2\libgcc.a(_le_df.o)
 .bss           0x0807fea0        0x0 c:/altera/13.0/nios2eds/bin/gnu/h-i686-mingw32/bin/../lib/gcc/nios2-elf/4.1.2\libgcc.a(_si_to_df.o)
 .bss           0x0807fea0        0x0 c:/altera/13.0/nios2eds/bin/gnu/h-i686-mingw32/bin/../lib/gcc/nios2-elf/4.1.2\libgcc.a(_df_to_si.o)
 .bss           0x0807fea0        0x0 c:/altera/13.0/nios2eds/bin/gnu/h-i686-mingw32/bin/../lib/gcc/nios2-elf/4.1.2\libgcc.a(_df_to_sf.o)
 .bss           0x0807fea0        0x0 c:/altera/13.0/nios2eds/bin/gnu/h-i686-mingw32/bin/../lib/gcc/nios2-elf/4.1.2\libgcc.a(_thenan_df.o)
 .bss           0x0807fea0        0x0 c:/altera/13.0/nios2eds/bin/gnu/h-i686-mingw32/bin/../lib/gcc/nios2-elf/4.1.2\libgcc.a(_usi_to_df.o)
 .bss           0x0807fea0        0x0 c:/altera/13.0/nios2eds/bin/gnu/h-i686-mingw32/bin/../lib/gcc/nios2-elf/4.1.2\libgcc.a(lib2-divmod.o)
 .bss           0x0807fea0        0x0 c:/altera/13.0/nios2eds/bin/gnu/h-i686-mingw32/bin/../lib/gcc/nios2-elf/4.1.2\libgcc.a(_fpcmp_parts_sf.o)
 .bss           0x0807fea0        0x0 c:/altera/13.0/nios2eds/bin/gnu/h-i686-mingw32/bin/../lib/gcc/nios2-elf/4.1.2\libgcc.a(_make_sf.o)
 .bss           0x0807fea0        0x0 c:/altera/13.0/nios2eds/bin/gnu/h-i686-mingw32/bin/../lib/gcc/nios2-elf/4.1.2\libgcc.a(_unpack_df.o)
 .bss           0x0807fea0        0x0 c:/altera/13.0/nios2eds/bin/gnu/h-i686-mingw32/bin/../lib/gcc/nios2-elf/4.1.2\libgcc.a(_fpcmp_parts_df.o)
 .bss           0x0807fea0        0x0 ../freqRelay_bsp/\libhal_bsp.a(alt_close.o)
 .bss           0x0807fea0        0x0 ../freqRelay_bsp/\libhal_bsp.a(alt_dev.o)
 .bss           0x0807fea0        0x0 ../freqRelay_bsp/\libhal_bsp.a(alt_errno.o)
 .bss           0x0807fea0        0x0 ../freqRelay_bsp/\libhal_bsp.a(alt_fstat.o)
 .bss           0x0807fea0        0x0 ../freqRelay_bsp/\libhal_bsp.a(alt_irq_handler.o)
 .bss           0x0807fea0        0x0 ../freqRelay_bsp/\libhal_bsp.a(alt_irq_vars.o)
 .bss           0x0807fea0        0x0 ../freqRelay_bsp/\libhal_bsp.a(alt_isatty.o)
 .bss           0x0807fea0        0x0 ../freqRelay_bsp/\libhal_bsp.a(alt_lseek.o)
 .bss           0x0807fea0        0x0 ../freqRelay_bsp/\libhal_bsp.a(alt_main.o)
 .bss           0x0807fea0        0x0 ../freqRelay_bsp/\libhal_bsp.a(alt_malloc_lock.o)
 .bss           0x0807fea0        0x0 ../freqRelay_bsp/\libhal_bsp.a(alt_open.o)
 .bss           0x0807fea0        0x0 ../freqRelay_bsp/\libhal_bsp.a(alt_read.o)
 .bss           0x0807fea0        0x0 ../freqRelay_bsp/\libhal_bsp.a(alt_release_fd.o)
 .bss           0x0807fea0        0x0 ../freqRelay_bsp/\libhal_bsp.a(alt_sbrk.o)
 .bss           0x0807fea0        0x0 ../freqRelay_bsp/\libhal_bsp.a(alt_write.o)
 .bss           0x0807fea0        0x0 ../freqRelay_bsp/\libhal_bsp.a(alt_sys_init.o)
 .bss           0x0807fea0        0x0 ../freqRelay_bsp/\libhal_bsp.a(altera_avalon_cfi_flash.o)
 .bss           0x0807fea0        0x0 ../freqRelay_bsp/\libhal_bsp.a(altera_avalon_cfi_flash_table.o)
 .bss           0x0807fea0        0x0 ../freqRelay_bsp/\libhal_bsp.a(altera_avalon_jtag_uart_fd.o)
 .bss           0x0807fea0        0x0 ../freqRelay_bsp/\libhal_bsp.a(altera_avalon_jtag_uart_init.o)
 .bss           0x0807fea0        0x0 ../freqRelay_bsp/\libhal_bsp.a(altera_avalon_jtag_uart_ioctl.o)
 .bss           0x0807fea0        0x0 ../freqRelay_bsp/\libhal_bsp.a(altera_avalon_jtag_uart_read.o)
 .bss           0x0807fea0        0x0 ../freqRelay_bsp/\libhal_bsp.a(altera_avalon_jtag_uart_write.o)
 .bss           0x0807fea0        0x0 ../freqRelay_bsp/\libhal_bsp.a(altera_avalon_lcd_16207.o)
 .bss           0x0807fea0        0x0 ../freqRelay_bsp/\libhal_bsp.a(altera_avalon_lcd_16207_fd.o)
 .bss           0x0807fea0        0x0 ../freqRelay_bsp/\libhal_bsp.a(altera_avalon_timer_sc.o)
 .bss           0x0807fea0        0x0 ../freqRelay_bsp/\libhal_bsp.a(altera_avalon_uart_fd.o)
 .bss           0x0807fea0        0x0 ../freqRelay_bsp/\libhal_bsp.a(altera_avalon_uart_init.o)
 .bss           0x0807fea0        0x0 ../freqRelay_bsp/\libhal_bsp.a(altera_avalon_uart_read.o)
 .bss           0x0807fea0        0x0 ../freqRelay_bsp/\libhal_bsp.a(altera_avalon_uart_write.o)
 .bss           0x0807fea0        0x0 ../freqRelay_bsp/\libhal_bsp.a(altera_up_avalon_ps2.o)
 .bss           0x0807fea0        0x0 ../freqRelay_bsp/\libhal_bsp.a(altera_up_avalon_video_character_buffer_with_dma.o)
 .bss           0x0807fea0        0x0 ../freqRelay_bsp/\libhal_bsp.a(altera_up_ps2_keyboard.o)
 .bss           0x0807fea0        0x0 ../freqRelay_bsp/\libhal_bsp.a(alt_alarm_start.o)
 .bss           0x0807fea0        0x0 ../freqRelay_bsp/\libhal_bsp.a(alt_dcache_flush.o)
 .bss           0x0807fea0        0x0 ../freqRelay_bsp/\libhal_bsp.a(alt_dev_llist_insert.o)
 .bss           0x0807fea0        0x0 ../freqRelay_bsp/\libhal_bsp.a(alt_do_ctors.o)
 .bss           0x0807fea0        0x0 ../freqRelay_bsp/\libhal_bsp.a(alt_do_dtors.o)
 .bss           0x0807fea0        0x0 ../freqRelay_bsp/\libhal_bsp.a(alt_find_dev.o)
 .bss           0x0807fea0        0x0 ../freqRelay_bsp/\libhal_bsp.a(alt_find_file.o)
 .bss           0x0807fea0        0x0 ../freqRelay_bsp/\libhal_bsp.a(alt_flash_dev.o)
 .bss           0x0807fea0        0x0 ../freqRelay_bsp/\libhal_bsp.a(alt_get_fd.o)