Archive member included because of file (symbol)

c:/altera/13.0/nios2eds/bin/gnu/h-i686-mingw32/bin/../lib/gcc/nios2-elf/4.1.2\libgcc.a(_fixunssfsi.o)
                              obj/default/taskslcfr.o (__fixunssfsi)
c:/altera/13.0/nios2eds/bin/gnu/h-i686-mingw32/bin/../lib/gcc/nios2-elf/4.1.2\libgcc.a(_addsub_sf.o)
                              obj/default/taskslcfr.o (__subsf3)
c:/altera/13.0/nios2eds/bin/gnu/h-i686-mingw32/bin/../lib/gcc/nios2-elf/4.1.2\libgcc.a(_mul_sf.o)
                              obj/default/taskslcfr.o (__mulsf3)
c:/altera/13.0/nios2eds/bin/gnu/h-i686-mingw32/bin/../lib/gcc/nios2-elf/4.1.2\libgcc.a(_div_sf.o)
                              obj/default/taskslcfr.o (__divsf3)
c:/altera/13.0/nios2eds/bin/gnu/h-i686-mingw32/bin/../lib/gcc/nios2-elf/4.1.2\libgcc.a(_gt_sf.o)
                              obj/default/taskslcfr.o (__gtsf2)
c:/altera/13.0/nios2eds/bin/gnu/h-i686-mingw32/bin/../lib/gcc/nios2-elf/4.1.2\libgcc.a(_ge_sf.o)
                              obj/default/taskslcfr.o (__gesf2)
c:/altera/13.0/nios2eds/bin/gnu/h-i686-mingw32/bin/../lib/gcc/nios2-elf/4.1.2\libgcc.a(_lt_sf.o)
                              obj/default/taskslcfr.o (__ltsf2)
c:/altera/13.0/nios2eds/bin/gnu/h-i686-mingw32/bin/../lib/gcc/nios2-elf/4.1.2\libgcc.a(_le_sf.o)
                              obj/default/taskslcfr.o (__lesf2)
c:/altera/13.0/nios2eds/bin/gnu/h-i686-mingw32/bin/../lib/gcc/nios2-elf/4.1.2\libgcc.a(_si_to_sf.o)
                              obj/default/taskslcfr.o (__floatsisf)
c:/altera/13.0/nios2eds/bin/gnu/h-i686-mingw32/bin/../lib/gcc/nios2-elf/4.1.2\libgcc.a(_sf_to_si.o)
                              obj/default/taskslcfr.o (__fixsfsi)
c:/altera/13.0/nios2eds/bin/gnu/h-i686-mingw32/bin/../lib/gcc/nios2-elf/4.1.2\libgcc.a(_sf_to_df.o)
                              obj/default/taskslcfr.o (__extendsfdf2)
c:/altera/13.0/nios2eds/bin/gnu/h-i686-mingw32/bin/../lib/gcc/nios2-elf/4.1.2\libgcc.a(_thenan_sf.o)
                              c:/altera/13.0/nios2eds/bin/gnu/h-i686-mingw32/bin/../lib/gcc/nios2-elf/4.1.2\libgcc.a(_addsub_sf.o) (__thenan_sf)
c:/altera/13.0/nios2eds/bin/gnu/h-i686-mingw32/bin/../lib/gcc/nios2-elf/4.1.2\libgcc.a(_usi_to_sf.o)
                              obj/default/taskslcfr.o (__floatunsisf)
c:/altera/13.0/nios2eds/bin/gnu/h-i686-mingw32/bin/../lib/gcc/nios2-elf/4.1.2\libgcc.a(_make_df.o)
                              c:/altera/13.0/nios2eds/bin/gnu/h-i686-mingw32/bin/../lib/gcc/nios2-elf/4.1.2\libgcc.a(_sf_to_df.o) (__make_dp)
c:/altera/13.0/nios2eds/bin/gnu/h-i686-mingw32/bin/../lib/gcc/nios2-elf/4.1.2\libgcc.a(_muldi3.o)
                              c:/altera/13.0/nios2eds/bin/gnu/h-i686-mingw32/bin/../lib/gcc/nios2-elf/4.1.2\libgcc.a(_mul_sf.o) (__muldi3)
c:/altera/13.0/nios2eds/bin/gnu/h-i686-mingw32/bin/../lib/gcc/nios2-elf/4.1.2\libgcc.a(_clzsi2.o)
                              c:/altera/13.0/nios2eds/bin/gnu/h-i686-mingw32/bin/../lib/gcc/nios2-elf/4.1.2\libgcc.a(_si_to_sf.o) (__clzsi2)
c:/altera/13.0/nios2eds/bin/gnu/h-i686-mingw32/bin/../lib/gcc/nios2-elf/4.1.2\libgcc.a(_pack_sf.o)
                              c:/altera/13.0/nios2eds/bin/gnu/h-i686-mingw32/bin/../lib/gcc/nios2-elf/4.1.2\libgcc.a(_addsub_sf.o) (__pack_f)
c:/altera/13.0/nios2eds/bin/gnu/h-i686-mingw32/bin/../lib/gcc/nios2-elf/4.1.2\libgcc.a(_unpack_sf.o)
                              c:/altera/13.0/nios2eds/bin/gnu/h-i686-mingw32/bin/../lib/gcc/nios2-elf/4.1.2\libgcc.a(_addsub_sf.o) (__unpack_f)
c:/altera/13.0/nios2eds/bin/gnu/h-i686-mingw32/bin/../lib/gcc/nios2-elf/4.1.2\libgcc.a(_fpcmp_parts_sf.o)
                              c:/altera/13.0/nios2eds/bin/gnu/h-i686-mingw32/bin/../lib/gcc/nios2-elf/4.1.2\libgcc.a(_gt_sf.o) (__fpcmp_parts_f)
c:/altera/13.0/nios2eds/bin/gnu/h-i686-mingw32/bin/../lib/gcc/nios2-elf/4.1.2\libgcc.a(_pack_df.o)
                              c:/altera/13.0/nios2eds/bin/gnu/h-i686-mingw32/bin/../lib/gcc/nios2-elf/4.1.2\libgcc.a(_make_df.o) (__pack_d)
c:/altera/13.0/nios2eds/bin/gnu/h-i686-mingw32/bin/../lib/gcc/nios2-elf/4.1.2\libgcc.a(_clz.o)
                              c:/altera/13.0/nios2eds/bin/gnu/h-i686-mingw32/bin/../lib/gcc/nios2-elf/4.1.2\libgcc.a(_clzsi2.o) (__clz_tab)
c:/altera/13.0/nios2eds/bin/gnu/h-i686-mingw32/bin/../lib/gcc/nios2-elf/4.1.2/../../../../nios2-elf/lib\libc.a(lib_a-fopen.o)
                              obj/default/taskslcfr.o (fopen)
c:/altera/13.0/nios2eds/bin/gnu/h-i686-mingw32/bin/../lib/gcc/nios2-elf/4.1.2/../../../../nios2-elf/lib\libc.a(lib_a-fprintf.o)
                              obj/default/taskslcfr.o (fprintf)
c:/altera/13.0/nios2eds/bin/gnu/h-i686-mingw32/bin/../lib/gcc/nios2-elf/4.1.2/../../../../nios2-elf/lib\libc.a(lib_a-fputc.o)
                              obj/default/taskslcfr.o (fputc)
c:/altera/13.0/nios2eds/bin/gnu/h-i686-mingw32/bin/../lib/gcc/nios2-elf/4.1.2/../../../../nios2-elf/lib\libc.a(lib_a-fseek.o)
[...]
Memory Configuration

Name             Origin             Length             Attributes
onchip_memory_BEFORE_EXCEPTION 0x00000000         0x00000020
onchip_memory    0x00000020         0x00031fe0
reset            0x01000000         0x00000020
flash_controller 0x01000020         0x007fffe0
sdram            0x08000000         0x08000000
*default*        0x00000000         0xffffffff

Linker script and memory map

LOAD ../freqRelay_bsp//obj/HAL/src/crt0.o
LOAD obj/default/freertos/croutine.o
LOAD obj/default/freertos/event_groups.o
LOAD obj/default/freertos/heap.o
LOAD obj/default/freertos/list.o
LOAD obj/default/freertos/port.o
LOAD obj/default/freertos/queue.o
LOAD obj/default/freertos/tasks.o
LOAD obj/default/freertos/timers.o
LOAD obj/default/hello_world.o
LOAD obj/default/interrupts.o
LOAD obj/default/taskslcfr.o
LOAD obj/default/variables.o
LOAD obj/default/freertos/port_asm.o
LOAD c:/altera/13.0/nios2eds/bin/gnu/h-i686-mingw32/bin/../lib/gcc/nios2-elf/4.1.2/../../../../nios2-elf/lib\libstdc++.a
LOAD c:/altera/13.0/nios2eds/bin/gnu/h-i686-mingw32/bin/../lib/gcc/nios2-elf/4.1.2/../../../../nios2-elf/lib\libm.a
LOAD c:/altera/13.0/nios2eds/bin/gnu/h-i686-mingw32/bin/../lib/gcc/nios2-elf/4.1.2\libgcc.a
START GROUP
LOAD c:/altera/13.0/nios2eds/bin/gnu/h-i686-mingw32/bin/../lib/gcc/nios2-elf/4.1.2/../../../../nios2-elf/lib\libc.a
LOAD c:/altera/13.0/nios2eds/bin/gnu/h-i686-mingw32/bin/../lib/gcc/nios2-elf/4.1.2\libgcc.a
LOAD ../freqRelay_bsp/\libhal_bsp.a
END GROUP
LOAD c:/altera/13.0/nios2eds/bin/gnu/h-i686-mingw32/bin/../lib/gcc/nios2-elf/4.1.2\libgcc.a
                0x00000000                __alt_mem_onchip_memory = 0x0
                0x01000000                __alt_mem_flash_controller = 0x1000000
                0x08000000                __alt_mem_sdram = 0x8000000

.entry          0x01000000        0x0
 *(.entry)
 .entry         0x01000000        0x0 ../freqRelay_bsp//obj/HAL/src/crt0.o
                0x01000000                __reset

.exceptions     0x00000020      0x228
                0x00000020                PROVIDE (__ram_exceptions_start, ABSOLUTE (.))
                0x00000020                . = ALIGN (0x20)
 *(.irq)
 *(.exceptions.entry.label)
 *(.exceptions.entry.user)
 *(.exceptions.entry)
 .exceptions.entry
                0x00000020       0x8c obj/default/freertos/port_asm.o
 *(.exceptions.irqtest.user)
 *(.exceptions.irqtest)
 .exceptions.irqtest
                0x000000ac       0x14 obj/default/freertos/port_asm.o
 *(.exceptions.irqhandler.user)
 *(.exceptions.irqhandler)
 .exceptions.irqhandler
                0x000000c0        0x4 obj/default/freertos/port_asm.o
 *(.exceptions.irqreturn.user)
 *(.exceptions.irqreturn)
 .exceptions.irqreturn
                0x000000c4       0x8c obj/default/freertos/port_asm.o
                0x000000c4                restore_sp_from_pxCurrentTCB
 *(.exceptions.notirq.label)
 *(.exceptions.notirq.user)
 *(.exceptions.notirq)
 *(.exceptions.soft.user)
 *(.exceptions.soft)
 .exceptions.soft
                0x00000150       0x2c obj/default/freertos/port_asm.o
 *(.exceptions.unknown.user)
 *(.exceptions.unknown)
 *(.exceptions.exit.label)
 *(.exceptions.exit.user)
 *(.exceptions.exit)
 *(.exceptions)
 .exceptions    0x0000017c       0xcc ../freqRelay_bsp/\libhal_bsp.a(alt_irq_handler.o)
                0x0000017c                alt_irq_handler
                0x00000248                PROVIDE (__ram_exceptions_end, ABSOLUTE (.))
                0x00000020                PROVIDE (__flash_exceptions_start, LOADADDR (.exceptions))

.text           0x00000248    0x1bc64
                0x00000248                PROVIDE (stext, ABSOLUTE (.))
 *(.interp)
 *(.hash)
 *(.dynsym)
 *(.dynstr)
 *(.gnu.version)
 *(.gnu.version_d)
 *(.gnu.version_r)
 *(.rel.init)
 *(.rela.init)
 *(.rel.text .rel.text.* .rel.gnu.linkonce.t.*)
 *(.rela.text .rela.text.* .rela.gnu.linkonce.t.*)
 *(.rel.fini)
 *(.rela.fini)
 *(.rel.rodata .rel.rodata.* .rel.gnu.linkonce.r.*)
 *(.rela.rodata .rela.rodata.* .rela.gnu.linkonce.r.*)
 *(.rel.data .rel.data.* .rel.gnu.linkonce.d.*)
 *(.rela.data .rela.data.* .rela.gnu.linkonce.d.*)
 *(.rel.tdata .rel.tdata.* .rel.gnu.linkonce.td.*)
 *(.rela.tdata .rela.tdata.* .rela.gnu.linkonce.td.*)
 *(.rel.tbss .rel.tbss.* .rel.gnu.linkonce.tb.*)
 *(.rela.tbss .rela.tbss.* .rela.gnu.linkonce.tb.*)
 *(.rel.ctors)
 *(.rela.ctors)
 *(.rel.dtors)
 *(.rela.dtors)
 *(.rel.got)
 *(.rela.got)
 *(.rel.sdata .rel.sdata.* .rel.gnu.linkonce.s.*)
 *(.rela.sdata .rela.sdata.* .rela.gnu.linkonce.s.*)
 *(.rel.sbss .rel.sbss.* .rel.gnu.linkonce.sb.*)
 *(.rela.sbss .rela.sbss.* .rela.gnu.linkonce.sb.*)
 *(.rel.sdata2 .rel.sdata2.* .rel.gnu.linkonce.s2.*)
 *(.rela.sdata2 .rela.sdata2.* .rela.gnu.linkonce.s2.*)
 *(.rel.sbss2 .rel.sbss2.* .rel.gnu.linkonce.sb2.*)
 *(.rela.sbss2 .rela.sbss2.* .rela.gnu.linkonce.sb2.*)
 *(.rel.bss .rel.bss.* .rel.gnu.linkonce.b.*)
 *(.rela.bss .rela.bss.* .rela.gnu.linkonce.b.*)
 *(.rel.plt)
 *(.rela.plt)
 *(.rel.dyn)
 *(.init)
 *(.plt)
 *(.text .stub .text.* .gnu.linkonce.t.*)
 .text          0x00000248       0x48 ../freqRelay_bsp//obj/HAL/src/crt0.o
                0x00000248                _start
 .text          0x00000290      0x60c obj/default/freertos/croutine.o
                0x00000290                xCoRoutineCreate
                0x000003d0                vCoRoutineAddToDelayedList
                0x00000694                vCoRoutineSchedule
                0x0000081c                xCoRoutineRemoveFromEventList
 .text          0x0000089c      0x720 obj/default/freertos/event_groups.o
                0x0000089c                xEventGroupCreate
                0x000008f0                xEventGroupSync
                0x00000a74                xEventGroupWaitBits
                0x00000c34                xEventGroupClearBits
                0x00000c9c                xEventGroupGetBitsFromISR
                0x00000cd8                xEventGroupSetBits
                0x00000e64                vEventGroupDelete
                0x00000ed4                vEventGroupSetBitsCallback
                0x00000f0c                vEventGroupClearBitsCallback
 .text          0x00000fbc      0x448 obj/default/freertos/heap.o
                0x00000fbc                pvPortMalloc
                0x00001150                vPortFree
                0x000011d0                xPortGetFreeHeapSize
                0x000011f0                vPortInitialiseBlocks
 .text          0x00001404      0x28c obj/default/freertos/list.o
                0x00001404                vListInitialise
                0x00001474                vListInitialiseItem
                0x0000149c                vListInsertEnd
                0x00001524                vListInsert
                0x000015f8                uxListRemove
 .text          0x00001690      0x434 obj/default/freertos/port.o
                0x00001690                vApplicationStackOverflowHook
                0x000016f4                pxPortInitialiseStack
                0x000017dc                xPortStartScheduler
                0x00001814                vPortEndScheduler
                0x000018c8                vPortSysTickHandler
                0x00001914                alt_irq_register
 .text          0x00001ac4     0x1134 obj/default/freertos/queue.o
                0x00001ac4                xQueueGenericReset
                0x00001bd8                xQueueGenericCreate
                0x00001cb4                xQueueCreateMutex
                0x00001d78                xQueueGiveMutexRecursive
                0x00001e0c                xQueueTakeMutexRecursive
                0x00001eb4                xQueueCreateCountingSemaphore
                0x00001f10                xQueueGenericSend
                0x000020c0                xQueueGenericSendFromISR
                0x000021a8                xQueueGiveFromISR
                0x00002280                xQueueGenericReceive
                0x000024ac                xQueueReceiveFromISR
                0x00002590                xQueuePeekFromISR
                0x00002610                uxQueueMessagesWaiting
                0x00002650                uxQueueSpacesAvailable
                0x000026a4                uxQueueMessagesWaitingFromISR
                0x000026d4                vQueueDelete
                0x00002a80                xQueueIsQueueEmptyFromISR
                0x00002b1c                xQueueIsQueueFullFromISR
                0x00002b64                vQueueWaitForMessageRestricted
 .text          0x00002bf8     0x2160 obj/default/freertos/tasks.o
                0x00002bf8                xTaskGenericCreate
                0x00002dc0                vTaskDelete
                0x00002e98                vTaskDelay
                0x00002f10                eTaskGetState
                0x00002fec                vTaskSuspend
                0x00003184                vTaskResume
                0x0000324c                xTaskResumeFromISR
                0x00003328                vTaskStartScheduler
                0x000033c4                vTaskEndScheduler
                0x00003408                vTaskSuspendAll
                0x00003430                xTaskResumeAll
                0x00003580                xTaskGetTickCount
                0x000035a8                xTaskGetTickCountFromISR
                0x000035d4                uxTaskGetNumberOfTasks
                0x000035f4                xTaskIncrementTick
                0x000037d0                vTaskSwitchContext
                0x00003900                vTaskPlaceOnEventList
                0x00003984                vTaskPlaceOnUnorderedEventList
                0x00003a1c                vTaskPlaceOnEventListRestricted
                0x00003a7c                xTaskRemoveFromEventList
                0x00003b64                xTaskRemoveFromUnorderedEventList
                0x00003c34                vTaskSetTimeOutState
                0x00003c6c                xTaskCheckForTimeOut
                0x00003d48                vTaskMissedYield
                0x000041d4                uxTaskGetStackHighWaterMark
                0x000042f0                xTaskGetCurrentTaskHandle
                0x00004318                xTaskGetSchedulerState
                0x0000436c                vTaskPriorityInherit
                0x0000449c                xTaskPriorityDisinherit
                0x00004598                vTaskEnterCritical
                0x000045ec                vTaskExitCritical
                0x00004654                uxTaskResetEventItemValue
                0x00004698                pvTaskIncrementMutexHeldCount
                0x000046d4                ulTaskNotifyTake
                0x000047d0                xTaskNotifyWait
                0x00004900                xTaskNotify
                0x00004a88                xTaskNotifyFromISR
                0x00004c48                vTaskNotifyGiveFromISR
 .text          0x00004d58      0x8b0 obj/default/freertos/timers.o
                0x00004d58                xTimerCreateTimerTask
                0x00004dc8                xTimerCreate
                0x00004e78                xTimerGenericCommand
                0x00004f40                pcTimerGetTimerName
                0x0000558c                xTimerIsTimerActive
                0x000055d8                pvTimerGetTimerID
 .text          0x00005608       0x68 obj/default/hello_world.o
                0x00005608                main
 .text          0x00005670      0x230 obj/default/interrupts.o
                0x00005670                buttonIsr
                0x000056b0                freqAdcIsr
                0x00005700                keyboardIsr
                0x000057dc                registerInterrupts
 .text          0x000058a0     0x1460 obj/default/taskslcfr.o
                0x000058a0                frequencyViolationTask
                0x00005b68                shiftReg
                0x00005c08                informationTask
                0x00005f70                setLeftMostUnsetBit
                0x00006008                loadManagementTask
                0x00006514                switchPollingTask
                0x00006568                ledDriverTask
                0x0000660c                constructFloat
                0x00006770                keyboardTask
                0x000069f0                buttonTask
                0x00006aa8                initVariablesTask
                0x00006b88                createTasks
 .text          0x00006d00       0xbc obj/default/variables.o
                0x00006d00                createVariables
 .text          0x00006dbc        0x0 obj/default/freertos/port_asm.o
 .text          0x00006dbc       0x70 c:/altera/13.0/nios2eds/bin/gnu/h-i686-mingw32/bin/../lib/gcc/nios2-elf/4.1.2\libgcc.a(_fixunssfsi.o)
                0x00006dbc                __fixunssfsi
 .text          0x00006e2c      0x2b8 c:/altera/13.0/nios2eds/bin/gnu/h-i686-mingw32/bin/../lib/gcc/nios2-elf/4.1.2\libgcc.a(_addsub_sf.o)
                0x00007010                __subsf3
                0x00007080                __addsf3
 .text          0x000070e4      0x1e0 c:/altera/13.0/nios2eds/bin/gnu/h-i686-mingw32/bin/../lib/gcc/nios2-elf/4.1.2\libgcc.a(_mul_sf.o)
                0x000070e4                __mulsf3
 .text          0x000072c4      0x174 c:/altera/13.0/nios2eds/bin/gnu/h-i686-mingw32/bin/../lib/gcc/nios2-elf/4.1.2\libgcc.a(_div_sf.o)
                0x000072c4                __divsf3
 .text          0x00007438       0x78 c:/altera/13.0/nios2eds/bin/gnu/h-i686-mingw32/bin/../lib/gcc/nios2-elf/4.1.2\libgcc.a(_gt_sf.o)
                0x00007438                __gtsf2
 .text          0x000074b0       0x78 c:/altera/13.0/nios2eds/bin/gnu/h-i686-mingw32/bin/../lib/gcc/nios2-elf/4.1.2\libgcc.a(_ge_sf.o)
                0x000074b0                __gesf2
 .text          0x00007528       0x78 c:/altera/13.0/nios2eds/bin/gnu/h-i686-mingw32/bin/../lib/gcc/nios2-elf/4.1.2\libgcc.a(_lt_sf.o)
                0x00007528                __ltsf2
 .text          0x000075a0       0x78 c:/altera/13.0/nios2eds/bin/gnu/h-i686-mingw32/bin/../lib/gcc/nios2-elf/4.1.2\libgcc.a(_le_sf.o)
                0x000075a0                __lesf2
 .text          0x00007618       0x98 c:/altera/13.0/nios2eds/bin/gnu/h-i686-mingw32/bin/../lib/gcc/nios2-elf/4.1.2\libgcc.a(_si_to_sf.o)
                0x00007618                __floatsisf
 .text          0x000076b0       0x94 c:/altera/13.0/nios2eds/bin/gnu/h-i686-mingw32/bin/../lib/gcc/nios2-elf/4.1.2\libgcc.a(_sf_to_si.o)
                0x000076b0                __fixsfsi
 .text          0x00007744       0x54 c:/altera/13.0/nios2eds/bin/gnu/h-i686-mingw32/bin/../lib/gcc/nios2-elf/4.1.2\libgcc.a(_sf_to_df.o)
                0x00007744                __extendsfdf2
 .text          0x00007798        0x0 c:/altera/13.0/nios2eds/bin/gnu/h-i686-mingw32/bin/../lib/gcc/nios2-elf/4.1.2\libgcc.a(_thenan_sf.o)
 .text          0x00007798       0xc0 c:/altera/13.0/nios2eds/bin/gnu/h-i686-mingw32/bin/../lib/gcc/nios2-elf/4.1.2\libgcc.a(_usi_to_sf.o)
                0x00007798                __floatunsisf
 .text          0x00007858       0x38 c:/altera/13.0/nios2eds/bin/gnu/h-i686-mingw32/bin/../lib/gcc/nios2-elf/4.1.2\libgcc.a(_make_df.o)
                0x00007858                __make_dp
 .text          0x00007890       0x98 c:/altera/13.0/nios2eds/bin/gnu/h-i686-mingw32/bin/../lib/gcc/nios2-elf/4.1.2\libgcc.a(_muldi3.o)
                0x00007890                __muldi3
 .text          0x00007928       0x80 c:/altera/13.0/nios2eds/bin/gnu/h-i686-mingw32/bin/../lib/gcc/nios2-elf/4.1.2\libgcc.a(_clzsi2.o)
                0x00007928                __clzsi2
 .text          0x000079a8      0x160 c:/altera/13.0/nios2eds/bin/gnu/h-i686-mingw32/bin/../lib/gcc/nios2-elf/4.1.2\libgcc.a(_pack_sf.o)
                0x000079a8                __pack_f
 .text          0x00007b08       0xc8 c:/altera/13.0/nios2eds/bin/gnu/h-i686-mingw32/bin/../lib/gcc/nios2-elf/4.1.2\libgcc.a(_unpack_sf.o)
                0x00007b08                __unpack_f
 .text          0x00007bd0       0xa8 c:/altera/13.0/nios2eds/bin/gnu/h-i686-mingw32/bin/../lib/gcc/nios2-elf/4.1.2\libgcc.a(_fpcmp_parts_sf.o)
                0x00007bd0                __fpcmp_parts_f
 .text          0x00007c78      0x314 c:/altera/13.0/nios2eds/bin/gnu/h-i686-mingw32/bin/../lib/gcc/nios2-elf/4.1.2\libgcc.a(_pack_df.o)
                0x00007c78                __pack_d
 .text          0x00007f8c        0x0 c:/altera/13.0/nios2eds/bin/gnu/h-i686-mingw32/bin/../lib/gcc/nios2-elf/4.1.2\libgcc.a(_clz.o)
 .text          0x00007f8c      0x110 c:/altera/13.0/nios2eds/bin/gnu/h-i686-mingw32/bin/../lib/gcc/nios2-elf/4.1.2/../../../../nios2-elf/lib\libc.a(lib_a-fopen.o)
                0x00007f8c                _fopen_r
                0x00008080                fopen
 .text          0x0000809c       0x60 c:/altera/13.0/nios2eds/bin/gnu/h-i686-mingw32/bin/../lib/gcc/nios2-elf/4.1.2/../../../../nios2-elf/lib\libc.a(lib_a-fprintf.o)
                0x0000809c                fprintf
                0x000080c8                _fprintf_r
 .text          0x000080fc       0xbc c:/altera/13.0/nios2eds/bin/gnu/h-i686-mingw32/bin/../lib/gcc/nios2-elf/4.1.2/../../../../nios2-elf/lib\libc.a(lib_a-fputc.o)
                0x000080fc                fputc
                0x00008160                _fputc_r
 .text          0x000081b8      0x460 c:/altera/13.0/nios2eds/bin/gnu/h-i686-mingw32/bin/../lib/gcc/nios2-elf/4.1.2/../../../../nios2-elf/lib\libc.a(lib_a-fseek.o)
                0x000081b8                _fseek_r
                0x000085f4                fseek
 .text          0x00008618       0x74 c:/altera/13.0/nios2eds/bin/gnu/h-i686-mingw32/bin/../lib/gcc/nios2-elf/4.1.2/../../../../nios2-elf/lib\libc.a(lib_a-fstatr.o)
                0x00008618                _fstat_r
 .text          0x0000868c        0x0 c:/altera/13.0/nios2eds/bin/gnu/h-i686-mingw32/bin/../lib/gcc/nios2-elf/4.1.2/../../../../nios2-elf/lib\libc.a(lib_a-impure.o)
 .text          0x0000868c        0x0 c:/altera/13.0/nios2eds/bin/gnu/h-i686-mingw32/bin/../lib/gcc/nios2-elf/4.1.2/../../../../nios2-elf/lib\libc.a(lib_a-int_errno.o)
 .text          0x0000868c      0x194 c:/altera/13.0/nios2eds/bin/gnu/h-i686-mingw32/bin/../lib/gcc/nios2-elf/4.1.2/../../../../nios2-elf/lib\libc.a(lib_a-makebuf.o)
                0x0000868c                __smakebuf_r
 .text          0x00008820      0x740 c:/altera/13.0/nios2eds/bin/gnu/h-i686-mingw32/bin/../lib/gcc/nios2-elf/4.1.2/../../../../nios2-elf/lib\libc.a(lib_a-mallocr.o)
                0x00008820                _malloc_r
 .text          0x00008f60       0x74 c:/altera/13.0/nios2eds/bin/gnu/h-i686-mingw32/bin/../lib/gcc/nios2-elf/4.1.2/../../../../nios2-elf/lib\libc.a(lib_a-memcmp.o)
                0x00008f60                memcmp
 .text          0x00008fd4       0xa0 c:/altera/13.0/nios2eds/bin/gnu/h-i686-mingw32/bin/../lib/gcc/nios2-elf/4.1.2/../../../../nios2-elf/lib\libc.a(lib_a-memcpy.o)
                0x00008fd4                memcpy
 .text          0x00009074       0x98 c:/altera/13.0/nios2eds/bin/gnu/h-i686-mingw32/bin/../lib/gcc/nios2-elf/4.1.2/../../../../nios2-elf/lib\libc.a(lib_a-memset.o)
                0x00009074                memset
 .text          0x0000910c       0x78 c:/altera/13.0/nios2eds/bin/gnu/h-i686-mingw32/bin/../lib/gcc/nios2-elf/4.1.2/../../../../nios2-elf/lib\libc.a(lib_a-openr.o)
                0x0000910c                _open_r
 .text          0x00009184       0x78 c:/altera/13.0/nios2eds/bin/gnu/h-i686-mingw32/bin/../lib/gcc/nios2-elf/4.1.2/../../../../nios2-elf/lib\libc.a(lib_a-printf.o)
                0x00009184                printf
                0x000091c8                _printf_r
 .text          0x000091fc      0x1ec c:/altera/13.0/nios2eds/bin/gnu/h-i686-mingw32/bin/../lib/gcc/nios2-elf/4.1.2/../../../../nios2-elf/lib\libc.a(lib_a-putc.o)
                0x000091fc                putc
                0x00009300                _putc_r
 .text          0x000093e8       0xb4 c:/altera/13.0/nios2eds/bin/gnu/h-i686-mingw32/bin/../lib/gcc/nios2-elf/4.1.2/../../../../nios2-elf/lib\libc.a(lib_a-puts.o)
                0x000093e8                _puts_r
                0x00009488                puts
 .text          0x0000949c      0x1e0 c:/altera/13.0/nios2eds/bin/gnu/h-i686-mingw32/bin/../lib/gcc/nios2-elf/4.1.2/../../../../nios2-elf/lib\libc.a(lib_a-refill.o)
                0x0000949c                __srefill_r
 .text          0x0000967c       0x70 c:/altera/13.0/nios2eds/bin/gnu/h-i686-mingw32/bin/../lib/gcc/nios2-elf/4.1.2/../../../../nios2-elf/lib\libc.a(lib_a-sbrkr.o)
                0x0000967c                _sbrk_r
 .text          0x000096ec      0x14c c:/altera/13.0/nios2eds/bin/gnu/h-i686-mingw32/bin/../lib/gcc/nios2-elf/4.1.2/../../../../nios2-elf/lib\libc.a(lib_a-stdio.o)
                0x000096ec                __sclose
                0x000096f4                __sseek
                0x0000975c                __swrite
                0x000097d8                __sread
 .text          0x00009838       0x74 c:/altera/13.0/nios2eds/bin/gnu/h-i686-mingw32/bin/../lib/gcc/nios2-elf/4.1.2/../../../../nios2-elf/lib\libc.a(lib_a-strlen.o)
                0x00009838                strlen
 .text          0x000098ac     0x166c c:/altera/13.0/nios2eds/bin/gnu/h-i686-mingw32/bin/../lib/gcc/nios2-elf/4.1.2/../../../../nios2-elf/lib\libc.a(lib_a-strtod.o)
                0x000098f4                _strtod_r
                0x0000add8                strtof
                0x0000aefc                strtod
 .text          0x0000af18     0x1f28 c:/altera/13.0/nios2eds/bin/gnu/h-i686-mingw32/bin/../lib/gcc/nios2-elf/4.1.2/../../../../nios2-elf/lib\libc.a(lib_a-vfprintf.o)
                0x0000af70                ___vfprintf_internal_r
                0x0000ce1c                __vfprintf_internal
 .text          0x0000ce40      0x14c c:/altera/13.0/nios2eds/bin/gnu/h-i686-mingw32/bin/../lib/gcc/nios2-elf/4.1.2/../../../../nios2-elf/lib\libc.a(lib_a-wbuf.o)
                0x0000ce40                __swbuf_r
                0x0000cf70                __swbuf
 .text          0x0000cf8c       0x78 c:/altera/13.0/nios2eds/bin/gnu/h-i686-mingw32/bin/../lib/gcc/nios2-elf/4.1.2/../../../../nios2-elf/lib\libc.a(lib_a-writer.o)
                0x0000cf8c                _write_r
 .text          0x0000d004      0x13c c:/altera/13.0/nios2eds/bin/gnu/h-i686-mingw32/bin/../lib/gcc/nios2-elf/4.1.2/../../../../nios2-elf/lib\libc.a(lib_a-wsetup.o)
                0x0000d004                __swsetup_r
 .text          0x0000d140       0x70 c:/altera/13.0/nios2eds/bin/gnu/h-i686-mingw32/bin/../lib/gcc/nios2-elf/4.1.2/../../../../nios2-elf/lib\libc.a(lib_a-closer.o)
                0x0000d140                _close_r
 .text          0x0000d1b0     0x17cc c:/altera/13.0/nios2eds/bin/gnu/h-i686-mingw32/bin/../lib/gcc/nios2-elf/4.1.2/../../../../nios2-elf/lib\libc.a(lib_a-dtoa.o)
                0x0000d3c8                _dtoa_r
 .text          0x0000e97c      0x230 c:/altera/13.0/nios2eds/bin/gnu/h-i686-mingw32/bin/../lib/gcc/nios2-elf/4.1.2/../../../../nios2-elf/lib\libc.a(lib_a-fflush.o)
                0x0000e97c                _fflush_r
                0x0000eb78                fflush
 .text          0x0000ebac      0x2c0 c:/altera/13.0/nios2eds/bin/gnu/h-i686-mingw32/bin/../lib/gcc/nios2-elf/4.1.2/../../../../nios2-elf/lib\libc.a(lib_a-findfp.o)
                0x0000ec04                __sfp_lock_acquire
                0x0000ec08                __sfp_lock_release
                0x0000ec0c                __sinit_lock_acquire
                0x0000ec10                __sinit_lock_release
                0x0000ec14                __sinit
                0x0000ecc8                __fp_unlock_all
                0x0000ece0                __fp_lock_all
                0x0000ecf8                _cleanup_r
                0x0000ed04                _cleanup
                0x0000ed14                __sfmoreglue
                0x0000ed7c                __sfp
 .text          0x0000ee6c       0xa0 c:/altera/13.0/nios2eds/bin/gnu/h-i686-mingw32/bin/../lib/gcc/nios2-elf/4.1.2/../../../../nios2-elf/lib\libc.a(lib_a-flags.o)
                0x0000ee6c                __sflags
 .text          0x0000ef0c      0x440 c:/altera/13.0/nios2eds/bin/gnu/h-i686-mingw32/bin/../lib/gcc/nios2-elf/4.1.2/../../../../nios2-elf/lib\libc.a(lib_a-freer.o)
                0x0000ef0c                _malloc_trim_r
                0x0000f038                _free_r
 .text          0x0000f34c      0x49c c:/altera/13.0/nios2eds/bin/gnu/h-i686-mingw32/bin/../lib/gcc/nios2-elf/4.1.2/../../../../nios2-elf/lib\libc.a(lib_a-fvwrite.o)
                0x0000f34c                __sfvwrite_r
 .text          0x0000f7e8      0x180 c:/altera/13.0/nios2eds/bin/gnu/h-i686-mingw32/bin/../lib/gcc/nios2-elf/4.1.2/../../../../nios2-elf/lib\libc.a(lib_a-fwalk.o)
                0x0000f7e8                _fwalk_reent
                0x0000f8b0                _fwalk
 .text          0x0000f968      0x8f4 c:/altera/13.0/nios2eds/bin/gnu/h-i686-mingw32/bin/../lib/gcc/nios2-elf/4.1.2/../../../../nios2-elf/lib\libc.a(lib_a-gdtoa-gethex.o)
                0x0000f98c                __hexdig_init
                0x0000faa4                __gethex
 .text          0x0001025c      0x294 c:/altera/13.0/nios2eds/bin/gnu/h-i686-mingw32/bin/../lib/gcc/nios2-elf/4.1.2/../../../../nios2-elf/lib\libc.a(lib_a-gdtoa-hexnan.o)
                0x000102a8                __hexnan
 .text          0x000104f0       0x70 c:/altera/13.0/nios2eds/bin/gnu/h-i686-mingw32/bin/../lib/gcc/nios2-elf/4.1.2/../../../../nios2-elf/lib\libc.a(lib_a-isattyr.o)
                0x000104f0                _isatty_r
 .text          0x00010560       0xc4 c:/altera/13.0/nios2eds/bin/gnu/h-i686-mingw32/bin/../lib/gcc/nios2-elf/4.1.2/../../../../nios2-elf/lib\libc.a(lib_a-locale.o)
                0x00010560                __locale_charset
                0x00010568                _localeconv_r
                0x00010574                localeconv
                0x00010584                _setlocale_r
                0x00010608                setlocale
 .text          0x00010624       0x78 c:/altera/13.0/nios2eds/bin/gnu/h-i686-mingw32/bin/../lib/gcc/nios2-elf/4.1.2/../../../../nios2-elf/lib\libc.a(lib_a-lseekr.o)
                0x00010624                _lseek_r
 .text          0x0001069c       0xe4 c:/altera/13.0/nios2eds/bin/gnu/h-i686-mingw32/bin/../lib/gcc/nios2-elf/4.1.2/../../../../nios2-elf/lib\libc.a(lib_a-memchr.o)
                0x0001069c                memchr
 .text          0x00010780       0xe0 c:/altera/13.0/nios2eds/bin/gnu/h-i686-mingw32/bin/../lib/gcc/nios2-elf/4.1.2/../../../../nios2-elf/lib\libc.a(lib_a-memmove.o)
                0x00010780                memmove
 .text          0x00010860      0xff4 c:/altera/13.0/nios2eds/bin/gnu/h-i686-mingw32/bin/../lib/gcc/nios2-elf/4.1.2/../../../../nios2-elf/lib\libc.a(lib_a-mprec.o)
                0x00010860                _Bfree
                0x00010888                __hi0bits
                0x000108f8                __lo0bits
                0x000109bc                __mcmp
                0x00010a1c                __ulp
                0x00010a9c                __b2d
                0x00010bbc                __ratio
                0x00010c6c                _mprec_log10
                0x00010d00                __copybits
                0x00010d58                __any_on
                0x00010de0                _Balloc
                0x00010e9c                __d2b
                0x00011018                __mdiff
                0x000111a4                __lshift
                0x000112f0                __multiply
                0x000114d8                __i2b
                0x00011514                __multadd
                0x00011614                __pow5mult
                0x00011734                __s2b
 .text          0x00011854       0x78 c:/altera/13.0/nios2eds/bin/gnu/h-i686-mingw32/bin/../lib/gcc/nios2-elf/4.1.2/../../../../nios2-elf/lib\libc.a(lib_a-readr.o)
                0x00011854                _read_r
 .text          0x000118cc      0x5f4 c:/altera/13.0/nios2eds/bin/gnu/h-i686-mingw32/bin/../lib/gcc/nios2-elf/4.1.2/../../../../nios2-elf/lib\libc.a(lib_a-reallocr.o)
                0x000118cc                _realloc_r
 .text          0x00011ec0       0x40 c:/altera/13.0/nios2eds/bin/gnu/h-i686-mingw32/bin/../lib/gcc/nios2-elf/4.1.2/../../../../nios2-elf/lib\libc.a(lib_a-s_isinfd.o)
                0x00011ec0                __isinfd
 .text          0x00011f00       0x30 c:/altera/13.0/nios2eds/bin/gnu/h-i686-mingw32/bin/../lib/gcc/nios2-elf/4.1.2/../../../../nios2-elf/lib\libc.a(lib_a-s_isnand.o)
                0x00011f00                __isnand
 .text          0x00011f30       0xbc c:/altera/13.0/nios2eds/bin/gnu/h-i686-mingw32/bin/../lib/gcc/nios2-elf/4.1.2/../../../../nios2-elf/lib\libc.a(lib_a-strcmp.o)
                0x00011f30                strcmp
 .text          0x00011fec       0xb4 c:/altera/13.0/nios2eds/bin/gnu/h-i686-mingw32/bin/../lib/gcc/nios2-elf/4.1.2/../../../../nios2-elf/lib\libc.a(lib_a-callocr.o)
                0x00011fec                _calloc_r
 .text          0x000120a0      0x124 c:/altera/13.0/nios2eds/bin/gnu/h-i686-mingw32/bin/../lib/gcc/nios2-elf/4.1.2/../../../../nios2-elf/lib\libc.a(lib_a-fclose.o)
                0x000120a0                _fclose_r
                0x000121b0                fclose
 .text          0x000121c4       0xa4 c:/altera/13.0/nios2eds/bin/gnu/h-i686-mingw32/bin/../lib/gcc/nios2-elf/4.1.2\libgcc.a(_fixunsdfsi.o)
                0x000121c4                __fixunsdfsi
 .text          0x00012268      0x5dc c:/altera/13.0/nios2eds/bin/gnu/h-i686-mingw32/bin/../lib/gcc/nios2-elf/4.1.2\libgcc.a(_udivdi3.o)
                0x00012268                __udivdi3
 .text          0x00012844      0x5b0 c:/altera/13.0/nios2eds/bin/gnu/h-i686-mingw32/bin/../lib/gcc/nios2-elf/4.1.2\libgcc.a(_umoddi3.o)
                0x00012844                __umoddi3
 .text          0x00012df4       0x78 c:/altera/13.0/nios2eds/bin/gnu/h-i686-mingw32/bin/../lib/gcc/nios2-elf/4.1.2\libgcc.a(_ne_sf.o)
                0x00012df4                __nesf2
 .text          0x00012e6c      0x504 c:/altera/13.0/nios2eds/bin/gnu/h-i686-mingw32/bin/../lib/gcc/nios2-elf/4.1.2\libgcc.a(_addsub_df.o)
                0x0001327c                __subdf3
                0x000132fc                __adddf3
 .text          0x00013370      0x3c4 c:/altera/13.0/nios2eds/bin/gnu/h-i686-mingw32/bin/../lib/gcc/nios2-elf/4.1.2\libgcc.a(_mul_df.o)
                0x00013370                __muldf3
 .text          0x00013734      0x258 c:/altera/13.0/nios2eds/bin/gnu/h-i686-mingw32/bin/../lib/gcc/nios2-elf/4.1.2\libgcc.a(_div_df.o)
                0x00013734                __divdf3
 .text          0x0001398c       0x88 c:/altera/13.0/nios2eds/bin/gnu/h-i686-mingw32/bin/../lib/gcc/nios2-elf/4.1.2\libgcc.a(_eq_df.o)
                0x0001398c                __eqdf2
 .text          0x00013a14       0x88 c:/altera/13.0/nios2eds/bin/gnu/h-i686-mingw32/bin/../lib/gcc/nios2-elf/4.1.2\libgcc.a(_ne_df.o)
                0x00013a14                __nedf2
 .text          0x00013a9c       0x88 c:/altera/13.0/nios2eds/bin/gnu/h-i686-mingw32/bin/../lib/gcc/nios2-elf/4.1.2\libgcc.a(_gt_df.o)
                0x00013a9c                __gtdf2
 .text          0x00013b24       0x88 c:/altera/13.0/nios2eds/bin/gnu/h-i686-mingw32/bin/../lib/gcc/nios2-elf/4.1.2\libgcc.a(_ge_df.o)
                0x00013b24                __gedf2
 .text          0x00013bac       0x88 c:/altera/13.0/nios2eds/bin/gnu/h-i686-mingw32/bin/../lib/gcc/nios2-elf/4.1.2\libgcc.a(_lt_df.o)
                0x00013bac                __ltdf2
 .text          0x00013c34       0x88 c:/altera/13.0/nios2eds/bin/gnu/h-i686-mingw32/bin/../lib/gcc/nios2-elf/4.1.2\libgcc.a(_le_df.o)
                0x00013c34                __ledf2
 .text          0x00013cbc       0xf8 c:/altera/13.0/nios2eds/bin/gnu/h-i686-mingw32/bin/../lib/gcc/nios2-elf/4.1.2\libgcc.a(_si_to_df.o)
                0x00013cbc                __floatsidf
 .text          0x00013db4       0xd8 c:/altera/13.0/nios2eds/bin/gnu/h-i686-mingw32/bin/../lib/gcc/nios2-elf/4.1.2\libgcc.a(_df_to_si.o)
                0x00013db4                __fixdfsi
 .text          0x00013e8c       0x74 c:/altera/13.0/nios2eds/bin/gnu/h-i686-mingw32/bin/../lib/gcc/nios2-elf/4.1.2\libgcc.a(_df_to_sf.o)
                0x00013e8c                __truncdfsf2
 .text          0x00013f00        0x0 c:/altera/13.0/nios2eds/bin/gnu/h-i686-mingw32/bin/../lib/gcc/nios2-elf/4.1.2\libgcc.a(_thenan_df.o)
 .text          0x00013f00      0x194 c:/altera/13.0/nios2eds/bin/gnu/h-i686-mingw32/bin/../lib/gcc/nios2-elf/4.1.2\libgcc.a(_usi_to_df.o)
                0x00013f00                __floatunsidf
 .text          0x00014094      0x14c c:/altera/13.0/nios2eds/bin/gnu/h-i686-mingw32/bin/../lib/gcc/nios2-elf/4.1.2\libgcc.a(lib2-divmod.o)
                0x00014110                __divsi3
                0x00014170                __modsi3
                0x000141d0                __udivsi3
                0x000141d8                __umodsi3
 .text          0x000141e0       0x2c c:/altera/13.0/nios2eds/bin/gnu/h-i686-mingw32/bin/../lib/gcc/nios2-elf/4.1.2\libgcc.a(_make_sf.o)
                0x000141e0                __make_fp
 .text          0x0001420c      0x138 c:/altera/13.0/nios2eds/bin/gnu/h-i686-mingw32/bin/../lib/gcc/nios2-elf/4.1.2\libgcc.a(_unpack_df.o)
                0x0001420c                __unpack_d
 .text          0x00014344       0xc8 c:/altera/13.0/nios2eds/bin/gnu/h-i686-mingw32/bin/../lib/gcc/nios2-elf/4.1.2\libgcc.a(_fpcmp_parts_df.o)
                0x00014344                __fpcmp_parts_d
 .text          0x0001440c      0x15c ../freqRelay_bsp/\libhal_bsp.a(alt_close.o)
                0x0001440c                close
 .text          0x00014568       0x2c ../freqRelay_bsp/\libhal_bsp.a(alt_dev.o)
 .text          0x00014594        0x0 ../freqRelay_bsp/\libhal_bsp.a(alt_errno.o)
 .text          0x00014594      0x134 ../freqRelay_bsp/\libhal_bsp.a(alt_fstat.o)
                0x00014594                fstat
 .text          0x000146c8        0x0 ../freqRelay_bsp/\libhal_bsp.a(alt_irq_handler.o)
 .text          0x000146c8        0x0 ../freqRelay_bsp/\libhal_bsp.a(alt_irq_vars.o)
 .text          0x000146c8      0x120 ../freqRelay_bsp/\libhal_bsp.a(alt_isatty.o)
                0x000146c8                isatty
 .text          0x000147e8      0x150 ../freqRelay_bsp/\libhal_bsp.a(alt_lseek.o)
                0x000147e8                lseek
 .text          0x00014938       0x6c ../freqRelay_bsp/\libhal_bsp.a(alt_main.o)
                0x00014938                alt_main
 .text          0x000149a4       0x40 ../freqRelay_bsp/\libhal_bsp.a(alt_malloc_lock.o)
                0x000149a4                __malloc_lock
                0x000149c4                __malloc_unlock
 .text          0x000149e4      0x2c4 ../freqRelay_bsp/\libhal_bsp.a(alt_open.o)
                0x00014ac0                open
 .text          0x00014ca8      0x180 ../freqRelay_bsp/\libhal_bsp.a(alt_read.o)
                0x00014ca8                read
 .text          0x00014e28       0x60 ../freqRelay_bsp/\libhal_bsp.a(alt_release_fd.o)
                0x00014e28                alt_release_fd
 .text          0x00014e88       0xbc ../freqRelay_bsp/\libhal_bsp.a(alt_sbrk.o)
                0x00014e88                sbrk
 .text          0x00014f44      0x180 ../freqRelay_bsp/\libhal_bsp.a(alt_write.o)
                0x00014f44                write
 .text          0x000150c4      0x3d8 ../freqRelay_bsp/\libhal_bsp.a(alt_sys_init.o)
                0x000150c4                alt_irq_init
                0x000150f8                alt_sys_init
 .text          0x0001549c      0x8d8 ../freqRelay_bsp/\libhal_bsp.a(altera_avalon_cfi_flash.o)
                0x0001549c                alt_flash_cfi_init
                0x00015570                alt_flash_cfi_write
                0x00015830                alt_flash_cfi_get_info
                0x000158c0                alt_flash_cfi_read
                0x00015928                alt_write_value_to_flash
                0x00015a8c                alt_flash_program_block
 .text          0x00015d74     0x14a8 ../freqRelay_bsp/\libhal_bsp.a(altera_avalon_cfi_flash_table.o)
                0x00015d74                alt_read_query_entry_8bit
                0x00015db4                alt_read_query_entry_16bit
                0x00015df8                alt_read_query_entry_32bit
                0x00015e40                alt_write_flash_command_8bit_device_8bit_mode
                0x00015e7c                alt_write_flash_command_16bit_device_8bit_mode
                0x00015ef8                alt_write_flash_command_32bit_device_8bit_mode
                0x00015f40                alt_write_flash_command_16bit_device_16bit_mode
                0x00015f84                alt_write_flash_command_32bit_device_16bit_mode
                0x00015fcc                alt_write_flash_command_32bit_device_32bit_mode
                0x00016014                alt_write_native_8bit
                0x00016048                alt_write_native_16bit
                0x0001607c                alt_write_native_32bit
                0x000160ac                alt_set_flash_width_func
                0x0001628c                alt_set_flash_algorithm_func
                0x000163b4                alt_read_cfi_table
                0x00016994                alt_read_cfi_width
                0x00017140                alt_check_primary_table
 .text          0x0001721c      0x148 ../freqRelay_bsp/\libhal_bsp.a(altera_avalon_jtag_uart_fd.o)
                0x0001721c                altera_avalon_jtag_uart_read_fd
                0x00017274                altera_avalon_jtag_uart_write_fd
                0x000172cc                altera_avalon_jtag_uart_close_fd
                0x00017314                altera_avalon_jtag_uart_ioctl_fd
 .text          0x00017364      0x408 ../freqRelay_bsp/\libhal_bsp.a(altera_avalon_jtag_uart_init.o)
                0x00017364                altera_avalon_jtag_uart_init
                0x000176f8                altera_avalon_jtag_uart_close
 .text          0x0001776c       0xf4 ../freqRelay_bsp/\libhal_bsp.a(altera_avalon_jtag_uart_ioctl.o)
                0x0001776c                altera_avalon_jtag_uart_ioctl
 .text          0x00017860      0x224 ../freqRelay_bsp/\libhal_bsp.a(altera_avalon_jtag_uart_read.o)
                0x00017860                altera_avalon_jtag_uart_read
 .text          0x00017a84      0x240 ../freqRelay_bsp/\libhal_bsp.a(altera_avalon_jtag_uart_write.o)
                0x00017a84                altera_avalon_jtag_uart_write
 .text          0x00017cc4      0xee0 ../freqRelay_bsp/\libhal_bsp.a(altera_avalon_lcd_16207.o)
                0x00018498                altera_avalon_lcd_16207_write
                0x00018a68                altera_avalon_lcd_16207_init
 .text          0x00018ba4       0x58 ../freqRelay_bsp/\libhal_bsp.a(altera_avalon_lcd_16207_fd.o)
                0x00018ba4                altera_avalon_lcd_16207_write_fd
 .text          0x00018bfc       0xfc ../freqRelay_bsp/\libhal_bsp.a(altera_avalon_timer_sc.o)
                0x00018c70                alt_avalon_timer_sc_init
 .text          0x00018cf8       0xf8 ../freqRelay_bsp/\libhal_bsp.a(altera_avalon_uart_fd.o)
                0x00018cf8                altera_avalon_uart_read_fd
                0x00018d50                altera_avalon_uart_write_fd
                0x00018da8                altera_avalon_uart_close_fd
 .text          0x00018df0      0x3fc ../freqRelay_bsp/\libhal_bsp.a(altera_avalon_uart_init.o)
                0x00018df0                altera_avalon_uart_init
                0x0001918c                altera_avalon_uart_close
 .text          0x000191ec      0x290 ../freqRelay_bsp/\libhal_bsp.a(altera_avalon_uart_read.o)
                0x000191ec                altera_avalon_uart_read
 .text          0x0001947c      0x228 ../freqRelay_bsp/\libhal_bsp.a(altera_avalon_uart_write.o)
                0x0001947c                altera_avalon_uart_write
 .text          0x000196a4      0x700 ../freqRelay_bsp/\libhal_bsp.a(altera_up_avalon_ps2.o)
                0x000196a4                read_RI_bit
                0x000196d8                read_RE_bit
                0x00019708                read_CE_bit
                0x0001973c                read_num_bytes_available
                0x00019770                read_data_valid
                0x000197a4                read_data_byte
                0x000197d0                alt_up_ps2_init
                0x0001989c                alt_up_ps2_enable_read_interrupt
                0x000198f0                alt_up_ps2_disable_read_interrupt
                0x00019948                alt_up_ps2_write_data_byte
                0x000199c0                alt_up_ps2_wait_for_ack
                0x00019a30                alt_up_ps2_write_data_byte_with_ack
                0x00019a9c                alt_up_ps2_read_data_byte_timeout
                0x00019b4c                alt_up_ps2_read_data_byte
                0x00019bc8                alt_up_ps2_clear_fifo
                0x00019c20                alt_up_ps2_read_fd
                0x00019cbc                alt_up_ps2_write_fd
                0x00019d64                alt_up_ps2_open_dev
 .text          0x00019da4      0x304 ../freqRelay_bsp/\libhal_bsp.a(altera_up_avalon_video_character_buffer_with_dma.o)
                0x00019da4                alt_up_char_buffer_init
                0x00019e28                alt_up_char_buffer_open_dev
                0x00019e68                alt_up_char_buffer_draw
                0x00019f38                alt_up_char_buffer_string
                0x0001a04c                alt_up_char_buffer_clear
 .text          0x0001a0a8      0x5e0 ../freqRelay_bsp/\libhal_bsp.a(altera_up_ps2_keyboard.o)
                0x0001a0a8                get_multi_byte_make_code_index
                0x0001a120                get_single_byte_make_code_index
                0x0001a198                get_next_state
                0x0001a3f4                decode_scancode
                0x0001a4a0                set_keyboard_rate
                0x0001a500                translate_make_code
                0x0001a608                reset_keyboard
 .text          0x0001a688      0x154 ../freqRelay_bsp/\libhal_bsp.a(alt_alarm_start.o)
                0x0001a688                alt_alarm_start
 .text          0x0001a7dc       0x78 ../freqRelay_bsp/\libhal_bsp.a(alt_dcache_flush.o)
                0x0001a7dc                alt_dcache_flush
 .text          0x0001a854      0x114 ../freqRelay_bsp/\libhal_bsp.a(alt_dev_llist_insert.o)
                0x0001a854                alt_dev_llist_insert
 .text          0x0001a968       0x64 ../freqRelay_bsp/\libhal_bsp.a(alt_do_ctors.o)
                0x0001a968                _do_ctors
 .text          0x0001a9cc       0x64 ../freqRelay_bsp/\libhal_bsp.a(alt_do_dtors.o)
                0x0001a9cc                _do_dtors
 .text          0x0001aa30       0x94 ../freqRelay_bsp/\libhal_bsp.a(alt_find_dev.o)
                0x0001aa30                alt_find_dev
 .text          0x0001aac4      0x120 ../freqRelay_bsp/\libhal_bsp.a(alt_find_file.o)
                0x0001aac4                alt_find_file
 .text          0x0001abe4       0xd0 ../freqRelay_bsp/\libhal_bsp.a(alt_flash_dev.o)
                0x0001abe4                alt_flash_open_dev
                0x0001ac60                alt_flash_close_dev
 .text          0x0001acb4       0xb8 ../freqRelay_bsp/\libhal_bsp.a(alt_get_fd.o)
                0x0001acb4                alt_get_fd
 .text          0x0001ad6c      0x13c ../freqRelay_bsp/\libhal_bsp.a(alt_io_redirect.o)
                0x0001ae30                alt_io_redirect
 .text          0x0001aea8      0x1a4 ../freqRelay_bsp/\libhal_bsp.a(alt_tick.o)
                0x0001aea8                alt_alarm_stop
                0x0001af40                alt_tick
 .text          0x0001b04c       0x30 ../freqRelay_bsp/\libhal_bsp.a(alt_usleep.o)
                0x0001b04c                usleep
 .text          0x0001b07c       0x20 ../freqRelay_bsp/\libhal_bsp.a(altera_nios2_qsys_irq.o)
                0x0001b07c                altera_nios2_qsys_irq_init
 .text          0x0001b09c      0x460 ../freqRelay_bsp/\libhal_bsp.a(altera_avalon_cfi_flash_amd.o)
                0x0001b09c                alt_program_amd
                0x0001b104                alt_erase_block_amd
 .text          0x0001b4fc      0x460 ../freqRelay_bsp/\libhal_bsp.a(altera_avalon_cfi_flash_intel.o)
                0x0001b4fc                alt_program_intel
                0x0001b580                alt_erase_block_intel
 .text          0x0001b95c      0x12c ../freqRelay_bsp/\libhal_bsp.a(alt_busy_sleep.o)
                0x0001b95c                alt_busy_sleep
 .text          0x0001ba88       0x14 c:/altera/13.0/nios2eds/bin/gnu/h-i686-mingw32/bin/../lib/gcc/nios2-elf/4.1.2/../../../../nios2-elf/lib\libc.a(lib_a-atexit.o)
                0x0001ba88                atexit
 .text          0x0001ba9c        0x0 c:/altera/13.0/nios2eds/bin/gnu/h-i686-mingw32/bin/../lib/gcc/nios2-elf/4.1.2/../../../../nios2-elf/lib\libc.a(lib_a-ctype_.o)
 .text          0x0001ba9c       0x38 c:/altera/13.0/nios2eds/bin/gnu/h-i686-mingw32/bin/../lib/gcc/nios2-elf/4.1.2/../../../../nios2-elf/lib\libc.a(lib_a-exit.o)
                0x0001ba9c                exit
 .text          0x0001bad4       0x8c c:/altera/13.0/nios2eds/bin/gnu/h-i686-mingw32/bin/../lib/gcc/nios2-elf/4.1.2/../../../../nios2-elf/lib\libc.a(lib_a-strcpy.o)
                0x0001bad4                strcpy
 .text          0x0001bb60      0x134 c:/altera/13.0/nios2eds/bin/gnu/h-i686-mingw32/bin/../lib/gcc/nios2-elf/4.1.2/../../../../nios2-elf/lib\libc.a(lib_a-__atexit.o)
                0x0001bb60                __register_exitproc
 .text          0x0001bc94      0x1b4 c:/altera/13.0/nios2eds/bin/gnu/h-i686-mingw32/bin/../lib/gcc/nios2-elf/4.1.2/../../../../nios2-elf/lib\libc.a(lib_a-__call_atexit.o)
                0x0001bc98                __call_exitprocs
 .text          0x0001be48       0x60 ../freqRelay_bsp/\libhal_bsp.a(alt_exit.o)
                0x0001be88                _exit
 *(.gnu.warning.*)
 *(.fini)
                0x0001bea8                PROVIDE (__etext, ABSOLUTE (.))
                0x0001bea8                PROVIDE (_etext, ABSOLUTE (.))
                0x0001bea8                PROVIDE (etext, ABSOLUTE (.))
 *(.eh_frame_hdr)
                0x0001bea8                . = ALIGN (0x4)
                0x0001bea8                PROVIDE (__preinit_array_start, ABSOLUTE (.))
 *(.preinit_array)
                0x0001bea8                PROVIDE (__preinit_array_end, ABSOLUTE (.))
                0x0001bea8                PROVIDE (__init_array_start, ABSOLUTE (.))
 *(.init_array)
                0x0001bea8                PROVIDE (__init_array_end, ABSOLUTE (.))
                0x0001bea8                PROVIDE (__fini_array_start, ABSOLUTE (.))
 *(.fini_array)
                0x0001bea8                PROVIDE (__fini_array_end, ABSOLUTE (.))
 *(.eh_frame)
 *(.gcc_except_table)
 *(.dynamic)
                0x0001bea8                PROVIDE (__CTOR_LIST__, ABSOLUTE (.))
 *(.ctors)
 *(SORT(.ctors.*))
 .ctors.65535   0x0001bea8        0x4 c:/altera/13.0/nios2eds/bin/gnu/h-i686-mingw32/bin/../lib/gcc/nios2-elf/4.1.2/../../../../nios2-elf/lib\libc.a(lib_a-__call_atexit.o)
                0x0001beac                PROVIDE (__CTOR_END__, ABSOLUTE (.))
                0x0001beac                PROVIDE (__DTOR_LIST__, ABSOLUTE (.))
 *(.dtors)
 *(SORT(.dtors.*))
                0x0001beac                PROVIDE (__DTOR_END__, ABSOLUTE (.))
 *(.jcr)
                0x0001beac                . = ALIGN (0x4)

.rodata         0x08000000      0xb94
                0x08000000                PROVIDE (__ram_rodata_start, ABSOLUTE (.))
                0x08000000                . = ALIGN (0x4)
 *(.rodata .rodata.* .gnu.linkonce.r.*)
 .rodata        0x08000000       0x34 obj/default/freertos/port.o
 .rodata        0x08000034       0x1c obj/default/freertos/tasks.o
 .rodata        0x08000050        0x8 obj/default/freertos/timers.o
 .rodata        0x08000058       0x50 obj/default/hello_world.o
 .rodata        0x080000a8       0x24 obj/default/interrupts.o
 .rodata        0x080000cc      0x1ac obj/default/taskslcfr.o
 .rodata        0x08000278       0x10 c:/altera/13.0/nios2eds/bin/gnu/h-i686-mingw32/bin/../lib/gcc/nios2-elf/4.1.2\libgcc.a(_thenan_sf.o)
                0x08000278                __thenan_sf
 .rodata        0x08000288      0x100 c:/altera/13.0/nios2eds/bin/gnu/h-i686-mingw32/bin/../lib/gcc/nios2-elf/4.1.2\libgcc.a(_clz.o)
                0x08000288                __clz_tab
 .rodata.str1.4
                0x08000388        0x2 c:/altera/13.0/nios2eds/bin/gnu/h-i686-mingw32/bin/../lib/gcc/nios2-elf/4.1.2/../../../../nios2-elf/lib\libc.a(lib_a-impure.o)
                                  0x4 (size before relaxing)
 *fill*         0x0800038a        0x2 00
 .rodata.str1.4
                0x0800038c        0x2 c:/altera/13.0/nios2eds/bin/gnu/h-i686-mingw32/bin/../lib/gcc/nios2-elf/4.1.2/../../../../nios2-elf/lib\libc.a(lib_a-puts.o)
                                  0x4 (size before relaxing)
 *fill*         0x0800038e        0x2 00
 .rodata.str1.4
                0x08000390        0xf c:/altera/13.0/nios2eds/bin/gnu/h-i686-mingw32/bin/../lib/gcc/nios2-elf/4.1.2/../../../../nios2-elf/lib\libc.a(lib_a-strtod.o)
                                 0x10 (size before relaxing)
 *fill*         0x0800039f        0x1 00
 .rodata        0x080003a0       0x28 c:/altera/13.0/nios2eds/bin/gnu/h-i686-mingw32/bin/../lib/gcc/nios2-elf/4.1.2/../../../../nios2-elf/lib\libc.a(lib_a-strtod.o)
 .rodata.str1.4
                0x080003c8       0x5e c:/altera/13.0/nios2eds/bin/gnu/h-i686-mingw32/bin/../lib/gcc/nios2-elf/4.1.2/../../../../nios2-elf/lib\libc.a(lib_a-vfprintf.o)
                                 0x60 (size before relaxing)
 *fill*         0x08000426        0x2 00
 .rodata        0x08000428       0x20 c:/altera/13.0/nios2eds/bin/gnu/h-i686-mingw32/bin/../lib/gcc/nios2-elf/4.1.2/../../../../nios2-elf/lib\libc.a(lib_a-vfprintf.o)
 .rodata.str1.4
                0x08000448       0x10 c:/altera/13.0/nios2eds/bin/gnu/h-i686-mingw32/bin/../lib/gcc/nios2-elf/4.1.2/../../../../nios2-elf/lib\libc.a(lib_a-dtoa.o)
                                 0x14 (size before relaxing)
 .rodata.str1.4
                0x08000458       0x1b c:/altera/13.0/nios2eds/bin/gnu/h-i686-mingw32/bin/../lib/gcc/nios2-elf/4.1.2/../../../../nios2-elf/lib\libc.a(lib_a-gdtoa-gethex.o)
                                 0x1c (size before relaxing)
 *fill*         0x08000473        0x1 00
 .rodata.str1.4
                0x08000474       0x10 c:/altera/13.0/nios2eds/bin/gnu/h-i686-mingw32/bin/../lib/gcc/nios2-elf/4.1.2/../../../../nios2-elf/lib\libc.a(lib_a-locale.o)
                                 0x18 (size before relaxing)
 .rodata        0x08000484       0x30 c:/altera/13.0/nios2eds/bin/gnu/h-i686-mingw32/bin/../lib/gcc/nios2-elf/4.1.2/../../../../nios2-elf/lib\libc.a(lib_a-locale.o)
 .rodata        0x080004b4      0x124 c:/altera/13.0/nios2eds/bin/gnu/h-i686-mingw32/bin/../lib/gcc/nios2-elf/4.1.2/../../../../nios2-elf/lib\libc.a(lib_a-mprec.o)
                0x080004b4                __mprec_tens
                0x0800057c                __mprec_bigtens
                0x080005a4                __mprec_tinytens
 .rodata        0x080005d8       0x14 c:/altera/13.0/nios2eds/bin/gnu/h-i686-mingw32/bin/../lib/gcc/nios2-elf/4.1.2\libgcc.a(_thenan_df.o)
                0x080005d8                __thenan_df
 .rodata        0x080005ec        0xc ../freqRelay_bsp/\libhal_bsp.a(alt_dev.o)
 .rodata        0x080005f8       0x10 ../freqRelay_bsp/\libhal_bsp.a(alt_main.o)
 .rodata        0x08000608       0xb0 ../freqRelay_bsp/\libhal_bsp.a(alt_sys_init.o)
 .rodata        0x080006b8       0x1c ../freqRelay_bsp/\libhal_bsp.a(altera_up_avalon_video_character_buffer_with_dma.o)
 .rodata        0x080006d4      0x23c ../freqRelay_bsp/\libhal_bsp.a(altera_up_ps2_keyboard.o)
 .rodata        0x08000910      0x284 c:/altera/13.0/nios2eds/bin/gnu/h-i686-mingw32/bin/../lib/gcc/nios2-elf/4.1.2/../../../../nios2-elf/lib\libc.a(lib_a-ctype_.o)
                0x08000910                _ctype_
 *(.rodata1)
                0x08000b94                . = ALIGN (0x4)
                0x08000b94                PROVIDE (__ram_rodata_end, ABSOLUTE (.))
                0x08000000                PROVIDE (__flash_rodata_start, LOADADDR (.rodata))

.rwdata         0x08000b94     0x2104
                0x08000b94                PROVIDE (__ram_rwdata_start, ABSOLUTE (.))
                0x08000b94                . = ALIGN (0x4)
 *(.got.plt)
 *(.got)
 *(.data1)
 *(.data .data.* .gnu.linkonce.d.*)
 .data          0x08000b94        0x0 ../freqRelay_bsp//obj/HAL/src/crt0.o
 .data          0x08000b94        0x0 obj/default/freertos/croutine.o
 .data          0x08000b94        0x0 obj/default/freertos/event_groups.o
 .data          0x08000b94        0x0 obj/default/freertos/heap.o
 .data          0x08000b94        0x0 obj/default/freertos/list.o
 .data          0x08000b94        0x0 obj/default/freertos/port.o
 .data          0x08000b94        0x0 obj/default/freertos/queue.o
 .data          0x08000b94        0x0 obj/default/freertos/tasks.o
 .data          0x08000b94        0x0 obj/default/freertos/timers.o
 .data          0x08000b94        0x0 obj/default/hello_world.o
 .data          0x08000b94        0x0 obj/default/interrupts.o
 .data          0x08000b94        0x0 obj/default/taskslcfr.o
 .data          0x08000b94        0x0 obj/default/variables.o
 .data          0x08000b94        0x0 obj/default/freertos/port_asm.o
 .data          0x08000b94        0x0 c:/altera/13.0/nios2eds/bin/gnu/h-i686-mingw32/bin/../lib/gcc/nios2-elf/4.1.2\libgcc.a(_fixunssfsi.o)
 .data          0x08000b94        0x0 c:/altera/13.0/nios2eds/bin/gnu/h-i686-mingw32/bin/../lib/gcc/nios2-elf/4.1.2\libgcc.a(_addsub_sf.o)
 .data          0x08000b94        0x0 c:/altera/13.0/nios2eds/bin/gnu/h-i686-mingw32/bin/../lib/gcc/nios2-elf/4.1.2\libgcc.a(_mul_sf.o)
 .data          0x08000b94        0x0 c:/altera/13.0/nios2eds/bin/gnu/h-i686-mingw32/bin/../lib/gcc/nios2-elf/4.1.2\libgcc.a(_div_sf.o)
 .data          0x08000b94        0x0 c:/altera/13.0/nios2eds/bin/gnu/h-i686-mingw32/bin/../lib/gcc/nios2-elf/4.1.2\libgcc.a(_gt_sf.o)
 .data          0x08000b94        0x0 c:/altera/13.0/nios2eds/bin/gnu/h-i686-mingw32/bin/../lib/gcc/nios2-elf/4.1.2\libgcc.a(_ge_sf.o)
 .data          0x08000b94        0x0 c:/altera/13.0/nios2eds/bin/gnu/h-i686-mingw32/bin/../lib/gcc/nios2-elf/4.1.2\libgcc.a(_lt_sf.o)
 .data          0x08000b94        0x0 c:/altera/13.0/nios2eds/bin/gnu/h-i686-mingw32/bin/../lib/gcc/nios2-elf/4.1.2\libgcc.a(_le_sf.o)
 .data          0x08000b94        0x0 c:/altera/13.0/nios2eds/bin/gnu/h-i686-mingw32/bin/../lib/gcc/nios2-elf/4.1.2\libgcc.a(_si_to_sf.o)
 .data          0x08000b94        0x0 c:/altera/13.0/nios2eds/bin/gnu/h-i686-mingw32/bin/../lib/gcc/nios2-elf/4.1.2\libgcc.a(_sf_to_si.o)
 .data          0x08000b94        0x0 c:/altera/13.0/nios2eds/bin/gnu/h-i686-mingw32/bin/../lib/gcc/nios2-elf/4.1.2\libgcc.a(_sf_to_df.o)
 .data          0x08000b94        0x0 c:/altera/13.0/nios2eds/bin/gnu/h-i686-mingw32/bin/../lib/gcc/nios2-elf/4.1.2\libgcc.a(_thenan_sf.o)
 .data          0x08000b94        0x0 c:/altera/13.0/nios2eds/bin/gnu/h-i686-mingw32/bin/../lib/gcc/nios2-elf/4.1.2\libgcc.a(_usi_to_sf.o)
 .data          0x08000b94        0x0 c:/altera/13.0/nios2eds/bin/gnu/h-i686-mingw32/bin/../lib/gcc/nios2-elf/4.1.2\libgcc.a(_make_df.o)
 .data          0x08000b94        0x0 c:/altera/13.0/nios2eds/bin/gnu/h-i686-mingw32/bin/../lib/gcc/nios2-elf/4.1.2\libgcc.a(_muldi3.o)
 .data          0x08000b94        0x0 c:/altera/13.0/nios2eds/bin/gnu/h-i686-mingw32/bin/../lib/gcc/nios2-elf/4.1.2\libgcc.a(_clzsi2.o)
 .data          0x08000b94        0x0 c:/altera/13.0/nios2eds/bin/gnu/h-i686-mingw32/bin/../lib/gcc/nios2-elf/4.1.2\libgcc.a(_pack_sf.o)
 .data          0x08000b94        0x0 c:/altera/13.0/nios2eds/bin/gnu/h-i686-mingw32/bin/../lib/gcc/nios2-elf/4.1.2\libgcc.a(_unpack_sf.o)
 .data          0x08000b94        0x0 c:/altera/13.0/nios2eds/bin/gnu/h-i686-mingw32/bin/../lib/gcc/nios2-elf/4.1.2\libgcc.a(_fpcmp_parts_sf.o)
 .data          0x08000b94        0x0 c:/altera/13.0/nios2eds/bin/gnu/h-i686-mingw32/bin/../lib/gcc/nios2-elf/4.1.2\libgcc.a(_pack_df.o)
 .data          0x08000b94        0x0 c:/altera/13.0/nios2eds/bin/gnu/h-i686-mingw32/bin/../lib/gcc/nios2-elf/4.1.2\libgcc.a(_clz.o)
 .data          0x08000b94        0x0 c:/altera/13.0/nios2eds/bin/gnu/h-i686-mingw32/bin/../lib/gcc/nios2-elf/4.1.2/../../../../nios2-elf/lib\libc.a(lib_a-fopen.o)
 .data          0x08000b94        0x0 c:/altera/13.0/nios2eds/bin/gnu/h-i686-mingw32/bin/../lib/gcc/nios2-elf/4.1.2/../../../../nios2-elf/lib\libc.a(lib_a-fprintf.o)
 .data          0x08000b94        0x0 c:/altera/13.0/nios2eds/bin/gnu/h-i686-mingw32/bin/../lib/gcc/nios2-elf/4.1.2/../../../../nios2-elf/lib\libc.a(lib_a-fputc.o)
 .data          0x08000b94        0x0 c:/altera/13.0/nios2eds/bin/gnu/h-i686-mingw32/bin/../lib/gcc/nios2-elf/4.1.2/../../../../nios2-elf/lib\libc.a(lib_a-fseek.o)
 .data          0x08000b94        0x0 c:/altera/13.0/nios2eds/bin/gnu/h-i686-mingw32/bin/../lib/gcc/nios2-elf/4.1.2/../../../../nios2-elf/lib\libc.a(lib_a-fstatr.o)
 .data          0x08000b94      0x400 c:/altera/13.0/nios2eds/bin/gnu/h-i686-mingw32/bin/../lib/gcc/nios2-elf/4.1.2/../../../../nios2-elf/lib\libc.a(lib_a-impure.o)
 .data          0x08000f94        0x0 c:/altera/13.0/nios2eds/bin/gnu/h-i686-mingw32/bin/../lib/gcc/nios2-elf/4.1.2/../../../../nios2-elf/lib\libc.a(lib_a-int_errno.o)
 .data          0x08000f94        0x0 c:/altera/13.0/nios2eds/bin/gnu/h-i686-mingw32/bin/../lib/gcc/nios2-elf/4.1.2/../../../../nios2-elf/lib\libc.a(lib_a-makebuf.o)
 .data          0x08000f94      0x408 c:/altera/13.0/nios2eds/bin/gnu/h-i686-mingw32/bin/../lib/gcc/nios2-elf/4.1.2/../../../../nios2-elf/lib\libc.a(lib_a-mallocr.o)
                0x08000f94                __malloc_av_
 .data          0x0800139c        0x0 c:/altera/13.0/nios2eds/bin/gnu/h-i686-mingw32/bin/../lib/gcc/nios2-elf/4.1.2/../../../../nios2-elf/lib\libc.a(lib_a-memcmp.o)
 .data          0x0800139c        0x0 c:/altera/13.0/nios2eds/bin/gnu/h-i686-mingw32/bin/../lib/gcc/nios2-elf/4.1.2/../../../../nios2-elf/lib\libc.a(lib_a-memcpy.o)
 .data          0x0800139c        0x0 c:/altera/13.0/nios2eds/bin/gnu/h-i686-mingw32/bin/../lib/gcc/nios2-elf/4.1.2/../../../../nios2-elf/lib\libc.a(lib_a-memset.o)
 .data          0x0800139c        0x0 c:/altera/13.0/nios2eds/bin/gnu/h-i686-mingw32/bin/../lib/gcc/nios2-elf/4.1.2/../../../../nios2-elf/lib\libc.a(lib_a-openr.o)
 .data          0x0800139c        0x0 c:/altera/13.0/nios2eds/bin/gnu/h-i686-mingw32/bin/../lib/gcc/nios2-elf/4.1.2/../../../../nios2-elf/lib\libc.a(lib_a-printf.o)
 .data          0x0800139c        0x0 c:/altera/13.0/nios2eds/bin/gnu/h-i686-mingw32/bin/../lib/gcc/nios2-elf/4.1.2/../../../../nios2-elf/lib\libc.a(lib_a-putc.o)
 .data          0x0800139c        0x0 c:/altera/13.0/nios2eds/bin/gnu/h-i686-mingw32/bin/../lib/gcc/nios2-elf/4.1.2/../../../../nios2-elf/lib\libc.a(lib_a-puts.o)
 .data          0x0800139c        0x0 c:/altera/13.0/nios2eds/bin/gnu/h-i686-mingw32/bin/../lib/gcc/nios2-elf/4.1.2/../../../../nios2-elf/lib\libc.a(lib_a-refill.o)
 .data          0x0800139c        0x0 c:/altera/13.0/nios2eds/bin/gnu/h-i686-mingw32/bin/../lib/gcc/nios2-elf/4.1.2/../../../../nios2-elf/lib\libc.a(lib_a-sbrkr.o)
 .data          0x0800139c        0x0 c:/altera/13.0/nios2eds/bin/gnu/h-i686-mingw32/bin/../lib/gcc/nios2-elf/4.1.2/../../../../nios2-elf/lib\libc.a(lib_a-stdio.o)
 .data          0x0800139c        0x0 c:/altera/13.0/nios2eds/bin/gnu/h-i686-mingw32/bin/../lib/gcc/nios2-elf/4.1.2/../../../../nios2-elf/lib\libc.a(lib_a-strlen.o)
 .data          0x0800139c       0x28 c:/altera/13.0/nios2eds/bin/gnu/h-i686-mingw32/bin/../lib/gcc/nios2-elf/4.1.2/../../../../nios2-elf/lib\libc.a(lib_a-strtod.o)
 .data          0x080013c4        0x0 c:/altera/13.0/nios2eds/bin/gnu/h-i686-mingw32/bin/../lib/gcc/nios2-elf/4.1.2/../../../../nios2-elf/lib\libc.a(lib_a-vfprintf.o)
 .data          0x080013c4        0x0 c:/altera/13.0/nios2eds/bin/gnu/h-i686-mingw32/bin/../lib/gcc/nios2-elf/4.1.2/../../../../nios2-elf/lib\libc.a(lib_a-wbuf.o)
 .data          0x080013c4        0x0 c:/altera/13.0/nios2eds/bin/gnu/h-i686-mingw32/bin/../lib/gcc/nios2-elf/4.1.2/../../../../nios2-elf/lib\libc.a(lib_a-writer.o)
 .data          0x080013c4        0x0 c:/altera/13.0/nios2eds/bin/gnu/h-i686-mingw32/bin/../lib/gcc/nios2-elf/4.1.2/../../../../nios2-elf/lib\libc.a(lib_a-wsetup.o)
 .data          0x080013c4        0x0 c:/altera/13.0/nios2eds/bin/gnu/h-i686-mingw32/bin/../lib/gcc/nios2-elf/4.1.2/../../../../nios2-elf/lib\libc.a(lib_a-closer.o)
 .data          0x080013c4        0x0 c:/altera/13.0/nios2eds/bin/gnu/h-i686-mingw32/bin/../lib/gcc/nios2-elf/4.1.2/../../../../nios2-elf/lib\libc.a(lib_a-dtoa.o)
 .data          0x080013c4        0x0 c:/altera/13.0/nios2eds/bin/gnu/h-i686-mingw32/bin/../lib/gcc/nios2-elf/4.1.2/../../../../nios2-elf/lib\libc.a(lib_a-fflush.o)
 .data          0x080013c4        0x0 c:/altera/13.0/nios2eds/bin/gnu/h-i686-mingw32/bin/../lib/gcc/nios2-elf/4.1.2/../../../../nios2-elf/lib\libc.a(lib_a-findfp.o)
 .data          0x080013c4        0x0 c:/altera/13.0/nios2eds/bin/gnu/h-i686-mingw32/bin/../lib/gcc/nios2-elf/4.1.2/../../../../nios2-elf/lib\libc.a(lib_a-flags.o)
 .data          0x080013c4        0x0 c:/altera/13.0/nios2eds/bin/gnu/h-i686-mingw32/bin/../lib/gcc/nios2-elf/4.1.2/../../../../nios2-elf/lib\libc.a(lib_a-freer.o)
 .data          0x080013c4        0x0 c:/altera/13.0/nios2eds/bin/gnu/h-i686-mingw32/bin/../lib/gcc/nios2-elf/4.1.2/../../../../nios2-elf/lib\libc.a(lib_a-fvwrite.o)
 .data          0x080013c4        0x0 c:/altera/13.0/nios2eds/bin/gnu/h-i686-mingw32/bin/../lib/gcc/nios2-elf/4.1.2/../../../../nios2-elf/lib\libc.a(lib_a-fwalk.o)
 .data          0x080013c4        0x0 c:/altera/13.0/nios2eds/bin/gnu/h-i686-mingw32/bin/../lib/gcc/nios2-elf/4.1.2/../../../../nios2-elf/lib\libc.a(lib_a-gdtoa-gethex.o)
 .data          0x080013c4        0x0 c:/altera/13.0/nios2eds/bin/gnu/h-i686-mingw32/bin/../lib/gcc/nios2-elf/4.1.2/../../../../nios2-elf/lib\libc.a(lib_a-gdtoa-hexnan.o)
 .data          0x080013c4        0x0 c:/altera/13.0/nios2eds/bin/gnu/h-i686-mingw32/bin/../lib/gcc/nios2-elf/4.1.2/../../../../nios2-elf/lib\libc.a(lib_a-isattyr.o)
 .data          0x080013c4        0xc c:/altera/13.0/nios2eds/bin/gnu/h-i686-mingw32/bin/../lib/gcc/nios2-elf/4.1.2/../../../../nios2-elf/lib\libc.a(lib_a-locale.o)
                0x080013c4                __lc_ctype
 .data          0x080013d0        0x0 c:/altera/13.0/nios2eds/bin/gnu/h-i686-mingw32/bin/../lib/gcc/nios2-elf/4.1.2/../../../../nios2-elf/lib\libc.a(lib_a-lseekr.o)
 .data          0x080013d0        0x0 c:/altera/13.0/nios2eds/bin/gnu/h-i686-mingw32/bin/../lib/gcc/nios2-elf/4.1.2/../../../../nios2-elf/lib\libc.a(lib_a-memchr.o)
 .data          0x080013d0        0x0 c:/altera/13.0/nios2eds/bin/gnu/h-i686-mingw32/bin/../lib/gcc/nios2-elf/4.1.2/../../../../nios2-elf/lib\libc.a(lib_a-memmove.o)
 .data          0x080013d0        0x0 c:/altera/13.0/nios2eds/bin/gnu/h-i686-mingw32/bin/../lib/gcc/nios2-elf/4.1.2/../../../../nios2-elf/lib\libc.a(lib_a-mprec.o)
 .data          0x080013d0        0x0 c:/altera/13.0/nios2eds/bin/gnu/h-i686-mingw32/bin/../lib/gcc/nios2-elf/4.1.2/../../../../nios2-elf/lib\libc.a(lib_a-readr.o)
 .data          0x080013d0        0x0 c:/altera/13.0/nios2eds/bin/gnu/h-i686-mingw32/bin/../lib/gcc/nios2-elf/4.1.2/../../../../nios2-elf/lib\libc.a(lib_a-reallocr.o)
 .data          0x080013d0        0x0 c:/altera/13.0/nios2eds/bin/gnu/h-i686-mingw32/bin/../lib/gcc/nios2-elf/4.1.2/../../../../nios2-elf/lib\libc.a(lib_a-s_isinfd.o)
 .data          0x080013d0        0x0 c:/altera/13.0/nios2eds/bin/gnu/h-i686-mingw32/bin/../lib/gcc/nios2-elf/4.1.2/../../../../nios2-elf/lib\libc.a(lib_a-s_isnand.o)
 .data          0x080013d0        0x0 c:/altera/13.0/nios2eds/bin/gnu/h-i686-mingw32/bin/../lib/gcc/nios2-elf/4.1.2/../../../../nios2-elf/lib\libc.a(lib_a-strcmp.o)
 .data          0x080013d0        0x0 c:/altera/13.0/nios2eds/bin/gnu/h-i686-mingw32/bin/../lib/gcc/nios2-elf/4.1.2/../../../../nios2-elf/lib\libc.a(lib_a-callocr.o)
 .data          0x080013d0        0x0 c:/altera/13.0/nios2eds/bin/gnu/h-i686-mingw32/bin/../lib/gcc/nios2-elf/4.1.2/../../../../nios2-elf/lib\libc.a(lib_a-fclose.o)
 .data          0x080013d0        0x0 c:/altera/13.0/nios2eds/bin/gnu/h-i686-mingw32/bin/../lib/gcc/nios2-elf/4.1.2\libgcc.a(_fixunsdfsi.o)
 .data          0x080013d0        0x0 c:/altera/13.0/nios2eds/bin/gnu/h-i686-mingw32/bin/../lib/gcc/nios2-elf/4.1.2\libgcc.a(_udivdi3.o)
 .data          0x080013d0        0x0 c:/altera/13.0/nios2eds/bin/gnu/h-i686-mingw32/bin/../lib/gcc/nios2-elf/4.1.2\libgcc.a(_umoddi3.o)
 .data          0x080013d0        0x0 c:/altera/13.0/nios2eds/bin/gnu/h-i686-mingw32/bin/../lib/gcc/nios2-elf/4.1.2\libgcc.a(_ne_sf.o)
 .data          0x080013d0        0x0 c:/altera/13.0/nios2eds/bin/gnu/h-i686-mingw32/bin/../lib/gcc/nios2-elf/4.1.2\libgcc.a(_addsub_df.o)
 .data          0x080013d0        0x0 c:/altera/13.0/nios2eds/bin/gnu/h-i686-mingw32/bin/../lib/gcc/nios2-elf/4.1.2\libgcc.a(_mul_df.o)
 .data          0x080013d0        0x0 c:/altera/13.0/nios2eds/bin/gnu/h-i686-mingw32/bin/../lib/gcc/nios2-elf/4.1.2\libgcc.a(_div_df.o)
 .data          0x080013d0        0x0 c:/altera/13.0/nios2eds/bin/gnu/h-i686-mingw32/bin/../lib/gcc/nios2-elf/4.1.2\libgcc.a(_eq_df.o)
 .data          0x080013d0        0x0 c:/altera/13.0/nios2eds/bin/gnu/h-i686-mingw32/bin/../lib/gcc/nios2-elf/4.1.2\libgcc.a(_ne_df.o)
 .data          0x080013d0        0x0 c:/altera/13.0/nios2eds/bin/gnu/h-i686-mingw32/bin/../lib/gcc/nios2-elf/4.1.2\libgcc.a(_gt_df.o)
 .data          0x080013d0        0x0 c:/altera/13.0/nios2eds/bin/gnu/h-i686-mingw32/bin/../lib/gcc/nios2-elf/4.1.2\libgcc.a(_ge_df.o)
 .data          0x080013d0        0x0 c:/altera/13.0/nios2eds/bin/gnu/h-i686-mingw32/bin/../lib/gcc/nios2-elf/4.1.2\libgcc.a(_lt_df.o)
 .data          0x080013d0        0x0 c:/altera/13.0/nios2eds/bin/gnu/h-i686-mingw32/bin/../lib/gcc/nios2-elf/4.1.2\libgcc.a(_le_df.o)
 .data          0x080013d0        0x0 c:/altera/13.0/nios2eds/bin/gnu/h-i686-mingw32/bin/../lib/gcc/nios2-elf/4.1.2\libgcc.a(_si_to_df.o)
 .data          0x080013d0        0x0 c:/altera/13.0/nios2eds/bin/gnu/h-i686-mingw32/bin/../lib/gcc/nios2-elf/4.1.2\libgcc.a(_df_to_si.o)
 .data          0x080013d0        0x0 c:/altera/13.0/nios2eds/bin/gnu/h-i686-mingw32/bin/../lib/gcc/nios2-elf/4.1.2\libgcc.a(_df_to_sf.o)
 .data          0x080013d0        0x0 c:/altera/13.0/nios2eds/bin/gnu/h-i686-mingw32/bin/../lib/gcc/nios2-elf/4.1.2\libgcc.a(_thenan_df.o)
 .data          0x080013d0        0x0 c:/altera/13.0/nios2eds/bin/gnu/h-i686-mingw32/bin/../lib/gcc/nios2-elf/4.1.2\libgcc.a(_usi_to_df.o)
 .data          0x080013d0        0x0 c:/altera/13.0/nios2eds/bin/gnu/h-i686-mingw32/bin/../lib/gcc/nios2-elf/4.1.2\libgcc.a(lib2-divmod.o)
 .data          0x080013d0        0x0 c:/altera/13.0/nios2eds/bin/gnu/h-i686-mingw32/bin/../lib/gcc/nios2-elf/4.1.2\libgcc.a(_make_sf.o)
 .data          0x080013d0        0x0 c:/altera/13.0/nios2eds/bin/gnu/h-i686-mingw32/bin/../lib/gcc/nios2-elf/4.1.2\libgcc.a(_unpack_df.o)
 .data          0x080013d0        0x0 c:/altera/13.0/nios2eds/bin/gnu/h-i686-mingw32/bin/../lib/gcc/nios2-elf/4.1.2\libgcc.a(_fpcmp_parts_df.o)
 .data          0x080013d0        0x0 ../freqRelay_bsp/\libhal_bsp.a(alt_close.o)
 .data          0x080013d0      0x1a8 ../freqRelay_bsp/\libhal_bsp.a(alt_dev.o)
                0x080013d0                alt_dev_null
                0x080013f8                alt_fd_list
 .data          0x08001578        0x0 ../freqRelay_bsp/\libhal_bsp.a(alt_errno.o)
 .data          0x08001578        0x0 ../freqRelay_bsp/\libhal_bsp.a(alt_fstat.o)
 .data          0x08001578        0x0 ../freqRelay_bsp/\libhal_bsp.a(alt_irq_handler.o)
 .data          0x08001578        0x0 ../freqRelay_bsp/\libhal_bsp.a(alt_irq_vars.o)
 .data          0x08001578        0x0 ../freqRelay_bsp/\libhal_bsp.a(alt_isatty.o)
 .data          0x08001578        0x0 ../freqRelay_bsp/\libhal_bsp.a(alt_lseek.o)
 .data          0x08001578        0x0 ../freqRelay_bsp/\libhal_bsp.a(alt_main.o)
 .data          0x08001578        0x0 ../freqRelay_bsp/\libhal_bsp.a(alt_malloc_lock.o)
 .data          0x08001578        0x0 ../freqRelay_bsp/\libhal_bsp.a(alt_open.o)
 .data          0x08001578        0x0 ../freqRelay_bsp/\libhal_bsp.a(alt_read.o)
 .data          0x08001578        0x0 ../freqRelay_bsp/\libhal_bsp.a(alt_release_fd.o)
 .data          0x08001578        0x0 ../freqRelay_bsp/\libhal_bsp.a(alt_sbrk.o)
 .data          0x08001578        0x0 ../freqRelay_bsp/\libhal_bsp.a(alt_write.o)
 .data          0x08001578     0x13f0 ../freqRelay_bsp/\libhal_bsp.a(alt_sys_init.o)
 .data          0x08002968        0x0 ../freqRelay_bsp/\libhal_bsp.a(altera_avalon_cfi_flash.o)
 .data          0x08002968        0x0 ../freqRelay_bsp/\libhal_bsp.a(altera_avalon_cfi_flash_table.o)
 .data          0x08002968        0x0 ../freqRelay_bsp/\libhal_bsp.a(altera_avalon_jtag_uart_fd.o)
 .data          0x08002968        0x0 ../freqRelay_bsp/\libhal_bsp.a(altera_avalon_jtag_uart_init.o)
 .data          0x08002968        0x0 ../freqRelay_bsp/\libhal_bsp.a(altera_avalon_jtag_uart_ioctl.o)
 .data          0x08002968        0x0 ../freqRelay_bsp/\libhal_bsp.a(altera_avalon_jtag_uart_read.o)
 .data          0x08002968        0x0 ../freqRelay_bsp/\libhal_bsp.a(altera_avalon_jtag_uart_write.o)
 .data          0x08002968        0x0 ../freqRelay_bsp/\libhal_bsp.a(altera_avalon_lcd_16207.o)
 .data          0x08002968        0x0 ../freqRelay_bsp/\libhal_bsp.a(altera_avalon_lcd_16207_fd.o)
 .data          0x08002968        0x0 ../freqRelay_bsp/\libhal_bsp.a(altera_avalon_timer_sc.o)
 .data          0x08002968        0x0 ../freqRelay_bsp/\libhal_bsp.a(altera_avalon_uart_fd.o)
 .data          0x08002968        0x0 ../freqRelay_bsp/\libhal_bsp.a(altera_avalon_uart_init.o)
 .data          0x08002968        0x0 ../freqRelay_bsp/\libhal_bsp.a(altera_avalon_uart_read.o)
 .data          0x08002968        0x0 ../freqRelay_bsp/\libhal_bsp.a(altera_avalon_uart_write.o)
 .data          0x08002968        0x0 ../freqRelay_bsp/\libhal_bsp.a(altera_up_avalon_ps2.o)
 .data          0x08002968        0x0 ../freqRelay_bsp/\libhal_bsp.a(altera_up_avalon_video_character_buffer_with_dma.o)
 .data          0x08002968      0x2d0 ../freqRelay_bsp/\libhal_bsp.a(altera_up_ps2_keyboard.o)
                0x08002968                key_table
                0x08002b00                ascii_codes
                0x08002b68                single_byte_make_code
                0x08002bd0                multi_byte_make_code
 .data          0x08002c38        0x0 ../freqRelay_bsp/\libhal_bsp.a(alt_alarm_start.o)
 .data          0x08002c38        0x0 ../freqRelay_bsp/\libhal_bsp.a(alt_dcache_flush.o)
 .data          0x08002c38        0x0 ../freqRelay_bsp/\libhal_bsp.a(alt_dev_llist_insert.o)
 .data          0x08002c38        0x0 ../freqRelay_bsp/\libhal_bsp.a(alt_do_ctors.o)
 .data          0x08002c38        0x0 ../freqRelay_bsp/\libhal_bsp.a(alt_do_dtors.o)
 .data          0x08002c38        0x0 ../freqRelay_bsp/\libhal_bsp.a(alt_find_dev.o)
 .data          0x08002c38        0x0 ../freqRelay_bsp/\libhal_bsp.a(alt_find_file.o)
 .data          0x08002c38        0x0 ../freqRelay_bsp/\libhal_bsp.a(alt_flash_dev.o)
 .data          0x08002c38        0x0 ../freqRelay_bsp/\libhal_bsp.a(alt_get_fd.o)
 .data          0x08002c38        0x0 ../freqRelay_bsp/\libhal_bsp.a(alt_io_redirect.o)
 .data          0x08002c38        0x0 ../freqRelay_bsp/\libhal_bsp.a(alt_tick.o)
 .data          0x08002c38        0x0 ../freqRelay_bsp/\libhal_bsp.a(alt_usleep.o)
 .data          0x08002c38        0x0 ../freqRelay_bsp/\libhal_bsp.a(altera_nios2_qsys_irq.o)
 .data          0x08002c38        0x0 ../freqRelay_bsp/\libhal_bsp.a(altera_avalon_cfi_flash_amd.o)
 .data          0x08002c38        0x0 ../freqRelay_bsp/\libhal_bsp.a(altera_avalon_cfi_flash_intel.o)
 .data          0x08002c38        0x0 ../freqRelay_bsp/\libhal_bsp.a(alt_busy_sleep.o)
 .data          0x08002c38        0x0 c:/altera/13.0/nios2eds/bin/gnu/h-i686-mingw32/bin/../lib/gcc/nios2-elf/4.1.2/../../../../nios2-elf/lib\libc.a(lib_a-atexit.o)
 .data          0x08002c38        0x0 c:/altera/13.0/nios2eds/bin/gnu/h-i686-mingw32/bin/../lib/gcc/nios2-elf/4.1.2/../../../../nios2-elf/lib\libc.a(lib_a-ctype_.o)
 .data          0x08002c38        0x0 c:/altera/13.0/nios2eds/bin/gnu/h-i686-mingw32/bin/../lib/gcc/nios2-elf/4.1.2/../../../../nios2-elf/lib\libc.a(lib_a-exit.o)
 .data          0x08002c38        0x0 c:/altera/13.0/nios2eds/bin/gnu/h-i686-mingw32/bin/../lib/gcc/nios2-elf/4.1.2/../../../../nios2-elf/lib\libc.a(lib_a-strcpy.o)
 .data          0x08002c38        0x0 c:/altera/13.0/nios2eds/bin/gnu/h-i686-mingw32/bin/../lib/gcc/nios2-elf/4.1.2/../../../../nios2-elf/lib\libc.a(lib_a-__atexit.o)
 .data          0x08002c38        0x0 c:/altera/13.0/nios2eds/bin/gnu/h-i686-mingw32/bin/../lib/gcc/nios2-elf/4.1.2/../../../../nios2-elf/lib\libc.a(lib_a-__call_atexit.o)
 .data          0x08002c38        0x0 ../freqRelay_bsp/\libhal_bsp.a(alt_exit.o)
                0x0800ac38                _gp = ABSOLUTE ((. + 0x8000))
                0x0800ac38                PROVIDE (gp, _gp)
 *(.rwdata .rwdata.*)
 *(.sdata .sdata.* .gnu.linkonce.s.*)
 .sdata         0x08002c38        0xc obj/default/freertos/heap.o
 .sdata         0x08002c44        0x4 obj/default/freertos/tasks.o
 .sdata         0x08002c48        0x8 c:/altera/13.0/nios2eds/bin/gnu/h-i686-mingw32/bin/../lib/gcc/nios2-elf/4.1.2/../../../../nios2-elf/lib\libc.a(lib_a-impure.o)
                0x08002c48                _impure_ptr
                0x08002c4c                _global_impure_ptr
 .sdata         0x08002c50        0x8 c:/altera/13.0/nios2eds/bin/gnu/h-i686-mingw32/bin/../lib/gcc/nios2-elf/4.1.2/../../../../nios2-elf/lib\libc.a(lib_a-mallocr.o)
                0x08002c50                __malloc_trim_threshold
                0x08002c54                __malloc_sbrk_base
 .sdata         0x08002c58        0x8 c:/altera/13.0/nios2eds/bin/gnu/h-i686-mingw32/bin/../lib/gcc/nios2-elf/4.1.2/../../../../nios2-elf/lib\libc.a(lib_a-locale.o)
                0x08002c58                __mb_cur_max
 .sdata         0x08002c60       0x14 ../freqRelay_bsp/\libhal_bsp.a(alt_dev.o)
                0x08002c60                alt_fs_list
                0x08002c68                alt_dev_list
                0x08002c70                alt_max_fd
 .sdata         0x08002c74        0x4 ../freqRelay_bsp/\libhal_bsp.a(alt_errno.o)
                0x08002c74                alt_errno
 .sdata         0x08002c78        0x4 ../freqRelay_bsp/\libhal_bsp.a(alt_irq_vars.o)
                0x08002c78                alt_priority_mask
 .sdata         0x08002c7c        0x4 ../freqRelay_bsp/\libhal_bsp.a(alt_sbrk.o)
 .sdata         0x08002c80        0x4 ../freqRelay_bsp/\libhal_bsp.a(altera_avalon_lcd_16207.o)
 .sdata         0x08002c84        0x8 ../freqRelay_bsp/\libhal_bsp.a(alt_flash_dev.o)
                0x08002c84                alt_flash_dev_list
 .sdata         0x08002c8c        0x8 ../freqRelay_bsp/\libhal_bsp.a(alt_tick.o)
                0x08002c8c                alt_alarm_list
 .sdata         0x08002c94        0x4 c:/altera/13.0/nios2eds/bin/gnu/h-i686-mingw32/bin/../lib/gcc/nios2-elf/4.1.2/../../../../nios2-elf/lib\libc.a(lib_a-ctype_.o)
                0x08002c94                __ctype_ptr
 *(.sdata2 .sdata2.* .gnu.linkonce.s2.*)
                0x08002c98                . = ALIGN (0x4)
                0x08002c98                _edata = ABSOLUTE (.)
                0x08002c98                PROVIDE (edata, ABSOLUTE (.))
                0x08002c98                PROVIDE (__ram_rwdata_end, ABSOLUTE (.))
                0x08000b94                PROVIDE (__flash_rwdata_start, LOADADDR (.rwdata))

.bss            0x08002c98    0x7d678
                0x08002c98                __bss_start = ABSOLUTE (.)
                0x08002c98                PROVIDE (__sbss_start, ABSOLUTE (.))
                0x08002c98                PROVIDE (___sbss_start, ABSOLUTE (.))
 *(.dynsbss)
 *(.sbss .sbss.* .gnu.linkonce.sb.*)
 .sbss          0x08002c98       0x1c obj/default/freertos/croutine.o
                0x08002c98                pxCurrentCoRoutine
 .sbss          0x08002cb4        0xc obj/default/freertos/heap.o
 .sbss          0x08002cc0       0x34 obj/default/freertos/tasks.o
                0x08002cc0                pxCurrentTCB
 .sbss          0x08002cf4       0x10 obj/default/freertos/timers.o
 .sbss          0x08002d04       0x3c obj/default/hello_world.o
                0x08002d04                MutexRoc
                0x08002d08                qLed
                0x08002d0c                qFreq
                0x08002d10                MutexMode
                0x08002d14                LoadManagementTaskHandle
                0x08002d18                SemaphoreButton
                0x08002d1c                SwitchPollingTaskHandle
                0x08002d20                qInformation
                0x08002d24                MutexFreq
                0x08002d28                currentMode
                0x08002d2c                frequencyThreshold
                0x08002d30                qKeyBoard
                0x08002d34                initVariablesTaskHandle
                0x08002d38                qViolation
                0x08002d3c                rocThreshold
 .sbss          0x08002d40        0x1 obj/default/interrupts.o
 .sbss          0x08002d41        0x1 obj/default/taskslcfr.o
 *fill*         0x08002d42        0x2 00
 .sbss          0x08002d44        0x4 c:/altera/13.0/nios2eds/bin/gnu/h-i686-mingw32/bin/../lib/gcc/nios2-elf/4.1.2/../../../../nios2-elf/lib\libc.a(lib_a-int_errno.o)
                0x08002d44                errno
 .sbss          0x08002d48        0xc c:/altera/13.0/nios2eds/bin/gnu/h-i686-mingw32/bin/../lib/gcc/nios2-elf/4.1.2/../../../../nios2-elf/lib\libc.a(lib_a-mallocr.o)
                0x08002d48                __malloc_top_pad
                0x08002d4c                __malloc_max_sbrked_mem
                0x08002d50                __malloc_max_total_mem
 .sbss          0x08002d54        0xc c:/altera/13.0/nios2eds/bin/gnu/h-i686-mingw32/bin/../lib/gcc/nios2-elf/4.1.2/../../../../nios2-elf/lib\libc.a(lib_a-locale.o)
                0x08002d54                __nlocale_changed
                0x08002d58                __mlocale_changed
                0x08002d5c                _PathLocale
 .sbss          0x08002d60        0x4 ../freqRelay_bsp/\libhal_bsp.a(alt_irq_vars.o)
                0x08002d60                alt_irq_active
 .sbss          0x08002d64        0xc ../freqRelay_bsp/\libhal_bsp.a(alt_main.o)
                0x08002d64                alt_argc
                0x08002d68                alt_argv
                0x08002d6c                alt_envp
 .sbss          0x08002d70        0x8 ../freqRelay_bsp/\libhal_bsp.a(alt_tick.o)
                0x08002d70                _alt_tick_rate
                0x08002d74                _alt_nticks
 *(.sbss2 .sbss2.* .gnu.linkonce.sb2.*)
 *(.scommon)
                0x08002d78                PROVIDE (__sbss_end, ABSOLUTE (.))
                0x08002d78                PROVIDE (___sbss_end, ABSOLUTE (.))
 *(.dynbss)
 *(.bss .bss.* .gnu.linkonce.b.*)
 .bss           0x08002d78        0x0 ../freqRelay_bsp//obj/HAL/src/crt0.o
 .bss           0x08002d78       0x64 obj/default/freertos/croutine.o
 .bss           0x08002ddc        0x0 obj/default/freertos/event_groups.o
 .bss           0x08002ddc    0x7d000 obj/default/freertos/heap.o
 .bss           0x0807fddc        0x0 obj/default/freertos/list.o
 .bss           0x0807fddc        0x0 obj/default/freertos/port.o
 .bss           0x0807fddc        0x0 obj/default/freertos/queue.o
 .bss           0x0807fddc      0x154 obj/default/freertos/tasks.o
 .bss           0x0807ff30       0x28 obj/default/freertos/timers.o
 .bss           0x0807ff58        0x0 obj/default/hello_world.o
 .bss           0x0807ff58        0x0 obj/default/interrupts.o
 .bss           0x0807ff58        0x0 obj/default/taskslcfr.o
 .bss           0x0807ff58        0x0 obj/default/variables.o
 .bss           0x0807ff58        0x0 obj/default/freertos/port_asm.o
 .bss           0x0807ff58        0x0 c:/altera/13.0/nios2eds/bin/gnu/h-i686-mingw32/bin/../lib/gcc/nios2-elf/4.1.2\libgcc.a(_fixunssfsi.o)
 .bss           0x0807ff58        0x0 c:/altera/13.0/nios2eds/bin/gnu/h-i686-mingw32/bin/../lib/gcc/nios2-elf/4.1.2\libgcc.a(_addsub_sf.o)
 .bss           0x0807ff58        0x0 c:/altera/13.0/nios2eds/bin/gnu/h-i686-mingw32/bin/../lib/gcc/nios2-elf/4.1.2\libgcc.a(_mul_sf.o)
 .bss           0x0807ff58        0x0 c:/altera/13.0/nios2eds/bin/gnu/h-i686-mingw32/bin/../lib/gcc/nios2-elf/4.1.2\libgcc.a(_div_sf.o)
 .bss           0x0807ff58        0x0 c:/altera/13.0/nios2eds/bin/gnu/h-i686-mingw32/bin/../lib/gcc/nios2-elf/4.1.2\libgcc.a(_gt_sf.o)
 .bss           0x0807ff58        0x0 c:/altera/13.0/nios2eds/bin/gnu/h-i686-mingw32/bin/../lib/gcc/nios2-elf/4.1.2\libgcc.a(_ge_sf.o)
 .bss           0x0807ff58        0x0 c:/altera/13.0/nios2eds/bin/gnu/h-i686-mingw32/bin/../lib/gcc/nios2-elf/4.1.2\libgcc.a(_lt_sf.o)
 .bss           0x0807ff58        0x0 c:/altera/13.0/nios2eds/bin/gnu/h-i686-mingw32/bin/../lib/gcc/nios2-elf/4.1.2\libgcc.a(_le_sf.o)
 .bss           0x0807ff58        0x0 c:/altera/13.0/nios2eds/bin/gnu/h-i686-mingw32/bin/../lib/gcc/nios2-elf/4.1.2\libgcc.a(_si_to_sf.o)
 .bss           0x0807ff58        0x0 c:/altera/13.0/nios2eds/bin/gnu/h-i686-mingw32/bin/../lib/gcc/nios2-elf/4.1.2\libgcc.a(_sf_to_si.o)
 .bss           0x0807ff58        0x0 c:/altera/13.0/nios2eds/bin/gnu/h-i686-mingw32/bin/../lib/gcc/nios2-elf/4.1.2\libgcc.a(_sf_to_df.o)
 .bss           0x0807ff58        0x0 c:/altera/13.0/nios2eds/bin/gnu/h-i686-mingw32/bin/../lib/gcc/nios2-elf/4.1.2\libgcc.a(_thenan_sf.o)
 .bss           0x0807ff58        0x0 c:/altera/13.0/nios2eds/bin/gnu/h-i686-mingw32/bin/../lib/gcc/nios2-elf/4.1.2\libgcc.a(_usi_to_sf.o)
 .bss           0x0807ff58        0x0 c:/altera/13.0/nios2eds/bin/gnu/h-i686-mingw32/bin/../lib/gcc/nios2-elf/4.1.2\libgcc.a(_make_df.o)
 .bss           0x0807ff58        0x0 c:/altera/13.0/nios2eds/bin/gnu/h-i686-mingw32/bin/../lib/gcc/nios2-elf/4.1.2\libgcc.a(_muldi3.o)
 .bss           0x0807ff58        0x0 c:/altera/13.0/nios2eds/bin/gnu/h-i686-mingw32/bin/../lib/gcc/nios2-elf/4.1.2\libgcc.a(_clzsi2.o)
 .bss           0x0807ff58        0x0 c:/altera/13.0/nios2eds/bin/gnu/h-i686-mingw32/bin/../lib/gcc/nios2-elf/4.1.2\libgcc.a(_pack_sf.o)
 .bss           0x0807ff58        0x0 c:/altera/13.0/nios2eds/bin/gnu/h-i686-mingw32/bin/../lib/gcc/nios2-elf/4.1.2\libgcc.a(_unpack_sf.o)
 .bss           0x0807ff58        0x0 c:/altera/13.0/nios2eds/bin/gnu/h-i686-mingw32/bin/../lib/gcc/nios2-elf/4.1.2\libgcc.a(_fpcmp_parts_sf.o)
 .bss           0x0807ff58        0x0 c:/altera/13.0/nios2eds/bin/gnu/h-i686-mingw32/bin/../lib/gcc/nios2-elf/4.1.2\libgcc.a(_pack_df.o)
 .bss           0x0807ff58        0x0 c:/altera/13.0/nios2eds/bin/gnu/h-i686-mingw32/bin/../lib/gcc/nios2-elf/4.1.2\libgcc.a(_clz.o)
 .bss           0x0807ff58        0x0 c:/altera/13.0/nios2eds/bin/gnu/h-i686-mingw32/bin/../lib/gcc/nios2-elf/4.1.2/../../../../nios2-elf/lib\libc.a(lib_a-fopen.o)
 .bss           0x0807ff58        0x0 c:/altera/13.0/nios2eds/bin/gnu/h-i686-mingw32/bin/../lib/gcc/nios2-elf/4.1.2/../../../../nios2-elf/lib\libc.a(lib_a-fprintf.o)
 .bss           0x0807ff58        0x0 c:/altera/13.0/nios2eds/bin/gnu/h-i686-mingw32/bin/../lib/gcc/nios2-elf/4.1.2/../../../../nios2-elf/lib\libc.a(lib_a-fputc.o)
 .bss           0x0807ff58        0x0 c:/altera/13.0/nios2eds/bin/gnu/h-i686-mingw32/bin/../lib/gcc/nios2-elf/4.1.2/../../../../nios2-elf/lib\libc.a(lib_a-fseek.o)
 .bss           0x0807ff58        0x0 c:/altera/13.0/nios2eds/bin/gnu/h-i686-mingw32/bin/../lib/gcc/nios2-elf/4.1.2/../../../../nios2-elf/lib\libc.a(lib_a-fstatr.o)
 .bss           0x0807ff58        0x0 c:/altera/13.0/nios2eds/bin/gnu/h-i686-mingw32/bin/../lib/gcc/nios2-elf/4.1.2/../../../../nios2-elf/lib\libc.a(lib_a-impure.o)
 .bss           0x0807ff58        0x0 c:/altera/13.0/nios2eds/bin/gnu/h-i686-mingw32/bin/../lib/gcc/nios2-elf/4.1.2/../../../../nios2-elf/lib\libc.a(lib_a-int_errno.o)
 .bss           0x0807ff58        0x0 c:/altera/13.0/nios2eds/bin/gnu/h-i686-mingw32/bin/../lib/gcc/nios2-elf/4.1.2/../../../../nios2-elf/lib\libc.a(lib_a-makebuf.o)
 .bss           0x0807ff58       0x28 c:/altera/13.0/nios2eds/bin/gnu/h-i686-mingw32/bin/../lib/gcc/nios2-elf/4.1.2/../../../../nios2-elf/lib\libc.a(lib_a-mallocr.o)
                0x0807ff58                __malloc_current_mallinfo
 .bss           0x0807ff80        0x0 c:/altera/13.0/nios2eds/bin/gnu/h-i686-mingw32/bin/../lib/gcc/nios2-elf/4.1.2/../../../../nios2-elf/lib\libc.a(lib_a-memcmp.o)
 .bss           0x0807ff80        0x0 c:/altera/13.0/nios2eds/bin/gnu/h-i686-mingw32/bin/../lib/gcc/nios2-elf/4.1.2/../../../../nios2-elf/lib\libc.a(lib_a-memcpy.o)
 .bss           0x0807ff80        0x0 c:/altera/13.0/nios2eds/bin/gnu/h-i686-mingw32/bin/../lib/gcc/nios2-elf/4.1.2/../../../../nios2-elf/lib\libc.a(lib_a-memset.o)
 .bss           0x0807ff80        0x0 c:/altera/13.0/nios2eds/bin/gnu/h-i686-mingw32/bin/../lib/gcc/nios2-elf/4.1.2/../../../../nios2-elf/lib\libc.a(lib_a-openr.o)
 .bss           0x0807ff80        0x0 c:/altera/13.0/nios2eds/bin/gnu/h-i686-mingw32/bin/../lib/gcc/nios2-elf/4.1.2/../../../../nios2-elf/lib\libc.a(lib_a-printf.o)
 .bss           0x0807ff80        0x0 c:/altera/13.0/nios2eds/bin/gnu/h-i686-mingw32/bin/../lib/gcc/nios2-elf/4.1.2/../../../../nios2-elf/lib\libc.a(lib_a-putc.o)
 .bss           0x0807ff80        0x0 c:/altera/13.0/nios2eds/bin/gnu/h-i686-mingw32/bin/../lib/gcc/nios2-elf/4.1.2/../../../../nios2-elf/lib\libc.a(lib_a-puts.o)
 .bss           0x0807ff80        0x0 c:/altera/13.0/nios2eds/bin/gnu/h-i686-mingw32/bin/../lib/gcc/nios2-elf/4.1.2/../../../../nios2-elf/lib\libc.a(lib_a-refill.o)
 .bss           0x0807ff80        0x0 c:/altera/13.0/nios2eds/bin/gnu/h-i686-mingw32/bin/../lib/gcc/nios2-elf/4.1.2/../../../../nios2-elf/lib\libc.a(lib_a-sbrkr.o)
 .bss           0x0807ff80        0x0 c:/altera/13.0/nios2eds/bin/gnu/h-i686-mingw32/bin/../lib/gcc/nios2-elf/4.1.2/../../../../nios2-elf/lib\libc.a(lib_a-stdio.o)
 .bss           0x0807ff80        0x0 c:/altera/13.0/nios2eds/bin/gnu/h-i686-mingw32/bin/../lib/gcc/nios2-elf/4.1.2/../../../../nios2-elf/lib\libc.a(lib_a-strlen.o)
 .bss           0x0807ff80        0x0 c:/altera/13.0/nios2eds/bin/gnu/h-i686-mingw32/bin/../lib/gcc/nios2-elf/4.1.2/../../../../nios2-elf/lib\libc.a(lib_a-strtod.o)
 .bss           0x0807ff80        0x0 c:/altera/13.0/nios2eds/bin/gnu/h-i686-mingw32/bin/../lib/gcc/nios2-elf/4.1.2/../../../../nios2-elf/lib\libc.a(lib_a-vfprintf.o)
 .bss           0x0807ff80        0x0 c:/altera/13.0/nios2eds/bin/gnu/h-i686-mingw32/bin/../lib/gcc/nios2-elf/4.1.2/../../../../nios2-elf/lib\libc.a(lib_a-wbuf.o)
 .bss           0x0807ff80        0x0 c:/altera/13.0/nios2eds/bin/gnu/h-i686-mingw32/bin/../lib/gcc/nios2-elf/4.1.2/../../../../nios2-elf/lib\libc.a(lib_a-writer.o)
 .bss           0x0807ff80        0x0 c:/altera/13.0/nios2eds/bin/gnu/h-i686-mingw32/bin/../lib/gcc/nios2-elf/4.1.2/../../../../nios2-elf/lib\libc.a(lib_a-wsetup.o)
 .bss           0x0807ff80        0x0 c:/altera/13.0/nios2eds/bin/gnu/h-i686-mingw32/bin/../lib/gcc/nios2-elf/4.1.2/../../../../nios2-elf/lib\libc.a(lib_a-closer.o)
 .bss           0x0807ff80        0x0 c:/altera/13.0/nios2eds/bin/gnu/h-i686-mingw32/bin/../lib/gcc/nios2-elf/4.1.2/../../../../nios2-elf/lib\libc.a(lib_a-dtoa.o)
 .bss           0x0807ff80        0x0 c:/altera/13.0/nios2eds/bin/gnu/h-i686-mingw32/bin/../lib/gcc/nios2-elf/4.1.2/../../../../nios2-elf/lib\libc.a(lib_a-fflush.o)
 .bss           0x0807ff80        0x0 c:/altera/13.0/nios2eds/bin/gnu/h-i686-mingw32/bin/../lib/gcc/nios2-elf/4.1.2/../../../../nios2-elf/lib\libc.a(lib_a-findfp.o)
 .bss           0x0807ff80        0x0 c:/altera/13.0/nios2eds/bin/gnu/h-i686-mingw32/bin/../lib/gcc/nios2-elf/4.1.2/../../../../nios2-elf/lib\libc.a(lib_a-flags.o)
 .bss           0x0807ff80        0x0 c:/altera/13.0/nios2eds/bin/gnu/h-i686-mingw32/bin/../lib/gcc/nios2-elf/4.1.2/../../../../nios2-elf/lib\libc.a(lib_a-freer.o)
 .bss           0x0807ff80        0x0 c:/altera/13.0/nios2eds/bin/gnu/h-i686-mingw32/bin/../lib/gcc/nios2-elf/4.1.2/../../../../nios2-elf/lib\libc.a(lib_a-fvwrite.o)
 .bss           0x0807ff80        0x0 c:/altera/13.0/nios2eds/bin/gnu/h-i686-mingw32/bin/../lib/gcc/nios2-elf/4.1.2/../../../../nios2-elf/lib\libc.a(lib_a-fwalk.o)
 .bss           0x0807ff80        0x0 c:/altera/13.0/nios2eds/bin/gnu/h-i686-mingw32/bin/../lib/gcc/nios2-elf/4.1.2/../../../../nios2-elf/lib\libc.a(lib_a-gdtoa-gethex.o)
 .bss           0x0807ff80        0x0 c:/altera/13.0/nios2eds/bin/gnu/h-i686-mingw32/bin/../lib/gcc/nios2-elf/4.1.2/../../../../nios2-elf/lib\libc.a(lib_a-gdtoa-hexnan.o)
 .bss           0x0807ff80        0x0 c:/altera/13.0/nios2eds/bin/gnu/h-i686-mingw32/bin/../lib/gcc/nios2-elf/4.1.2/../../../../nios2-elf/lib\libc.a(lib_a-isattyr.o)
 .bss           0x0807ff80        0x0 c:/altera/13.0/nios2eds/bin/gnu/h-i686-mingw32/bin/../lib/gcc/nios2-elf/4.1.2/../../../../nios2-elf/lib\libc.a(lib_a-locale.o)
 .bss           0x0807ff80        0x0 c:/altera/13.0/nios2eds/bin/gnu/h-i686-mingw32/bin/../lib/gcc/nios2-elf/4.1.2/../../../../nios2-elf/lib\libc.a(lib_a-lseekr.o)
 .bss           0x0807ff80        0x0 c:/altera/13.0/nios2eds/bin/gnu/h-i686-mingw32/bin/../lib/gcc/nios2-elf/4.1.2/../../../../nios2-elf/lib\libc.a(lib_a-memchr.o)
 .bss           0x0807ff80        0x0 c:/altera/13.0/nios2eds/bin/gnu/h-i686-mingw32/bin/../lib/gcc/nios2-elf/4.1.2/../../../../nios2-elf/lib\libc.a(lib_a-memmove.o)
 .bss           0x0807ff80        0x0 c:/altera/13.0/nios2eds/bin/gnu/h-i686-mingw32/bin/../lib/gcc/nios2-elf/4.1.2/../../../../nios2-elf/lib\libc.a(lib_a-mprec.o)
 .bss           0x0807ff80        0x0 c:/altera/13.0/nios2eds/bin/gnu/h-i686-mingw32/bin/../lib/gcc/nios2-elf/4.1.2/../../../../nios2-elf/lib\libc.a(lib_a-readr.o)
 .bss           0x0807ff80        0x0 c:/altera/13.0/nios2eds/bin/gnu/h-i686-mingw32/bin/../lib/gcc/nios2-elf/4.1.2/../../../../nios2-elf/lib\libc.a(lib_a-reallocr.o)
 .bss           0x0807ff80        0x0 c:/altera/13.0/nios2eds/bin/gnu/h-i686-mingw32/bin/../lib/gcc/nios2-elf/4.1.2/../../../../nios2-elf/lib\libc.a(lib_a-s_isinfd.o)
 .bss           0x0807ff80        0x0 c:/altera/13.0/nios2eds/bin/gnu/h-i686-mingw32/bin/../lib/gcc/nios2-elf/4.1.2/../../../../nios2-elf/lib\libc.a(lib_a-s_isnand.o)
 .bss           0x0807ff80        0x0 c:/altera/13.0/nios2eds/bin/gnu/h-i686-mingw32/bin/../lib/gcc/nios2-elf/4.1.2/../../../../nios2-elf/lib\libc.a(lib_a-strcmp.o)
 .bss           0x0807ff80        0x0 c:/altera/13.0/nios2eds/bin/gnu/h-i686-mingw32/bin/../lib/gcc/nios2-elf/4.1.2/../../../../nios2-elf/lib\libc.a(lib_a-callocr.o)
 .bss           0x0807ff80        0x0 c:/altera/13.0/nios2eds/bin/gnu/h-i686-mingw32/bin/../lib/gcc/nios2-elf/4.1.2/../../../../nios2-elf/lib\libc.a(lib_a-fclose.o)
 .bss           0x0807ff80        0x0 c:/altera/13.0/nios2eds/bin/gnu/h-i686-mingw32/bin/../lib/gcc/nios2-elf/4.1.2\libgcc.a(_fixunsdfsi.o)
 .bss           0x0807ff80        0x0 c:/altera/13.0/nios2eds/bin/gnu/h-i686-mingw32/bin/../lib/gcc/nios2-elf/4.1.2\libgcc.a(_udivdi3.o)
 .bss           0x0807ff80        0x0 c:/altera/13.0/nios2eds/bin/gnu/h-i686-mingw32/bin/../lib/gcc/nios2-elf/4.1.2\libgcc.a(_umoddi3.o)
 .bss           0x0807ff80        0x0 c:/altera/13.0/nios2eds/bin/gnu/h-i686-mingw32/bin/../lib/gcc/nios2-elf/4.1.2\libgcc.a(_ne_sf.o)
 .bss           0x0807ff80        0x0 c:/altera/13.0/nios2eds/bin/gnu/h-i686-mingw32/bin/../lib/gcc/nios2-elf/4.1.2\libgcc.a(_addsub_df.o)
 .bss           0x0807ff80        0x0 c:/altera/13.0/nios2eds/bin/gnu/h-i686-mingw32/bin/../lib/gcc/nios2-elf/4.1.2\libgcc.a(_mul_df.o)
 .bss           0x0807ff80        0x0 c:/altera/13.0/nios2eds/bin/gnu/h-i686-mingw32/bin/../lib/gcc/nios2-elf/4.1.2\libgcc.a(_div_df.o)
 .bss           0x0807ff80        0x0 c:/altera/13.0/nios2eds/bin/gnu/h-i686-mingw32/bin/../lib/gcc/nios2-elf/4.1.2\libgcc.a(_eq_df.o)
 .bss           0x0807ff80        0x0 c:/altera/13.0/nios2eds/bin/gnu/h-i686-mingw32/bin/../lib/gcc/nios2-elf/4.1.2\libgcc.a(_ne_df.o)
 .bss           0x0807ff80        0x0 c:/altera/13.0/nios2eds/bin/gnu/h-i686-mingw32/bin/../lib/gcc/nios2-elf/4.1.2\libgcc.a(_gt_df.o)
 .bss           0x0807ff80        0x0 c:/altera/13.0/nios2eds/bin/gnu/h-i686-mingw32/bin/../lib/gcc/nios2-elf/4.1.2\libgcc.a(_ge_df.o)
 .bss           0x0807ff80        0x0 c:/altera/13.0/nios2eds/bin/gnu/h-i686-mingw32/bin/../lib/gcc/nios2-elf/4.1.2\libgcc.a(_lt_df.o)
 .bss           0x0807ff80        0x0 c:/altera/13.0/nios2eds/bin/gnu/h-i686-mingw32/bin/../lib/gcc/nios2-elf/4.1.2\libgcc.a(_le_df.o)
 .bss           0x0807ff80        0x0 c:/altera/13.0/nios2eds/bin/gnu/h-i686-mingw32/bin/../lib/gcc/nios2-elf/4.1.2\libgcc.a(_si_to_df.o)
 .bss           0x0807ff80        0x0 c:/altera/13.0/nios2eds/bin/gnu/h-i686-mingw32/bin/../lib/gcc/nios2-elf/4.1.2\libgcc.a(_df_to_si.o)
 .bss           0x0807ff80        0x0 c:/altera/13.0/nios2eds/bin/gnu/h-i686-mingw32/bin/../lib/gcc/nios2-elf/4.1.2\libgcc.a(_df_to_sf.o)
 .bss           0x0807ff80        0x0 c:/altera/13.0/nios2eds/bin/gnu/h-i686-mingw32/bin/../lib/gcc/nios2-elf/4.1.2\libgcc.a(_thenan_df.o)
 .bss           0x0807ff80        0x0 c:/altera/13.0/nios2eds/bin/gnu/h-i686-mingw32/bin/../lib/gcc/nios2-elf/4.1.2\libgcc.a(_usi_to_df.o)
 .bss           0x0807ff80        0x0 c:/altera/13.0/nios2eds/bin/gnu/h-i686-mingw32/bin/../lib/gcc/nios2-elf/4.1.2\libgcc.a(lib2-divmod.o)
 .bss           0x0807ff80        0x0 c:/altera/13.0/nios2eds/bin/gnu/h-i686-mingw32/bin/../lib/gcc/nios2-elf/4.1.2\libgcc.a(_make_sf.o)
 .bss           0x0807ff80        0x0 c:/altera/13.0/nios2eds/bin/gnu/h-i686-mingw32/bin/../lib/gcc/nios2-elf/4.1.2\libgcc.a(_unpack_df.o)