Archive member included because of file (symbol)

c:/altera/13.0/nios2eds/bin/gnu/h-i686-mingw32/bin/../lib/gcc/nios2-elf/4.1.2\libgcc.a(_addsub_sf.o)
                              obj/default/taskslcfr.o (__subsf3)
c:/altera/13.0/nios2eds/bin/gnu/h-i686-mingw32/bin/../lib/gcc/nios2-elf/4.1.2\libgcc.a(_mul_sf.o)
                              obj/default/taskslcfr.o (__mulsf3)
c:/altera/13.0/nios2eds/bin/gnu/h-i686-mingw32/bin/../lib/gcc/nios2-elf/4.1.2\libgcc.a(_div_sf.o)
                              obj/default/taskslcfr.o (__divsf3)
c:/altera/13.0/nios2eds/bin/gnu/h-i686-mingw32/bin/../lib/gcc/nios2-elf/4.1.2\libgcc.a(_si_to_sf.o)
                              obj/default/taskslcfr.o (__floatsisf)
c:/altera/13.0/nios2eds/bin/gnu/h-i686-mingw32/bin/../lib/gcc/nios2-elf/4.1.2\libgcc.a(_sf_to_df.o)
                              obj/default/taskslcfr.o (__extendsfdf2)
c:/altera/13.0/nios2eds/bin/gnu/h-i686-mingw32/bin/../lib/gcc/nios2-elf/4.1.2\libgcc.a(_thenan_sf.o)
                              c:/altera/13.0/nios2eds/bin/gnu/h-i686-mingw32/bin/../lib/gcc/nios2-elf/4.1.2\libgcc.a(_addsub_sf.o) (__thenan_sf)
c:/altera/13.0/nios2eds/bin/gnu/h-i686-mingw32/bin/../lib/gcc/nios2-elf/4.1.2\libgcc.a(_usi_to_sf.o)
                              obj/default/taskslcfr.o (__floatunsisf)
c:/altera/13.0/nios2eds/bin/gnu/h-i686-mingw32/bin/../lib/gcc/nios2-elf/4.1.2\libgcc.a(_make_df.o)
                              c:/altera/13.0/nios2eds/bin/gnu/h-i686-mingw32/bin/../lib/gcc/nios2-elf/4.1.2\libgcc.a(_sf_to_df.o) (__make_dp)
c:/altera/13.0/nios2eds/bin/gnu/h-i686-mingw32/bin/../lib/gcc/nios2-elf/4.1.2\libgcc.a(_muldi3.o)
                              c:/altera/13.0/nios2eds/bin/gnu/h-i686-mingw32/bin/../lib/gcc/nios2-elf/4.1.2\libgcc.a(_mul_sf.o) (__muldi3)
c:/altera/13.0/nios2eds/bin/gnu/h-i686-mingw32/bin/../lib/gcc/nios2-elf/4.1.2\libgcc.a(_clzsi2.o)
                              c:/altera/13.0/nios2eds/bin/gnu/h-i686-mingw32/bin/../lib/gcc/nios2-elf/4.1.2\libgcc.a(_si_to_sf.o) (__clzsi2)
c:/altera/13.0/nios2eds/bin/gnu/h-i686-mingw32/bin/../lib/gcc/nios2-elf/4.1.2\libgcc.a(_pack_sf.o)
                              c:/altera/13.0/nios2eds/bin/gnu/h-i686-mingw32/bin/../lib/gcc/nios2-elf/4.1.2\libgcc.a(_addsub_sf.o) (__pack_f)
c:/altera/13.0/nios2eds/bin/gnu/h-i686-mingw32/bin/../lib/gcc/nios2-elf/4.1.2\libgcc.a(_unpack_sf.o)
                              c:/altera/13.0/nios2eds/bin/gnu/h-i686-mingw32/bin/../lib/gcc/nios2-elf/4.1.2\libgcc.a(_addsub_sf.o) (__unpack_f)
c:/altera/13.0/nios2eds/bin/gnu/h-i686-mingw32/bin/../lib/gcc/nios2-elf/4.1.2\libgcc.a(_pack_df.o)
                              c:/altera/13.0/nios2eds/bin/gnu/h-i686-mingw32/bin/../lib/gcc/nios2-elf/4.1.2\libgcc.a(_make_df.o) (__pack_d)
c:/altera/13.0/nios2eds/bin/gnu/h-i686-mingw32/bin/../lib/gcc/nios2-elf/4.1.2\libgcc.a(_clz.o)
                              c:/altera/13.0/nios2eds/bin/gnu/h-i686-mingw32/bin/../lib/gcc/nios2-elf/4.1.2\libgcc.a(_clzsi2.o) (__clz_tab)
c:/altera/13.0/nios2eds/bin/gnu/h-i686-mingw32/bin/../lib/gcc/nios2-elf/4.1.2/../../../../nios2-elf/lib\libc.a(lib_a-fopen.o)
                              obj/default/taskslcfr.o (fopen)
c:/altera/13.0/nios2eds/bin/gnu/h-i686-mingw32/bin/../lib/gcc/nios2-elf/4.1.2/../../../../nios2-elf/lib\libc.a(lib_a-fprintf.o)
                              obj/default/taskslcfr.o (fprintf)
c:/altera/13.0/nios2eds/bin/gnu/h-i686-mingw32/bin/../lib/gcc/nios2-elf/4.1.2/../../../../nios2-elf/lib\libc.a(lib_a-fseek.o)
                              c:/altera/13.0/nios2eds/bin/gnu/h-i686-mingw32/bin/../lib/gcc/nios2-elf/4.1.2/../../../../nios2-elf/lib\libc.a(lib_a-fopen.o) (_fseek_r)
c:/altera/13.0/nios2eds/bin/gnu/h-i686-mingw32/bin/../lib/gcc/nios2-elf/4.1.2/../../../../nios2-elf/lib\libc.a(lib_a-fstatr.o)
                              c:/altera/13.0/nios2eds/bin/gnu/h-i686-mingw32/bin/../lib/gcc/nios2-elf/4.1.2/../../../../nios2-elf/lib\libc.a(lib_a-fseek.o) (_fstat_r)
c:/altera/13.0/nios2eds/bin/gnu/h-i686-mingw32/bin/../lib/gcc/nios2-elf/4.1.2/../../../../nios2-elf/lib\libc.a(lib_a-impure.o)
                              c:/altera/13.0/nios2eds/bin/gnu/h-i686-mingw32/bin/../lib/gcc/nios2-elf/4.1.2/../../../../nios2-elf/lib\libc.a(lib_a-fopen.o) (_impure_ptr)
c:/altera/13.0/nios2eds/bin/gnu/h-i686-mingw32/bin/../lib/gcc/nios2-elf/4.1.2/../../../../nios2-elf/lib\libc.a(lib_a-int_errno.o)
                              c:/altera/13.0/nios2eds/bin/gnu/h-i686-mingw32/bin/../lib/gcc/nios2-elf/4.1.2/../../../../nios2-elf/lib\libc.a(lib_a-fstatr.o) (errno)
c:/altera/13.0/nios2eds/bin/gnu/h-i686-mingw32/bin/../lib/gcc/nios2-elf/4.1.2/../../../../nios2-elf/lib\libc.a(lib_a-makebuf.o)
                              c:/altera/13.0/nios2eds/bin/gnu/h-i686-mingw32/bin/../lib/gcc/nios2-elf/4.1.2/../../../../nios2-elf/lib\libc.a(lib_a-fseek.o) (__smakebuf_r)
c:/altera/13.0/nios2eds/bin/gnu/h-i686-mingw32/bin/../lib/gcc/nios2-elf/4.1.2/../../../../nios2-elf/lib\libc.a(lib_a-mallocr.o)
[...]
Memory Configuration

Name             Origin             Length             Attributes
onchip_memory_BEFORE_EXCEPTION 0x00000000         0x00000020
onchip_memory    0x00000020         0x00031fe0
reset            0x01000000         0x00000020
flash_controller 0x01000020         0x007fffe0
sdram            0x08000000         0x08000000
*default*        0x00000000         0xffffffff

Linker script and memory map

LOAD ../freqRelay_bsp//obj/HAL/src/crt0.o
LOAD obj/default/freertos/croutine.o
LOAD obj/default/freertos/event_groups.o
LOAD obj/default/freertos/heap.o
LOAD obj/default/freertos/list.o
LOAD obj/default/freertos/port.o
LOAD obj/default/freertos/queue.o
LOAD obj/default/freertos/tasks.o
LOAD obj/default/freertos/timers.o
LOAD obj/default/hello_world.o
LOAD obj/default/interrupts.o
LOAD obj/default/taskslcfr.o
LOAD obj/default/variables.o
LOAD obj/default/freertos/port_asm.o
LOAD c:/altera/13.0/nios2eds/bin/gnu/h-i686-mingw32/bin/../lib/gcc/nios2-elf/4.1.2/../../../../nios2-elf/lib\libstdc++.a
LOAD c:/altera/13.0/nios2eds/bin/gnu/h-i686-mingw32/bin/../lib/gcc/nios2-elf/4.1.2/../../../../nios2-elf/lib\libm.a
LOAD c:/altera/13.0/nios2eds/bin/gnu/h-i686-mingw32/bin/../lib/gcc/nios2-elf/4.1.2\libgcc.a
START GROUP
LOAD c:/altera/13.0/nios2eds/bin/gnu/h-i686-mingw32/bin/../lib/gcc/nios2-elf/4.1.2/../../../../nios2-elf/lib\libc.a
LOAD c:/altera/13.0/nios2eds/bin/gnu/h-i686-mingw32/bin/../lib/gcc/nios2-elf/4.1.2\libgcc.a
LOAD ../freqRelay_bsp/\libhal_bsp.a
END GROUP
LOAD c:/altera/13.0/nios2eds/bin/gnu/h-i686-mingw32/bin/../lib/gcc/nios2-elf/4.1.2\libgcc.a
                0x00000000                __alt_mem_onchip_memory = 0x0
                0x01000000                __alt_mem_flash_controller = 0x1000000
                0x08000000                __alt_mem_sdram = 0x8000000

.entry          0x01000000        0x0
 *(.entry)
 .entry         0x01000000        0x0 ../freqRelay_bsp//obj/HAL/src/crt0.o
                0x01000000                __reset

.exceptions     0x00000020      0x228
                0x00000020                PROVIDE (__ram_exceptions_start, ABSOLUTE (.))
                0x00000020                . = ALIGN (0x20)
 *(.irq)
 *(.exceptions.entry.label)
 *(.exceptions.entry.user)
 *(.exceptions.entry)
 .exceptions.entry
                0x00000020       0x8c obj/default/freertos/port_asm.o
 *(.exceptions.irqtest.user)
 *(.exceptions.irqtest)
 .exceptions.irqtest
                0x000000ac       0x14 obj/default/freertos/port_asm.o
 *(.exceptions.irqhandler.user)
 *(.exceptions.irqhandler)
 .exceptions.irqhandler
                0x000000c0        0x4 obj/default/freertos/port_asm.o
 *(.exceptions.irqreturn.user)
 *(.exceptions.irqreturn)
 .exceptions.irqreturn
                0x000000c4       0x8c obj/default/freertos/port_asm.o
                0x000000c4                restore_sp_from_pxCurrentTCB
 *(.exceptions.notirq.label)
 *(.exceptions.notirq.user)
 *(.exceptions.notirq)
 *(.exceptions.soft.user)
 *(.exceptions.soft)
 .exceptions.soft
                0x00000150       0x2c obj/default/freertos/port_asm.o
 *(.exceptions.unknown.user)
 *(.exceptions.unknown)
 *(.exceptions.exit.label)
 *(.exceptions.exit.user)
 *(.exceptions.exit)
 *(.exceptions)
 .exceptions    0x0000017c       0xcc ../freqRelay_bsp/\libhal_bsp.a(alt_irq_handler.o)
                0x0000017c                alt_irq_handler
                0x00000248                PROVIDE (__ram_exceptions_end, ABSOLUTE (.))
                0x00000020                PROVIDE (__flash_exceptions_start, LOADADDR (.exceptions))

.text           0x00000248    0x17334
                0x00000248                PROVIDE (stext, ABSOLUTE (.))
 *(.interp)
 *(.hash)
 *(.dynsym)
 *(.dynstr)
 *(.gnu.version)
 *(.gnu.version_d)
 *(.gnu.version_r)
 *(.rel.init)
 *(.rela.init)
 *(.rel.text .rel.text.* .rel.gnu.linkonce.t.*)
 *(.rela.text .rela.text.* .rela.gnu.linkonce.t.*)
 *(.rel.fini)
 *(.rela.fini)
 *(.rel.rodata .rel.rodata.* .rel.gnu.linkonce.r.*)
 *(.rela.rodata .rela.rodata.* .rela.gnu.linkonce.r.*)
 *(.rel.data .rel.data.* .rel.gnu.linkonce.d.*)
 *(.rela.data .rela.data.* .rela.gnu.linkonce.d.*)
 *(.rel.tdata .rel.tdata.* .rel.gnu.linkonce.td.*)
 *(.rela.tdata .rela.tdata.* .rela.gnu.linkonce.td.*)
 *(.rel.tbss .rel.tbss.* .rel.gnu.linkonce.tb.*)
 *(.rela.tbss .rela.tbss.* .rela.gnu.linkonce.tb.*)
 *(.rel.ctors)
 *(.rela.ctors)
 *(.rel.dtors)
 *(.rela.dtors)
 *(.rel.got)
 *(.rela.got)
 *(.rel.sdata .rel.sdata.* .rel.gnu.linkonce.s.*)
 *(.rela.sdata .rela.sdata.* .rela.gnu.linkonce.s.*)
 *(.rel.sbss .rel.sbss.* .rel.gnu.linkonce.sb.*)
 *(.rela.sbss .rela.sbss.* .rela.gnu.linkonce.sb.*)
 *(.rel.sdata2 .rel.sdata2.* .rel.gnu.linkonce.s2.*)
 *(.rela.sdata2 .rela.sdata2.* .rela.gnu.linkonce.s2.*)
 *(.rel.sbss2 .rel.sbss2.* .rel.gnu.linkonce.sb2.*)
 *(.rela.sbss2 .rela.sbss2.* .rela.gnu.linkonce.sb2.*)
 *(.rel.bss .rel.bss.* .rel.gnu.linkonce.b.*)
 *(.rela.bss .rela.bss.* .rela.gnu.linkonce.b.*)
 *(.rel.plt)
 *(.rela.plt)
 *(.rel.dyn)
 *(.init)
 *(.plt)
 *(.text .stub .text.* .gnu.linkonce.t.*)
 .text          0x00000248       0x48 ../freqRelay_bsp//obj/HAL/src/crt0.o
                0x00000248                _start
 .text          0x00000290      0x60c obj/default/freertos/croutine.o
                0x00000290                xCoRoutineCreate
                0x000003d0                vCoRoutineAddToDelayedList
                0x00000694                vCoRoutineSchedule
                0x0000081c                xCoRoutineRemoveFromEventList
 .text          0x0000089c      0x720 obj/default/freertos/event_groups.o
                0x0000089c                xEventGroupCreate
                0x000008f0                xEventGroupSync
                0x00000a74                xEventGroupWaitBits
                0x00000c34                xEventGroupClearBits
                0x00000c9c                xEventGroupGetBitsFromISR
                0x00000cd8                xEventGroupSetBits
                0x00000e64                vEventGroupDelete
                0x00000ed4                vEventGroupSetBitsCallback
                0x00000f0c                vEventGroupClearBitsCallback
 .text          0x00000fbc      0x448 obj/default/freertos/heap.o
                0x00000fbc                pvPortMalloc
                0x00001150                vPortFree
                0x000011d0                xPortGetFreeHeapSize
                0x000011f0                vPortInitialiseBlocks
 .text          0x00001404      0x28c obj/default/freertos/list.o
                0x00001404                vListInitialise
                0x00001474                vListInitialiseItem
                0x0000149c                vListInsertEnd
                0x00001524                vListInsert
                0x000015f8                uxListRemove
 .text          0x00001690      0x434 obj/default/freertos/port.o
                0x00001690                vApplicationStackOverflowHook
                0x000016f4                pxPortInitialiseStack
                0x000017dc                xPortStartScheduler
                0x00001814                vPortEndScheduler
                0x000018c8                vPortSysTickHandler
                0x00001914                alt_irq_register
 .text          0x00001ac4     0x1134 obj/default/freertos/queue.o
                0x00001ac4                xQueueGenericReset
                0x00001bd8                xQueueGenericCreate
                0x00001cb4                xQueueCreateMutex
                0x00001d78                xQueueGiveMutexRecursive
                0x00001e0c                xQueueTakeMutexRecursive
                0x00001eb4                xQueueCreateCountingSemaphore
                0x00001f10                xQueueGenericSend
                0x000020c0                xQueueGenericSendFromISR
                0x000021a8                xQueueGiveFromISR
                0x00002280                xQueueGenericReceive
                0x000024ac                xQueueReceiveFromISR
                0x00002590                xQueuePeekFromISR
                0x00002610                uxQueueMessagesWaiting
                0x00002650                uxQueueSpacesAvailable
                0x000026a4                uxQueueMessagesWaitingFromISR
                0x000026d4                vQueueDelete
                0x00002a80                xQueueIsQueueEmptyFromISR
                0x00002b1c                xQueueIsQueueFullFromISR
                0x00002b64                vQueueWaitForMessageRestricted
 .text          0x00002bf8     0x1c94 obj/default/freertos/tasks.o
                0x00002bf8                xTaskGenericCreate
                0x00002dc0                vTaskDelete
                0x00002e98                vTaskDelay
                0x00002f10                vTaskStartScheduler
                0x00002fac                vTaskEndScheduler
                0x00002ff0                vTaskSuspendAll
                0x00003018                xTaskResumeAll
                0x00003168                xTaskGetTickCount
                0x00003190                xTaskGetTickCountFromISR
                0x000031bc                uxTaskGetNumberOfTasks
                0x000031dc                xTaskIncrementTick
                0x000033b8                vTaskSwitchContext
                0x000034e8                vTaskPlaceOnEventList
                0x00003548                vTaskPlaceOnUnorderedEventList
                0x000035bc                vTaskPlaceOnEventListRestricted
                0x0000361c                xTaskRemoveFromEventList
                0x00003704                xTaskRemoveFromUnorderedEventList
                0x000037d4                vTaskSetTimeOutState
                0x0000380c                xTaskCheckForTimeOut
                0x000038d0                vTaskMissedYield
                0x00003d50                uxTaskGetStackHighWaterMark
                0x00003e6c                xTaskGetCurrentTaskHandle
                0x00003e94                xTaskGetSchedulerState
                0x00003ee8                vTaskPriorityInherit
                0x00004018                xTaskPriorityDisinherit
                0x00004114                vTaskEnterCritical
                0x00004168                vTaskExitCritical
                0x000041d0                uxTaskResetEventItemValue
                0x00004214                pvTaskIncrementMutexHeldCount
                0x00004250                ulTaskNotifyTake
                0x00004328                xTaskNotifyWait
                0x00004434                xTaskNotify
                0x000045bc                xTaskNotifyFromISR
                0x0000477c                vTaskNotifyGiveFromISR
 .text          0x0000488c      0x8b0 obj/default/freertos/timers.o
                0x0000488c                xTimerCreateTimerTask
                0x000048fc                xTimerCreate
                0x000049ac                xTimerGenericCommand
                0x00004a74                pcTimerGetTimerName
                0x000050c0                xTimerIsTimerActive
                0x0000510c                pvTimerGetTimerID
 .text          0x0000513c       0x38 obj/default/hello_world.o
                0x0000513c                main
 .text          0x00005174      0x14c obj/default/interrupts.o
                0x00005174                button_isr
                0x00005204                freq_adc_isr
                0x00005254                resgisterInterrupts
 .text          0x000052c0      0x380 obj/default/taskslcfr.o
                0x000052c0                frequencyViolationTask
                0x000053d0                informationTask
                0x000054b0                switchPollingTask
                0x00005500                ledDriverTask
                0x0000555c                createTasks
 .text          0x00005640       0x70 obj/default/variables.o
                0x00005640                createVariables
 .text          0x000056b0        0x0 obj/default/freertos/port_asm.o
 .text          0x000056b0      0x2b8 c:/altera/13.0/nios2eds/bin/gnu/h-i686-mingw32/bin/../lib/gcc/nios2-elf/4.1.2\libgcc.a(_addsub_sf.o)
                0x00005894                __subsf3
                0x00005904                __addsf3
 .text          0x00005968      0x1e0 c:/altera/13.0/nios2eds/bin/gnu/h-i686-mingw32/bin/../lib/gcc/nios2-elf/4.1.2\libgcc.a(_mul_sf.o)
                0x00005968                __mulsf3
 .text          0x00005b48      0x174 c:/altera/13.0/nios2eds/bin/gnu/h-i686-mingw32/bin/../lib/gcc/nios2-elf/4.1.2\libgcc.a(_div_sf.o)
                0x00005b48                __divsf3
 .text          0x00005cbc       0x98 c:/altera/13.0/nios2eds/bin/gnu/h-i686-mingw32/bin/../lib/gcc/nios2-elf/4.1.2\libgcc.a(_si_to_sf.o)
                0x00005cbc                __floatsisf
 .text          0x00005d54       0x54 c:/altera/13.0/nios2eds/bin/gnu/h-i686-mingw32/bin/../lib/gcc/nios2-elf/4.1.2\libgcc.a(_sf_to_df.o)
                0x00005d54                __extendsfdf2
 .text          0x00005da8        0x0 c:/altera/13.0/nios2eds/bin/gnu/h-i686-mingw32/bin/../lib/gcc/nios2-elf/4.1.2\libgcc.a(_thenan_sf.o)
 .text          0x00005da8       0xc0 c:/altera/13.0/nios2eds/bin/gnu/h-i686-mingw32/bin/../lib/gcc/nios2-elf/4.1.2\libgcc.a(_usi_to_sf.o)
                0x00005da8                __floatunsisf
 .text          0x00005e68       0x38 c:/altera/13.0/nios2eds/bin/gnu/h-i686-mingw32/bin/../lib/gcc/nios2-elf/4.1.2\libgcc.a(_make_df.o)
                0x00005e68                __make_dp
 .text          0x00005ea0       0x98 c:/altera/13.0/nios2eds/bin/gnu/h-i686-mingw32/bin/../lib/gcc/nios2-elf/4.1.2\libgcc.a(_muldi3.o)
                0x00005ea0                __muldi3
 .text          0x00005f38       0x80 c:/altera/13.0/nios2eds/bin/gnu/h-i686-mingw32/bin/../lib/gcc/nios2-elf/4.1.2\libgcc.a(_clzsi2.o)
                0x00005f38                __clzsi2
 .text          0x00005fb8      0x160 c:/altera/13.0/nios2eds/bin/gnu/h-i686-mingw32/bin/../lib/gcc/nios2-elf/4.1.2\libgcc.a(_pack_sf.o)
                0x00005fb8                __pack_f
 .text          0x00006118       0xc8 c:/altera/13.0/nios2eds/bin/gnu/h-i686-mingw32/bin/../lib/gcc/nios2-elf/4.1.2\libgcc.a(_unpack_sf.o)
                0x00006118                __unpack_f
 .text          0x000061e0      0x314 c:/altera/13.0/nios2eds/bin/gnu/h-i686-mingw32/bin/../lib/gcc/nios2-elf/4.1.2\libgcc.a(_pack_df.o)
                0x000061e0                __pack_d
 .text          0x000064f4        0x0 c:/altera/13.0/nios2eds/bin/gnu/h-i686-mingw32/bin/../lib/gcc/nios2-elf/4.1.2\libgcc.a(_clz.o)
 .text          0x000064f4      0x110 c:/altera/13.0/nios2eds/bin/gnu/h-i686-mingw32/bin/../lib/gcc/nios2-elf/4.1.2/../../../../nios2-elf/lib\libc.a(lib_a-fopen.o)
                0x000064f4                _fopen_r
                0x000065e8                fopen
 .text          0x00006604       0x60 c:/altera/13.0/nios2eds/bin/gnu/h-i686-mingw32/bin/../lib/gcc/nios2-elf/4.1.2/../../../../nios2-elf/lib\libc.a(lib_a-fprintf.o)
                0x00006604                fprintf
                0x00006630                _fprintf_r
 .text          0x00006664      0x460 c:/altera/13.0/nios2eds/bin/gnu/h-i686-mingw32/bin/../lib/gcc/nios2-elf/4.1.2/../../../../nios2-elf/lib\libc.a(lib_a-fseek.o)
                0x00006664                _fseek_r
                0x00006aa0                fseek
 .text          0x00006ac4       0x74 c:/altera/13.0/nios2eds/bin/gnu/h-i686-mingw32/bin/../lib/gcc/nios2-elf/4.1.2/../../../../nios2-elf/lib\libc.a(lib_a-fstatr.o)
                0x00006ac4                _fstat_r
 .text          0x00006b38        0x0 c:/altera/13.0/nios2eds/bin/gnu/h-i686-mingw32/bin/../lib/gcc/nios2-elf/4.1.2/../../../../nios2-elf/lib\libc.a(lib_a-impure.o)
 .text          0x00006b38        0x0 c:/altera/13.0/nios2eds/bin/gnu/h-i686-mingw32/bin/../lib/gcc/nios2-elf/4.1.2/../../../../nios2-elf/lib\libc.a(lib_a-int_errno.o)
 .text          0x00006b38      0x194 c:/altera/13.0/nios2eds/bin/gnu/h-i686-mingw32/bin/../lib/gcc/nios2-elf/4.1.2/../../../../nios2-elf/lib\libc.a(lib_a-makebuf.o)
                0x00006b38                __smakebuf_r
 .text          0x00006ccc      0x740 c:/altera/13.0/nios2eds/bin/gnu/h-i686-mingw32/bin/../lib/gcc/nios2-elf/4.1.2/../../../../nios2-elf/lib\libc.a(lib_a-mallocr.o)
                0x00006ccc                _malloc_r
 .text          0x0000740c       0x74 c:/altera/13.0/nios2eds/bin/gnu/h-i686-mingw32/bin/../lib/gcc/nios2-elf/4.1.2/../../../../nios2-elf/lib\libc.a(lib_a-memcmp.o)
                0x0000740c                memcmp
 .text          0x00007480       0xa0 c:/altera/13.0/nios2eds/bin/gnu/h-i686-mingw32/bin/../lib/gcc/nios2-elf/4.1.2/../../../../nios2-elf/lib\libc.a(lib_a-memcpy.o)
                0x00007480                memcpy
 .text          0x00007520       0x98 c:/altera/13.0/nios2eds/bin/gnu/h-i686-mingw32/bin/../lib/gcc/nios2-elf/4.1.2/../../../../nios2-elf/lib\libc.a(lib_a-memset.o)
                0x00007520                memset
 .text          0x000075b8       0x78 c:/altera/13.0/nios2eds/bin/gnu/h-i686-mingw32/bin/../lib/gcc/nios2-elf/4.1.2/../../../../nios2-elf/lib\libc.a(lib_a-openr.o)
                0x000075b8                _open_r
 .text          0x00007630       0x78 c:/altera/13.0/nios2eds/bin/gnu/h-i686-mingw32/bin/../lib/gcc/nios2-elf/4.1.2/../../../../nios2-elf/lib\libc.a(lib_a-printf.o)
                0x00007630                printf
                0x00007674                _printf_r
 .text          0x000076a8       0xb4 c:/altera/13.0/nios2eds/bin/gnu/h-i686-mingw32/bin/../lib/gcc/nios2-elf/4.1.2/../../../../nios2-elf/lib\libc.a(lib_a-puts.o)
                0x000076a8                _puts_r
                0x00007748                puts
 .text          0x0000775c      0x1e0 c:/altera/13.0/nios2eds/bin/gnu/h-i686-mingw32/bin/../lib/gcc/nios2-elf/4.1.2/../../../../nios2-elf/lib\libc.a(lib_a-refill.o)
                0x0000775c                __srefill_r
 .text          0x0000793c       0x70 c:/altera/13.0/nios2eds/bin/gnu/h-i686-mingw32/bin/../lib/gcc/nios2-elf/4.1.2/../../../../nios2-elf/lib\libc.a(lib_a-sbrkr.o)
                0x0000793c                _sbrk_r
 .text          0x000079ac      0x14c c:/altera/13.0/nios2eds/bin/gnu/h-i686-mingw32/bin/../lib/gcc/nios2-elf/4.1.2/../../../../nios2-elf/lib\libc.a(lib_a-stdio.o)
                0x000079ac                __sclose
                0x000079b4                __sseek
                0x00007a1c                __swrite
                0x00007a98                __sread
 .text          0x00007af8       0x74 c:/altera/13.0/nios2eds/bin/gnu/h-i686-mingw32/bin/../lib/gcc/nios2-elf/4.1.2/../../../../nios2-elf/lib\libc.a(lib_a-strlen.o)
                0x00007af8                strlen
 .text          0x00007b6c     0x1f28 c:/altera/13.0/nios2eds/bin/gnu/h-i686-mingw32/bin/../lib/gcc/nios2-elf/4.1.2/../../../../nios2-elf/lib\libc.a(lib_a-vfprintf.o)
                0x00007bc4                ___vfprintf_internal_r
                0x00009a70                __vfprintf_internal
 .text          0x00009a94       0x78 c:/altera/13.0/nios2eds/bin/gnu/h-i686-mingw32/bin/../lib/gcc/nios2-elf/4.1.2/../../../../nios2-elf/lib\libc.a(lib_a-writer.o)
                0x00009a94                _write_r
 .text          0x00009b0c      0x13c c:/altera/13.0/nios2eds/bin/gnu/h-i686-mingw32/bin/../lib/gcc/nios2-elf/4.1.2/../../../../nios2-elf/lib\libc.a(lib_a-wsetup.o)
                0x00009b0c                __swsetup_r
 .text          0x00009c48       0x70 c:/altera/13.0/nios2eds/bin/gnu/h-i686-mingw32/bin/../lib/gcc/nios2-elf/4.1.2/../../../../nios2-elf/lib\libc.a(lib_a-closer.o)
                0x00009c48                _close_r
 .text          0x00009cb8     0x17cc c:/altera/13.0/nios2eds/bin/gnu/h-i686-mingw32/bin/../lib/gcc/nios2-elf/4.1.2/../../../../nios2-elf/lib\libc.a(lib_a-dtoa.o)
                0x00009ed0                _dtoa_r
 .text          0x0000b484      0x230 c:/altera/13.0/nios2eds/bin/gnu/h-i686-mingw32/bin/../lib/gcc/nios2-elf/4.1.2/../../../../nios2-elf/lib\libc.a(lib_a-fflush.o)
                0x0000b484                _fflush_r
                0x0000b680                fflush
 .text          0x0000b6b4      0x2c0 c:/altera/13.0/nios2eds/bin/gnu/h-i686-mingw32/bin/../lib/gcc/nios2-elf/4.1.2/../../../../nios2-elf/lib\libc.a(lib_a-findfp.o)
                0x0000b70c                __sfp_lock_acquire
                0x0000b710                __sfp_lock_release
                0x0000b714                __sinit_lock_acquire
                0x0000b718                __sinit_lock_release
                0x0000b71c                __sinit
                0x0000b7d0                __fp_unlock_all
                0x0000b7e8                __fp_lock_all
                0x0000b800                _cleanup_r
                0x0000b80c                _cleanup
                0x0000b81c                __sfmoreglue
                0x0000b884                __sfp
 .text          0x0000b974       0xa0 c:/altera/13.0/nios2eds/bin/gnu/h-i686-mingw32/bin/../lib/gcc/nios2-elf/4.1.2/../../../../nios2-elf/lib\libc.a(lib_a-flags.o)
                0x0000b974                __sflags
 .text          0x0000ba14      0x440 c:/altera/13.0/nios2eds/bin/gnu/h-i686-mingw32/bin/../lib/gcc/nios2-elf/4.1.2/../../../../nios2-elf/lib\libc.a(lib_a-freer.o)
                0x0000ba14                _malloc_trim_r
                0x0000bb40                _free_r
 .text          0x0000be54      0x49c c:/altera/13.0/nios2eds/bin/gnu/h-i686-mingw32/bin/../lib/gcc/nios2-elf/4.1.2/../../../../nios2-elf/lib\libc.a(lib_a-fvwrite.o)
                0x0000be54                __sfvwrite_r
 .text          0x0000c2f0      0x180 c:/altera/13.0/nios2eds/bin/gnu/h-i686-mingw32/bin/../lib/gcc/nios2-elf/4.1.2/../../../../nios2-elf/lib\libc.a(lib_a-fwalk.o)
                0x0000c2f0                _fwalk_reent
                0x0000c3b8                _fwalk
 .text          0x0000c470       0x70 c:/altera/13.0/nios2eds/bin/gnu/h-i686-mingw32/bin/../lib/gcc/nios2-elf/4.1.2/../../../../nios2-elf/lib\libc.a(lib_a-isattyr.o)
                0x0000c470                _isatty_r
 .text          0x0000c4e0       0xc4 c:/altera/13.0/nios2eds/bin/gnu/h-i686-mingw32/bin/../lib/gcc/nios2-elf/4.1.2/../../../../nios2-elf/lib\libc.a(lib_a-locale.o)
                0x0000c4e0                __locale_charset
                0x0000c4e8                _localeconv_r
                0x0000c4f4                localeconv
                0x0000c504                _setlocale_r
                0x0000c588                setlocale
 .text          0x0000c5a4       0x78 c:/altera/13.0/nios2eds/bin/gnu/h-i686-mingw32/bin/../lib/gcc/nios2-elf/4.1.2/../../../../nios2-elf/lib\libc.a(lib_a-lseekr.o)
                0x0000c5a4                _lseek_r
 .text          0x0000c61c       0xe4 c:/altera/13.0/nios2eds/bin/gnu/h-i686-mingw32/bin/../lib/gcc/nios2-elf/4.1.2/../../../../nios2-elf/lib\libc.a(lib_a-memchr.o)
                0x0000c61c                memchr
 .text          0x0000c700       0xe0 c:/altera/13.0/nios2eds/bin/gnu/h-i686-mingw32/bin/../lib/gcc/nios2-elf/4.1.2/../../../../nios2-elf/lib\libc.a(lib_a-memmove.o)
                0x0000c700                memmove
 .text          0x0000c7e0      0xff4 c:/altera/13.0/nios2eds/bin/gnu/h-i686-mingw32/bin/../lib/gcc/nios2-elf/4.1.2/../../../../nios2-elf/lib\libc.a(lib_a-mprec.o)
                0x0000c7e0                _Bfree
                0x0000c808                __hi0bits
                0x0000c878                __lo0bits
                0x0000c93c                __mcmp
                0x0000c99c                __ulp
                0x0000ca1c                __b2d
                0x0000cb3c                __ratio
                0x0000cbec                _mprec_log10
                0x0000cc80                __copybits
                0x0000ccd8                __any_on
                0x0000cd60                _Balloc
                0x0000ce1c                __d2b
                0x0000cf98                __mdiff
                0x0000d124                __lshift
                0x0000d270                __multiply
                0x0000d458                __i2b
                0x0000d494                __multadd
                0x0000d594                __pow5mult
                0x0000d6b4                __s2b
 .text          0x0000d7d4       0x78 c:/altera/13.0/nios2eds/bin/gnu/h-i686-mingw32/bin/../lib/gcc/nios2-elf/4.1.2/../../../../nios2-elf/lib\libc.a(lib_a-readr.o)
                0x0000d7d4                _read_r
 .text          0x0000d84c      0x5f4 c:/altera/13.0/nios2eds/bin/gnu/h-i686-mingw32/bin/../lib/gcc/nios2-elf/4.1.2/../../../../nios2-elf/lib\libc.a(lib_a-reallocr.o)
                0x0000d84c                _realloc_r
 .text          0x0000de40       0x40 c:/altera/13.0/nios2eds/bin/gnu/h-i686-mingw32/bin/../lib/gcc/nios2-elf/4.1.2/../../../../nios2-elf/lib\libc.a(lib_a-s_isinfd.o)
                0x0000de40                __isinfd
 .text          0x0000de80       0x30 c:/altera/13.0/nios2eds/bin/gnu/h-i686-mingw32/bin/../lib/gcc/nios2-elf/4.1.2/../../../../nios2-elf/lib\libc.a(lib_a-s_isnand.o)
                0x0000de80                __isnand
 .text          0x0000deb0       0xbc c:/altera/13.0/nios2eds/bin/gnu/h-i686-mingw32/bin/../lib/gcc/nios2-elf/4.1.2/../../../../nios2-elf/lib\libc.a(lib_a-strcmp.o)
                0x0000deb0                strcmp
 .text          0x0000df6c       0xb4 c:/altera/13.0/nios2eds/bin/gnu/h-i686-mingw32/bin/../lib/gcc/nios2-elf/4.1.2/../../../../nios2-elf/lib\libc.a(lib_a-callocr.o)
                0x0000df6c                _calloc_r
 .text          0x0000e020      0x124 c:/altera/13.0/nios2eds/bin/gnu/h-i686-mingw32/bin/../lib/gcc/nios2-elf/4.1.2/../../../../nios2-elf/lib\libc.a(lib_a-fclose.o)
                0x0000e020                _fclose_r
                0x0000e130                fclose
 .text          0x0000e144      0x5dc c:/altera/13.0/nios2eds/bin/gnu/h-i686-mingw32/bin/../lib/gcc/nios2-elf/4.1.2\libgcc.a(_udivdi3.o)
                0x0000e144                __udivdi3
 .text          0x0000e720      0x5b0 c:/altera/13.0/nios2eds/bin/gnu/h-i686-mingw32/bin/../lib/gcc/nios2-elf/4.1.2\libgcc.a(_umoddi3.o)
                0x0000e720                __umoddi3
 .text          0x0000ecd0      0x504 c:/altera/13.0/nios2eds/bin/gnu/h-i686-mingw32/bin/../lib/gcc/nios2-elf/4.1.2\libgcc.a(_addsub_df.o)
                0x0000f0e0                __subdf3
                0x0000f160                __adddf3
 .text          0x0000f1d4      0x3c4 c:/altera/13.0/nios2eds/bin/gnu/h-i686-mingw32/bin/../lib/gcc/nios2-elf/4.1.2\libgcc.a(_mul_df.o)
                0x0000f1d4                __muldf3
 .text          0x0000f598      0x258 c:/altera/13.0/nios2eds/bin/gnu/h-i686-mingw32/bin/../lib/gcc/nios2-elf/4.1.2\libgcc.a(_div_df.o)
                0x0000f598                __divdf3
 .text          0x0000f7f0       0x88 c:/altera/13.0/nios2eds/bin/gnu/h-i686-mingw32/bin/../lib/gcc/nios2-elf/4.1.2\libgcc.a(_eq_df.o)
                0x0000f7f0                __eqdf2
 .text          0x0000f878       0x88 c:/altera/13.0/nios2eds/bin/gnu/h-i686-mingw32/bin/../lib/gcc/nios2-elf/4.1.2\libgcc.a(_ne_df.o)
                0x0000f878                __nedf2
 .text          0x0000f900       0x88 c:/altera/13.0/nios2eds/bin/gnu/h-i686-mingw32/bin/../lib/gcc/nios2-elf/4.1.2\libgcc.a(_gt_df.o)
                0x0000f900                __gtdf2
 .text          0x0000f988       0x88 c:/altera/13.0/nios2eds/bin/gnu/h-i686-mingw32/bin/../lib/gcc/nios2-elf/4.1.2\libgcc.a(_ge_df.o)
                0x0000f988                __gedf2
 .text          0x0000fa10       0x88 c:/altera/13.0/nios2eds/bin/gnu/h-i686-mingw32/bin/../lib/gcc/nios2-elf/4.1.2\libgcc.a(_lt_df.o)
                0x0000fa10                __ltdf2
 .text          0x0000fa98       0xf8 c:/altera/13.0/nios2eds/bin/gnu/h-i686-mingw32/bin/../lib/gcc/nios2-elf/4.1.2\libgcc.a(_si_to_df.o)
                0x0000fa98                __floatsidf
 .text          0x0000fb90       0xd8 c:/altera/13.0/nios2eds/bin/gnu/h-i686-mingw32/bin/../lib/gcc/nios2-elf/4.1.2\libgcc.a(_df_to_si.o)
                0x0000fb90                __fixdfsi
 .text          0x0000fc68        0x0 c:/altera/13.0/nios2eds/bin/gnu/h-i686-mingw32/bin/../lib/gcc/nios2-elf/4.1.2\libgcc.a(_thenan_df.o)
 .text          0x0000fc68      0x194 c:/altera/13.0/nios2eds/bin/gnu/h-i686-mingw32/bin/../lib/gcc/nios2-elf/4.1.2\libgcc.a(_usi_to_df.o)
                0x0000fc68                __floatunsidf
 .text          0x0000fdfc      0x14c c:/altera/13.0/nios2eds/bin/gnu/h-i686-mingw32/bin/../lib/gcc/nios2-elf/4.1.2\libgcc.a(lib2-divmod.o)
                0x0000fe78                __divsi3
                0x0000fed8                __modsi3
                0x0000ff38                __udivsi3
                0x0000ff40                __umodsi3
 .text          0x0000ff48      0x138 c:/altera/13.0/nios2eds/bin/gnu/h-i686-mingw32/bin/../lib/gcc/nios2-elf/4.1.2\libgcc.a(_unpack_df.o)
                0x0000ff48                __unpack_d
 .text          0x00010080       0xc8 c:/altera/13.0/nios2eds/bin/gnu/h-i686-mingw32/bin/../lib/gcc/nios2-elf/4.1.2\libgcc.a(_fpcmp_parts_df.o)
                0x00010080                __fpcmp_parts_d
 .text          0x00010148      0x15c ../freqRelay_bsp/\libhal_bsp.a(alt_close.o)
                0x00010148                close
 .text          0x000102a4       0x2c ../freqRelay_bsp/\libhal_bsp.a(alt_dev.o)
 .text          0x000102d0        0x0 ../freqRelay_bsp/\libhal_bsp.a(alt_errno.o)
 .text          0x000102d0      0x134 ../freqRelay_bsp/\libhal_bsp.a(alt_fstat.o)
                0x000102d0                fstat
 .text          0x00010404        0x0 ../freqRelay_bsp/\libhal_bsp.a(alt_irq_handler.o)
 .text          0x00010404        0x0 ../freqRelay_bsp/\libhal_bsp.a(alt_irq_vars.o)
 .text          0x00010404      0x120 ../freqRelay_bsp/\libhal_bsp.a(alt_isatty.o)
                0x00010404                isatty
 .text          0x00010524      0x150 ../freqRelay_bsp/\libhal_bsp.a(alt_lseek.o)
                0x00010524                lseek
 .text          0x00010674       0x6c ../freqRelay_bsp/\libhal_bsp.a(alt_main.o)
                0x00010674                alt_main
 .text          0x000106e0       0x40 ../freqRelay_bsp/\libhal_bsp.a(alt_malloc_lock.o)
                0x000106e0                __malloc_lock
                0x00010700                __malloc_unlock
 .text          0x00010720      0x2c4 ../freqRelay_bsp/\libhal_bsp.a(alt_open.o)
                0x000107fc                open
 .text          0x000109e4      0x180 ../freqRelay_bsp/\libhal_bsp.a(alt_read.o)
                0x000109e4                read
 .text          0x00010b64       0x60 ../freqRelay_bsp/\libhal_bsp.a(alt_release_fd.o)
                0x00010b64                alt_release_fd
 .text          0x00010bc4       0xbc ../freqRelay_bsp/\libhal_bsp.a(alt_sbrk.o)
                0x00010bc4                sbrk
 .text          0x00010c80      0x180 ../freqRelay_bsp/\libhal_bsp.a(alt_write.o)
                0x00010c80                write
 .text          0x00010e00      0x3d8 ../freqRelay_bsp/\libhal_bsp.a(alt_sys_init.o)
                0x00010e00                alt_irq_init
                0x00010e34                alt_sys_init
 .text          0x000111d8      0x8d8 ../freqRelay_bsp/\libhal_bsp.a(altera_avalon_cfi_flash.o)
                0x000111d8                alt_flash_cfi_init
                0x000112ac                alt_flash_cfi_write
                0x0001156c                alt_flash_cfi_get_info
                0x000115fc                alt_flash_cfi_read
                0x00011664                alt_write_value_to_flash
                0x000117c8                alt_flash_program_block
 .text          0x00011ab0     0x14a8 ../freqRelay_bsp/\libhal_bsp.a(altera_avalon_cfi_flash_table.o)
                0x00011ab0                alt_read_query_entry_8bit
                0x00011af0                alt_read_query_entry_16bit
                0x00011b34                alt_read_query_entry_32bit
                0x00011b7c                alt_write_flash_command_8bit_device_8bit_mode
                0x00011bb8                alt_write_flash_command_16bit_device_8bit_mode
                0x00011c34                alt_write_flash_command_32bit_device_8bit_mode
                0x00011c7c                alt_write_flash_command_16bit_device_16bit_mode
                0x00011cc0                alt_write_flash_command_32bit_device_16bit_mode
                0x00011d08                alt_write_flash_command_32bit_device_32bit_mode
                0x00011d50                alt_write_native_8bit
                0x00011d84                alt_write_native_16bit
                0x00011db8                alt_write_native_32bit
                0x00011de8                alt_set_flash_width_func
                0x00011fc8                alt_set_flash_algorithm_func
                0x000120f0                alt_read_cfi_table
                0x000126d0                alt_read_cfi_width
                0x00012e7c                alt_check_primary_table
 .text          0x00012f58      0x148 ../freqRelay_bsp/\libhal_bsp.a(altera_avalon_jtag_uart_fd.o)
                0x00012f58                altera_avalon_jtag_uart_read_fd
                0x00012fb0                altera_avalon_jtag_uart_write_fd
                0x00013008                altera_avalon_jtag_uart_close_fd
                0x00013050                altera_avalon_jtag_uart_ioctl_fd
 .text          0x000130a0      0x408 ../freqRelay_bsp/\libhal_bsp.a(altera_avalon_jtag_uart_init.o)
                0x000130a0                altera_avalon_jtag_uart_init
                0x00013434                altera_avalon_jtag_uart_close
 .text          0x000134a8       0xf4 ../freqRelay_bsp/\libhal_bsp.a(altera_avalon_jtag_uart_ioctl.o)
                0x000134a8                altera_avalon_jtag_uart_ioctl
 .text          0x0001359c      0x224 ../freqRelay_bsp/\libhal_bsp.a(altera_avalon_jtag_uart_read.o)
                0x0001359c                altera_avalon_jtag_uart_read
 .text          0x000137c0      0x240 ../freqRelay_bsp/\libhal_bsp.a(altera_avalon_jtag_uart_write.o)
                0x000137c0                altera_avalon_jtag_uart_write
 .text          0x00013a00      0xee0 ../freqRelay_bsp/\libhal_bsp.a(altera_avalon_lcd_16207.o)
                0x000141d4                altera_avalon_lcd_16207_write
                0x000147a4                altera_avalon_lcd_16207_init
 .text          0x000148e0       0x58 ../freqRelay_bsp/\libhal_bsp.a(altera_avalon_lcd_16207_fd.o)
                0x000148e0                altera_avalon_lcd_16207_write_fd
 .text          0x00014938       0xfc ../freqRelay_bsp/\libhal_bsp.a(altera_avalon_timer_sc.o)
                0x000149ac                alt_avalon_timer_sc_init
 .text          0x00014a34       0xf8 ../freqRelay_bsp/\libhal_bsp.a(altera_avalon_uart_fd.o)
                0x00014a34                altera_avalon_uart_read_fd
                0x00014a8c                altera_avalon_uart_write_fd
                0x00014ae4                altera_avalon_uart_close_fd
 .text          0x00014b2c      0x3fc ../freqRelay_bsp/\libhal_bsp.a(altera_avalon_uart_init.o)
                0x00014b2c                altera_avalon_uart_init
                0x00014ec8                altera_avalon_uart_close
 .text          0x00014f28      0x290 ../freqRelay_bsp/\libhal_bsp.a(altera_avalon_uart_read.o)
                0x00014f28                altera_avalon_uart_read
 .text          0x000151b8      0x228 ../freqRelay_bsp/\libhal_bsp.a(altera_avalon_uart_write.o)
                0x000151b8                altera_avalon_uart_write
 .text          0x000153e0      0x700 ../freqRelay_bsp/\libhal_bsp.a(altera_up_avalon_ps2.o)
                0x000153e0                read_RI_bit
                0x00015414                read_RE_bit
                0x00015444                read_CE_bit
                0x00015478                read_num_bytes_available
                0x000154ac                read_data_valid
                0x000154e0                read_data_byte
                0x0001550c                alt_up_ps2_init
                0x000155d8                alt_up_ps2_enable_read_interrupt
                0x0001562c                alt_up_ps2_disable_read_interrupt
                0x00015684                alt_up_ps2_write_data_byte
                0x000156fc                alt_up_ps2_wait_for_ack
                0x0001576c                alt_up_ps2_write_data_byte_with_ack
                0x000157d8                alt_up_ps2_read_data_byte_timeout
                0x00015888                alt_up_ps2_read_data_byte
                0x00015904                alt_up_ps2_clear_fifo
                0x0001595c                alt_up_ps2_read_fd
                0x000159f8                alt_up_ps2_write_fd
                0x00015aa0                alt_up_ps2_open_dev
 .text          0x00015ae0      0x304 ../freqRelay_bsp/\libhal_bsp.a(altera_up_avalon_video_character_buffer_with_dma.o)
                0x00015ae0                alt_up_char_buffer_init
                0x00015b64                alt_up_char_buffer_open_dev
                0x00015ba4                alt_up_char_buffer_draw
                0x00015c74                alt_up_char_buffer_string
                0x00015d88                alt_up_char_buffer_clear
 .text          0x00015de4      0x154 ../freqRelay_bsp/\libhal_bsp.a(alt_alarm_start.o)
                0x00015de4                alt_alarm_start
 .text          0x00015f38       0x78 ../freqRelay_bsp/\libhal_bsp.a(alt_dcache_flush.o)
                0x00015f38                alt_dcache_flush
 .text          0x00015fb0      0x114 ../freqRelay_bsp/\libhal_bsp.a(alt_dev_llist_insert.o)
                0x00015fb0                alt_dev_llist_insert
 .text          0x000160c4       0x64 ../freqRelay_bsp/\libhal_bsp.a(alt_do_ctors.o)
                0x000160c4                _do_ctors
 .text          0x00016128       0x64 ../freqRelay_bsp/\libhal_bsp.a(alt_do_dtors.o)
                0x00016128                _do_dtors
 .text          0x0001618c       0x94 ../freqRelay_bsp/\libhal_bsp.a(alt_find_dev.o)
                0x0001618c                alt_find_dev
 .text          0x00016220      0x120 ../freqRelay_bsp/\libhal_bsp.a(alt_find_file.o)
                0x00016220                alt_find_file
 .text          0x00016340       0xd0 ../freqRelay_bsp/\libhal_bsp.a(alt_flash_dev.o)
                0x00016340                alt_flash_open_dev
                0x000163bc                alt_flash_close_dev
 .text          0x00016410       0xb8 ../freqRelay_bsp/\libhal_bsp.a(alt_get_fd.o)
                0x00016410                alt_get_fd
 .text          0x000164c8      0x13c ../freqRelay_bsp/\libhal_bsp.a(alt_io_redirect.o)
                0x0001658c                alt_io_redirect
 .text          0x00016604      0x1a4 ../freqRelay_bsp/\libhal_bsp.a(alt_tick.o)
                0x00016604                alt_alarm_stop
                0x0001669c                alt_tick
 .text          0x000167a8       0x30 ../freqRelay_bsp/\libhal_bsp.a(alt_usleep.o)
                0x000167a8                usleep
 .text          0x000167d8       0x20 ../freqRelay_bsp/\libhal_bsp.a(altera_nios2_qsys_irq.o)
                0x000167d8                altera_nios2_qsys_irq_init
 .text          0x000167f8      0x460 ../freqRelay_bsp/\libhal_bsp.a(altera_avalon_cfi_flash_amd.o)
                0x000167f8                alt_program_amd
                0x00016860                alt_erase_block_amd
 .text          0x00016c58      0x460 ../freqRelay_bsp/\libhal_bsp.a(altera_avalon_cfi_flash_intel.o)
                0x00016c58                alt_program_intel
                0x00016cdc                alt_erase_block_intel
 .text          0x000170b8      0x12c ../freqRelay_bsp/\libhal_bsp.a(alt_busy_sleep.o)
                0x000170b8                alt_busy_sleep
 .text          0x000171e4       0x14 c:/altera/13.0/nios2eds/bin/gnu/h-i686-mingw32/bin/../lib/gcc/nios2-elf/4.1.2/../../../../nios2-elf/lib\libc.a(lib_a-atexit.o)
                0x000171e4                atexit
 .text          0x000171f8        0x0 c:/altera/13.0/nios2eds/bin/gnu/h-i686-mingw32/bin/../lib/gcc/nios2-elf/4.1.2/../../../../nios2-elf/lib\libc.a(lib_a-ctype_.o)
 .text          0x000171f8       0x38 c:/altera/13.0/nios2eds/bin/gnu/h-i686-mingw32/bin/../lib/gcc/nios2-elf/4.1.2/../../../../nios2-elf/lib\libc.a(lib_a-exit.o)
                0x000171f8                exit
 .text          0x00017230      0x134 c:/altera/13.0/nios2eds/bin/gnu/h-i686-mingw32/bin/../lib/gcc/nios2-elf/4.1.2/../../../../nios2-elf/lib\libc.a(lib_a-__atexit.o)
                0x00017230                __register_exitproc
 .text          0x00017364      0x1b4 c:/altera/13.0/nios2eds/bin/gnu/h-i686-mingw32/bin/../lib/gcc/nios2-elf/4.1.2/../../../../nios2-elf/lib\libc.a(lib_a-__call_atexit.o)
                0x00017368                __call_exitprocs
 .text          0x00017518       0x60 ../freqRelay_bsp/\libhal_bsp.a(alt_exit.o)
                0x00017558                _exit
 *(.gnu.warning.*)
 *(.fini)
                0x00017578                PROVIDE (__etext, ABSOLUTE (.))
                0x00017578                PROVIDE (_etext, ABSOLUTE (.))
                0x00017578                PROVIDE (etext, ABSOLUTE (.))
 *(.eh_frame_hdr)
                0x00017578                . = ALIGN (0x4)
                0x00017578                PROVIDE (__preinit_array_start, ABSOLUTE (.))
 *(.preinit_array)
                0x00017578                PROVIDE (__preinit_array_end, ABSOLUTE (.))
                0x00017578                PROVIDE (__init_array_start, ABSOLUTE (.))
 *(.init_array)
                0x00017578                PROVIDE (__init_array_end, ABSOLUTE (.))
                0x00017578                PROVIDE (__fini_array_start, ABSOLUTE (.))
 *(.fini_array)
                0x00017578                PROVIDE (__fini_array_end, ABSOLUTE (.))
 *(.eh_frame)
 *(.gcc_except_table)
 *(.dynamic)
                0x00017578                PROVIDE (__CTOR_LIST__, ABSOLUTE (.))
 *(.ctors)
 *(SORT(.ctors.*))
 .ctors.65535   0x00017578        0x4 c:/altera/13.0/nios2eds/bin/gnu/h-i686-mingw32/bin/../lib/gcc/nios2-elf/4.1.2/../../../../nios2-elf/lib\libc.a(lib_a-__call_atexit.o)
                0x0001757c                PROVIDE (__CTOR_END__, ABSOLUTE (.))
                0x0001757c                PROVIDE (__DTOR_LIST__, ABSOLUTE (.))
 *(.dtors)
 *(SORT(.dtors.*))
                0x0001757c                PROVIDE (__DTOR_END__, ABSOLUTE (.))
 *(.jcr)
                0x0001757c                . = ALIGN (0x4)

.rodata         0x08000000      0x7bc
                0x08000000                PROVIDE (__ram_rodata_start, ABSOLUTE (.))
                0x08000000                . = ALIGN (0x4)
 *(.rodata .rodata.* .gnu.linkonce.r.*)
 .rodata        0x08000000       0x34 obj/default/freertos/port.o
 .rodata        0x08000034       0x1c obj/default/freertos/tasks.o
 .rodata        0x08000050        0x8 obj/default/freertos/timers.o
 .rodata        0x08000058        0x8 obj/default/interrupts.o
 .rodata        0x08000060       0xd0 obj/default/taskslcfr.o
 .rodata        0x08000130       0x10 c:/altera/13.0/nios2eds/bin/gnu/h-i686-mingw32/bin/../lib/gcc/nios2-elf/4.1.2\libgcc.a(_thenan_sf.o)
                0x08000130                __thenan_sf
 .rodata        0x08000140      0x100 c:/altera/13.0/nios2eds/bin/gnu/h-i686-mingw32/bin/../lib/gcc/nios2-elf/4.1.2\libgcc.a(_clz.o)
                0x08000140                __clz_tab
 .rodata.str1.4
                0x08000240        0x2 c:/altera/13.0/nios2eds/bin/gnu/h-i686-mingw32/bin/../lib/gcc/nios2-elf/4.1.2/../../../../nios2-elf/lib\libc.a(lib_a-impure.o)
                                  0x4 (size before relaxing)
 *fill*         0x08000242        0x2 00
 .rodata.str1.4
                0x08000244        0x2 c:/altera/13.0/nios2eds/bin/gnu/h-i686-mingw32/bin/../lib/gcc/nios2-elf/4.1.2/../../../../nios2-elf/lib\libc.a(lib_a-puts.o)
                                  0x4 (size before relaxing)
 *fill*         0x08000246        0x2 00
 .rodata.str1.4
                0x08000248       0x5e c:/altera/13.0/nios2eds/bin/gnu/h-i686-mingw32/bin/../lib/gcc/nios2-elf/4.1.2/../../../../nios2-elf/lib\libc.a(lib_a-vfprintf.o)
                                 0x60 (size before relaxing)
 *fill*         0x080002a6        0x2 00
 .rodata        0x080002a8       0x20 c:/altera/13.0/nios2eds/bin/gnu/h-i686-mingw32/bin/../lib/gcc/nios2-elf/4.1.2/../../../../nios2-elf/lib\libc.a(lib_a-vfprintf.o)
 .rodata.str1.4
                0x080002c8       0x10 c:/altera/13.0/nios2eds/bin/gnu/h-i686-mingw32/bin/../lib/gcc/nios2-elf/4.1.2/../../../../nios2-elf/lib\libc.a(lib_a-dtoa.o)
                                 0x14 (size before relaxing)
 .rodata.str1.4
                0x080002d8       0x10 c:/altera/13.0/nios2eds/bin/gnu/h-i686-mingw32/bin/../lib/gcc/nios2-elf/4.1.2/../../../../nios2-elf/lib\libc.a(lib_a-locale.o)
                                 0x18 (size before relaxing)
 .rodata        0x080002e8       0x30 c:/altera/13.0/nios2eds/bin/gnu/h-i686-mingw32/bin/../lib/gcc/nios2-elf/4.1.2/../../../../nios2-elf/lib\libc.a(lib_a-locale.o)
 .rodata        0x08000318      0x124 c:/altera/13.0/nios2eds/bin/gnu/h-i686-mingw32/bin/../lib/gcc/nios2-elf/4.1.2/../../../../nios2-elf/lib\libc.a(lib_a-mprec.o)
                0x08000318                __mprec_tens
                0x080003e0                __mprec_bigtens
                0x08000408                __mprec_tinytens
 .rodata        0x0800043c       0x14 c:/altera/13.0/nios2eds/bin/gnu/h-i686-mingw32/bin/../lib/gcc/nios2-elf/4.1.2\libgcc.a(_thenan_df.o)
                0x0800043c                __thenan_df
 .rodata        0x08000450        0xc ../freqRelay_bsp/\libhal_bsp.a(alt_dev.o)
 .rodata        0x0800045c       0x10 ../freqRelay_bsp/\libhal_bsp.a(alt_main.o)
 .rodata        0x0800046c       0xb0 ../freqRelay_bsp/\libhal_bsp.a(alt_sys_init.o)
 .rodata        0x0800051c       0x1c ../freqRelay_bsp/\libhal_bsp.a(altera_up_avalon_video_character_buffer_with_dma.o)
 .rodata        0x08000538      0x284 c:/altera/13.0/nios2eds/bin/gnu/h-i686-mingw32/bin/../lib/gcc/nios2-elf/4.1.2/../../../../nios2-elf/lib\libc.a(lib_a-ctype_.o)
                0x08000538                _ctype_
 *(.rodata1)
                0x080007bc                . = ALIGN (0x4)
                0x080007bc                PROVIDE (__ram_rodata_end, ABSOLUTE (.))
                0x08000000                PROVIDE (__flash_rodata_start, LOADADDR (.rodata))

.rwdata         0x080007bc     0x1e0c
                0x080007bc                PROVIDE (__ram_rwdata_start, ABSOLUTE (.))
                0x080007bc                . = ALIGN (0x4)
 *(.got.plt)
 *(.got)
 *(.data1)
 *(.data .data.* .gnu.linkonce.d.*)
 .data          0x080007bc        0x0 ../freqRelay_bsp//obj/HAL/src/crt0.o
 .data          0x080007bc        0x0 obj/default/freertos/croutine.o
 .data          0x080007bc        0x0 obj/default/freertos/event_groups.o
 .data          0x080007bc        0x0 obj/default/freertos/heap.o
 .data          0x080007bc        0x0 obj/default/freertos/list.o
 .data          0x080007bc        0x0 obj/default/freertos/port.o
 .data          0x080007bc        0x0 obj/default/freertos/queue.o
 .data          0x080007bc        0x0 obj/default/freertos/tasks.o
 .data          0x080007bc        0x0 obj/default/freertos/timers.o
 .data          0x080007bc        0x0 obj/default/hello_world.o
 .data          0x080007bc        0x0 obj/default/interrupts.o
 .data          0x080007bc        0x0 obj/default/taskslcfr.o
 .data          0x080007bc        0x0 obj/default/variables.o
 .data          0x080007bc        0x0 obj/default/freertos/port_asm.o
 .data          0x080007bc        0x0 c:/altera/13.0/nios2eds/bin/gnu/h-i686-mingw32/bin/../lib/gcc/nios2-elf/4.1.2\libgcc.a(_addsub_sf.o)
 .data          0x080007bc        0x0 c:/altera/13.0/nios2eds/bin/gnu/h-i686-mingw32/bin/../lib/gcc/nios2-elf/4.1.2\libgcc.a(_mul_sf.o)
 .data          0x080007bc        0x0 c:/altera/13.0/nios2eds/bin/gnu/h-i686-mingw32/bin/../lib/gcc/nios2-elf/4.1.2\libgcc.a(_div_sf.o)
 .data          0x080007bc        0x0 c:/altera/13.0/nios2eds/bin/gnu/h-i686-mingw32/bin/../lib/gcc/nios2-elf/4.1.2\libgcc.a(_si_to_sf.o)
 .data          0x080007bc        0x0 c:/altera/13.0/nios2eds/bin/gnu/h-i686-mingw32/bin/../lib/gcc/nios2-elf/4.1.2\libgcc.a(_sf_to_df.o)
 .data          0x080007bc        0x0 c:/altera/13.0/nios2eds/bin/gnu/h-i686-mingw32/bin/../lib/gcc/nios2-elf/4.1.2\libgcc.a(_thenan_sf.o)
 .data          0x080007bc        0x0 c:/altera/13.0/nios2eds/bin/gnu/h-i686-mingw32/bin/../lib/gcc/nios2-elf/4.1.2\libgcc.a(_usi_to_sf.o)
 .data          0x080007bc        0x0 c:/altera/13.0/nios2eds/bin/gnu/h-i686-mingw32/bin/../lib/gcc/nios2-elf/4.1.2\libgcc.a(_make_df.o)
 .data          0x080007bc        0x0 c:/altera/13.0/nios2eds/bin/gnu/h-i686-mingw32/bin/../lib/gcc/nios2-elf/4.1.2\libgcc.a(_muldi3.o)
 .data          0x080007bc        0x0 c:/altera/13.0/nios2eds/bin/gnu/h-i686-mingw32/bin/../lib/gcc/nios2-elf/4.1.2\libgcc.a(_clzsi2.o)
 .data          0x080007bc        0x0 c:/altera/13.0/nios2eds/bin/gnu/h-i686-mingw32/bin/../lib/gcc/nios2-elf/4.1.2\libgcc.a(_pack_sf.o)
 .data          0x080007bc        0x0 c:/altera/13.0/nios2eds/bin/gnu/h-i686-mingw32/bin/../lib/gcc/nios2-elf/4.1.2\libgcc.a(_unpack_sf.o)
 .data          0x080007bc        0x0 c:/altera/13.0/nios2eds/bin/gnu/h-i686-mingw32/bin/../lib/gcc/nios2-elf/4.1.2\libgcc.a(_pack_df.o)
 .data          0x080007bc        0x0 c:/altera/13.0/nios2eds/bin/gnu/h-i686-mingw32/bin/../lib/gcc/nios2-elf/4.1.2\libgcc.a(_clz.o)
 .data          0x080007bc        0x0 c:/altera/13.0/nios2eds/bin/gnu/h-i686-mingw32/bin/../lib/gcc/nios2-elf/4.1.2/../../../../nios2-elf/lib\libc.a(lib_a-fopen.o)
 .data          0x080007bc        0x0 c:/altera/13.0/nios2eds/bin/gnu/h-i686-mingw32/bin/../lib/gcc/nios2-elf/4.1.2/../../../../nios2-elf/lib\libc.a(lib_a-fprintf.o)
 .data          0x080007bc        0x0 c:/altera/13.0/nios2eds/bin/gnu/h-i686-mingw32/bin/../lib/gcc/nios2-elf/4.1.2/../../../../nios2-elf/lib\libc.a(lib_a-fseek.o)
 .data          0x080007bc        0x0 c:/altera/13.0/nios2eds/bin/gnu/h-i686-mingw32/bin/../lib/gcc/nios2-elf/4.1.2/../../../../nios2-elf/lib\libc.a(lib_a-fstatr.o)
 .data          0x080007bc      0x400 c:/altera/13.0/nios2eds/bin/gnu/h-i686-mingw32/bin/../lib/gcc/nios2-elf/4.1.2/../../../../nios2-elf/lib\libc.a(lib_a-impure.o)
 .data          0x08000bbc        0x0 c:/altera/13.0/nios2eds/bin/gnu/h-i686-mingw32/bin/../lib/gcc/nios2-elf/4.1.2/../../../../nios2-elf/lib\libc.a(lib_a-int_errno.o)
 .data          0x08000bbc        0x0 c:/altera/13.0/nios2eds/bin/gnu/h-i686-mingw32/bin/../lib/gcc/nios2-elf/4.1.2/../../../../nios2-elf/lib\libc.a(lib_a-makebuf.o)
 .data          0x08000bbc      0x408 c:/altera/13.0/nios2eds/bin/gnu/h-i686-mingw32/bin/../lib/gcc/nios2-elf/4.1.2/../../../../nios2-elf/lib\libc.a(lib_a-mallocr.o)
                0x08000bbc                __malloc_av_
 .data          0x08000fc4        0x0 c:/altera/13.0/nios2eds/bin/gnu/h-i686-mingw32/bin/../lib/gcc/nios2-elf/4.1.2/../../../../nios2-elf/lib\libc.a(lib_a-memcmp.o)
 .data          0x08000fc4        0x0 c:/altera/13.0/nios2eds/bin/gnu/h-i686-mingw32/bin/../lib/gcc/nios2-elf/4.1.2/../../../../nios2-elf/lib\libc.a(lib_a-memcpy.o)
 .data          0x08000fc4        0x0 c:/altera/13.0/nios2eds/bin/gnu/h-i686-mingw32/bin/../lib/gcc/nios2-elf/4.1.2/../../../../nios2-elf/lib\libc.a(lib_a-memset.o)
 .data          0x08000fc4        0x0 c:/altera/13.0/nios2eds/bin/gnu/h-i686-mingw32/bin/../lib/gcc/nios2-elf/4.1.2/../../../../nios2-elf/lib\libc.a(lib_a-openr.o)
 .data          0x08000fc4        0x0 c:/altera/13.0/nios2eds/bin/gnu/h-i686-mingw32/bin/../lib/gcc/nios2-elf/4.1.2/../../../../nios2-elf/lib\libc.a(lib_a-printf.o)
 .data          0x08000fc4        0x0 c:/altera/13.0/nios2eds/bin/gnu/h-i686-mingw32/bin/../lib/gcc/nios2-elf/4.1.2/../../../../nios2-elf/lib\libc.a(lib_a-puts.o)
 .data          0x08000fc4        0x0 c:/altera/13.0/nios2eds/bin/gnu/h-i686-mingw32/bin/../lib/gcc/nios2-elf/4.1.2/../../../../nios2-elf/lib\libc.a(lib_a-refill.o)
 .data          0x08000fc4        0x0 c:/altera/13.0/nios2eds/bin/gnu/h-i686-mingw32/bin/../lib/gcc/nios2-elf/4.1.2/../../../../nios2-elf/lib\libc.a(lib_a-sbrkr.o)
 .data          0x08000fc4        0x0 c:/altera/13.0/nios2eds/bin/gnu/h-i686-mingw32/bin/../lib/gcc/nios2-elf/4.1.2/../../../../nios2-elf/lib\libc.a(lib_a-stdio.o)
 .data          0x08000fc4        0x0 c:/altera/13.0/nios2eds/bin/gnu/h-i686-mingw32/bin/../lib/gcc/nios2-elf/4.1.2/../../../../nios2-elf/lib\libc.a(lib_a-strlen.o)
 .data          0x08000fc4        0x0 c:/altera/13.0/nios2eds/bin/gnu/h-i686-mingw32/bin/../lib/gcc/nios2-elf/4.1.2/../../../../nios2-elf/lib\libc.a(lib_a-vfprintf.o)
 .data          0x08000fc4        0x0 c:/altera/13.0/nios2eds/bin/gnu/h-i686-mingw32/bin/../lib/gcc/nios2-elf/4.1.2/../../../../nios2-elf/lib\libc.a(lib_a-writer.o)
 .data          0x08000fc4        0x0 c:/altera/13.0/nios2eds/bin/gnu/h-i686-mingw32/bin/../lib/gcc/nios2-elf/4.1.2/../../../../nios2-elf/lib\libc.a(lib_a-wsetup.o)
 .data          0x08000fc4        0x0 c:/altera/13.0/nios2eds/bin/gnu/h-i686-mingw32/bin/../lib/gcc/nios2-elf/4.1.2/../../../../nios2-elf/lib\libc.a(lib_a-closer.o)
 .data          0x08000fc4        0x0 c:/altera/13.0/nios2eds/bin/gnu/h-i686-mingw32/bin/../lib/gcc/nios2-elf/4.1.2/../../../../nios2-elf/lib\libc.a(lib_a-dtoa.o)
 .data          0x08000fc4        0x0 c:/altera/13.0/nios2eds/bin/gnu/h-i686-mingw32/bin/../lib/gcc/nios2-elf/4.1.2/../../../../nios2-elf/lib\libc.a(lib_a-fflush.o)
 .data          0x08000fc4        0x0 c:/altera/13.0/nios2eds/bin/gnu/h-i686-mingw32/bin/../lib/gcc/nios2-elf/4.1.2/../../../../nios2-elf/lib\libc.a(lib_a-findfp.o)
 .data          0x08000fc4        0x0 c:/altera/13.0/nios2eds/bin/gnu/h-i686-mingw32/bin/../lib/gcc/nios2-elf/4.1.2/../../../../nios2-elf/lib\libc.a(lib_a-flags.o)
 .data          0x08000fc4        0x0 c:/altera/13.0/nios2eds/bin/gnu/h-i686-mingw32/bin/../lib/gcc/nios2-elf/4.1.2/../../../../nios2-elf/lib\libc.a(lib_a-freer.o)
 .data          0x08000fc4        0x0 c:/altera/13.0/nios2eds/bin/gnu/h-i686-mingw32/bin/../lib/gcc/nios2-elf/4.1.2/../../../../nios2-elf/lib\libc.a(lib_a-fvwrite.o)
 .data          0x08000fc4        0x0 c:/altera/13.0/nios2eds/bin/gnu/h-i686-mingw32/bin/../lib/gcc/nios2-elf/4.1.2/../../../../nios2-elf/lib\libc.a(lib_a-fwalk.o)
 .data          0x08000fc4        0x0 c:/altera/13.0/nios2eds/bin/gnu/h-i686-mingw32/bin/../lib/gcc/nios2-elf/4.1.2/../../../../nios2-elf/lib\libc.a(lib_a-isattyr.o)
 .data          0x08000fc4        0xc c:/altera/13.0/nios2eds/bin/gnu/h-i686-mingw32/bin/../lib/gcc/nios2-elf/4.1.2/../../../../nios2-elf/lib\libc.a(lib_a-locale.o)
                0x08000fc4                __lc_ctype
 .data          0x08000fd0        0x0 c:/altera/13.0/nios2eds/bin/gnu/h-i686-mingw32/bin/../lib/gcc/nios2-elf/4.1.2/../../../../nios2-elf/lib\libc.a(lib_a-lseekr.o)
 .data          0x08000fd0        0x0 c:/altera/13.0/nios2eds/bin/gnu/h-i686-mingw32/bin/../lib/gcc/nios2-elf/4.1.2/../../../../nios2-elf/lib\libc.a(lib_a-memchr.o)
 .data          0x08000fd0        0x0 c:/altera/13.0/nios2eds/bin/gnu/h-i686-mingw32/bin/../lib/gcc/nios2-elf/4.1.2/../../../../nios2-elf/lib\libc.a(lib_a-memmove.o)
 .data          0x08000fd0        0x0 c:/altera/13.0/nios2eds/bin/gnu/h-i686-mingw32/bin/../lib/gcc/nios2-elf/4.1.2/../../../../nios2-elf/lib\libc.a(lib_a-mprec.o)
 .data          0x08000fd0        0x0 c:/altera/13.0/nios2eds/bin/gnu/h-i686-mingw32/bin/../lib/gcc/nios2-elf/4.1.2/../../../../nios2-elf/lib\libc.a(lib_a-readr.o)
 .data          0x08000fd0        0x0 c:/altera/13.0/nios2eds/bin/gnu/h-i686-mingw32/bin/../lib/gcc/nios2-elf/4.1.2/../../../../nios2-elf/lib\libc.a(lib_a-reallocr.o)
 .data          0x08000fd0        0x0 c:/altera/13.0/nios2eds/bin/gnu/h-i686-mingw32/bin/../lib/gcc/nios2-elf/4.1.2/../../../../nios2-elf/lib\libc.a(lib_a-s_isinfd.o)
 .data          0x08000fd0        0x0 c:/altera/13.0/nios2eds/bin/gnu/h-i686-mingw32/bin/../lib/gcc/nios2-elf/4.1.2/../../../../nios2-elf/lib\libc.a(lib_a-s_isnand.o)
 .data          0x08000fd0        0x0 c:/altera/13.0/nios2eds/bin/gnu/h-i686-mingw32/bin/../lib/gcc/nios2-elf/4.1.2/../../../../nios2-elf/lib\libc.a(lib_a-strcmp.o)
 .data          0x08000fd0        0x0 c:/altera/13.0/nios2eds/bin/gnu/h-i686-mingw32/bin/../lib/gcc/nios2-elf/4.1.2/../../../../nios2-elf/lib\libc.a(lib_a-callocr.o)
 .data          0x08000fd0        0x0 c:/altera/13.0/nios2eds/bin/gnu/h-i686-mingw32/bin/../lib/gcc/nios2-elf/4.1.2/../../../../nios2-elf/lib\libc.a(lib_a-fclose.o)
 .data          0x08000fd0        0x0 c:/altera/13.0/nios2eds/bin/gnu/h-i686-mingw32/bin/../lib/gcc/nios2-elf/4.1.2\libgcc.a(_udivdi3.o)
 .data          0x08000fd0        0x0 c:/altera/13.0/nios2eds/bin/gnu/h-i686-mingw32/bin/../lib/gcc/nios2-elf/4.1.2\libgcc.a(_umoddi3.o)
 .data          0x08000fd0        0x0 c:/altera/13.0/nios2eds/bin/gnu/h-i686-mingw32/bin/../lib/gcc/nios2-elf/4.1.2\libgcc.a(_addsub_df.o)
 .data          0x08000fd0        0x0 c:/altera/13.0/nios2eds/bin/gnu/h-i686-mingw32/bin/../lib/gcc/nios2-elf/4.1.2\libgcc.a(_mul_df.o)
 .data          0x08000fd0        0x0 c:/altera/13.0/nios2eds/bin/gnu/h-i686-mingw32/bin/../lib/gcc/nios2-elf/4.1.2\libgcc.a(_div_df.o)
 .data          0x08000fd0        0x0 c:/altera/13.0/nios2eds/bin/gnu/h-i686-mingw32/bin/../lib/gcc/nios2-elf/4.1.2\libgcc.a(_eq_df.o)
 .data          0x08000fd0        0x0 c:/altera/13.0/nios2eds/bin/gnu/h-i686-mingw32/bin/../lib/gcc/nios2-elf/4.1.2\libgcc.a(_ne_df.o)
 .data          0x08000fd0        0x0 c:/altera/13.0/nios2eds/bin/gnu/h-i686-mingw32/bin/../lib/gcc/nios2-elf/4.1.2\libgcc.a(_gt_df.o)
 .data          0x08000fd0        0x0 c:/altera/13.0/nios2eds/bin/gnu/h-i686-mingw32/bin/../lib/gcc/nios2-elf/4.1.2\libgcc.a(_ge_df.o)
 .data          0x08000fd0        0x0 c:/altera/13.0/nios2eds/bin/gnu/h-i686-mingw32/bin/../lib/gcc/nios2-elf/4.1.2\libgcc.a(_lt_df.o)
 .data          0x08000fd0        0x0 c:/altera/13.0/nios2eds/bin/gnu/h-i686-mingw32/bin/../lib/gcc/nios2-elf/4.1.2\libgcc.a(_si_to_df.o)
 .data          0x08000fd0        0x0 c:/altera/13.0/nios2eds/bin/gnu/h-i686-mingw32/bin/../lib/gcc/nios2-elf/4.1.2\libgcc.a(_df_to_si.o)
 .data          0x08000fd0        0x0 c:/altera/13.0/nios2eds/bin/gnu/h-i686-mingw32/bin/../lib/gcc/nios2-elf/4.1.2\libgcc.a(_thenan_df.o)
 .data          0x08000fd0        0x0 c:/altera/13.0/nios2eds/bin/gnu/h-i686-mingw32/bin/../lib/gcc/nios2-elf/4.1.2\libgcc.a(_usi_to_df.o)
 .data          0x08000fd0        0x0 c:/altera/13.0/nios2eds/bin/gnu/h-i686-mingw32/bin/../lib/gcc/nios2-elf/4.1.2\libgcc.a(lib2-divmod.o)
 .data          0x08000fd0        0x0 c:/altera/13.0/nios2eds/bin/gnu/h-i686-mingw32/bin/../lib/gcc/nios2-elf/4.1.2\libgcc.a(_unpack_df.o)
 .data          0x08000fd0        0x0 c:/altera/13.0/nios2eds/bin/gnu/h-i686-mingw32/bin/../lib/gcc/nios2-elf/4.1.2\libgcc.a(_fpcmp_parts_df.o)
 .data          0x08000fd0        0x0 ../freqRelay_bsp/\libhal_bsp.a(alt_close.o)
 .data          0x08000fd0      0x1a8 ../freqRelay_bsp/\libhal_bsp.a(alt_dev.o)
                0x08000fd0                alt_dev_null
                0x08000ff8                alt_fd_list
 .data          0x08001178        0x0 ../freqRelay_bsp/\libhal_bsp.a(alt_errno.o)
 .data          0x08001178        0x0 ../freqRelay_bsp/\libhal_bsp.a(alt_fstat.o)
 .data          0x08001178        0x0 ../freqRelay_bsp/\libhal_bsp.a(alt_irq_handler.o)
 .data          0x08001178        0x0 ../freqRelay_bsp/\libhal_bsp.a(alt_irq_vars.o)
 .data          0x08001178        0x0 ../freqRelay_bsp/\libhal_bsp.a(alt_isatty.o)
 .data          0x08001178        0x0 ../freqRelay_bsp/\libhal_bsp.a(alt_lseek.o)
 .data          0x08001178        0x0 ../freqRelay_bsp/\libhal_bsp.a(alt_main.o)
 .data          0x08001178        0x0 ../freqRelay_bsp/\libhal_bsp.a(alt_malloc_lock.o)
 .data          0x08001178        0x0 ../freqRelay_bsp/\libhal_bsp.a(alt_open.o)
 .data          0x08001178        0x0 ../freqRelay_bsp/\libhal_bsp.a(alt_read.o)
 .data          0x08001178        0x0 ../freqRelay_bsp/\libhal_bsp.a(alt_release_fd.o)
 .data          0x08001178        0x0 ../freqRelay_bsp/\libhal_bsp.a(alt_sbrk.o)
 .data          0x08001178        0x0 ../freqRelay_bsp/\libhal_bsp.a(alt_write.o)
 .data          0x08001178     0x13f0 ../freqRelay_bsp/\libhal_bsp.a(alt_sys_init.o)
 .data          0x08002568        0x0 ../freqRelay_bsp/\libhal_bsp.a(altera_avalon_cfi_flash.o)
 .data          0x08002568        0x0 ../freqRelay_bsp/\libhal_bsp.a(altera_avalon_cfi_flash_table.o)
 .data          0x08002568        0x0 ../freqRelay_bsp/\libhal_bsp.a(altera_avalon_jtag_uart_fd.o)
 .data          0x08002568        0x0 ../freqRelay_bsp/\libhal_bsp.a(altera_avalon_jtag_uart_init.o)
 .data          0x08002568        0x0 ../freqRelay_bsp/\libhal_bsp.a(altera_avalon_jtag_uart_ioctl.o)
 .data          0x08002568        0x0 ../freqRelay_bsp/\libhal_bsp.a(altera_avalon_jtag_uart_read.o)
 .data          0x08002568        0x0 ../freqRelay_bsp/\libhal_bsp.a(altera_avalon_jtag_uart_write.o)
 .data          0x08002568        0x0 ../freqRelay_bsp/\libhal_bsp.a(altera_avalon_lcd_16207.o)
 .data          0x08002568        0x0 ../freqRelay_bsp/\libhal_bsp.a(altera_avalon_lcd_16207_fd.o)
 .data          0x08002568        0x0 ../freqRelay_bsp/\libhal_bsp.a(altera_avalon_timer_sc.o)
 .data          0x08002568        0x0 ../freqRelay_bsp/\libhal_bsp.a(altera_avalon_uart_fd.o)
 .data          0x08002568        0x0 ../freqRelay_bsp/\libhal_bsp.a(altera_avalon_uart_init.o)
 .data          0x08002568        0x0 ../freqRelay_bsp/\libhal_bsp.a(altera_avalon_uart_read.o)
 .data          0x08002568        0x0 ../freqRelay_bsp/\libhal_bsp.a(altera_avalon_uart_write.o)
 .data          0x08002568        0x0 ../freqRelay_bsp/\libhal_bsp.a(altera_up_avalon_ps2.o)
 .data          0x08002568        0x0 ../freqRelay_bsp/\libhal_bsp.a(altera_up_avalon_video_character_buffer_with_dma.o)
 .data          0x08002568        0x0 ../freqRelay_bsp/\libhal_bsp.a(alt_alarm_start.o)
 .data          0x08002568        0x0 ../freqRelay_bsp/\libhal_bsp.a(alt_dcache_flush.o)
 .data          0x08002568        0x0 ../freqRelay_bsp/\libhal_bsp.a(alt_dev_llist_insert.o)
 .data          0x08002568        0x0 ../freqRelay_bsp/\libhal_bsp.a(alt_do_ctors.o)
 .data          0x08002568        0x0 ../freqRelay_bsp/\libhal_bsp.a(alt_do_dtors.o)
 .data          0x08002568        0x0 ../freqRelay_bsp/\libhal_bsp.a(alt_find_dev.o)
 .data          0x08002568        0x0 ../freqRelay_bsp/\libhal_bsp.a(alt_find_file.o)
 .data          0x08002568        0x0 ../freqRelay_bsp/\libhal_bsp.a(alt_flash_dev.o)
 .data          0x08002568        0x0 ../freqRelay_bsp/\libhal_bsp.a(alt_get_fd.o)
 .data          0x08002568        0x0 ../freqRelay_bsp/\libhal_bsp.a(alt_io_redirect.o)
 .data          0x08002568        0x0 ../freqRelay_bsp/\libhal_bsp.a(alt_tick.o)
 .data          0x08002568        0x0 ../freqRelay_bsp/\libhal_bsp.a(alt_usleep.o)
 .data          0x08002568        0x0 ../freqRelay_bsp/\libhal_bsp.a(altera_nios2_qsys_irq.o)
 .data          0x08002568        0x0 ../freqRelay_bsp/\libhal_bsp.a(altera_avalon_cfi_flash_amd.o)
 .data          0x08002568        0x0 ../freqRelay_bsp/\libhal_bsp.a(altera_avalon_cfi_flash_intel.o)
 .data          0x08002568        0x0 ../freqRelay_bsp/\libhal_bsp.a(alt_busy_sleep.o)
 .data          0x08002568        0x0 c:/altera/13.0/nios2eds/bin/gnu/h-i686-mingw32/bin/../lib/gcc/nios2-elf/4.1.2/../../../../nios2-elf/lib\libc.a(lib_a-atexit.o)
 .data          0x08002568        0x0 c:/altera/13.0/nios2eds/bin/gnu/h-i686-mingw32/bin/../lib/gcc/nios2-elf/4.1.2/../../../../nios2-elf/lib\libc.a(lib_a-ctype_.o)
 .data          0x08002568        0x0 c:/altera/13.0/nios2eds/bin/gnu/h-i686-mingw32/bin/../lib/gcc/nios2-elf/4.1.2/../../../../nios2-elf/lib\libc.a(lib_a-exit.o)
 .data          0x08002568        0x0 c:/altera/13.0/nios2eds/bin/gnu/h-i686-mingw32/bin/../lib/gcc/nios2-elf/4.1.2/../../../../nios2-elf/lib\libc.a(lib_a-__atexit.o)
 .data          0x08002568        0x0 c:/altera/13.0/nios2eds/bin/gnu/h-i686-mingw32/bin/../lib/gcc/nios2-elf/4.1.2/../../../../nios2-elf/lib\libc.a(lib_a-__call_atexit.o)
 .data          0x08002568        0x0 ../freqRelay_bsp/\libhal_bsp.a(alt_exit.o)
                0x0800a568                _gp = ABSOLUTE ((. + 0x8000))
                0x0800a568                PROVIDE (gp, _gp)
 *(.rwdata .rwdata.*)
 *(.sdata .sdata.* .gnu.linkonce.s.*)
 .sdata         0x08002568        0xc obj/default/freertos/heap.o
 .sdata         0x08002574        0x4 obj/default/freertos/tasks.o
 .sdata         0x08002578        0x8 c:/altera/13.0/nios2eds/bin/gnu/h-i686-mingw32/bin/../lib/gcc/nios2-elf/4.1.2/../../../../nios2-elf/lib\libc.a(lib_a-impure.o)
                0x08002578                _impure_ptr
                0x0800257c                _global_impure_ptr
 .sdata         0x08002580        0x8 c:/altera/13.0/nios2eds/bin/gnu/h-i686-mingw32/bin/../lib/gcc/nios2-elf/4.1.2/../../../../nios2-elf/lib\libc.a(lib_a-mallocr.o)
                0x08002580                __malloc_trim_threshold
                0x08002584                __malloc_sbrk_base
 .sdata         0x08002588        0x8 c:/altera/13.0/nios2eds/bin/gnu/h-i686-mingw32/bin/../lib/gcc/nios2-elf/4.1.2/../../../../nios2-elf/lib\libc.a(lib_a-locale.o)
                0x08002588                __mb_cur_max
 .sdata         0x08002590       0x14 ../freqRelay_bsp/\libhal_bsp.a(alt_dev.o)
                0x08002590                alt_fs_list
                0x08002598                alt_dev_list
                0x080025a0                alt_max_fd
 .sdata         0x080025a4        0x4 ../freqRelay_bsp/\libhal_bsp.a(alt_errno.o)
                0x080025a4                alt_errno
 .sdata         0x080025a8        0x4 ../freqRelay_bsp/\libhal_bsp.a(alt_irq_vars.o)
                0x080025a8                alt_priority_mask
 .sdata         0x080025ac        0x4 ../freqRelay_bsp/\libhal_bsp.a(alt_sbrk.o)
 .sdata         0x080025b0        0x4 ../freqRelay_bsp/\libhal_bsp.a(altera_avalon_lcd_16207.o)
 .sdata         0x080025b4        0x8 ../freqRelay_bsp/\libhal_bsp.a(alt_flash_dev.o)
                0x080025b4                alt_flash_dev_list
 .sdata         0x080025bc        0x8 ../freqRelay_bsp/\libhal_bsp.a(alt_tick.o)
                0x080025bc                alt_alarm_list
 .sdata         0x080025c4        0x4 c:/altera/13.0/nios2eds/bin/gnu/h-i686-mingw32/bin/../lib/gcc/nios2-elf/4.1.2/../../../../nios2-elf/lib\libc.a(lib_a-ctype_.o)
                0x080025c4                __ctype_ptr
 *(.sdata2 .sdata2.* .gnu.linkonce.s2.*)
                0x080025c8                . = ALIGN (0x4)
                0x080025c8                _edata = ABSOLUTE (.)
                0x080025c8                PROVIDE (edata, ABSOLUTE (.))
                0x080025c8                PROVIDE (__ram_rwdata_end, ABSOLUTE (.))
                0x080007bc                PROVIDE (__flash_rwdata_start, LOADADDR (.rwdata))

.bss            0x080025c8    0x7d538
                0x080025c8                __bss_start = ABSOLUTE (.)
                0x080025c8                PROVIDE (__sbss_start, ABSOLUTE (.))
                0x080025c8                PROVIDE (___sbss_start, ABSOLUTE (.))
 *(.dynsbss)
 *(.sbss .sbss.* .gnu.linkonce.sb.*)
 .sbss          0x080025c8       0x1c obj/default/freertos/croutine.o
                0x080025c8                pxCurrentCoRoutine
 .sbss          0x080025e4        0xc obj/default/freertos/heap.o
 .sbss          0x080025f0       0x34 obj/default/freertos/tasks.o
                0x080025f0                pxCurrentTCB
 .sbss          0x08002624       0x10 obj/default/freertos/timers.o
 .sbss          0x08002634       0x14 obj/default/hello_world.o
                0x08002634                qLed
                0x08002638                qFreq
                0x0800263c                qInformation
                0x08002640                currentMode
                0x08002644                modeMutex
 .sbss          0x08002648        0x4 c:/altera/13.0/nios2eds/bin/gnu/h-i686-mingw32/bin/../lib/gcc/nios2-elf/4.1.2/../../../../nios2-elf/lib\libc.a(lib_a-int_errno.o)
                0x08002648                errno
 .sbss          0x0800264c        0xc c:/altera/13.0/nios2eds/bin/gnu/h-i686-mingw32/bin/../lib/gcc/nios2-elf/4.1.2/../../../../nios2-elf/lib\libc.a(lib_a-mallocr.o)
                0x0800264c                __malloc_top_pad
                0x08002650                __malloc_max_sbrked_mem
                0x08002654                __malloc_max_total_mem
 .sbss          0x08002658        0xc c:/altera/13.0/nios2eds/bin/gnu/h-i686-mingw32/bin/../lib/gcc/nios2-elf/4.1.2/../../../../nios2-elf/lib\libc.a(lib_a-locale.o)
                0x08002658                __nlocale_changed
                0x0800265c                __mlocale_changed
                0x08002660                _PathLocale
 .sbss          0x08002664        0x4 ../freqRelay_bsp/\libhal_bsp.a(alt_irq_vars.o)
                0x08002664                alt_irq_active
 .sbss          0x08002668        0xc ../freqRelay_bsp/\libhal_bsp.a(alt_main.o)
                0x08002668                alt_argc
                0x0800266c                alt_argv
                0x08002670                alt_envp
 .sbss          0x08002674        0x8 ../freqRelay_bsp/\libhal_bsp.a(alt_tick.o)
                0x08002674                _alt_tick_rate
                0x08002678                _alt_nticks
 *(.sbss2 .sbss2.* .gnu.linkonce.sb2.*)
 *(.scommon)
                0x0800267c                PROVIDE (__sbss_end, ABSOLUTE (.))
                0x0800267c                PROVIDE (___sbss_end, ABSOLUTE (.))
 *(.dynbss)
 *(.bss .bss.* .gnu.linkonce.b.*)
 .bss           0x0800267c        0x0 ../freqRelay_bsp//obj/HAL/src/crt0.o
 .bss           0x0800267c       0x64 obj/default/freertos/croutine.o
 .bss           0x080026e0        0x0 obj/default/freertos/event_groups.o
 .bss           0x080026e0    0x7d000 obj/default/freertos/heap.o
 .bss           0x0807f6e0        0x0 obj/default/freertos/list.o
 .bss           0x0807f6e0        0x0 obj/default/freertos/port.o
 .bss           0x0807f6e0        0x0 obj/default/freertos/queue.o
 .bss           0x0807f6e0      0x140 obj/default/freertos/tasks.o
 .bss           0x0807f820       0x28 obj/default/freertos/timers.o
 .bss           0x0807f848        0x0 obj/default/hello_world.o
 .bss           0x0807f848        0x0 obj/default/interrupts.o
 .bss           0x0807f848        0x0 obj/default/taskslcfr.o
 .bss           0x0807f848        0x0 obj/default/variables.o
 .bss           0x0807f848        0x0 obj/default/freertos/port_asm.o
 .bss           0x0807f848        0x0 c:/altera/13.0/nios2eds/bin/gnu/h-i686-mingw32/bin/../lib/gcc/nios2-elf/4.1.2\libgcc.a(_addsub_sf.o)
 .bss           0x0807f848        0x0 c:/altera/13.0/nios2eds/bin/gnu/h-i686-mingw32/bin/../lib/gcc/nios2-elf/4.1.2\libgcc.a(_mul_sf.o)
 .bss           0x0807f848        0x0 c:/altera/13.0/nios2eds/bin/gnu/h-i686-mingw32/bin/../lib/gcc/nios2-elf/4.1.2\libgcc.a(_div_sf.o)
 .bss           0x0807f848        0x0 c:/altera/13.0/nios2eds/bin/gnu/h-i686-mingw32/bin/../lib/gcc/nios2-elf/4.1.2\libgcc.a(_si_to_sf.o)
 .bss           0x0807f848        0x0 c:/altera/13.0/nios2eds/bin/gnu/h-i686-mingw32/bin/../lib/gcc/nios2-elf/4.1.2\libgcc.a(_sf_to_df.o)
 .bss           0x0807f848        0x0 c:/altera/13.0/nios2eds/bin/gnu/h-i686-mingw32/bin/../lib/gcc/nios2-elf/4.1.2\libgcc.a(_thenan_sf.o)
 .bss           0x0807f848        0x0 c:/altera/13.0/nios2eds/bin/gnu/h-i686-mingw32/bin/../lib/gcc/nios2-elf/4.1.2\libgcc.a(_usi_to_sf.o)
 .bss           0x0807f848        0x0 c:/altera/13.0/nios2eds/bin/gnu/h-i686-mingw32/bin/../lib/gcc/nios2-elf/4.1.2\libgcc.a(_make_df.o)
 .bss           0x0807f848        0x0 c:/altera/13.0/nios2eds/bin/gnu/h-i686-mingw32/bin/../lib/gcc/nios2-elf/4.1.2\libgcc.a(_muldi3.o)
 .bss           0x0807f848        0x0 c:/altera/13.0/nios2eds/bin/gnu/h-i686-mingw32/bin/../lib/gcc/nios2-elf/4.1.2\libgcc.a(_clzsi2.o)
 .bss           0x0807f848        0x0 c:/altera/13.0/nios2eds/bin/gnu/h-i686-mingw32/bin/../lib/gcc/nios2-elf/4.1.2\libgcc.a(_pack_sf.o)
 .bss           0x0807f848        0x0 c:/altera/13.0/nios2eds/bin/gnu/h-i686-mingw32/bin/../lib/gcc/nios2-elf/4.1.2\libgcc.a(_unpack_sf.o)
 .bss           0x0807f848        0x0 c:/altera/13.0/nios2eds/bin/gnu/h-i686-mingw32/bin/../lib/gcc/nios2-elf/4.1.2\libgcc.a(_pack_df.o)
 .bss           0x0807f848        0x0 c:/altera/13.0/nios2eds/bin/gnu/h-i686-mingw32/bin/../lib/gcc/nios2-elf/4.1.2\libgcc.a(_clz.o)
 .bss           0x0807f848        0x0 c:/altera/13.0/nios2eds/bin/gnu/h-i686-mingw32/bin/../lib/gcc/nios2-elf/4.1.2/../../../../nios2-elf/lib\libc.a(lib_a-fopen.o)
 .bss           0x0807f848        0x0 c:/altera/13.0/nios2eds/bin/gnu/h-i686-mingw32/bin/../lib/gcc/nios2-elf/4.1.2/../../../../nios2-elf/lib\libc.a(lib_a-fprintf.o)
 .bss           0x0807f848        0x0 c:/altera/13.0/nios2eds/bin/gnu/h-i686-mingw32/bin/../lib/gcc/nios2-elf/4.1.2/../../../../nios2-elf/lib\libc.a(lib_a-fseek.o)
 .bss           0x0807f848        0x0 c:/altera/13.0/nios2eds/bin/gnu/h-i686-mingw32/bin/../lib/gcc/nios2-elf/4.1.2/../../../../nios2-elf/lib\libc.a(lib_a-fstatr.o)
 .bss           0x0807f848        0x0 c:/altera/13.0/nios2eds/bin/gnu/h-i686-mingw32/bin/../lib/gcc/nios2-elf/4.1.2/../../../../nios2-elf/lib\libc.a(lib_a-impure.o)
 .bss           0x0807f848        0x0 c:/altera/13.0/nios2eds/bin/gnu/h-i686-mingw32/bin/../lib/gcc/nios2-elf/4.1.2/../../../../nios2-elf/lib\libc.a(lib_a-int_errno.o)
 .bss           0x0807f848        0x0 c:/altera/13.0/nios2eds/bin/gnu/h-i686-mingw32/bin/../lib/gcc/nios2-elf/4.1.2/../../../../nios2-elf/lib\libc.a(lib_a-makebuf.o)
 .bss           0x0807f848       0x28 c:/altera/13.0/nios2eds/bin/gnu/h-i686-mingw32/bin/../lib/gcc/nios2-elf/4.1.2/../../../../nios2-elf/lib\libc.a(lib_a-mallocr.o)
                0x0807f848                __malloc_current_mallinfo
 .bss           0x0807f870        0x0 c:/altera/13.0/nios2eds/bin/gnu/h-i686-mingw32/bin/../lib/gcc/nios2-elf/4.1.2/../../../../nios2-elf/lib\libc.a(lib_a-memcmp.o)
 .bss           0x0807f870        0x0 c:/altera/13.0/nios2eds/bin/gnu/h-i686-mingw32/bin/../lib/gcc/nios2-elf/4.1.2/../../../../nios2-elf/lib\libc.a(lib_a-memcpy.o)
 .bss           0x0807f870        0x0 c:/altera/13.0/nios2eds/bin/gnu/h-i686-mingw32/bin/../lib/gcc/nios2-elf/4.1.2/../../../../nios2-elf/lib\libc.a(lib_a-memset.o)
 .bss           0x0807f870        0x0 c:/altera/13.0/nios2eds/bin/gnu/h-i686-mingw32/bin/../lib/gcc/nios2-elf/4.1.2/../../../../nios2-elf/lib\libc.a(lib_a-openr.o)
 .bss           0x0807f870        0x0 c:/altera/13.0/nios2eds/bin/gnu/h-i686-mingw32/bin/../lib/gcc/nios2-elf/4.1.2/../../../../nios2-elf/lib\libc.a(lib_a-printf.o)
 .bss           0x0807f870        0x0 c:/altera/13.0/nios2eds/bin/gnu/h-i686-mingw32/bin/../lib/gcc/nios2-elf/4.1.2/../../../../nios2-elf/lib\libc.a(lib_a-puts.o)
 .bss           0x0807f870        0x0 c:/altera/13.0/nios2eds/bin/gnu/h-i686-mingw32/bin/../lib/gcc/nios2-elf/4.1.2/../../../../nios2-elf/lib\libc.a(lib_a-refill.o)
 .bss           0x0807f870        0x0 c:/altera/13.0/nios2eds/bin/gnu/h-i686-mingw32/bin/../lib/gcc/nios2-elf/4.1.2/../../../../nios2-elf/lib\libc.a(lib_a-sbrkr.o)
 .bss           0x0807f870        0x0 c:/altera/13.0/nios2eds/bin/gnu/h-i686-mingw32/bin/../lib/gcc/nios2-elf/4.1.2/../../../../nios2-elf/lib\libc.a(lib_a-stdio.o)
 .bss           0x0807f870        0x0 c:/altera/13.0/nios2eds/bin/gnu/h-i686-mingw32/bin/../lib/gcc/nios2-elf/4.1.2/../../../../nios2-elf/lib\libc.a(lib_a-strlen.o)
 .bss           0x0807f870        0x0 c:/altera/13.0/nios2eds/bin/gnu/h-i686-mingw32/bin/../lib/gcc/nios2-elf/4.1.2/../../../../nios2-elf/lib\libc.a(lib_a-vfprintf.o)
 .bss           0x0807f870        0x0 c:/altera/13.0/nios2eds/bin/gnu/h-i686-mingw32/bin/../lib/gcc/nios2-elf/4.1.2/../../../../nios2-elf/lib\libc.a(lib_a-writer.o)
 .bss           0x0807f870        0x0 c:/altera/13.0/nios2eds/bin/gnu/h-i686-mingw32/bin/../lib/gcc/nios2-elf/4.1.2/../../../../nios2-elf/lib\libc.a(lib_a-wsetup.o)
 .bss           0x0807f870        0x0 c:/altera/13.0/nios2eds/bin/gnu/h-i686-mingw32/bin/../lib/gcc/nios2-elf/4.1.2/../../../../nios2-elf/lib\libc.a(lib_a-closer.o)
 .bss           0x0807f870        0x0 c:/altera/13.0/nios2eds/bin/gnu/h-i686-mingw32/bin/../lib/gcc/nios2-elf/4.1.2/../../../../nios2-elf/lib\libc.a(lib_a-dtoa.o)
 .bss           0x0807f870        0x0 c:/altera/13.0/nios2eds/bin/gnu/h-i686-mingw32/bin/../lib/gcc/nios2-elf/4.1.2/../../../../nios2-elf/lib\libc.a(lib_a-fflush.o)
 .bss           0x0807f870        0x0 c:/altera/13.0/nios2eds/bin/gnu/h-i686-mingw32/bin/../lib/gcc/nios2-elf/4.1.2/../../../../nios2-elf/lib\libc.a(lib_a-findfp.o)
 .bss           0x0807f870        0x0 c:/altera/13.0/nios2eds/bin/gnu/h-i686-mingw32/bin/../lib/gcc/nios2-elf/4.1.2/../../../../nios2-elf/lib\libc.a(lib_a-flags.o)
 .bss           0x0807f870        0x0 c:/altera/13.0/nios2eds/bin/gnu/h-i686-mingw32/bin/../lib/gcc/nios2-elf/4.1.2/../../../../nios2-elf/lib\libc.a(lib_a-freer.o)
 .bss           0x0807f870        0x0 c:/altera/13.0/nios2eds/bin/gnu/h-i686-mingw32/bin/../lib/gcc/nios2-elf/4.1.2/../../../../nios2-elf/lib\libc.a(lib_a-fvwrite.o)
 .bss           0x0807f870        0x0 c:/altera/13.0/nios2eds/bin/gnu/h-i686-mingw32/bin/../lib/gcc/nios2-elf/4.1.2/../../../../nios2-elf/lib\libc.a(lib_a-fwalk.o)
 .bss           0x0807f870        0x0 c:/altera/13.0/nios2eds/bin/gnu/h-i686-mingw32/bin/../lib/gcc/nios2-elf/4.1.2/../../../../nios2-elf/lib\libc.a(lib_a-isattyr.o)
 .bss           0x0807f870        0x0 c:/altera/13.0/nios2eds/bin/gnu/h-i686-mingw32/bin/../lib/gcc/nios2-elf/4.1.2/../../../../nios2-elf/lib\libc.a(lib_a-locale.o)
 .bss           0x0807f870        0x0 c:/altera/13.0/nios2eds/bin/gnu/h-i686-mingw32/bin/../lib/gcc/nios2-elf/4.1.2/../../../../nios2-elf/lib\libc.a(lib_a-lseekr.o)
 .bss           0x0807f870        0x0 c:/altera/13.0/nios2eds/bin/gnu/h-i686-mingw32/bin/../lib/gcc/nios2-elf/4.1.2/../../../../nios2-elf/lib\libc.a(lib_a-memchr.o)
 .bss           0x0807f870        0x0 c:/altera/13.0/nios2eds/bin/gnu/h-i686-mingw32/bin/../lib/gcc/nios2-elf/4.1.2/../../../../nios2-elf/lib\libc.a(lib_a-memmove.o)
 .bss           0x0807f870        0x0 c:/altera/13.0/nios2eds/bin/gnu/h-i686-mingw32/bin/../lib/gcc/nios2-elf/4.1.2/../../../../nios2-elf/lib\libc.a(lib_a-mprec.o)
 .bss           0x0807f870        0x0 c:/altera/13.0/nios2eds/bin/gnu/h-i686-mingw32/bin/../lib/gcc/nios2-elf/4.1.2/../../../../nios2-elf/lib\libc.a(lib_a-readr.o)
 .bss           0x0807f870        0x0 c:/altera/13.0/nios2eds/bin/gnu/h-i686-mingw32/bin/../lib/gcc/nios2-elf/4.1.2/../../../../nios2-elf/lib\libc.a(lib_a-reallocr.o)
 .bss           0x0807f870        0x0 c:/altera/13.0/nios2eds/bin/gnu/h-i686-mingw32/bin/../lib/gcc/nios2-elf/4.1.2/../../../../nios2-elf/lib\libc.a(lib_a-s_isinfd.o)
 .bss           0x0807f870        0x0 c:/altera/13.0/nios2eds/bin/gnu/h-i686-mingw32/bin/../lib/gcc/nios2-elf/4.1.2/../../../../nios2-elf/lib\libc.a(lib_a-s_isnand.o)
 .bss           0x0807f870        0x0 c:/altera/13.0/nios2eds/bin/gnu/h-i686-mingw32/bin/../lib/gcc/nios2-elf/4.1.2/../../../../nios2-elf/lib\libc.a(lib_a-strcmp.o)
 .bss           0x0807f870        0x0 c:/altera/13.0/nios2eds/bin/gnu/h-i686-mingw32/bin/../lib/gcc/nios2-elf/4.1.2/../../../../nios2-elf/lib\libc.a(lib_a-callocr.o)
 .bss           0x0807f870        0x0 c:/altera/13.0/nios2eds/bin/gnu/h-i686-mingw32/bin/../lib/gcc/nios2-elf/4.1.2/../../../../nios2-elf/lib\libc.a(lib_a-fclose.o)
 .bss           0x0807f870        0x0 c:/altera/13.0/nios2eds/bin/gnu/h-i686-mingw32/bin/../lib/gcc/nios2-elf/4.1.2\libgcc.a(_udivdi3.o)
 .bss           0x0807f870        0x0 c:/altera/13.0/nios2eds/bin/gnu/h-i686-mingw32/bin/../lib/gcc/nios2-elf/4.1.2\libgcc.a(_umoddi3.o)
 .bss           0x0807f870        0x0 c:/altera/13.0/nios2eds/bin/gnu/h-i686-mingw32/bin/../lib/gcc/nios2-elf/4.1.2\libgcc.a(_addsub_df.o)
 .bss           0x0807f870        0x0 c:/altera/13.0/nios2eds/bin/gnu/h-i686-mingw32/bin/../lib/gcc/nios2-elf/4.1.2\libgcc.a(_mul_df.o)
 .bss           0x0807f870        0x0 c:/altera/13.0/nios2eds/bin/gnu/h-i686-mingw32/bin/../lib/gcc/nios2-elf/4.1.2\libgcc.a(_div_df.o)
 .bss           0x0807f870        0x0 c:/altera/13.0/nios2eds/bin/gnu/h-i686-mingw32/bin/../lib/gcc/nios2-elf/4.1.2\libgcc.a(_eq_df.o)
 .bss           0x0807f870        0x0 c:/altera/13.0/nios2eds/bin/gnu/h-i686-mingw32/bin/../lib/gcc/nios2-elf/4.1.2\libgcc.a(_ne_df.o)
 .bss           0x0807f870        0x0 c:/altera/13.0/nios2eds/bin/gnu/h-i686-mingw32/bin/../lib/gcc/nios2-elf/4.1.2\libgcc.a(_gt_df.o)
 .bss           0x0807f870        0x0 c:/altera/13.0/nios2eds/bin/gnu/h-i686-mingw32/bin/../lib/gcc/nios2-elf/4.1.2\libgcc.a(_ge_df.o)
 .bss           0x0807f870        0x0 c:/altera/13.0/nios2eds/bin/gnu/h-i686-mingw32/bin/../lib/gcc/nios2-elf/4.1.2\libgcc.a(_lt_df.o)
 .bss           0x0807f870        0x0 c:/altera/13.0/nios2eds/bin/gnu/h-i686-mingw32/bin/../lib/gcc/nios2-elf/4.1.2\libgcc.a(_si_to_df.o)
 .bss           0x0807f870        0x0 c:/altera/13.0/nios2eds/bin/gnu/h-i686-mingw32/bin/../lib/gcc/nios2-elf/4.1.2\libgcc.a(_df_to_si.o)
 .bss           0x0807f870        0x0 c:/altera/13.0/nios2eds/bin/gnu/h-i686-mingw32/bin/../lib/gcc/nios2-elf/4.1.2\libgcc.a(_thenan_df.o)
 .bss           0x0807f870        0x0 c:/altera/13.0/nios2eds/bin/gnu/h-i686-mingw32/bin/../lib/gcc/nios2-elf/4.1.2\libgcc.a(_usi_to_df.o)
 .bss           0x0807f870        0x0 c:/altera/13.0/nios2eds/bin/gnu/h-i686-mingw32/bin/../lib/gcc/nios2-elf/4.1.2\libgcc.a(lib2-divmod.o)
 .bss           0x0807f870        0x0 c:/altera/13.0/nios2eds/bin/gnu/h-i686-mingw32/bin/../lib/gcc/nios2-elf/4.1.2\libgcc.a(_unpack_df.o)
 .bss           0x0807f870        0x0 c:/altera/13.0/nios2eds/bin/gnu/h-i686-mingw32/bin/../lib/gcc/nios2-elf/4.1.2\libgcc.a(_fpcmp_parts_df.o)
 .bss           0x0807f870        0x0 ../freqRelay_bsp/\libhal_bsp.a(alt_close.o)
 .bss           0x0807f870        0x0 ../freqRelay_bsp/\libhal_bsp.a(alt_dev.o)
 .bss           0x0807f870        0x0 ../freqRelay_bsp/\libhal_bsp.a(alt_errno.o)
 .bss           0x0807f870        0x0 ../freqRelay_bsp/\libhal_bsp.a(alt_fstat.o)
 .bss           0x0807f870        0x0 ../freqRelay_bsp/\libhal_bsp.a(alt_irq_handler.o)
 .bss           0x0807f870        0x0 ../freqRelay_bsp/\libhal_bsp.a(alt_irq_vars.o)
 .bss           0x0807f870        0x0 ../freqRelay_bsp/\libhal_bsp.a(alt_isatty.o)
 .bss           0x0807f870        0x0 ../freqRelay_bsp/\libhal_bsp.a(alt_lseek.o)
 .bss           0x0807f870        0x0 ../freqRelay_bsp/\libhal_bsp.a(alt_main.o)
 .bss           0x0807f870        0x0 ../freqRelay_bsp/\libhal_bsp.a(alt_malloc_lock.o)
 .bss           0x0807f870        0x0 ../freqRelay_bsp/\libhal_bsp.a(alt_open.o)
 .bss           0x0807f870        0x0 ../freqRelay_bsp/\libhal_bsp.a(alt_read.o)
 .bss           0x0807f870        0x0 ../freqRelay_bsp/\libhal_bsp.a(alt_release_fd.o)
 .bss           0x0807f870        0x0 ../freqRelay_bsp/\libhal_bsp.a(alt_sbrk.o)
 .bss           0x0807f870        0x0 ../freqRelay_bsp/\libhal_bsp.a(alt_write.o)
 .bss           0x0807f870        0x0 ../freqRelay_bsp/\libhal_bsp.a(alt_sys_init.o)
 .bss           0x0807f870        0x0 ../freqRelay_bsp/\libhal_bsp.a(altera_avalon_cfi_flash.o)
 .bss           0x0807f870        0x0 ../freqRelay_bsp/\libhal_bsp.a(altera_avalon_cfi_flash_table.o)
 .bss           0x0807f870        0x0 ../freqRelay_bsp/\libhal_bsp.a(altera_avalon_jtag_uart_fd.o)
 .bss           0x0807f870        0x0 ../freqRelay_bsp/\libhal_bsp.a(altera_avalon_jtag_uart_init.o)
 .bss           0x0807f870        0x0 ../freqRelay_bsp/\libhal_bsp.a(altera_avalon_jtag_uart_ioctl.o)
 .bss           0x0807f870        0x0 ../freqRelay_bsp/\libhal_bsp.a(altera_avalon_jtag_uart_read.o)
 .bss           0x0807f870        0x0 ../freqRelay_bsp/\libhal_bsp.a(altera_avalon_jtag_uart_write.o)
 .bss           0x0807f870        0x0 ../freqRelay_bsp/\libhal_bsp.a(altera_avalon_lcd_16207.o)
 .bss           0x0807f870        0x0 ../freqRelay_bsp/\libhal_bsp.a(altera_avalon_lcd_16207_fd.o)
 .bss           0x0807f870        0x0 ../freqRelay_bsp/\libhal_bsp.a(altera_avalon_timer_sc.o)
 .bss           0x0807f870        0x0 ../freqRelay_bsp/\libhal_bsp.a(altera_avalon_uart_fd.o)
 .bss           0x0807f870        0x0 ../freqRelay_bsp/\libhal_bsp.a(altera_avalon_uart_init.o)
 .bss           0x0807f870        0x0 ../freqRelay_bsp/\libhal_bsp.a(altera_avalon_uart_read.o)
 .bss           0x0807f870        0x0 ../freqRelay_bsp/\libhal_bsp.a(altera_avalon_uart_write.o)
 .bss           0x0807f870        0x0 ../freqRelay_bsp/\libhal_bsp.a(altera_up_avalon_ps2.o)
 .bss           0x0807f870        0x0 ../freqRelay_bsp/\libhal_bsp.a(altera_up_avalon_video_character_buffer_with_dma.o)
 .bss           0x0807f870        0x0 ../freqRelay_bsp/\libhal_bsp.a(alt_alarm_start.o)
 .bss           0x0807f870        0x0 ../freqRelay_bsp/\libhal_bsp.a(alt_dcache_flush.o)
 .bss           0x0807f870        0x0 ../freqRelay_bsp/\libhal_bsp.a(alt_dev_llist_insert.o)
 .bss           0x0807f870        0x0 ../freqRelay_bsp/\libhal_bsp.a(alt_do_ctors.o)
 .bss           0x0807f870        0x0 ../freqRelay_bsp/\libhal_bsp.a(alt_do_dtors.o)
 .bss           0x0807f870        0x0 ../freqRelay_bsp/\libhal_bsp.a(alt_find_dev.o)
 .bss           0x0807f870        0x0 ../freqRelay_bsp/\libhal_bsp.a(alt_find_file.o)
 .bss           0x0807f870        0x0 ../freqRelay_bsp/\libhal_bsp.a(alt_flash_dev.o)
 .bss           0x0807f870        0x0 ../freqRelay_bsp/\libhal_bsp.a(alt_get_fd.o)
 .bss           0x0807f870        0x0 ../freqRelay_bsp/\libhal_bsp.a(alt_io_redirect.o)
 .bss           0x0807f870        0x0 ../freqRelay_bsp/\libhal_bsp.a(alt_tick.o)
 .bss           0x0807f870        0x0 ../freqRelay_bsp/\libhal_bsp.a(alt_usleep.o)
 .bss           0x0807f870        0x0 ../freqRelay_bsp/\libhal_bsp.a(altera_nios2_qsys_irq.o)
 .bss           0x0807f870        0x0 ../freqRelay_bsp/\libhal_bsp.a(altera_avalon_cfi_flash_amd.o)
 .bss           0x0807f870        0x0 ../freqRelay_bsp/\libhal_bsp.a(altera_avalon_cfi_flash_intel.o)
 .bss           0x0807f870        0x0 ../freqRelay_bsp/\libhal_bsp.a(alt_busy_sleep.o)
 .bss           0x0807f870        0x0 c:/altera/13.0/nios2eds/bin/gnu/h-i686-mingw32/bin/../lib/gcc/nios2-elf/4.1.2/../../../../nios2-elf/lib\libc.a(lib_a-atexit.o)
 .bss           0x0807f870        0x0 c:/altera/13.0/nios2eds/bin/gnu/h-i686-mingw32/bin/../lib/gcc/nios2-elf/4.1.2/../../../../nios2-elf/lib\libc.a(lib_a-ctype_.o)
 .bss           0x0807f870        0x0 c:/altera/13.0/nios2eds/bin/gnu/h-i686-mingw32/bin/../lib/gcc/nios2-elf/4.1.2/../../../../nios2-elf/lib\libc.a(lib_a-exit.o)
 .bss           0x0807f870        0x0 c:/altera/13.0/nios2eds/bin/gnu/h-i686-mingw32/bin/../lib/gcc/nios2-elf/4.1.2/../../../../nios2-elf/lib\libc.a(lib_a-__atexit.o)
 .bss           0x0807f870        0x0 c:/altera/13.0/nios2eds/bin/gnu/h-i686-mingw32/bin/../lib/gcc/nios2-elf/4.1.2/../../../../nios2-elf/lib\libc.a(lib_a-__call_atexit.o)
 .bss           0x0807f870        0x0 ../freqRelay_bsp/\libhal_bsp.a(alt_exit.o)
 *(COMMON)
 COMMON         0x0807f870      0x100 ../freqRelay_bsp/\libhal_bsp.a(alt_irq_handler.o)
                0x0807f870                alt_irq
 COMMON         0x0807f970      0x190 c:/altera/13.0/nios2eds/bin/gnu/h-i686-mingw32/bin/../lib/gcc/nios2-elf/4.1.2/../../../../nios2-elf/lib\libc.a(lib_a-atexit.o)
                0x0807f970                _atexit0
                0x0807fb00                . = ALIGN (0x4)
                0x0807fb00                __bss_end = ABSOLUTE (.)

.onchip_memory  0x0001757c        0x0
                0x0001757c                PROVIDE (_alt_partition_onchip_memory_start, ABSOLUTE (.))
 *(.onchip_memory. onchip_memory.*)
                0x0001757c                . = ALIGN (0x4)
                0x0001757c                PROVIDE (_alt_partition_onchip_memory_end, ABSOLUTE (.))
                0x0001757c                PROVIDE (_alt_partition_onchip_memory_load_addr, LOADADDR (.onchip_memory))

.flash_controller
                0x01000020        0x0
                0x01000020                PROVIDE (_alt_partition_flash_controller_start, ABSOLUTE (.))
 *(.flash_controller. flash_controller.*)
                0x01000020                . = ALIGN (0x4)
                0x01000020                PROVIDE (_alt_partition_flash_controller_end, ABSOLUTE (.))
                0x01000020                PROVIDE (_alt_partition_flash_controller_load_addr, LOADADDR (.flash_controller))

.sdram          0x0807fb00        0x0
                0x0807fb00                PROVIDE (_alt_partition_sdram_start, ABSOLUTE (.))
 *(.sdram. sdram.*)
                0x0807fb00                . = ALIGN (0x4)
                0x0807fb00                PROVIDE (_alt_partition_sdram_end, ABSOLUTE (.))
                0x0807fb00                _end = ABSOLUTE (.)
                0x0807fb00                end = ABSOLUTE (.)
                0x0807fb00                __alt_stack_base = ABSOLUTE (.)
                0x0807fb00                PROVIDE (_alt_partition_sdram_load_addr, LOADADDR (.sdram))

.stab
 *(.stab)

.stabstr
 *(.stabstr)

.stab.excl
 *(.stab.excl)

.stab.exclstr
 *(.stab.exclstr)

.stab.index
 *(.stab.index)

.stab.indexstr
 *(.stab.indexstr)

.comment        0x00000000       0x23
 *(.comment)
 .comment       0x00000000       0x23 obj/default/freertos/croutine.o
                                 0x24 (size before relaxing)
 .comment       0x00000000       0x24 obj/default/freertos/event_groups.o
 .comment       0x00000000       0x24 obj/default/freertos/heap.o
 .comment       0x00000000       0x24 obj/default/freertos/list.o
 .comment       0x00000000       0x24 obj/default/freertos/port.o
 .comment       0x00000000       0x24 obj/default/freertos/queue.o
 .comment       0x00000000       0x24 obj/default/freertos/tasks.o
 .comment       0x00000000       0x24 obj/default/freertos/timers.o
 .comment       0x00000000       0x24 obj/default/hello_world.o
 .comment       0x00000000       0x24 obj/default/interrupts.o
 .comment       0x00000000       0x24 obj/default/taskslcfr.o
 .comment       0x00000000       0x24 obj/default/variables.o
 .comment       0x00000000       0x24 c:/altera/13.0/nios2eds/bin/gnu/h-i686-mingw32/bin/../lib/gcc/nios2-elf/4.1.2\libgcc.a(_addsub_sf.o)
 .comment       0x00000000       0x24 c:/altera/13.0/nios2eds/bin/gnu/h-i686-mingw32/bin/../lib/gcc/nios2-elf/4.1.2\libgcc.a(_mul_sf.o)
 .comment       0x00000000       0x24 c:/altera/13.0/nios2eds/bin/gnu/h-i686-mingw32/bin/../lib/gcc/nios2-elf/4.1.2\libgcc.a(_div_sf.o)
 .comment       0x00000000       0x24 c:/altera/13.0/nios2eds/bin/gnu/h-i686-mingw32/bin/../lib/gcc/nios2-elf/4.1.2\libgcc.a(_si_to_sf.o)
 .comment       0x00000000       0x24 c:/altera/13.0/nios2eds/bin/gnu/h-i686-mingw32/bin/../lib/gcc/nios2-elf/4.1.2\libgcc.a(_sf_to_df.o)
 .comment       0x00000000       0x24 c:/altera/13.0/nios2eds/bin/gnu/h-i686-mingw32/bin/../lib/gcc/nios2-elf/4.1.2\libgcc.a(_thenan_sf.o)
 .comment       0x00000000       0x24 c:/altera/13.0/nios2eds/bin/gnu/h-i686-mingw32/bin/../lib/gcc/nios2-elf/4.1.2\libgcc.a(_usi_to_sf.o)
 .comment       0x00000000       0x24 c:/altera/13.0/nios2eds/bin/gnu/h-i686-mingw32/bin/../lib/gcc/nios2-elf/4.1.2\libgcc.a(_make_df.o)
 .comment       0x00000000       0x24 c:/altera/13.0/nios2eds/bin/gnu/h-i686-mingw32/bin/../lib/gcc/nios2-elf/4.1.2\libgcc.a(_muldi3.o)
 .comment       0x00000000       0x24 c:/altera/13.0/nios2eds/bin/gnu/h-i686-mingw32/bin/../lib/gcc/nios2-elf/4.1.2\libgcc.a(_clzsi2.o)
 .comment       0x00000000       0x24 c:/altera/13.0/nios2eds/bin/gnu/h-i686-mingw32/bin/../lib/gcc/nios2-elf/4.1.2\libgcc.a(_pack_sf.o)
 .comment       0x00000000       0x24 c:/altera/13.0/nios2eds/bin/gnu/h-i686-mingw32/bin/../lib/gcc/nios2-elf/4.1.2\libgcc.a(_unpack_sf.o)
 .comment       0x00000000       0x24 c:/altera/13.0/nios2eds/bin/gnu/h-i686-mingw32/bin/../lib/gcc/nios2-elf/4.1.2\libgcc.a(_pack_df.o)
 .comment       0x00000000       0x24 c:/altera/13.0/nios2eds/bin/gnu/h-i686-mingw32/bin/../lib/gcc/nios2-elf/4.1.2\libgcc.a(_clz.o)
 .comment       0x00000000       0x24 c:/altera/13.0/nios2eds/bin/gnu/h-i686-mingw32/bin/../lib/gcc/nios2-elf/4.1.2/../../../../nios2-elf/lib\libc.a(lib_a-fopen.o)
 .comment       0x00000000       0x24 c:/altera/13.0/nios2eds/bin/gnu/h-i686-mingw32/bin/../lib/gcc/nios2-elf/4.1.2/../../../../nios2-elf/lib\libc.a(lib_a-fprintf.o)
 .comment       0x00000000       0x24 c:/altera/13.0/nios2eds/bin/gnu/h-i686-mingw32/bin/../lib/gcc/nios2-elf/4.1.2/../../../../nios2-elf/lib\libc.a(lib_a-fseek.o)
 .comment       0x00000000       0x24 c:/altera/13.0/nios2eds/bin/gnu/h-i686-mingw32/bin/../lib/gcc/nios2-elf/4.1.2/../../../../nios2-elf/lib\libc.a(lib_a-fstatr.o)
 .comment       0x00000000       0x24 c:/altera/13.0/nios2eds/bin/gnu/h-i686-mingw32/bin/../lib/gcc/nios2-elf/4.1.2/../../../../nios2-elf/lib\libc.a(lib_a-impure.o)
 .comment       0x00000000       0x24 c:/altera/13.0/nios2eds/bin/gnu/h-i686-mingw32/bin/../lib/gcc/nios2-elf/4.1.2/../../../../nios2-elf/lib\libc.a(lib_a-int_errno.o)
 .comment       0x00000000       0x24 c:/altera/13.0/nios2eds/bin/gnu/h-i686-mingw32/bin/../lib/gcc/nios2-elf/4.1.2/../../../../nios2-elf/lib\libc.a(lib_a-makebuf.o)
 .comment       0x00000000       0x24 c:/altera/13.0/nios2eds/bin/gnu/h-i686-mingw32/bin/../lib/gcc/nios2-elf/4.1.2/../../../../nios2-elf/lib\libc.a(lib_a-mallocr.o)
 .comment       0x00000000       0x24 c:/altera/13.0/nios2eds/bin/gnu/h-i686-mingw32/bin/../lib/gcc/nios2-elf/4.1.2/../../../../nios2-elf/lib\libc.a(lib_a-memcmp.o)
 .comment       0x00000000       0x24 c:/altera/13.0/nios2eds/bin/gnu/h-i686-mingw32/bin/../lib/gcc/nios2-elf/4.1.2/../../../../nios2-elf/lib\libc.a(lib_a-memcpy.o)
 .comment       0x00000000       0x24 c:/altera/13.0/nios2eds/bin/gnu/h-i686-mingw32/bin/../lib/gcc/nios2-elf/4.1.2/../../../../nios2-elf/lib\libc.a(lib_a-memset.o)
 .comment       0x00000000       0x24 c:/altera/13.0/nios2eds/bin/gnu/h-i686-mingw32/bin/../lib/gcc/nios2-elf/4.1.2/../../../../nios2-elf/lib\libc.a(lib_a-openr.o)
 .comment       0x00000000       0x24 c:/altera/13.0/nios2eds/bin/gnu/h-i686-mingw32/bin/../lib/gcc/nios2-elf/4.1.2/../../../../nios2-elf/lib\libc.a(lib_a-printf.o)
 .comment       0x00000000       0x24 c:/altera/13.0/nios2eds/bin/gnu/h-i686-mingw32/bin/../lib/gcc/nios2-elf/4.1.2/../../../../nios2-elf/lib\libc.a(lib_a-puts.o)