Archive member included because of file (symbol)

c:/altera/13.0/nios2eds/bin/gnu/h-i686-mingw32/bin/../lib/gcc/nios2-elf/4.1.2\libgcc.a(_addsub_sf.o)
                              obj/default/taskslcfr.o (__subsf3)
c:/altera/13.0/nios2eds/bin/gnu/h-i686-mingw32/bin/../lib/gcc/nios2-elf/4.1.2\libgcc.a(_mul_sf.o)
                              obj/default/taskslcfr.o (__mulsf3)
c:/altera/13.0/nios2eds/bin/gnu/h-i686-mingw32/bin/../lib/gcc/nios2-elf/4.1.2\libgcc.a(_div_sf.o)
                              obj/default/taskslcfr.o (__divsf3)
c:/altera/13.0/nios2eds/bin/gnu/h-i686-mingw32/bin/../lib/gcc/nios2-elf/4.1.2\libgcc.a(_gt_sf.o)
                              obj/default/taskslcfr.o (__gtsf2)
c:/altera/13.0/nios2eds/bin/gnu/h-i686-mingw32/bin/../lib/gcc/nios2-elf/4.1.2\libgcc.a(_lt_sf.o)
                              obj/default/taskslcfr.o (__ltsf2)
c:/altera/13.0/nios2eds/bin/gnu/h-i686-mingw32/bin/../lib/gcc/nios2-elf/4.1.2\libgcc.a(_si_to_sf.o)
                              obj/default/taskslcfr.o (__floatsisf)
c:/altera/13.0/nios2eds/bin/gnu/h-i686-mingw32/bin/../lib/gcc/nios2-elf/4.1.2\libgcc.a(_sf_to_si.o)
                              obj/default/taskslcfr.o (__fixsfsi)
c:/altera/13.0/nios2eds/bin/gnu/h-i686-mingw32/bin/../lib/gcc/nios2-elf/4.1.2\libgcc.a(_sf_to_df.o)
                              obj/default/taskslcfr.o (__extendsfdf2)
c:/altera/13.0/nios2eds/bin/gnu/h-i686-mingw32/bin/../lib/gcc/nios2-elf/4.1.2\libgcc.a(_thenan_sf.o)
                              c:/altera/13.0/nios2eds/bin/gnu/h-i686-mingw32/bin/../lib/gcc/nios2-elf/4.1.2\libgcc.a(_addsub_sf.o) (__thenan_sf)
c:/altera/13.0/nios2eds/bin/gnu/h-i686-mingw32/bin/../lib/gcc/nios2-elf/4.1.2\libgcc.a(_usi_to_sf.o)
                              obj/default/taskslcfr.o (__floatunsisf)
c:/altera/13.0/nios2eds/bin/gnu/h-i686-mingw32/bin/../lib/gcc/nios2-elf/4.1.2\libgcc.a(_make_df.o)
                              c:/altera/13.0/nios2eds/bin/gnu/h-i686-mingw32/bin/../lib/gcc/nios2-elf/4.1.2\libgcc.a(_sf_to_df.o) (__make_dp)
c:/altera/13.0/nios2eds/bin/gnu/h-i686-mingw32/bin/../lib/gcc/nios2-elf/4.1.2\libgcc.a(_muldi3.o)
                              c:/altera/13.0/nios2eds/bin/gnu/h-i686-mingw32/bin/../lib/gcc/nios2-elf/4.1.2\libgcc.a(_mul_sf.o) (__muldi3)
c:/altera/13.0/nios2eds/bin/gnu/h-i686-mingw32/bin/../lib/gcc/nios2-elf/4.1.2\libgcc.a(_clzsi2.o)
                              c:/altera/13.0/nios2eds/bin/gnu/h-i686-mingw32/bin/../lib/gcc/nios2-elf/4.1.2\libgcc.a(_si_to_sf.o) (__clzsi2)
c:/altera/13.0/nios2eds/bin/gnu/h-i686-mingw32/bin/../lib/gcc/nios2-elf/4.1.2\libgcc.a(_pack_sf.o)
                              c:/altera/13.0/nios2eds/bin/gnu/h-i686-mingw32/bin/../lib/gcc/nios2-elf/4.1.2\libgcc.a(_addsub_sf.o) (__pack_f)
c:/altera/13.0/nios2eds/bin/gnu/h-i686-mingw32/bin/../lib/gcc/nios2-elf/4.1.2\libgcc.a(_unpack_sf.o)
                              c:/altera/13.0/nios2eds/bin/gnu/h-i686-mingw32/bin/../lib/gcc/nios2-elf/4.1.2\libgcc.a(_addsub_sf.o) (__unpack_f)
c:/altera/13.0/nios2eds/bin/gnu/h-i686-mingw32/bin/../lib/gcc/nios2-elf/4.1.2\libgcc.a(_fpcmp_parts_sf.o)
                              c:/altera/13.0/nios2eds/bin/gnu/h-i686-mingw32/bin/../lib/gcc/nios2-elf/4.1.2\libgcc.a(_gt_sf.o) (__fpcmp_parts_f)
c:/altera/13.0/nios2eds/bin/gnu/h-i686-mingw32/bin/../lib/gcc/nios2-elf/4.1.2\libgcc.a(_pack_df.o)
                              c:/altera/13.0/nios2eds/bin/gnu/h-i686-mingw32/bin/../lib/gcc/nios2-elf/4.1.2\libgcc.a(_make_df.o) (__pack_d)
c:/altera/13.0/nios2eds/bin/gnu/h-i686-mingw32/bin/../lib/gcc/nios2-elf/4.1.2\libgcc.a(_clz.o)
                              c:/altera/13.0/nios2eds/bin/gnu/h-i686-mingw32/bin/../lib/gcc/nios2-elf/4.1.2\libgcc.a(_clzsi2.o) (__clz_tab)
c:/altera/13.0/nios2eds/bin/gnu/h-i686-mingw32/bin/../lib/gcc/nios2-elf/4.1.2/../../../../nios2-elf/lib\libc.a(lib_a-fopen.o)
                              obj/default/taskslcfr.o (fopen)
c:/altera/13.0/nios2eds/bin/gnu/h-i686-mingw32/bin/../lib/gcc/nios2-elf/4.1.2/../../../../nios2-elf/lib\libc.a(lib_a-fprintf.o)
                              obj/default/taskslcfr.o (fprintf)
c:/altera/13.0/nios2eds/bin/gnu/h-i686-mingw32/bin/../lib/gcc/nios2-elf/4.1.2/../../../../nios2-elf/lib\libc.a(lib_a-fseek.o)
                              c:/altera/13.0/nios2eds/bin/gnu/h-i686-mingw32/bin/../lib/gcc/nios2-elf/4.1.2/../../../../nios2-elf/lib\libc.a(lib_a-fopen.o) (_fseek_r)
c:/altera/13.0/nios2eds/bin/gnu/h-i686-mingw32/bin/../lib/gcc/nios2-elf/4.1.2/../../../../nios2-elf/lib\libc.a(lib_a-fstatr.o)
                              c:/altera/13.0/nios2eds/bin/gnu/h-i686-mingw32/bin/../lib/gcc/nios2-elf/4.1.2/../../../../nios2-elf/lib\libc.a(lib_a-fseek.o) (_fstat_r)
c:/altera/13.0/nios2eds/bin/gnu/h-i686-mingw32/bin/../lib/gcc/nios2-elf/4.1.2/../../../../nios2-elf/lib\libc.a(lib_a-impure.o)
                              c:/altera/13.0/nios2eds/bin/gnu/h-i686-mingw32/bin/../lib/gcc/nios2-elf/4.1.2/../../../../nios2-elf/lib\libc.a(lib_a-fopen.o) (_impure_ptr)
[...]
Memory Configuration

Name             Origin             Length             Attributes
onchip_memory_BEFORE_EXCEPTION 0x00000000         0x00000020
onchip_memory    0x00000020         0x00031fe0
reset            0x01000000         0x00000020
flash_controller 0x01000020         0x007fffe0
sdram            0x08000000         0x08000000
*default*        0x00000000         0xffffffff

Linker script and memory map

LOAD ../freqRelay_bsp//obj/HAL/src/crt0.o
LOAD obj/default/freertos/croutine.o
LOAD obj/default/freertos/event_groups.o
LOAD obj/default/freertos/heap.o
LOAD obj/default/freertos/list.o
LOAD obj/default/freertos/port.o
LOAD obj/default/freertos/queue.o
LOAD obj/default/freertos/tasks.o
LOAD obj/default/freertos/timers.o
LOAD obj/default/hello_world.o
LOAD obj/default/interrupts.o
LOAD obj/default/taskslcfr.o
LOAD obj/default/variables.o
LOAD obj/default/freertos/port_asm.o
LOAD c:/altera/13.0/nios2eds/bin/gnu/h-i686-mingw32/bin/../lib/gcc/nios2-elf/4.1.2/../../../../nios2-elf/lib\libstdc++.a
LOAD c:/altera/13.0/nios2eds/bin/gnu/h-i686-mingw32/bin/../lib/gcc/nios2-elf/4.1.2/../../../../nios2-elf/lib\libm.a
LOAD c:/altera/13.0/nios2eds/bin/gnu/h-i686-mingw32/bin/../lib/gcc/nios2-elf/4.1.2\libgcc.a
START GROUP
LOAD c:/altera/13.0/nios2eds/bin/gnu/h-i686-mingw32/bin/../lib/gcc/nios2-elf/4.1.2/../../../../nios2-elf/lib\libc.a
LOAD c:/altera/13.0/nios2eds/bin/gnu/h-i686-mingw32/bin/../lib/gcc/nios2-elf/4.1.2\libgcc.a
LOAD ../freqRelay_bsp/\libhal_bsp.a
END GROUP
LOAD c:/altera/13.0/nios2eds/bin/gnu/h-i686-mingw32/bin/../lib/gcc/nios2-elf/4.1.2\libgcc.a
                0x00000000                __alt_mem_onchip_memory = 0x0
                0x01000000                __alt_mem_flash_controller = 0x1000000
                0x08000000                __alt_mem_sdram = 0x8000000

.entry          0x01000000        0x0
 *(.entry)
 .entry         0x01000000        0x0 ../freqRelay_bsp//obj/HAL/src/crt0.o
                0x01000000                __reset

.exceptions     0x00000020      0x228
                0x00000020                PROVIDE (__ram_exceptions_start, ABSOLUTE (.))
                0x00000020                . = ALIGN (0x20)
 *(.irq)
 *(.exceptions.entry.label)
 *(.exceptions.entry.user)
 *(.exceptions.entry)
 .exceptions.entry
                0x00000020       0x8c obj/default/freertos/port_asm.o
 *(.exceptions.irqtest.user)
 *(.exceptions.irqtest)
 .exceptions.irqtest
                0x000000ac       0x14 obj/default/freertos/port_asm.o
 *(.exceptions.irqhandler.user)
 *(.exceptions.irqhandler)
 .exceptions.irqhandler
                0x000000c0        0x4 obj/default/freertos/port_asm.o
 *(.exceptions.irqreturn.user)
 *(.exceptions.irqreturn)
 .exceptions.irqreturn
                0x000000c4       0x8c obj/default/freertos/port_asm.o
                0x000000c4                restore_sp_from_pxCurrentTCB
 *(.exceptions.notirq.label)
 *(.exceptions.notirq.user)
 *(.exceptions.notirq)
 *(.exceptions.soft.user)
 *(.exceptions.soft)
 .exceptions.soft
                0x00000150       0x2c obj/default/freertos/port_asm.o
 *(.exceptions.unknown.user)
 *(.exceptions.unknown)
 *(.exceptions.exit.label)
 *(.exceptions.exit.user)
 *(.exceptions.exit)
 *(.exceptions)
 .exceptions    0x0000017c       0xcc ../freqRelay_bsp/\libhal_bsp.a(alt_irq_handler.o)
                0x0000017c                alt_irq_handler
                0x00000248                PROVIDE (__ram_exceptions_end, ABSOLUTE (.))
                0x00000020                PROVIDE (__flash_exceptions_start, LOADADDR (.exceptions))

.text           0x00000248    0x1b004
                0x00000248                PROVIDE (stext, ABSOLUTE (.))
 *(.interp)
 *(.hash)
 *(.dynsym)
 *(.dynstr)
 *(.gnu.version)
 *(.gnu.version_d)
 *(.gnu.version_r)
 *(.rel.init)
 *(.rela.init)
 *(.rel.text .rel.text.* .rel.gnu.linkonce.t.*)
 *(.rela.text .rela.text.* .rela.gnu.linkonce.t.*)
 *(.rel.fini)
 *(.rela.fini)
 *(.rel.rodata .rel.rodata.* .rel.gnu.linkonce.r.*)
 *(.rela.rodata .rela.rodata.* .rela.gnu.linkonce.r.*)
 *(.rel.data .rel.data.* .rel.gnu.linkonce.d.*)
 *(.rela.data .rela.data.* .rela.gnu.linkonce.d.*)
 *(.rel.tdata .rel.tdata.* .rel.gnu.linkonce.td.*)
 *(.rela.tdata .rela.tdata.* .rela.gnu.linkonce.td.*)
 *(.rel.tbss .rel.tbss.* .rel.gnu.linkonce.tb.*)
 *(.rela.tbss .rela.tbss.* .rela.gnu.linkonce.tb.*)
 *(.rel.ctors)
 *(.rela.ctors)
 *(.rel.dtors)
 *(.rela.dtors)
 *(.rel.got)
 *(.rela.got)
 *(.rel.sdata .rel.sdata.* .rel.gnu.linkonce.s.*)
 *(.rela.sdata .rela.sdata.* .rela.gnu.linkonce.s.*)
 *(.rel.sbss .rel.sbss.* .rel.gnu.linkonce.sb.*)
 *(.rela.sbss .rela.sbss.* .rela.gnu.linkonce.sb.*)
 *(.rel.sdata2 .rel.sdata2.* .rel.gnu.linkonce.s2.*)
 *(.rela.sdata2 .rela.sdata2.* .rela.gnu.linkonce.s2.*)
 *(.rel.sbss2 .rel.sbss2.* .rel.gnu.linkonce.sb2.*)
 *(.rela.sbss2 .rela.sbss2.* .rela.gnu.linkonce.sb2.*)
 *(.rel.bss .rel.bss.* .rel.gnu.linkonce.b.*)
 *(.rela.bss .rela.bss.* .rela.gnu.linkonce.b.*)
 *(.rel.plt)
 *(.rela.plt)
 *(.rel.dyn)
 *(.init)
 *(.plt)
 *(.text .stub .text.* .gnu.linkonce.t.*)
 .text          0x00000248       0x48 ../freqRelay_bsp//obj/HAL/src/crt0.o
                0x00000248                _start
 .text          0x00000290      0x60c obj/default/freertos/croutine.o
                0x00000290                xCoRoutineCreate
                0x000003d0                vCoRoutineAddToDelayedList
                0x00000694                vCoRoutineSchedule
                0x0000081c                xCoRoutineRemoveFromEventList
 .text          0x0000089c      0x720 obj/default/freertos/event_groups.o
                0x0000089c                xEventGroupCreate
                0x000008f0                xEventGroupSync
                0x00000a74                xEventGroupWaitBits
                0x00000c34                xEventGroupClearBits
                0x00000c9c                xEventGroupGetBitsFromISR
                0x00000cd8                xEventGroupSetBits
                0x00000e64                vEventGroupDelete
                0x00000ed4                vEventGroupSetBitsCallback
                0x00000f0c                vEventGroupClearBitsCallback
 .text          0x00000fbc      0x448 obj/default/freertos/heap.o
                0x00000fbc                pvPortMalloc
                0x00001150                vPortFree
                0x000011d0                xPortGetFreeHeapSize
                0x000011f0                vPortInitialiseBlocks
 .text          0x00001404      0x28c obj/default/freertos/list.o
                0x00001404                vListInitialise
                0x00001474                vListInitialiseItem
                0x0000149c                vListInsertEnd
                0x00001524                vListInsert
                0x000015f8                uxListRemove
 .text          0x00001690      0x434 obj/default/freertos/port.o
                0x00001690                vApplicationStackOverflowHook
                0x000016f4                pxPortInitialiseStack
                0x000017dc                xPortStartScheduler
                0x00001814                vPortEndScheduler
                0x000018c8                vPortSysTickHandler
                0x00001914                alt_irq_register
 .text          0x00001ac4     0x1134 obj/default/freertos/queue.o
                0x00001ac4                xQueueGenericReset
                0x00001bd8                xQueueGenericCreate
                0x00001cb4                xQueueCreateMutex
                0x00001d78                xQueueGiveMutexRecursive
                0x00001e0c                xQueueTakeMutexRecursive
                0x00001eb4                xQueueCreateCountingSemaphore
                0x00001f10                xQueueGenericSend
                0x000020c0                xQueueGenericSendFromISR
                0x000021a8                xQueueGiveFromISR
                0x00002280                xQueueGenericReceive
                0x000024ac                xQueueReceiveFromISR
                0x00002590                xQueuePeekFromISR
                0x00002610                uxQueueMessagesWaiting
                0x00002650                uxQueueSpacesAvailable
                0x000026a4                uxQueueMessagesWaitingFromISR
                0x000026d4                vQueueDelete
                0x00002a80                xQueueIsQueueEmptyFromISR
                0x00002b1c                xQueueIsQueueFullFromISR
                0x00002b64                vQueueWaitForMessageRestricted
 .text          0x00002bf8     0x2084 obj/default/freertos/tasks.o
                0x00002bf8                xTaskGenericCreate
                0x00002dc0                vTaskDelete
                0x00002e98                vTaskDelay
                0x00002f10                vTaskSuspend
                0x000030a8                vTaskResume
                0x00003170                xTaskResumeFromISR
                0x0000324c                vTaskStartScheduler
                0x000032e8                vTaskEndScheduler
                0x0000332c                vTaskSuspendAll
                0x00003354                xTaskResumeAll
                0x000034a4                xTaskGetTickCount
                0x000034cc                xTaskGetTickCountFromISR
                0x000034f8                uxTaskGetNumberOfTasks
                0x00003518                xTaskIncrementTick
                0x000036f4                vTaskSwitchContext
                0x00003824                vTaskPlaceOnEventList
                0x000038a8                vTaskPlaceOnUnorderedEventList
                0x00003940                vTaskPlaceOnEventListRestricted
                0x000039a0                xTaskRemoveFromEventList
                0x00003a88                xTaskRemoveFromUnorderedEventList
                0x00003b58                vTaskSetTimeOutState
                0x00003b90                xTaskCheckForTimeOut
                0x00003c6c                vTaskMissedYield
                0x000040f8                uxTaskGetStackHighWaterMark
                0x00004214                xTaskGetCurrentTaskHandle
                0x0000423c                xTaskGetSchedulerState
                0x00004290                vTaskPriorityInherit
                0x000043c0                xTaskPriorityDisinherit
                0x000044bc                vTaskEnterCritical
                0x00004510                vTaskExitCritical
                0x00004578                uxTaskResetEventItemValue
                0x000045bc                pvTaskIncrementMutexHeldCount
                0x000045f8                ulTaskNotifyTake
                0x000046f4                xTaskNotifyWait
                0x00004824                xTaskNotify
                0x000049ac                xTaskNotifyFromISR
                0x00004b6c                vTaskNotifyGiveFromISR
 .text          0x00004c7c      0x8b0 obj/default/freertos/timers.o
                0x00004c7c                xTimerCreateTimerTask
                0x00004cec                xTimerCreate
                0x00004d9c                xTimerGenericCommand
                0x00004e64                pcTimerGetTimerName
                0x000054b0                xTimerIsTimerActive
                0x000054fc                pvTimerGetTimerID
 .text          0x0000552c       0x38 obj/default/hello_world.o
                0x0000552c                main
 .text          0x00005564      0x244 obj/default/interrupts.o
                0x00005564                buttonIsr
                0x000055a4                freqAdcIsr
                0x000055f4                keyboardIsr
                0x000056e4                registerInterrupts
 .text          0x000057a8      0xe34 obj/default/taskslcfr.o
                0x000057a8                frequencyViolationTask
                0x00005a68                informationTask
                0x00005c40                loadManagementTask
                0x00005f88                switchPollingTask
                0x00005fd8                ledDriverTask
                0x00006048                buildNumber
                0x000061ac                keyboardTask
                0x000063dc                buttonTask
                0x00006494                createTasks
 .text          0x000065dc       0xd4 obj/default/variables.o
                0x000065dc                createVariables
 .text          0x000066b0        0x0 obj/default/freertos/port_asm.o
 .text          0x000066b0      0x2b8 c:/altera/13.0/nios2eds/bin/gnu/h-i686-mingw32/bin/../lib/gcc/nios2-elf/4.1.2\libgcc.a(_addsub_sf.o)
                0x00006894                __subsf3
                0x00006904                __addsf3
 .text          0x00006968      0x1e0 c:/altera/13.0/nios2eds/bin/gnu/h-i686-mingw32/bin/../lib/gcc/nios2-elf/4.1.2\libgcc.a(_mul_sf.o)
                0x00006968                __mulsf3
 .text          0x00006b48      0x174 c:/altera/13.0/nios2eds/bin/gnu/h-i686-mingw32/bin/../lib/gcc/nios2-elf/4.1.2\libgcc.a(_div_sf.o)
                0x00006b48                __divsf3
 .text          0x00006cbc       0x78 c:/altera/13.0/nios2eds/bin/gnu/h-i686-mingw32/bin/../lib/gcc/nios2-elf/4.1.2\libgcc.a(_gt_sf.o)
                0x00006cbc                __gtsf2
 .text          0x00006d34       0x78 c:/altera/13.0/nios2eds/bin/gnu/h-i686-mingw32/bin/../lib/gcc/nios2-elf/4.1.2\libgcc.a(_lt_sf.o)
                0x00006d34                __ltsf2
 .text          0x00006dac       0x98 c:/altera/13.0/nios2eds/bin/gnu/h-i686-mingw32/bin/../lib/gcc/nios2-elf/4.1.2\libgcc.a(_si_to_sf.o)
                0x00006dac                __floatsisf
 .text          0x00006e44       0x94 c:/altera/13.0/nios2eds/bin/gnu/h-i686-mingw32/bin/../lib/gcc/nios2-elf/4.1.2\libgcc.a(_sf_to_si.o)
                0x00006e44                __fixsfsi
 .text          0x00006ed8       0x54 c:/altera/13.0/nios2eds/bin/gnu/h-i686-mingw32/bin/../lib/gcc/nios2-elf/4.1.2\libgcc.a(_sf_to_df.o)
                0x00006ed8                __extendsfdf2
 .text          0x00006f2c        0x0 c:/altera/13.0/nios2eds/bin/gnu/h-i686-mingw32/bin/../lib/gcc/nios2-elf/4.1.2\libgcc.a(_thenan_sf.o)
 .text          0x00006f2c       0xc0 c:/altera/13.0/nios2eds/bin/gnu/h-i686-mingw32/bin/../lib/gcc/nios2-elf/4.1.2\libgcc.a(_usi_to_sf.o)
                0x00006f2c                __floatunsisf
 .text          0x00006fec       0x38 c:/altera/13.0/nios2eds/bin/gnu/h-i686-mingw32/bin/../lib/gcc/nios2-elf/4.1.2\libgcc.a(_make_df.o)
                0x00006fec                __make_dp
 .text          0x00007024       0x98 c:/altera/13.0/nios2eds/bin/gnu/h-i686-mingw32/bin/../lib/gcc/nios2-elf/4.1.2\libgcc.a(_muldi3.o)
                0x00007024                __muldi3
 .text          0x000070bc       0x80 c:/altera/13.0/nios2eds/bin/gnu/h-i686-mingw32/bin/../lib/gcc/nios2-elf/4.1.2\libgcc.a(_clzsi2.o)
                0x000070bc                __clzsi2
 .text          0x0000713c      0x160 c:/altera/13.0/nios2eds/bin/gnu/h-i686-mingw32/bin/../lib/gcc/nios2-elf/4.1.2\libgcc.a(_pack_sf.o)
                0x0000713c                __pack_f
 .text          0x0000729c       0xc8 c:/altera/13.0/nios2eds/bin/gnu/h-i686-mingw32/bin/../lib/gcc/nios2-elf/4.1.2\libgcc.a(_unpack_sf.o)
                0x0000729c                __unpack_f
 .text          0x00007364       0xa8 c:/altera/13.0/nios2eds/bin/gnu/h-i686-mingw32/bin/../lib/gcc/nios2-elf/4.1.2\libgcc.a(_fpcmp_parts_sf.o)
                0x00007364                __fpcmp_parts_f
 .text          0x0000740c      0x314 c:/altera/13.0/nios2eds/bin/gnu/h-i686-mingw32/bin/../lib/gcc/nios2-elf/4.1.2\libgcc.a(_pack_df.o)
                0x0000740c                __pack_d
 .text          0x00007720        0x0 c:/altera/13.0/nios2eds/bin/gnu/h-i686-mingw32/bin/../lib/gcc/nios2-elf/4.1.2\libgcc.a(_clz.o)
 .text          0x00007720      0x110 c:/altera/13.0/nios2eds/bin/gnu/h-i686-mingw32/bin/../lib/gcc/nios2-elf/4.1.2/../../../../nios2-elf/lib\libc.a(lib_a-fopen.o)
                0x00007720                _fopen_r
                0x00007814                fopen
 .text          0x00007830       0x60 c:/altera/13.0/nios2eds/bin/gnu/h-i686-mingw32/bin/../lib/gcc/nios2-elf/4.1.2/../../../../nios2-elf/lib\libc.a(lib_a-fprintf.o)
                0x00007830                fprintf
                0x0000785c                _fprintf_r
 .text          0x00007890      0x460 c:/altera/13.0/nios2eds/bin/gnu/h-i686-mingw32/bin/../lib/gcc/nios2-elf/4.1.2/../../../../nios2-elf/lib\libc.a(lib_a-fseek.o)
                0x00007890                _fseek_r
                0x00007ccc                fseek
 .text          0x00007cf0       0x74 c:/altera/13.0/nios2eds/bin/gnu/h-i686-mingw32/bin/../lib/gcc/nios2-elf/4.1.2/../../../../nios2-elf/lib\libc.a(lib_a-fstatr.o)
                0x00007cf0                _fstat_r
 .text          0x00007d64        0x0 c:/altera/13.0/nios2eds/bin/gnu/h-i686-mingw32/bin/../lib/gcc/nios2-elf/4.1.2/../../../../nios2-elf/lib\libc.a(lib_a-impure.o)
 .text          0x00007d64        0x0 c:/altera/13.0/nios2eds/bin/gnu/h-i686-mingw32/bin/../lib/gcc/nios2-elf/4.1.2/../../../../nios2-elf/lib\libc.a(lib_a-int_errno.o)
 .text          0x00007d64      0x194 c:/altera/13.0/nios2eds/bin/gnu/h-i686-mingw32/bin/../lib/gcc/nios2-elf/4.1.2/../../../../nios2-elf/lib\libc.a(lib_a-makebuf.o)
                0x00007d64                __smakebuf_r
 .text          0x00007ef8      0x740 c:/altera/13.0/nios2eds/bin/gnu/h-i686-mingw32/bin/../lib/gcc/nios2-elf/4.1.2/../../../../nios2-elf/lib\libc.a(lib_a-mallocr.o)
                0x00007ef8                _malloc_r
 .text          0x00008638       0x74 c:/altera/13.0/nios2eds/bin/gnu/h-i686-mingw32/bin/../lib/gcc/nios2-elf/4.1.2/../../../../nios2-elf/lib\libc.a(lib_a-memcmp.o)
                0x00008638                memcmp
 .text          0x000086ac       0xa0 c:/altera/13.0/nios2eds/bin/gnu/h-i686-mingw32/bin/../lib/gcc/nios2-elf/4.1.2/../../../../nios2-elf/lib\libc.a(lib_a-memcpy.o)
                0x000086ac                memcpy
 .text          0x0000874c       0x98 c:/altera/13.0/nios2eds/bin/gnu/h-i686-mingw32/bin/../lib/gcc/nios2-elf/4.1.2/../../../../nios2-elf/lib\libc.a(lib_a-memset.o)
                0x0000874c                memset
 .text          0x000087e4       0x78 c:/altera/13.0/nios2eds/bin/gnu/h-i686-mingw32/bin/../lib/gcc/nios2-elf/4.1.2/../../../../nios2-elf/lib\libc.a(lib_a-openr.o)
                0x000087e4                _open_r
 .text          0x0000885c       0x78 c:/altera/13.0/nios2eds/bin/gnu/h-i686-mingw32/bin/../lib/gcc/nios2-elf/4.1.2/../../../../nios2-elf/lib\libc.a(lib_a-printf.o)
                0x0000885c                printf
                0x000088a0                _printf_r
 .text          0x000088d4       0xb4 c:/altera/13.0/nios2eds/bin/gnu/h-i686-mingw32/bin/../lib/gcc/nios2-elf/4.1.2/../../../../nios2-elf/lib\libc.a(lib_a-puts.o)
                0x000088d4                _puts_r
                0x00008974                puts
 .text          0x00008988      0x1e0 c:/altera/13.0/nios2eds/bin/gnu/h-i686-mingw32/bin/../lib/gcc/nios2-elf/4.1.2/../../../../nios2-elf/lib\libc.a(lib_a-refill.o)
                0x00008988                __srefill_r
 .text          0x00008b68       0x70 c:/altera/13.0/nios2eds/bin/gnu/h-i686-mingw32/bin/../lib/gcc/nios2-elf/4.1.2/../../../../nios2-elf/lib\libc.a(lib_a-sbrkr.o)
                0x00008b68                _sbrk_r
 .text          0x00008bd8      0x14c c:/altera/13.0/nios2eds/bin/gnu/h-i686-mingw32/bin/../lib/gcc/nios2-elf/4.1.2/../../../../nios2-elf/lib\libc.a(lib_a-stdio.o)
                0x00008bd8                __sclose
                0x00008be0                __sseek
                0x00008c48                __swrite
                0x00008cc4                __sread
 .text          0x00008d24       0x74 c:/altera/13.0/nios2eds/bin/gnu/h-i686-mingw32/bin/../lib/gcc/nios2-elf/4.1.2/../../../../nios2-elf/lib\libc.a(lib_a-strlen.o)
                0x00008d24                strlen
 .text          0x00008d98     0x166c c:/altera/13.0/nios2eds/bin/gnu/h-i686-mingw32/bin/../lib/gcc/nios2-elf/4.1.2/../../../../nios2-elf/lib\libc.a(lib_a-strtod.o)
                0x00008de0                _strtod_r
                0x0000a2c4                strtof
                0x0000a3e8                strtod
 .text          0x0000a404     0x1f28 c:/altera/13.0/nios2eds/bin/gnu/h-i686-mingw32/bin/../lib/gcc/nios2-elf/4.1.2/../../../../nios2-elf/lib\libc.a(lib_a-vfprintf.o)
                0x0000a45c                ___vfprintf_internal_r
                0x0000c308                __vfprintf_internal
 .text          0x0000c32c       0x78 c:/altera/13.0/nios2eds/bin/gnu/h-i686-mingw32/bin/../lib/gcc/nios2-elf/4.1.2/../../../../nios2-elf/lib\libc.a(lib_a-writer.o)
                0x0000c32c                _write_r
 .text          0x0000c3a4      0x13c c:/altera/13.0/nios2eds/bin/gnu/h-i686-mingw32/bin/../lib/gcc/nios2-elf/4.1.2/../../../../nios2-elf/lib\libc.a(lib_a-wsetup.o)
                0x0000c3a4                __swsetup_r
 .text          0x0000c4e0       0x70 c:/altera/13.0/nios2eds/bin/gnu/h-i686-mingw32/bin/../lib/gcc/nios2-elf/4.1.2/../../../../nios2-elf/lib\libc.a(lib_a-closer.o)
                0x0000c4e0                _close_r
 .text          0x0000c550     0x17cc c:/altera/13.0/nios2eds/bin/gnu/h-i686-mingw32/bin/../lib/gcc/nios2-elf/4.1.2/../../../../nios2-elf/lib\libc.a(lib_a-dtoa.o)
                0x0000c768                _dtoa_r
 .text          0x0000dd1c      0x230 c:/altera/13.0/nios2eds/bin/gnu/h-i686-mingw32/bin/../lib/gcc/nios2-elf/4.1.2/../../../../nios2-elf/lib\libc.a(lib_a-fflush.o)
                0x0000dd1c                _fflush_r
                0x0000df18                fflush
 .text          0x0000df4c      0x2c0 c:/altera/13.0/nios2eds/bin/gnu/h-i686-mingw32/bin/../lib/gcc/nios2-elf/4.1.2/../../../../nios2-elf/lib\libc.a(lib_a-findfp.o)
                0x0000dfa4                __sfp_lock_acquire
                0x0000dfa8                __sfp_lock_release
                0x0000dfac                __sinit_lock_acquire
                0x0000dfb0                __sinit_lock_release
                0x0000dfb4                __sinit
                0x0000e068                __fp_unlock_all
                0x0000e080                __fp_lock_all
                0x0000e098                _cleanup_r
                0x0000e0a4                _cleanup
                0x0000e0b4                __sfmoreglue
                0x0000e11c                __sfp
 .text          0x0000e20c       0xa0 c:/altera/13.0/nios2eds/bin/gnu/h-i686-mingw32/bin/../lib/gcc/nios2-elf/4.1.2/../../../../nios2-elf/lib\libc.a(lib_a-flags.o)
                0x0000e20c                __sflags
 .text          0x0000e2ac      0x440 c:/altera/13.0/nios2eds/bin/gnu/h-i686-mingw32/bin/../lib/gcc/nios2-elf/4.1.2/../../../../nios2-elf/lib\libc.a(lib_a-freer.o)
                0x0000e2ac                _malloc_trim_r
                0x0000e3d8                _free_r
 .text          0x0000e6ec      0x49c c:/altera/13.0/nios2eds/bin/gnu/h-i686-mingw32/bin/../lib/gcc/nios2-elf/4.1.2/../../../../nios2-elf/lib\libc.a(lib_a-fvwrite.o)
                0x0000e6ec                __sfvwrite_r
 .text          0x0000eb88      0x180 c:/altera/13.0/nios2eds/bin/gnu/h-i686-mingw32/bin/../lib/gcc/nios2-elf/4.1.2/../../../../nios2-elf/lib\libc.a(lib_a-fwalk.o)
                0x0000eb88                _fwalk_reent
                0x0000ec50                _fwalk
 .text          0x0000ed08      0x8f4 c:/altera/13.0/nios2eds/bin/gnu/h-i686-mingw32/bin/../lib/gcc/nios2-elf/4.1.2/../../../../nios2-elf/lib\libc.a(lib_a-gdtoa-gethex.o)
                0x0000ed2c                __hexdig_init
                0x0000ee44                __gethex
 .text          0x0000f5fc      0x294 c:/altera/13.0/nios2eds/bin/gnu/h-i686-mingw32/bin/../lib/gcc/nios2-elf/4.1.2/../../../../nios2-elf/lib\libc.a(lib_a-gdtoa-hexnan.o)
                0x0000f648                __hexnan
 .text          0x0000f890       0x70 c:/altera/13.0/nios2eds/bin/gnu/h-i686-mingw32/bin/../lib/gcc/nios2-elf/4.1.2/../../../../nios2-elf/lib\libc.a(lib_a-isattyr.o)
                0x0000f890                _isatty_r
 .text          0x0000f900       0xc4 c:/altera/13.0/nios2eds/bin/gnu/h-i686-mingw32/bin/../lib/gcc/nios2-elf/4.1.2/../../../../nios2-elf/lib\libc.a(lib_a-locale.o)
                0x0000f900                __locale_charset
                0x0000f908                _localeconv_r
                0x0000f914                localeconv
                0x0000f924                _setlocale_r
                0x0000f9a8                setlocale
 .text          0x0000f9c4       0x78 c:/altera/13.0/nios2eds/bin/gnu/h-i686-mingw32/bin/../lib/gcc/nios2-elf/4.1.2/../../../../nios2-elf/lib\libc.a(lib_a-lseekr.o)
                0x0000f9c4                _lseek_r
 .text          0x0000fa3c       0xe4 c:/altera/13.0/nios2eds/bin/gnu/h-i686-mingw32/bin/../lib/gcc/nios2-elf/4.1.2/../../../../nios2-elf/lib\libc.a(lib_a-memchr.o)
                0x0000fa3c                memchr
 .text          0x0000fb20       0xe0 c:/altera/13.0/nios2eds/bin/gnu/h-i686-mingw32/bin/../lib/gcc/nios2-elf/4.1.2/../../../../nios2-elf/lib\libc.a(lib_a-memmove.o)
                0x0000fb20                memmove
 .text          0x0000fc00      0xff4 c:/altera/13.0/nios2eds/bin/gnu/h-i686-mingw32/bin/../lib/gcc/nios2-elf/4.1.2/../../../../nios2-elf/lib\libc.a(lib_a-mprec.o)
                0x0000fc00                _Bfree
                0x0000fc28                __hi0bits
                0x0000fc98                __lo0bits
                0x0000fd5c                __mcmp
                0x0000fdbc                __ulp
                0x0000fe3c                __b2d
                0x0000ff5c                __ratio
                0x0001000c                _mprec_log10
                0x000100a0                __copybits
                0x000100f8                __any_on
                0x00010180                _Balloc
                0x0001023c                __d2b
                0x000103b8                __mdiff
                0x00010544                __lshift
                0x00010690                __multiply
                0x00010878                __i2b
                0x000108b4                __multadd
                0x000109b4                __pow5mult
                0x00010ad4                __s2b
 .text          0x00010bf4       0x78 c:/altera/13.0/nios2eds/bin/gnu/h-i686-mingw32/bin/../lib/gcc/nios2-elf/4.1.2/../../../../nios2-elf/lib\libc.a(lib_a-readr.o)
                0x00010bf4                _read_r
 .text          0x00010c6c      0x5f4 c:/altera/13.0/nios2eds/bin/gnu/h-i686-mingw32/bin/../lib/gcc/nios2-elf/4.1.2/../../../../nios2-elf/lib\libc.a(lib_a-reallocr.o)
                0x00010c6c                _realloc_r
 .text          0x00011260       0x40 c:/altera/13.0/nios2eds/bin/gnu/h-i686-mingw32/bin/../lib/gcc/nios2-elf/4.1.2/../../../../nios2-elf/lib\libc.a(lib_a-s_isinfd.o)
                0x00011260                __isinfd
 .text          0x000112a0       0x30 c:/altera/13.0/nios2eds/bin/gnu/h-i686-mingw32/bin/../lib/gcc/nios2-elf/4.1.2/../../../../nios2-elf/lib\libc.a(lib_a-s_isnand.o)
                0x000112a0                __isnand
 .text          0x000112d0       0xbc c:/altera/13.0/nios2eds/bin/gnu/h-i686-mingw32/bin/../lib/gcc/nios2-elf/4.1.2/../../../../nios2-elf/lib\libc.a(lib_a-strcmp.o)
                0x000112d0                strcmp
 .text          0x0001138c       0xb4 c:/altera/13.0/nios2eds/bin/gnu/h-i686-mingw32/bin/../lib/gcc/nios2-elf/4.1.2/../../../../nios2-elf/lib\libc.a(lib_a-callocr.o)
                0x0001138c                _calloc_r
 .text          0x00011440      0x124 c:/altera/13.0/nios2eds/bin/gnu/h-i686-mingw32/bin/../lib/gcc/nios2-elf/4.1.2/../../../../nios2-elf/lib\libc.a(lib_a-fclose.o)
                0x00011440                _fclose_r
                0x00011550                fclose
 .text          0x00011564       0xa4 c:/altera/13.0/nios2eds/bin/gnu/h-i686-mingw32/bin/../lib/gcc/nios2-elf/4.1.2\libgcc.a(_fixunsdfsi.o)
                0x00011564                __fixunsdfsi
 .text          0x00011608      0x5dc c:/altera/13.0/nios2eds/bin/gnu/h-i686-mingw32/bin/../lib/gcc/nios2-elf/4.1.2\libgcc.a(_udivdi3.o)
                0x00011608                __udivdi3
 .text          0x00011be4      0x5b0 c:/altera/13.0/nios2eds/bin/gnu/h-i686-mingw32/bin/../lib/gcc/nios2-elf/4.1.2\libgcc.a(_umoddi3.o)
                0x00011be4                __umoddi3
 .text          0x00012194       0x78 c:/altera/13.0/nios2eds/bin/gnu/h-i686-mingw32/bin/../lib/gcc/nios2-elf/4.1.2\libgcc.a(_ne_sf.o)
                0x00012194                __nesf2
 .text          0x0001220c      0x504 c:/altera/13.0/nios2eds/bin/gnu/h-i686-mingw32/bin/../lib/gcc/nios2-elf/4.1.2\libgcc.a(_addsub_df.o)
                0x0001261c                __subdf3
                0x0001269c                __adddf3
 .text          0x00012710      0x3c4 c:/altera/13.0/nios2eds/bin/gnu/h-i686-mingw32/bin/../lib/gcc/nios2-elf/4.1.2\libgcc.a(_mul_df.o)
                0x00012710                __muldf3
 .text          0x00012ad4      0x258 c:/altera/13.0/nios2eds/bin/gnu/h-i686-mingw32/bin/../lib/gcc/nios2-elf/4.1.2\libgcc.a(_div_df.o)
                0x00012ad4                __divdf3
 .text          0x00012d2c       0x88 c:/altera/13.0/nios2eds/bin/gnu/h-i686-mingw32/bin/../lib/gcc/nios2-elf/4.1.2\libgcc.a(_eq_df.o)
                0x00012d2c                __eqdf2
 .text          0x00012db4       0x88 c:/altera/13.0/nios2eds/bin/gnu/h-i686-mingw32/bin/../lib/gcc/nios2-elf/4.1.2\libgcc.a(_ne_df.o)
                0x00012db4                __nedf2
 .text          0x00012e3c       0x88 c:/altera/13.0/nios2eds/bin/gnu/h-i686-mingw32/bin/../lib/gcc/nios2-elf/4.1.2\libgcc.a(_gt_df.o)
                0x00012e3c                __gtdf2
 .text          0x00012ec4       0x88 c:/altera/13.0/nios2eds/bin/gnu/h-i686-mingw32/bin/../lib/gcc/nios2-elf/4.1.2\libgcc.a(_ge_df.o)
                0x00012ec4                __gedf2
 .text          0x00012f4c       0x88 c:/altera/13.0/nios2eds/bin/gnu/h-i686-mingw32/bin/../lib/gcc/nios2-elf/4.1.2\libgcc.a(_lt_df.o)
                0x00012f4c                __ltdf2
 .text          0x00012fd4       0x88 c:/altera/13.0/nios2eds/bin/gnu/h-i686-mingw32/bin/../lib/gcc/nios2-elf/4.1.2\libgcc.a(_le_df.o)
                0x00012fd4                __ledf2
 .text          0x0001305c       0xf8 c:/altera/13.0/nios2eds/bin/gnu/h-i686-mingw32/bin/../lib/gcc/nios2-elf/4.1.2\libgcc.a(_si_to_df.o)
                0x0001305c                __floatsidf
 .text          0x00013154       0xd8 c:/altera/13.0/nios2eds/bin/gnu/h-i686-mingw32/bin/../lib/gcc/nios2-elf/4.1.2\libgcc.a(_df_to_si.o)
                0x00013154                __fixdfsi
 .text          0x0001322c       0x74 c:/altera/13.0/nios2eds/bin/gnu/h-i686-mingw32/bin/../lib/gcc/nios2-elf/4.1.2\libgcc.a(_df_to_sf.o)
                0x0001322c                __truncdfsf2
 .text          0x000132a0        0x0 c:/altera/13.0/nios2eds/bin/gnu/h-i686-mingw32/bin/../lib/gcc/nios2-elf/4.1.2\libgcc.a(_thenan_df.o)
 .text          0x000132a0      0x194 c:/altera/13.0/nios2eds/bin/gnu/h-i686-mingw32/bin/../lib/gcc/nios2-elf/4.1.2\libgcc.a(_usi_to_df.o)
                0x000132a0                __floatunsidf
 .text          0x00013434      0x14c c:/altera/13.0/nios2eds/bin/gnu/h-i686-mingw32/bin/../lib/gcc/nios2-elf/4.1.2\libgcc.a(lib2-divmod.o)
                0x000134b0                __divsi3
                0x00013510                __modsi3
                0x00013570                __udivsi3
                0x00013578                __umodsi3
 .text          0x00013580       0x2c c:/altera/13.0/nios2eds/bin/gnu/h-i686-mingw32/bin/../lib/gcc/nios2-elf/4.1.2\libgcc.a(_make_sf.o)
                0x00013580                __make_fp
 .text          0x000135ac      0x138 c:/altera/13.0/nios2eds/bin/gnu/h-i686-mingw32/bin/../lib/gcc/nios2-elf/4.1.2\libgcc.a(_unpack_df.o)
                0x000135ac                __unpack_d
 .text          0x000136e4       0xc8 c:/altera/13.0/nios2eds/bin/gnu/h-i686-mingw32/bin/../lib/gcc/nios2-elf/4.1.2\libgcc.a(_fpcmp_parts_df.o)
                0x000136e4                __fpcmp_parts_d
 .text          0x000137ac      0x15c ../freqRelay_bsp/\libhal_bsp.a(alt_close.o)
                0x000137ac                close
 .text          0x00013908       0x2c ../freqRelay_bsp/\libhal_bsp.a(alt_dev.o)
 .text          0x00013934        0x0 ../freqRelay_bsp/\libhal_bsp.a(alt_errno.o)
 .text          0x00013934      0x134 ../freqRelay_bsp/\libhal_bsp.a(alt_fstat.o)
                0x00013934                fstat
 .text          0x00013a68        0x0 ../freqRelay_bsp/\libhal_bsp.a(alt_irq_handler.o)
 .text          0x00013a68        0x0 ../freqRelay_bsp/\libhal_bsp.a(alt_irq_vars.o)
 .text          0x00013a68      0x120 ../freqRelay_bsp/\libhal_bsp.a(alt_isatty.o)
                0x00013a68                isatty
 .text          0x00013b88      0x150 ../freqRelay_bsp/\libhal_bsp.a(alt_lseek.o)
                0x00013b88                lseek
 .text          0x00013cd8       0x6c ../freqRelay_bsp/\libhal_bsp.a(alt_main.o)
                0x00013cd8                alt_main
 .text          0x00013d44       0x40 ../freqRelay_bsp/\libhal_bsp.a(alt_malloc_lock.o)
                0x00013d44                __malloc_lock
                0x00013d64                __malloc_unlock
 .text          0x00013d84      0x2c4 ../freqRelay_bsp/\libhal_bsp.a(alt_open.o)
                0x00013e60                open
 .text          0x00014048      0x180 ../freqRelay_bsp/\libhal_bsp.a(alt_read.o)
                0x00014048                read
 .text          0x000141c8       0x60 ../freqRelay_bsp/\libhal_bsp.a(alt_release_fd.o)
                0x000141c8                alt_release_fd
 .text          0x00014228       0xbc ../freqRelay_bsp/\libhal_bsp.a(alt_sbrk.o)
                0x00014228                sbrk
 .text          0x000142e4      0x180 ../freqRelay_bsp/\libhal_bsp.a(alt_write.o)
                0x000142e4                write
 .text          0x00014464      0x3d8 ../freqRelay_bsp/\libhal_bsp.a(alt_sys_init.o)
                0x00014464                alt_irq_init
                0x00014498                alt_sys_init
 .text          0x0001483c      0x8d8 ../freqRelay_bsp/\libhal_bsp.a(altera_avalon_cfi_flash.o)
                0x0001483c                alt_flash_cfi_init
                0x00014910                alt_flash_cfi_write
                0x00014bd0                alt_flash_cfi_get_info
                0x00014c60                alt_flash_cfi_read
                0x00014cc8                alt_write_value_to_flash
                0x00014e2c                alt_flash_program_block
 .text          0x00015114     0x14a8 ../freqRelay_bsp/\libhal_bsp.a(altera_avalon_cfi_flash_table.o)
                0x00015114                alt_read_query_entry_8bit
                0x00015154                alt_read_query_entry_16bit
                0x00015198                alt_read_query_entry_32bit
                0x000151e0                alt_write_flash_command_8bit_device_8bit_mode
                0x0001521c                alt_write_flash_command_16bit_device_8bit_mode
                0x00015298                alt_write_flash_command_32bit_device_8bit_mode
                0x000152e0                alt_write_flash_command_16bit_device_16bit_mode
                0x00015324                alt_write_flash_command_32bit_device_16bit_mode
                0x0001536c                alt_write_flash_command_32bit_device_32bit_mode
                0x000153b4                alt_write_native_8bit
                0x000153e8                alt_write_native_16bit
                0x0001541c                alt_write_native_32bit
                0x0001544c                alt_set_flash_width_func
                0x0001562c                alt_set_flash_algorithm_func
                0x00015754                alt_read_cfi_table
                0x00015d34                alt_read_cfi_width
                0x000164e0                alt_check_primary_table
 .text          0x000165bc      0x148 ../freqRelay_bsp/\libhal_bsp.a(altera_avalon_jtag_uart_fd.o)
                0x000165bc                altera_avalon_jtag_uart_read_fd
                0x00016614                altera_avalon_jtag_uart_write_fd
                0x0001666c                altera_avalon_jtag_uart_close_fd
                0x000166b4                altera_avalon_jtag_uart_ioctl_fd
 .text          0x00016704      0x408 ../freqRelay_bsp/\libhal_bsp.a(altera_avalon_jtag_uart_init.o)
                0x00016704                altera_avalon_jtag_uart_init
                0x00016a98                altera_avalon_jtag_uart_close
 .text          0x00016b0c       0xf4 ../freqRelay_bsp/\libhal_bsp.a(altera_avalon_jtag_uart_ioctl.o)
                0x00016b0c                altera_avalon_jtag_uart_ioctl
 .text          0x00016c00      0x224 ../freqRelay_bsp/\libhal_bsp.a(altera_avalon_jtag_uart_read.o)
                0x00016c00                altera_avalon_jtag_uart_read
 .text          0x00016e24      0x240 ../freqRelay_bsp/\libhal_bsp.a(altera_avalon_jtag_uart_write.o)
                0x00016e24                altera_avalon_jtag_uart_write
 .text          0x00017064      0xee0 ../freqRelay_bsp/\libhal_bsp.a(altera_avalon_lcd_16207.o)
                0x00017838                altera_avalon_lcd_16207_write
                0x00017e08                altera_avalon_lcd_16207_init
 .text          0x00017f44       0x58 ../freqRelay_bsp/\libhal_bsp.a(altera_avalon_lcd_16207_fd.o)
                0x00017f44                altera_avalon_lcd_16207_write_fd
 .text          0x00017f9c       0xfc ../freqRelay_bsp/\libhal_bsp.a(altera_avalon_timer_sc.o)
                0x00018010                alt_avalon_timer_sc_init
 .text          0x00018098       0xf8 ../freqRelay_bsp/\libhal_bsp.a(altera_avalon_uart_fd.o)
                0x00018098                altera_avalon_uart_read_fd
                0x000180f0                altera_avalon_uart_write_fd
                0x00018148                altera_avalon_uart_close_fd
 .text          0x00018190      0x3fc ../freqRelay_bsp/\libhal_bsp.a(altera_avalon_uart_init.o)
                0x00018190                altera_avalon_uart_init
                0x0001852c                altera_avalon_uart_close
 .text          0x0001858c      0x290 ../freqRelay_bsp/\libhal_bsp.a(altera_avalon_uart_read.o)
                0x0001858c                altera_avalon_uart_read
 .text          0x0001881c      0x228 ../freqRelay_bsp/\libhal_bsp.a(altera_avalon_uart_write.o)
                0x0001881c                altera_avalon_uart_write
 .text          0x00018a44      0x700 ../freqRelay_bsp/\libhal_bsp.a(altera_up_avalon_ps2.o)
                0x00018a44                read_RI_bit
                0x00018a78                read_RE_bit
                0x00018aa8                read_CE_bit
                0x00018adc                read_num_bytes_available
                0x00018b10                read_data_valid
                0x00018b44                read_data_byte
                0x00018b70                alt_up_ps2_init
                0x00018c3c                alt_up_ps2_enable_read_interrupt
                0x00018c90                alt_up_ps2_disable_read_interrupt
                0x00018ce8                alt_up_ps2_write_data_byte
                0x00018d60                alt_up_ps2_wait_for_ack
                0x00018dd0                alt_up_ps2_write_data_byte_with_ack
                0x00018e3c                alt_up_ps2_read_data_byte_timeout
                0x00018eec                alt_up_ps2_read_data_byte
                0x00018f68                alt_up_ps2_clear_fifo
                0x00018fc0                alt_up_ps2_read_fd
                0x0001905c                alt_up_ps2_write_fd
                0x00019104                alt_up_ps2_open_dev
 .text          0x00019144      0x304 ../freqRelay_bsp/\libhal_bsp.a(altera_up_avalon_video_character_buffer_with_dma.o)
                0x00019144                alt_up_char_buffer_init
                0x000191c8                alt_up_char_buffer_open_dev
                0x00019208                alt_up_char_buffer_draw
                0x000192d8                alt_up_char_buffer_string
                0x000193ec                alt_up_char_buffer_clear
 .text          0x00019448      0x5e0 ../freqRelay_bsp/\libhal_bsp.a(altera_up_ps2_keyboard.o)
                0x00019448                get_multi_byte_make_code_index
                0x000194c0                get_single_byte_make_code_index
                0x00019538                get_next_state
                0x00019794                decode_scancode
                0x00019840                set_keyboard_rate
                0x000198a0                translate_make_code
                0x000199a8                reset_keyboard
 .text          0x00019a28      0x154 ../freqRelay_bsp/\libhal_bsp.a(alt_alarm_start.o)
                0x00019a28                alt_alarm_start
 .text          0x00019b7c       0x78 ../freqRelay_bsp/\libhal_bsp.a(alt_dcache_flush.o)
                0x00019b7c                alt_dcache_flush
 .text          0x00019bf4      0x114 ../freqRelay_bsp/\libhal_bsp.a(alt_dev_llist_insert.o)
                0x00019bf4                alt_dev_llist_insert
 .text          0x00019d08       0x64 ../freqRelay_bsp/\libhal_bsp.a(alt_do_ctors.o)
                0x00019d08                _do_ctors
 .text          0x00019d6c       0x64 ../freqRelay_bsp/\libhal_bsp.a(alt_do_dtors.o)
                0x00019d6c                _do_dtors
 .text          0x00019dd0       0x94 ../freqRelay_bsp/\libhal_bsp.a(alt_find_dev.o)
                0x00019dd0                alt_find_dev
 .text          0x00019e64      0x120 ../freqRelay_bsp/\libhal_bsp.a(alt_find_file.o)
                0x00019e64                alt_find_file
 .text          0x00019f84       0xd0 ../freqRelay_bsp/\libhal_bsp.a(alt_flash_dev.o)
                0x00019f84                alt_flash_open_dev
                0x0001a000                alt_flash_close_dev
 .text          0x0001a054       0xb8 ../freqRelay_bsp/\libhal_bsp.a(alt_get_fd.o)
                0x0001a054                alt_get_fd
 .text          0x0001a10c      0x13c ../freqRelay_bsp/\libhal_bsp.a(alt_io_redirect.o)
                0x0001a1d0                alt_io_redirect
 .text          0x0001a248      0x1a4 ../freqRelay_bsp/\libhal_bsp.a(alt_tick.o)
                0x0001a248                alt_alarm_stop
                0x0001a2e0                alt_tick
 .text          0x0001a3ec       0x30 ../freqRelay_bsp/\libhal_bsp.a(alt_usleep.o)
                0x0001a3ec                usleep
 .text          0x0001a41c       0x20 ../freqRelay_bsp/\libhal_bsp.a(altera_nios2_qsys_irq.o)
                0x0001a41c                altera_nios2_qsys_irq_init
 .text          0x0001a43c      0x460 ../freqRelay_bsp/\libhal_bsp.a(altera_avalon_cfi_flash_amd.o)
                0x0001a43c                alt_program_amd
                0x0001a4a4                alt_erase_block_amd
 .text          0x0001a89c      0x460 ../freqRelay_bsp/\libhal_bsp.a(altera_avalon_cfi_flash_intel.o)
                0x0001a89c                alt_program_intel
                0x0001a920                alt_erase_block_intel
 .text          0x0001acfc      0x12c ../freqRelay_bsp/\libhal_bsp.a(alt_busy_sleep.o)
                0x0001acfc                alt_busy_sleep
 .text          0x0001ae28       0x14 c:/altera/13.0/nios2eds/bin/gnu/h-i686-mingw32/bin/../lib/gcc/nios2-elf/4.1.2/../../../../nios2-elf/lib\libc.a(lib_a-atexit.o)
                0x0001ae28                atexit
 .text          0x0001ae3c        0x0 c:/altera/13.0/nios2eds/bin/gnu/h-i686-mingw32/bin/../lib/gcc/nios2-elf/4.1.2/../../../../nios2-elf/lib\libc.a(lib_a-ctype_.o)
 .text          0x0001ae3c       0x38 c:/altera/13.0/nios2eds/bin/gnu/h-i686-mingw32/bin/../lib/gcc/nios2-elf/4.1.2/../../../../nios2-elf/lib\libc.a(lib_a-exit.o)
                0x0001ae3c                exit
 .text          0x0001ae74       0x8c c:/altera/13.0/nios2eds/bin/gnu/h-i686-mingw32/bin/../lib/gcc/nios2-elf/4.1.2/../../../../nios2-elf/lib\libc.a(lib_a-strcpy.o)
                0x0001ae74                strcpy
 .text          0x0001af00      0x134 c:/altera/13.0/nios2eds/bin/gnu/h-i686-mingw32/bin/../lib/gcc/nios2-elf/4.1.2/../../../../nios2-elf/lib\libc.a(lib_a-__atexit.o)
                0x0001af00                __register_exitproc
 .text          0x0001b034      0x1b4 c:/altera/13.0/nios2eds/bin/gnu/h-i686-mingw32/bin/../lib/gcc/nios2-elf/4.1.2/../../../../nios2-elf/lib\libc.a(lib_a-__call_atexit.o)
                0x0001b038                __call_exitprocs
 .text          0x0001b1e8       0x60 ../freqRelay_bsp/\libhal_bsp.a(alt_exit.o)
                0x0001b228                _exit
 *(.gnu.warning.*)
 *(.fini)
                0x0001b248                PROVIDE (__etext, ABSOLUTE (.))
                0x0001b248                PROVIDE (_etext, ABSOLUTE (.))
                0x0001b248                PROVIDE (etext, ABSOLUTE (.))
 *(.eh_frame_hdr)
                0x0001b248                . = ALIGN (0x4)
                0x0001b248                PROVIDE (__preinit_array_start, ABSOLUTE (.))
 *(.preinit_array)
                0x0001b248                PROVIDE (__preinit_array_end, ABSOLUTE (.))
                0x0001b248                PROVIDE (__init_array_start, ABSOLUTE (.))
 *(.init_array)
                0x0001b248                PROVIDE (__init_array_end, ABSOLUTE (.))
                0x0001b248                PROVIDE (__fini_array_start, ABSOLUTE (.))
 *(.fini_array)
                0x0001b248                PROVIDE (__fini_array_end, ABSOLUTE (.))
 *(.eh_frame)
 *(.gcc_except_table)
 *(.dynamic)
                0x0001b248                PROVIDE (__CTOR_LIST__, ABSOLUTE (.))
 *(.ctors)
 *(SORT(.ctors.*))
 .ctors.65535   0x0001b248        0x4 c:/altera/13.0/nios2eds/bin/gnu/h-i686-mingw32/bin/../lib/gcc/nios2-elf/4.1.2/../../../../nios2-elf/lib\libc.a(lib_a-__call_atexit.o)
                0x0001b24c                PROVIDE (__CTOR_END__, ABSOLUTE (.))
                0x0001b24c                PROVIDE (__DTOR_LIST__, ABSOLUTE (.))
 *(.dtors)
 *(SORT(.dtors.*))
                0x0001b24c                PROVIDE (__DTOR_END__, ABSOLUTE (.))
 *(.jcr)
                0x0001b24c                . = ALIGN (0x4)

.rodata         0x08000000      0xb3c
                0x08000000                PROVIDE (__ram_rodata_start, ABSOLUTE (.))
                0x08000000                . = ALIGN (0x4)
 *(.rodata .rodata.* .gnu.linkonce.r.*)
 .rodata        0x08000000       0x34 obj/default/freertos/port.o
 .rodata        0x08000034       0x1c obj/default/freertos/tasks.o
 .rodata        0x08000050        0x8 obj/default/freertos/timers.o
 .rodata        0x08000058       0x24 obj/default/interrupts.o
 .rodata        0x0800007c      0x1a4 obj/default/taskslcfr.o
 .rodata        0x08000220       0x10 c:/altera/13.0/nios2eds/bin/gnu/h-i686-mingw32/bin/../lib/gcc/nios2-elf/4.1.2\libgcc.a(_thenan_sf.o)
                0x08000220                __thenan_sf
 .rodata        0x08000230      0x100 c:/altera/13.0/nios2eds/bin/gnu/h-i686-mingw32/bin/../lib/gcc/nios2-elf/4.1.2\libgcc.a(_clz.o)
                0x08000230                __clz_tab
 .rodata.str1.4
                0x08000330        0x2 c:/altera/13.0/nios2eds/bin/gnu/h-i686-mingw32/bin/../lib/gcc/nios2-elf/4.1.2/../../../../nios2-elf/lib\libc.a(lib_a-impure.o)
                                  0x4 (size before relaxing)
 *fill*         0x08000332        0x2 00
 .rodata.str1.4
                0x08000334        0x2 c:/altera/13.0/nios2eds/bin/gnu/h-i686-mingw32/bin/../lib/gcc/nios2-elf/4.1.2/../../../../nios2-elf/lib\libc.a(lib_a-puts.o)
                                  0x4 (size before relaxing)
 *fill*         0x08000336        0x2 00
 .rodata.str1.4
                0x08000338        0xf c:/altera/13.0/nios2eds/bin/gnu/h-i686-mingw32/bin/../lib/gcc/nios2-elf/4.1.2/../../../../nios2-elf/lib\libc.a(lib_a-strtod.o)
                                 0x10 (size before relaxing)
 *fill*         0x08000347        0x1 00
 .rodata        0x08000348       0x28 c:/altera/13.0/nios2eds/bin/gnu/h-i686-mingw32/bin/../lib/gcc/nios2-elf/4.1.2/../../../../nios2-elf/lib\libc.a(lib_a-strtod.o)
 .rodata.str1.4
                0x08000370       0x5e c:/altera/13.0/nios2eds/bin/gnu/h-i686-mingw32/bin/../lib/gcc/nios2-elf/4.1.2/../../../../nios2-elf/lib\libc.a(lib_a-vfprintf.o)
                                 0x60 (size before relaxing)
 *fill*         0x080003ce        0x2 00
 .rodata        0x080003d0       0x20 c:/altera/13.0/nios2eds/bin/gnu/h-i686-mingw32/bin/../lib/gcc/nios2-elf/4.1.2/../../../../nios2-elf/lib\libc.a(lib_a-vfprintf.o)
 .rodata.str1.4
                0x080003f0       0x10 c:/altera/13.0/nios2eds/bin/gnu/h-i686-mingw32/bin/../lib/gcc/nios2-elf/4.1.2/../../../../nios2-elf/lib\libc.a(lib_a-dtoa.o)
                                 0x14 (size before relaxing)
 .rodata.str1.4
                0x08000400       0x1b c:/altera/13.0/nios2eds/bin/gnu/h-i686-mingw32/bin/../lib/gcc/nios2-elf/4.1.2/../../../../nios2-elf/lib\libc.a(lib_a-gdtoa-gethex.o)
                                 0x1c (size before relaxing)
 *fill*         0x0800041b        0x1 00
 .rodata.str1.4
                0x0800041c       0x10 c:/altera/13.0/nios2eds/bin/gnu/h-i686-mingw32/bin/../lib/gcc/nios2-elf/4.1.2/../../../../nios2-elf/lib\libc.a(lib_a-locale.o)
                                 0x18 (size before relaxing)
 .rodata        0x0800042c       0x30 c:/altera/13.0/nios2eds/bin/gnu/h-i686-mingw32/bin/../lib/gcc/nios2-elf/4.1.2/../../../../nios2-elf/lib\libc.a(lib_a-locale.o)
 .rodata        0x0800045c      0x124 c:/altera/13.0/nios2eds/bin/gnu/h-i686-mingw32/bin/../lib/gcc/nios2-elf/4.1.2/../../../../nios2-elf/lib\libc.a(lib_a-mprec.o)
                0x0800045c                __mprec_tens
                0x08000524                __mprec_bigtens
                0x0800054c                __mprec_tinytens
 .rodata        0x08000580       0x14 c:/altera/13.0/nios2eds/bin/gnu/h-i686-mingw32/bin/../lib/gcc/nios2-elf/4.1.2\libgcc.a(_thenan_df.o)
                0x08000580                __thenan_df
 .rodata        0x08000594        0xc ../freqRelay_bsp/\libhal_bsp.a(alt_dev.o)
 .rodata        0x080005a0       0x10 ../freqRelay_bsp/\libhal_bsp.a(alt_main.o)
 .rodata        0x080005b0       0xb0 ../freqRelay_bsp/\libhal_bsp.a(alt_sys_init.o)
 .rodata        0x08000660       0x1c ../freqRelay_bsp/\libhal_bsp.a(altera_up_avalon_video_character_buffer_with_dma.o)
 .rodata        0x0800067c      0x23c ../freqRelay_bsp/\libhal_bsp.a(altera_up_ps2_keyboard.o)
 .rodata        0x080008b8      0x284 c:/altera/13.0/nios2eds/bin/gnu/h-i686-mingw32/bin/../lib/gcc/nios2-elf/4.1.2/../../../../nios2-elf/lib\libc.a(lib_a-ctype_.o)
                0x080008b8                _ctype_
 *(.rodata1)
                0x08000b3c                . = ALIGN (0x4)
                0x08000b3c                PROVIDE (__ram_rodata_end, ABSOLUTE (.))
                0x08000000                PROVIDE (__flash_rodata_start, LOADADDR (.rodata))

.rwdata         0x08000b3c     0x2104
                0x08000b3c                PROVIDE (__ram_rwdata_start, ABSOLUTE (.))
                0x08000b3c                . = ALIGN (0x4)
 *(.got.plt)
 *(.got)
 *(.data1)
 *(.data .data.* .gnu.linkonce.d.*)
 .data          0x08000b3c        0x0 ../freqRelay_bsp//obj/HAL/src/crt0.o
 .data          0x08000b3c        0x0 obj/default/freertos/croutine.o
 .data          0x08000b3c        0x0 obj/default/freertos/event_groups.o
 .data          0x08000b3c        0x0 obj/default/freertos/heap.o
 .data          0x08000b3c        0x0 obj/default/freertos/list.o
 .data          0x08000b3c        0x0 obj/default/freertos/port.o
 .data          0x08000b3c        0x0 obj/default/freertos/queue.o
 .data          0x08000b3c        0x0 obj/default/freertos/tasks.o
 .data          0x08000b3c        0x0 obj/default/freertos/timers.o
 .data          0x08000b3c        0x0 obj/default/hello_world.o
 .data          0x08000b3c        0x0 obj/default/interrupts.o
 .data          0x08000b3c        0x0 obj/default/taskslcfr.o
 .data          0x08000b3c        0x0 obj/default/variables.o
 .data          0x08000b3c        0x0 obj/default/freertos/port_asm.o
 .data          0x08000b3c        0x0 c:/altera/13.0/nios2eds/bin/gnu/h-i686-mingw32/bin/../lib/gcc/nios2-elf/4.1.2\libgcc.a(_addsub_sf.o)
 .data          0x08000b3c        0x0 c:/altera/13.0/nios2eds/bin/gnu/h-i686-mingw32/bin/../lib/gcc/nios2-elf/4.1.2\libgcc.a(_mul_sf.o)
 .data          0x08000b3c        0x0 c:/altera/13.0/nios2eds/bin/gnu/h-i686-mingw32/bin/../lib/gcc/nios2-elf/4.1.2\libgcc.a(_div_sf.o)
 .data          0x08000b3c        0x0 c:/altera/13.0/nios2eds/bin/gnu/h-i686-mingw32/bin/../lib/gcc/nios2-elf/4.1.2\libgcc.a(_gt_sf.o)
 .data          0x08000b3c        0x0 c:/altera/13.0/nios2eds/bin/gnu/h-i686-mingw32/bin/../lib/gcc/nios2-elf/4.1.2\libgcc.a(_lt_sf.o)
 .data          0x08000b3c        0x0 c:/altera/13.0/nios2eds/bin/gnu/h-i686-mingw32/bin/../lib/gcc/nios2-elf/4.1.2\libgcc.a(_si_to_sf.o)
 .data          0x08000b3c        0x0 c:/altera/13.0/nios2eds/bin/gnu/h-i686-mingw32/bin/../lib/gcc/nios2-elf/4.1.2\libgcc.a(_sf_to_si.o)
 .data          0x08000b3c        0x0 c:/altera/13.0/nios2eds/bin/gnu/h-i686-mingw32/bin/../lib/gcc/nios2-elf/4.1.2\libgcc.a(_sf_to_df.o)
 .data          0x08000b3c        0x0 c:/altera/13.0/nios2eds/bin/gnu/h-i686-mingw32/bin/../lib/gcc/nios2-elf/4.1.2\libgcc.a(_thenan_sf.o)
 .data          0x08000b3c        0x0 c:/altera/13.0/nios2eds/bin/gnu/h-i686-mingw32/bin/../lib/gcc/nios2-elf/4.1.2\libgcc.a(_usi_to_sf.o)
 .data          0x08000b3c        0x0 c:/altera/13.0/nios2eds/bin/gnu/h-i686-mingw32/bin/../lib/gcc/nios2-elf/4.1.2\libgcc.a(_make_df.o)
 .data          0x08000b3c        0x0 c:/altera/13.0/nios2eds/bin/gnu/h-i686-mingw32/bin/../lib/gcc/nios2-elf/4.1.2\libgcc.a(_muldi3.o)
 .data          0x08000b3c        0x0 c:/altera/13.0/nios2eds/bin/gnu/h-i686-mingw32/bin/../lib/gcc/nios2-elf/4.1.2\libgcc.a(_clzsi2.o)
 .data          0x08000b3c        0x0 c:/altera/13.0/nios2eds/bin/gnu/h-i686-mingw32/bin/../lib/gcc/nios2-elf/4.1.2\libgcc.a(_pack_sf.o)
 .data          0x08000b3c        0x0 c:/altera/13.0/nios2eds/bin/gnu/h-i686-mingw32/bin/../lib/gcc/nios2-elf/4.1.2\libgcc.a(_unpack_sf.o)
 .data          0x08000b3c        0x0 c:/altera/13.0/nios2eds/bin/gnu/h-i686-mingw32/bin/../lib/gcc/nios2-elf/4.1.2\libgcc.a(_fpcmp_parts_sf.o)
 .data          0x08000b3c        0x0 c:/altera/13.0/nios2eds/bin/gnu/h-i686-mingw32/bin/../lib/gcc/nios2-elf/4.1.2\libgcc.a(_pack_df.o)
 .data          0x08000b3c        0x0 c:/altera/13.0/nios2eds/bin/gnu/h-i686-mingw32/bin/../lib/gcc/nios2-elf/4.1.2\libgcc.a(_clz.o)
 .data          0x08000b3c        0x0 c:/altera/13.0/nios2eds/bin/gnu/h-i686-mingw32/bin/../lib/gcc/nios2-elf/4.1.2/../../../../nios2-elf/lib\libc.a(lib_a-fopen.o)
 .data          0x08000b3c        0x0 c:/altera/13.0/nios2eds/bin/gnu/h-i686-mingw32/bin/../lib/gcc/nios2-elf/4.1.2/../../../../nios2-elf/lib\libc.a(lib_a-fprintf.o)
 .data          0x08000b3c        0x0 c:/altera/13.0/nios2eds/bin/gnu/h-i686-mingw32/bin/../lib/gcc/nios2-elf/4.1.2/../../../../nios2-elf/lib\libc.a(lib_a-fseek.o)
 .data          0x08000b3c        0x0 c:/altera/13.0/nios2eds/bin/gnu/h-i686-mingw32/bin/../lib/gcc/nios2-elf/4.1.2/../../../../nios2-elf/lib\libc.a(lib_a-fstatr.o)
 .data          0x08000b3c      0x400 c:/altera/13.0/nios2eds/bin/gnu/h-i686-mingw32/bin/../lib/gcc/nios2-elf/4.1.2/../../../../nios2-elf/lib\libc.a(lib_a-impure.o)
 .data          0x08000f3c        0x0 c:/altera/13.0/nios2eds/bin/gnu/h-i686-mingw32/bin/../lib/gcc/nios2-elf/4.1.2/../../../../nios2-elf/lib\libc.a(lib_a-int_errno.o)
 .data          0x08000f3c        0x0 c:/altera/13.0/nios2eds/bin/gnu/h-i686-mingw32/bin/../lib/gcc/nios2-elf/4.1.2/../../../../nios2-elf/lib\libc.a(lib_a-makebuf.o)
 .data          0x08000f3c      0x408 c:/altera/13.0/nios2eds/bin/gnu/h-i686-mingw32/bin/../lib/gcc/nios2-elf/4.1.2/../../../../nios2-elf/lib\libc.a(lib_a-mallocr.o)
                0x08000f3c                __malloc_av_
 .data          0x08001344        0x0 c:/altera/13.0/nios2eds/bin/gnu/h-i686-mingw32/bin/../lib/gcc/nios2-elf/4.1.2/../../../../nios2-elf/lib\libc.a(lib_a-memcmp.o)
 .data          0x08001344        0x0 c:/altera/13.0/nios2eds/bin/gnu/h-i686-mingw32/bin/../lib/gcc/nios2-elf/4.1.2/../../../../nios2-elf/lib\libc.a(lib_a-memcpy.o)
 .data          0x08001344        0x0 c:/altera/13.0/nios2eds/bin/gnu/h-i686-mingw32/bin/../lib/gcc/nios2-elf/4.1.2/../../../../nios2-elf/lib\libc.a(lib_a-memset.o)
 .data          0x08001344        0x0 c:/altera/13.0/nios2eds/bin/gnu/h-i686-mingw32/bin/../lib/gcc/nios2-elf/4.1.2/../../../../nios2-elf/lib\libc.a(lib_a-openr.o)
 .data          0x08001344        0x0 c:/altera/13.0/nios2eds/bin/gnu/h-i686-mingw32/bin/../lib/gcc/nios2-elf/4.1.2/../../../../nios2-elf/lib\libc.a(lib_a-printf.o)
 .data          0x08001344        0x0 c:/altera/13.0/nios2eds/bin/gnu/h-i686-mingw32/bin/../lib/gcc/nios2-elf/4.1.2/../../../../nios2-elf/lib\libc.a(lib_a-puts.o)
 .data          0x08001344        0x0 c:/altera/13.0/nios2eds/bin/gnu/h-i686-mingw32/bin/../lib/gcc/nios2-elf/4.1.2/../../../../nios2-elf/lib\libc.a(lib_a-refill.o)
 .data          0x08001344        0x0 c:/altera/13.0/nios2eds/bin/gnu/h-i686-mingw32/bin/../lib/gcc/nios2-elf/4.1.2/../../../../nios2-elf/lib\libc.a(lib_a-sbrkr.o)
 .data          0x08001344        0x0 c:/altera/13.0/nios2eds/bin/gnu/h-i686-mingw32/bin/../lib/gcc/nios2-elf/4.1.2/../../../../nios2-elf/lib\libc.a(lib_a-stdio.o)
 .data          0x08001344        0x0 c:/altera/13.0/nios2eds/bin/gnu/h-i686-mingw32/bin/../lib/gcc/nios2-elf/4.1.2/../../../../nios2-elf/lib\libc.a(lib_a-strlen.o)
 .data          0x08001344       0x28 c:/altera/13.0/nios2eds/bin/gnu/h-i686-mingw32/bin/../lib/gcc/nios2-elf/4.1.2/../../../../nios2-elf/lib\libc.a(lib_a-strtod.o)
 .data          0x0800136c        0x0 c:/altera/13.0/nios2eds/bin/gnu/h-i686-mingw32/bin/../lib/gcc/nios2-elf/4.1.2/../../../../nios2-elf/lib\libc.a(lib_a-vfprintf.o)
 .data          0x0800136c        0x0 c:/altera/13.0/nios2eds/bin/gnu/h-i686-mingw32/bin/../lib/gcc/nios2-elf/4.1.2/../../../../nios2-elf/lib\libc.a(lib_a-writer.o)
 .data          0x0800136c        0x0 c:/altera/13.0/nios2eds/bin/gnu/h-i686-mingw32/bin/../lib/gcc/nios2-elf/4.1.2/../../../../nios2-elf/lib\libc.a(lib_a-wsetup.o)
 .data          0x0800136c        0x0 c:/altera/13.0/nios2eds/bin/gnu/h-i686-mingw32/bin/../lib/gcc/nios2-elf/4.1.2/../../../../nios2-elf/lib\libc.a(lib_a-closer.o)
 .data          0x0800136c        0x0 c:/altera/13.0/nios2eds/bin/gnu/h-i686-mingw32/bin/../lib/gcc/nios2-elf/4.1.2/../../../../nios2-elf/lib\libc.a(lib_a-dtoa.o)
 .data          0x0800136c        0x0 c:/altera/13.0/nios2eds/bin/gnu/h-i686-mingw32/bin/../lib/gcc/nios2-elf/4.1.2/../../../../nios2-elf/lib\libc.a(lib_a-fflush.o)
 .data          0x0800136c        0x0 c:/altera/13.0/nios2eds/bin/gnu/h-i686-mingw32/bin/../lib/gcc/nios2-elf/4.1.2/../../../../nios2-elf/lib\libc.a(lib_a-findfp.o)
 .data          0x0800136c        0x0 c:/altera/13.0/nios2eds/bin/gnu/h-i686-mingw32/bin/../lib/gcc/nios2-elf/4.1.2/../../../../nios2-elf/lib\libc.a(lib_a-flags.o)
 .data          0x0800136c        0x0 c:/altera/13.0/nios2eds/bin/gnu/h-i686-mingw32/bin/../lib/gcc/nios2-elf/4.1.2/../../../../nios2-elf/lib\libc.a(lib_a-freer.o)
 .data          0x0800136c        0x0 c:/altera/13.0/nios2eds/bin/gnu/h-i686-mingw32/bin/../lib/gcc/nios2-elf/4.1.2/../../../../nios2-elf/lib\libc.a(lib_a-fvwrite.o)
 .data          0x0800136c        0x0 c:/altera/13.0/nios2eds/bin/gnu/h-i686-mingw32/bin/../lib/gcc/nios2-elf/4.1.2/../../../../nios2-elf/lib\libc.a(lib_a-fwalk.o)
 .data          0x0800136c        0x0 c:/altera/13.0/nios2eds/bin/gnu/h-i686-mingw32/bin/../lib/gcc/nios2-elf/4.1.2/../../../../nios2-elf/lib\libc.a(lib_a-gdtoa-gethex.o)
 .data          0x0800136c        0x0 c:/altera/13.0/nios2eds/bin/gnu/h-i686-mingw32/bin/../lib/gcc/nios2-elf/4.1.2/../../../../nios2-elf/lib\libc.a(lib_a-gdtoa-hexnan.o)
 .data          0x0800136c        0x0 c:/altera/13.0/nios2eds/bin/gnu/h-i686-mingw32/bin/../lib/gcc/nios2-elf/4.1.2/../../../../nios2-elf/lib\libc.a(lib_a-isattyr.o)
 .data          0x0800136c        0xc c:/altera/13.0/nios2eds/bin/gnu/h-i686-mingw32/bin/../lib/gcc/nios2-elf/4.1.2/../../../../nios2-elf/lib\libc.a(lib_a-locale.o)
                0x0800136c                __lc_ctype
 .data          0x08001378        0x0 c:/altera/13.0/nios2eds/bin/gnu/h-i686-mingw32/bin/../lib/gcc/nios2-elf/4.1.2/../../../../nios2-elf/lib\libc.a(lib_a-lseekr.o)
 .data          0x08001378        0x0 c:/altera/13.0/nios2eds/bin/gnu/h-i686-mingw32/bin/../lib/gcc/nios2-elf/4.1.2/../../../../nios2-elf/lib\libc.a(lib_a-memchr.o)
 .data          0x08001378        0x0 c:/altera/13.0/nios2eds/bin/gnu/h-i686-mingw32/bin/../lib/gcc/nios2-elf/4.1.2/../../../../nios2-elf/lib\libc.a(lib_a-memmove.o)
 .data          0x08001378        0x0 c:/altera/13.0/nios2eds/bin/gnu/h-i686-mingw32/bin/../lib/gcc/nios2-elf/4.1.2/../../../../nios2-elf/lib\libc.a(lib_a-mprec.o)
 .data          0x08001378        0x0 c:/altera/13.0/nios2eds/bin/gnu/h-i686-mingw32/bin/../lib/gcc/nios2-elf/4.1.2/../../../../nios2-elf/lib\libc.a(lib_a-readr.o)
 .data          0x08001378        0x0 c:/altera/13.0/nios2eds/bin/gnu/h-i686-mingw32/bin/../lib/gcc/nios2-elf/4.1.2/../../../../nios2-elf/lib\libc.a(lib_a-reallocr.o)
 .data          0x08001378        0x0 c:/altera/13.0/nios2eds/bin/gnu/h-i686-mingw32/bin/../lib/gcc/nios2-elf/4.1.2/../../../../nios2-elf/lib\libc.a(lib_a-s_isinfd.o)
 .data          0x08001378        0x0 c:/altera/13.0/nios2eds/bin/gnu/h-i686-mingw32/bin/../lib/gcc/nios2-elf/4.1.2/../../../../nios2-elf/lib\libc.a(lib_a-s_isnand.o)
 .data          0x08001378        0x0 c:/altera/13.0/nios2eds/bin/gnu/h-i686-mingw32/bin/../lib/gcc/nios2-elf/4.1.2/../../../../nios2-elf/lib\libc.a(lib_a-strcmp.o)
 .data          0x08001378        0x0 c:/altera/13.0/nios2eds/bin/gnu/h-i686-mingw32/bin/../lib/gcc/nios2-elf/4.1.2/../../../../nios2-elf/lib\libc.a(lib_a-callocr.o)
 .data          0x08001378        0x0 c:/altera/13.0/nios2eds/bin/gnu/h-i686-mingw32/bin/../lib/gcc/nios2-elf/4.1.2/../../../../nios2-elf/lib\libc.a(lib_a-fclose.o)
 .data          0x08001378        0x0 c:/altera/13.0/nios2eds/bin/gnu/h-i686-mingw32/bin/../lib/gcc/nios2-elf/4.1.2\libgcc.a(_fixunsdfsi.o)
 .data          0x08001378        0x0 c:/altera/13.0/nios2eds/bin/gnu/h-i686-mingw32/bin/../lib/gcc/nios2-elf/4.1.2\libgcc.a(_udivdi3.o)
 .data          0x08001378        0x0 c:/altera/13.0/nios2eds/bin/gnu/h-i686-mingw32/bin/../lib/gcc/nios2-elf/4.1.2\libgcc.a(_umoddi3.o)
 .data          0x08001378        0x0 c:/altera/13.0/nios2eds/bin/gnu/h-i686-mingw32/bin/../lib/gcc/nios2-elf/4.1.2\libgcc.a(_ne_sf.o)
 .data          0x08001378        0x0 c:/altera/13.0/nios2eds/bin/gnu/h-i686-mingw32/bin/../lib/gcc/nios2-elf/4.1.2\libgcc.a(_addsub_df.o)
 .data          0x08001378        0x0 c:/altera/13.0/nios2eds/bin/gnu/h-i686-mingw32/bin/../lib/gcc/nios2-elf/4.1.2\libgcc.a(_mul_df.o)
 .data          0x08001378        0x0 c:/altera/13.0/nios2eds/bin/gnu/h-i686-mingw32/bin/../lib/gcc/nios2-elf/4.1.2\libgcc.a(_div_df.o)
 .data          0x08001378        0x0 c:/altera/13.0/nios2eds/bin/gnu/h-i686-mingw32/bin/../lib/gcc/nios2-elf/4.1.2\libgcc.a(_eq_df.o)
 .data          0x08001378        0x0 c:/altera/13.0/nios2eds/bin/gnu/h-i686-mingw32/bin/../lib/gcc/nios2-elf/4.1.2\libgcc.a(_ne_df.o)
 .data          0x08001378        0x0 c:/altera/13.0/nios2eds/bin/gnu/h-i686-mingw32/bin/../lib/gcc/nios2-elf/4.1.2\libgcc.a(_gt_df.o)
 .data          0x08001378        0x0 c:/altera/13.0/nios2eds/bin/gnu/h-i686-mingw32/bin/../lib/gcc/nios2-elf/4.1.2\libgcc.a(_ge_df.o)
 .data          0x08001378        0x0 c:/altera/13.0/nios2eds/bin/gnu/h-i686-mingw32/bin/../lib/gcc/nios2-elf/4.1.2\libgcc.a(_lt_df.o)
 .data          0x08001378        0x0 c:/altera/13.0/nios2eds/bin/gnu/h-i686-mingw32/bin/../lib/gcc/nios2-elf/4.1.2\libgcc.a(_le_df.o)
 .data          0x08001378        0x0 c:/altera/13.0/nios2eds/bin/gnu/h-i686-mingw32/bin/../lib/gcc/nios2-elf/4.1.2\libgcc.a(_si_to_df.o)
 .data          0x08001378        0x0 c:/altera/13.0/nios2eds/bin/gnu/h-i686-mingw32/bin/../lib/gcc/nios2-elf/4.1.2\libgcc.a(_df_to_si.o)
 .data          0x08001378        0x0 c:/altera/13.0/nios2eds/bin/gnu/h-i686-mingw32/bin/../lib/gcc/nios2-elf/4.1.2\libgcc.a(_df_to_sf.o)
 .data          0x08001378        0x0 c:/altera/13.0/nios2eds/bin/gnu/h-i686-mingw32/bin/../lib/gcc/nios2-elf/4.1.2\libgcc.a(_thenan_df.o)
 .data          0x08001378        0x0 c:/altera/13.0/nios2eds/bin/gnu/h-i686-mingw32/bin/../lib/gcc/nios2-elf/4.1.2\libgcc.a(_usi_to_df.o)
 .data          0x08001378        0x0 c:/altera/13.0/nios2eds/bin/gnu/h-i686-mingw32/bin/../lib/gcc/nios2-elf/4.1.2\libgcc.a(lib2-divmod.o)
 .data          0x08001378        0x0 c:/altera/13.0/nios2eds/bin/gnu/h-i686-mingw32/bin/../lib/gcc/nios2-elf/4.1.2\libgcc.a(_make_sf.o)
 .data          0x08001378        0x0 c:/altera/13.0/nios2eds/bin/gnu/h-i686-mingw32/bin/../lib/gcc/nios2-elf/4.1.2\libgcc.a(_unpack_df.o)
 .data          0x08001378        0x0 c:/altera/13.0/nios2eds/bin/gnu/h-i686-mingw32/bin/../lib/gcc/nios2-elf/4.1.2\libgcc.a(_fpcmp_parts_df.o)
 .data          0x08001378        0x0 ../freqRelay_bsp/\libhal_bsp.a(alt_close.o)
 .data          0x08001378      0x1a8 ../freqRelay_bsp/\libhal_bsp.a(alt_dev.o)
                0x08001378                alt_dev_null
                0x080013a0                alt_fd_list
 .data          0x08001520        0x0 ../freqRelay_bsp/\libhal_bsp.a(alt_errno.o)
 .data          0x08001520        0x0 ../freqRelay_bsp/\libhal_bsp.a(alt_fstat.o)
 .data          0x08001520        0x0 ../freqRelay_bsp/\libhal_bsp.a(alt_irq_handler.o)
 .data          0x08001520        0x0 ../freqRelay_bsp/\libhal_bsp.a(alt_irq_vars.o)
 .data          0x08001520        0x0 ../freqRelay_bsp/\libhal_bsp.a(alt_isatty.o)
 .data          0x08001520        0x0 ../freqRelay_bsp/\libhal_bsp.a(alt_lseek.o)
 .data          0x08001520        0x0 ../freqRelay_bsp/\libhal_bsp.a(alt_main.o)
 .data          0x08001520        0x0 ../freqRelay_bsp/\libhal_bsp.a(alt_malloc_lock.o)
 .data          0x08001520        0x0 ../freqRelay_bsp/\libhal_bsp.a(alt_open.o)
 .data          0x08001520        0x0 ../freqRelay_bsp/\libhal_bsp.a(alt_read.o)
 .data          0x08001520        0x0 ../freqRelay_bsp/\libhal_bsp.a(alt_release_fd.o)
 .data          0x08001520        0x0 ../freqRelay_bsp/\libhal_bsp.a(alt_sbrk.o)
 .data          0x08001520        0x0 ../freqRelay_bsp/\libhal_bsp.a(alt_write.o)
 .data          0x08001520     0x13f0 ../freqRelay_bsp/\libhal_bsp.a(alt_sys_init.o)
 .data          0x08002910        0x0 ../freqRelay_bsp/\libhal_bsp.a(altera_avalon_cfi_flash.o)
 .data          0x08002910        0x0 ../freqRelay_bsp/\libhal_bsp.a(altera_avalon_cfi_flash_table.o)
 .data          0x08002910        0x0 ../freqRelay_bsp/\libhal_bsp.a(altera_avalon_jtag_uart_fd.o)
 .data          0x08002910        0x0 ../freqRelay_bsp/\libhal_bsp.a(altera_avalon_jtag_uart_init.o)
 .data          0x08002910        0x0 ../freqRelay_bsp/\libhal_bsp.a(altera_avalon_jtag_uart_ioctl.o)
 .data          0x08002910        0x0 ../freqRelay_bsp/\libhal_bsp.a(altera_avalon_jtag_uart_read.o)
 .data          0x08002910        0x0 ../freqRelay_bsp/\libhal_bsp.a(altera_avalon_jtag_uart_write.o)
 .data          0x08002910        0x0 ../freqRelay_bsp/\libhal_bsp.a(altera_avalon_lcd_16207.o)
 .data          0x08002910        0x0 ../freqRelay_bsp/\libhal_bsp.a(altera_avalon_lcd_16207_fd.o)
 .data          0x08002910        0x0 ../freqRelay_bsp/\libhal_bsp.a(altera_avalon_timer_sc.o)
 .data          0x08002910        0x0 ../freqRelay_bsp/\libhal_bsp.a(altera_avalon_uart_fd.o)
 .data          0x08002910        0x0 ../freqRelay_bsp/\libhal_bsp.a(altera_avalon_uart_init.o)
 .data          0x08002910        0x0 ../freqRelay_bsp/\libhal_bsp.a(altera_avalon_uart_read.o)
 .data          0x08002910        0x0 ../freqRelay_bsp/\libhal_bsp.a(altera_avalon_uart_write.o)
 .data          0x08002910        0x0 ../freqRelay_bsp/\libhal_bsp.a(altera_up_avalon_ps2.o)
 .data          0x08002910        0x0 ../freqRelay_bsp/\libhal_bsp.a(altera_up_avalon_video_character_buffer_with_dma.o)
 .data          0x08002910      0x2d0 ../freqRelay_bsp/\libhal_bsp.a(altera_up_ps2_keyboard.o)
                0x08002910                key_table
                0x08002aa8                ascii_codes
                0x08002b10                single_byte_make_code
                0x08002b78                multi_byte_make_code
 .data          0x08002be0        0x0 ../freqRelay_bsp/\libhal_bsp.a(alt_alarm_start.o)
 .data          0x08002be0        0x0 ../freqRelay_bsp/\libhal_bsp.a(alt_dcache_flush.o)
 .data          0x08002be0        0x0 ../freqRelay_bsp/\libhal_bsp.a(alt_dev_llist_insert.o)
 .data          0x08002be0        0x0 ../freqRelay_bsp/\libhal_bsp.a(alt_do_ctors.o)
 .data          0x08002be0        0x0 ../freqRelay_bsp/\libhal_bsp.a(alt_do_dtors.o)
 .data          0x08002be0        0x0 ../freqRelay_bsp/\libhal_bsp.a(alt_find_dev.o)
 .data          0x08002be0        0x0 ../freqRelay_bsp/\libhal_bsp.a(alt_find_file.o)
 .data          0x08002be0        0x0 ../freqRelay_bsp/\libhal_bsp.a(alt_flash_dev.o)
 .data          0x08002be0        0x0 ../freqRelay_bsp/\libhal_bsp.a(alt_get_fd.o)
 .data          0x08002be0        0x0 ../freqRelay_bsp/\libhal_bsp.a(alt_io_redirect.o)
 .data          0x08002be0        0x0 ../freqRelay_bsp/\libhal_bsp.a(alt_tick.o)
 .data          0x08002be0        0x0 ../freqRelay_bsp/\libhal_bsp.a(alt_usleep.o)
 .data          0x08002be0        0x0 ../freqRelay_bsp/\libhal_bsp.a(altera_nios2_qsys_irq.o)
 .data          0x08002be0        0x0 ../freqRelay_bsp/\libhal_bsp.a(altera_avalon_cfi_flash_amd.o)
 .data          0x08002be0        0x0 ../freqRelay_bsp/\libhal_bsp.a(altera_avalon_cfi_flash_intel.o)
 .data          0x08002be0        0x0 ../freqRelay_bsp/\libhal_bsp.a(alt_busy_sleep.o)
 .data          0x08002be0        0x0 c:/altera/13.0/nios2eds/bin/gnu/h-i686-mingw32/bin/../lib/gcc/nios2-elf/4.1.2/../../../../nios2-elf/lib\libc.a(lib_a-atexit.o)
 .data          0x08002be0        0x0 c:/altera/13.0/nios2eds/bin/gnu/h-i686-mingw32/bin/../lib/gcc/nios2-elf/4.1.2/../../../../nios2-elf/lib\libc.a(lib_a-ctype_.o)
 .data          0x08002be0        0x0 c:/altera/13.0/nios2eds/bin/gnu/h-i686-mingw32/bin/../lib/gcc/nios2-elf/4.1.2/../../../../nios2-elf/lib\libc.a(lib_a-exit.o)
 .data          0x08002be0        0x0 c:/altera/13.0/nios2eds/bin/gnu/h-i686-mingw32/bin/../lib/gcc/nios2-elf/4.1.2/../../../../nios2-elf/lib\libc.a(lib_a-strcpy.o)
 .data          0x08002be0        0x0 c:/altera/13.0/nios2eds/bin/gnu/h-i686-mingw32/bin/../lib/gcc/nios2-elf/4.1.2/../../../../nios2-elf/lib\libc.a(lib_a-__atexit.o)
 .data          0x08002be0        0x0 c:/altera/13.0/nios2eds/bin/gnu/h-i686-mingw32/bin/../lib/gcc/nios2-elf/4.1.2/../../../../nios2-elf/lib\libc.a(lib_a-__call_atexit.o)
 .data          0x08002be0        0x0 ../freqRelay_bsp/\libhal_bsp.a(alt_exit.o)
                0x0800abe0                _gp = ABSOLUTE ((. + 0x8000))
                0x0800abe0                PROVIDE (gp, _gp)
 *(.rwdata .rwdata.*)
 *(.sdata .sdata.* .gnu.linkonce.s.*)
 .sdata         0x08002be0        0xc obj/default/freertos/heap.o
 .sdata         0x08002bec        0x4 obj/default/freertos/tasks.o
 .sdata         0x08002bf0        0x8 c:/altera/13.0/nios2eds/bin/gnu/h-i686-mingw32/bin/../lib/gcc/nios2-elf/4.1.2/../../../../nios2-elf/lib\libc.a(lib_a-impure.o)
                0x08002bf0                _impure_ptr
                0x08002bf4                _global_impure_ptr
 .sdata         0x08002bf8        0x8 c:/altera/13.0/nios2eds/bin/gnu/h-i686-mingw32/bin/../lib/gcc/nios2-elf/4.1.2/../../../../nios2-elf/lib\libc.a(lib_a-mallocr.o)
                0x08002bf8                __malloc_trim_threshold
                0x08002bfc                __malloc_sbrk_base
 .sdata         0x08002c00        0x8 c:/altera/13.0/nios2eds/bin/gnu/h-i686-mingw32/bin/../lib/gcc/nios2-elf/4.1.2/../../../../nios2-elf/lib\libc.a(lib_a-locale.o)
                0x08002c00                __mb_cur_max
 .sdata         0x08002c08       0x14 ../freqRelay_bsp/\libhal_bsp.a(alt_dev.o)
                0x08002c08                alt_fs_list
                0x08002c10                alt_dev_list
                0x08002c18                alt_max_fd
 .sdata         0x08002c1c        0x4 ../freqRelay_bsp/\libhal_bsp.a(alt_errno.o)
                0x08002c1c                alt_errno
 .sdata         0x08002c20        0x4 ../freqRelay_bsp/\libhal_bsp.a(alt_irq_vars.o)
                0x08002c20                alt_priority_mask
 .sdata         0x08002c24        0x4 ../freqRelay_bsp/\libhal_bsp.a(alt_sbrk.o)
 .sdata         0x08002c28        0x4 ../freqRelay_bsp/\libhal_bsp.a(altera_avalon_lcd_16207.o)
 .sdata         0x08002c2c        0x8 ../freqRelay_bsp/\libhal_bsp.a(alt_flash_dev.o)
                0x08002c2c                alt_flash_dev_list
 .sdata         0x08002c34        0x8 ../freqRelay_bsp/\libhal_bsp.a(alt_tick.o)
                0x08002c34                alt_alarm_list
 .sdata         0x08002c3c        0x4 c:/altera/13.0/nios2eds/bin/gnu/h-i686-mingw32/bin/../lib/gcc/nios2-elf/4.1.2/../../../../nios2-elf/lib\libc.a(lib_a-ctype_.o)
                0x08002c3c                __ctype_ptr
 *(.sdata2 .sdata2.* .gnu.linkonce.s2.*)
                0x08002c40                . = ALIGN (0x4)
                0x08002c40                _edata = ABSOLUTE (.)
                0x08002c40                PROVIDE (edata, ABSOLUTE (.))
                0x08002c40                PROVIDE (__ram_rwdata_end, ABSOLUTE (.))
                0x08000b3c                PROVIDE (__flash_rwdata_start, LOADADDR (.rwdata))

.bss            0x08002c40    0x7d670
                0x08002c40                __bss_start = ABSOLUTE (.)
                0x08002c40                PROVIDE (__sbss_start, ABSOLUTE (.))
                0x08002c40                PROVIDE (___sbss_start, ABSOLUTE (.))
 *(.dynsbss)
 *(.sbss .sbss.* .gnu.linkonce.sb.*)
 .sbss          0x08002c40       0x1c obj/default/freertos/croutine.o
                0x08002c40                pxCurrentCoRoutine
 .sbss          0x08002c5c        0xc obj/default/freertos/heap.o
 .sbss          0x08002c68       0x34 obj/default/freertos/tasks.o
                0x08002c68                pxCurrentTCB
 .sbss          0x08002c9c       0x10 obj/default/freertos/timers.o
 .sbss          0x08002cac       0x34 obj/default/hello_world.o
                0x08002cac                xMutexFreq
                0x08002cb0                qLed
                0x08002cb4                qFreq
                0x08002cb8                vSwitchPollingTaskHandle
                0x08002cbc                qInformation
                0x08002cc0                xMutexRoc
                0x08002cc4                currentMode
                0x08002cc8                frequencyThreshold
                0x08002ccc                xButtonSemaphore
                0x08002cd0                xMutexMode
                0x08002cd4                qKeyBoard
                0x08002cd8                qViolation
                0x08002cdc                rocThreshold
 .sbss          0x08002ce0        0x1 obj/default/interrupts.o
 .sbss          0x08002ce1        0x1 obj/default/taskslcfr.o
 *fill*         0x08002ce2        0x2 00
 .sbss          0x08002ce4        0x4 c:/altera/13.0/nios2eds/bin/gnu/h-i686-mingw32/bin/../lib/gcc/nios2-elf/4.1.2/../../../../nios2-elf/lib\libc.a(lib_a-int_errno.o)
                0x08002ce4                errno
 .sbss          0x08002ce8        0xc c:/altera/13.0/nios2eds/bin/gnu/h-i686-mingw32/bin/../lib/gcc/nios2-elf/4.1.2/../../../../nios2-elf/lib\libc.a(lib_a-mallocr.o)
                0x08002ce8                __malloc_top_pad
                0x08002cec                __malloc_max_sbrked_mem
                0x08002cf0                __malloc_max_total_mem
 .sbss          0x08002cf4        0xc c:/altera/13.0/nios2eds/bin/gnu/h-i686-mingw32/bin/../lib/gcc/nios2-elf/4.1.2/../../../../nios2-elf/lib\libc.a(lib_a-locale.o)
                0x08002cf4                __nlocale_changed
                0x08002cf8                __mlocale_changed
                0x08002cfc                _PathLocale
 .sbss          0x08002d00        0x4 ../freqRelay_bsp/\libhal_bsp.a(alt_irq_vars.o)
                0x08002d00                alt_irq_active
 .sbss          0x08002d04        0xc ../freqRelay_bsp/\libhal_bsp.a(alt_main.o)
                0x08002d04                alt_argc
                0x08002d08                alt_argv
                0x08002d0c                alt_envp
 .sbss          0x08002d10        0x8 ../freqRelay_bsp/\libhal_bsp.a(alt_tick.o)
                0x08002d10                _alt_tick_rate
                0x08002d14                _alt_nticks
 *(.sbss2 .sbss2.* .gnu.linkonce.sb2.*)
 *(.scommon)
                0x08002d18                PROVIDE (__sbss_end, ABSOLUTE (.))
                0x08002d18                PROVIDE (___sbss_end, ABSOLUTE (.))
 *(.dynbss)
 *(.bss .bss.* .gnu.linkonce.b.*)
 .bss           0x08002d18        0x0 ../freqRelay_bsp//obj/HAL/src/crt0.o
 .bss           0x08002d18       0x64 obj/default/freertos/croutine.o
 .bss           0x08002d7c        0x0 obj/default/freertos/event_groups.o
 .bss           0x08002d7c    0x7d000 obj/default/freertos/heap.o
 .bss           0x0807fd7c        0x0 obj/default/freertos/list.o
 .bss           0x0807fd7c        0x0 obj/default/freertos/port.o
 .bss           0x0807fd7c        0x0 obj/default/freertos/queue.o
 .bss           0x0807fd7c      0x154 obj/default/freertos/tasks.o
 .bss           0x0807fed0       0x28 obj/default/freertos/timers.o
 .bss           0x0807fef8        0x0 obj/default/hello_world.o
 .bss           0x0807fef8        0x0 obj/default/interrupts.o
 .bss           0x0807fef8        0x0 obj/default/taskslcfr.o
 .bss           0x0807fef8        0x0 obj/default/variables.o
 .bss           0x0807fef8        0x0 obj/default/freertos/port_asm.o
 .bss           0x0807fef8        0x0 c:/altera/13.0/nios2eds/bin/gnu/h-i686-mingw32/bin/../lib/gcc/nios2-elf/4.1.2\libgcc.a(_addsub_sf.o)
 .bss           0x0807fef8        0x0 c:/altera/13.0/nios2eds/bin/gnu/h-i686-mingw32/bin/../lib/gcc/nios2-elf/4.1.2\libgcc.a(_mul_sf.o)
 .bss           0x0807fef8        0x0 c:/altera/13.0/nios2eds/bin/gnu/h-i686-mingw32/bin/../lib/gcc/nios2-elf/4.1.2\libgcc.a(_div_sf.o)
 .bss           0x0807fef8        0x0 c:/altera/13.0/nios2eds/bin/gnu/h-i686-mingw32/bin/../lib/gcc/nios2-elf/4.1.2\libgcc.a(_gt_sf.o)
 .bss           0x0807fef8        0x0 c:/altera/13.0/nios2eds/bin/gnu/h-i686-mingw32/bin/../lib/gcc/nios2-elf/4.1.2\libgcc.a(_lt_sf.o)
 .bss           0x0807fef8        0x0 c:/altera/13.0/nios2eds/bin/gnu/h-i686-mingw32/bin/../lib/gcc/nios2-elf/4.1.2\libgcc.a(_si_to_sf.o)
 .bss           0x0807fef8        0x0 c:/altera/13.0/nios2eds/bin/gnu/h-i686-mingw32/bin/../lib/gcc/nios2-elf/4.1.2\libgcc.a(_sf_to_si.o)
 .bss           0x0807fef8        0x0 c:/altera/13.0/nios2eds/bin/gnu/h-i686-mingw32/bin/../lib/gcc/nios2-elf/4.1.2\libgcc.a(_sf_to_df.o)
 .bss           0x0807fef8        0x0 c:/altera/13.0/nios2eds/bin/gnu/h-i686-mingw32/bin/../lib/gcc/nios2-elf/4.1.2\libgcc.a(_thenan_sf.o)
 .bss           0x0807fef8        0x0 c:/altera/13.0/nios2eds/bin/gnu/h-i686-mingw32/bin/../lib/gcc/nios2-elf/4.1.2\libgcc.a(_usi_to_sf.o)
 .bss           0x0807fef8        0x0 c:/altera/13.0/nios2eds/bin/gnu/h-i686-mingw32/bin/../lib/gcc/nios2-elf/4.1.2\libgcc.a(_make_df.o)
 .bss           0x0807fef8        0x0 c:/altera/13.0/nios2eds/bin/gnu/h-i686-mingw32/bin/../lib/gcc/nios2-elf/4.1.2\libgcc.a(_muldi3.o)
 .bss           0x0807fef8        0x0 c:/altera/13.0/nios2eds/bin/gnu/h-i686-mingw32/bin/../lib/gcc/nios2-elf/4.1.2\libgcc.a(_clzsi2.o)
 .bss           0x0807fef8        0x0 c:/altera/13.0/nios2eds/bin/gnu/h-i686-mingw32/bin/../lib/gcc/nios2-elf/4.1.2\libgcc.a(_pack_sf.o)
 .bss           0x0807fef8        0x0 c:/altera/13.0/nios2eds/bin/gnu/h-i686-mingw32/bin/../lib/gcc/nios2-elf/4.1.2\libgcc.a(_unpack_sf.o)
 .bss           0x0807fef8        0x0 c:/altera/13.0/nios2eds/bin/gnu/h-i686-mingw32/bin/../lib/gcc/nios2-elf/4.1.2\libgcc.a(_fpcmp_parts_sf.o)
 .bss           0x0807fef8        0x0 c:/altera/13.0/nios2eds/bin/gnu/h-i686-mingw32/bin/../lib/gcc/nios2-elf/4.1.2\libgcc.a(_pack_df.o)
 .bss           0x0807fef8        0x0 c:/altera/13.0/nios2eds/bin/gnu/h-i686-mingw32/bin/../lib/gcc/nios2-elf/4.1.2\libgcc.a(_clz.o)
 .bss           0x0807fef8        0x0 c:/altera/13.0/nios2eds/bin/gnu/h-i686-mingw32/bin/../lib/gcc/nios2-elf/4.1.2/../../../../nios2-elf/lib\libc.a(lib_a-fopen.o)
 .bss           0x0807fef8        0x0 c:/altera/13.0/nios2eds/bin/gnu/h-i686-mingw32/bin/../lib/gcc/nios2-elf/4.1.2/../../../../nios2-elf/lib\libc.a(lib_a-fprintf.o)
 .bss           0x0807fef8        0x0 c:/altera/13.0/nios2eds/bin/gnu/h-i686-mingw32/bin/../lib/gcc/nios2-elf/4.1.2/../../../../nios2-elf/lib\libc.a(lib_a-fseek.o)
 .bss           0x0807fef8        0x0 c:/altera/13.0/nios2eds/bin/gnu/h-i686-mingw32/bin/../lib/gcc/nios2-elf/4.1.2/../../../../nios2-elf/lib\libc.a(lib_a-fstatr.o)
 .bss           0x0807fef8        0x0 c:/altera/13.0/nios2eds/bin/gnu/h-i686-mingw32/bin/../lib/gcc/nios2-elf/4.1.2/../../../../nios2-elf/lib\libc.a(lib_a-impure.o)
 .bss           0x0807fef8        0x0 c:/altera/13.0/nios2eds/bin/gnu/h-i686-mingw32/bin/../lib/gcc/nios2-elf/4.1.2/../../../../nios2-elf/lib\libc.a(lib_a-int_errno.o)
 .bss           0x0807fef8        0x0 c:/altera/13.0/nios2eds/bin/gnu/h-i686-mingw32/bin/../lib/gcc/nios2-elf/4.1.2/../../../../nios2-elf/lib\libc.a(lib_a-makebuf.o)
 .bss           0x0807fef8       0x28 c:/altera/13.0/nios2eds/bin/gnu/h-i686-mingw32/bin/../lib/gcc/nios2-elf/4.1.2/../../../../nios2-elf/lib\libc.a(lib_a-mallocr.o)
                0x0807fef8                __malloc_current_mallinfo
 .bss           0x0807ff20        0x0 c:/altera/13.0/nios2eds/bin/gnu/h-i686-mingw32/bin/../lib/gcc/nios2-elf/4.1.2/../../../../nios2-elf/lib\libc.a(lib_a-memcmp.o)
 .bss           0x0807ff20        0x0 c:/altera/13.0/nios2eds/bin/gnu/h-i686-mingw32/bin/../lib/gcc/nios2-elf/4.1.2/../../../../nios2-elf/lib\libc.a(lib_a-memcpy.o)
 .bss           0x0807ff20        0x0 c:/altera/13.0/nios2eds/bin/gnu/h-i686-mingw32/bin/../lib/gcc/nios2-elf/4.1.2/../../../../nios2-elf/lib\libc.a(lib_a-memset.o)
 .bss           0x0807ff20        0x0 c:/altera/13.0/nios2eds/bin/gnu/h-i686-mingw32/bin/../lib/gcc/nios2-elf/4.1.2/../../../../nios2-elf/lib\libc.a(lib_a-openr.o)
 .bss           0x0807ff20        0x0 c:/altera/13.0/nios2eds/bin/gnu/h-i686-mingw32/bin/../lib/gcc/nios2-elf/4.1.2/../../../../nios2-elf/lib\libc.a(lib_a-printf.o)
 .bss           0x0807ff20        0x0 c:/altera/13.0/nios2eds/bin/gnu/h-i686-mingw32/bin/../lib/gcc/nios2-elf/4.1.2/../../../../nios2-elf/lib\libc.a(lib_a-puts.o)
 .bss           0x0807ff20        0x0 c:/altera/13.0/nios2eds/bin/gnu/h-i686-mingw32/bin/../lib/gcc/nios2-elf/4.1.2/../../../../nios2-elf/lib\libc.a(lib_a-refill.o)
 .bss           0x0807ff20        0x0 c:/altera/13.0/nios2eds/bin/gnu/h-i686-mingw32/bin/../lib/gcc/nios2-elf/4.1.2/../../../../nios2-elf/lib\libc.a(lib_a-sbrkr.o)
 .bss           0x0807ff20        0x0 c:/altera/13.0/nios2eds/bin/gnu/h-i686-mingw32/bin/../lib/gcc/nios2-elf/4.1.2/../../../../nios2-elf/lib\libc.a(lib_a-stdio.o)
 .bss           0x0807ff20        0x0 c:/altera/13.0/nios2eds/bin/gnu/h-i686-mingw32/bin/../lib/gcc/nios2-elf/4.1.2/../../../../nios2-elf/lib\libc.a(lib_a-strlen.o)
 .bss           0x0807ff20        0x0 c:/altera/13.0/nios2eds/bin/gnu/h-i686-mingw32/bin/../lib/gcc/nios2-elf/4.1.2/../../../../nios2-elf/lib\libc.a(lib_a-strtod.o)
 .bss           0x0807ff20        0x0 c:/altera/13.0/nios2eds/bin/gnu/h-i686-mingw32/bin/../lib/gcc/nios2-elf/4.1.2/../../../../nios2-elf/lib\libc.a(lib_a-vfprintf.o)
 .bss           0x0807ff20        0x0 c:/altera/13.0/nios2eds/bin/gnu/h-i686-mingw32/bin/../lib/gcc/nios2-elf/4.1.2/../../../../nios2-elf/lib\libc.a(lib_a-writer.o)
 .bss           0x0807ff20        0x0 c:/altera/13.0/nios2eds/bin/gnu/h-i686-mingw32/bin/../lib/gcc/nios2-elf/4.1.2/../../../../nios2-elf/lib\libc.a(lib_a-wsetup.o)
 .bss           0x0807ff20        0x0 c:/altera/13.0/nios2eds/bin/gnu/h-i686-mingw32/bin/../lib/gcc/nios2-elf/4.1.2/../../../../nios2-elf/lib\libc.a(lib_a-closer.o)
 .bss           0x0807ff20        0x0 c:/altera/13.0/nios2eds/bin/gnu/h-i686-mingw32/bin/../lib/gcc/nios2-elf/4.1.2/../../../../nios2-elf/lib\libc.a(lib_a-dtoa.o)
 .bss           0x0807ff20        0x0 c:/altera/13.0/nios2eds/bin/gnu/h-i686-mingw32/bin/../lib/gcc/nios2-elf/4.1.2/../../../../nios2-elf/lib\libc.a(lib_a-fflush.o)
 .bss           0x0807ff20        0x0 c:/altera/13.0/nios2eds/bin/gnu/h-i686-mingw32/bin/../lib/gcc/nios2-elf/4.1.2/../../../../nios2-elf/lib\libc.a(lib_a-findfp.o)
 .bss           0x0807ff20        0x0 c:/altera/13.0/nios2eds/bin/gnu/h-i686-mingw32/bin/../lib/gcc/nios2-elf/4.1.2/../../../../nios2-elf/lib\libc.a(lib_a-flags.o)
 .bss           0x0807ff20        0x0 c:/altera/13.0/nios2eds/bin/gnu/h-i686-mingw32/bin/../lib/gcc/nios2-elf/4.1.2/../../../../nios2-elf/lib\libc.a(lib_a-freer.o)
 .bss           0x0807ff20        0x0 c:/altera/13.0/nios2eds/bin/gnu/h-i686-mingw32/bin/../lib/gcc/nios2-elf/4.1.2/../../../../nios2-elf/lib\libc.a(lib_a-fvwrite.o)
 .bss           0x0807ff20        0x0 c:/altera/13.0/nios2eds/bin/gnu/h-i686-mingw32/bin/../lib/gcc/nios2-elf/4.1.2/../../../../nios2-elf/lib\libc.a(lib_a-fwalk.o)
 .bss           0x0807ff20        0x0 c:/altera/13.0/nios2eds/bin/gnu/h-i686-mingw32/bin/../lib/gcc/nios2-elf/4.1.2/../../../../nios2-elf/lib\libc.a(lib_a-gdtoa-gethex.o)
 .bss           0x0807ff20        0x0 c:/altera/13.0/nios2eds/bin/gnu/h-i686-mingw32/bin/../lib/gcc/nios2-elf/4.1.2/../../../../nios2-elf/lib\libc.a(lib_a-gdtoa-hexnan.o)
 .bss           0x0807ff20        0x0 c:/altera/13.0/nios2eds/bin/gnu/h-i686-mingw32/bin/../lib/gcc/nios2-elf/4.1.2/../../../../nios2-elf/lib\libc.a(lib_a-isattyr.o)
 .bss           0x0807ff20        0x0 c:/altera/13.0/nios2eds/bin/gnu/h-i686-mingw32/bin/../lib/gcc/nios2-elf/4.1.2/../../../../nios2-elf/lib\libc.a(lib_a-locale.o)
 .bss           0x0807ff20        0x0 c:/altera/13.0/nios2eds/bin/gnu/h-i686-mingw32/bin/../lib/gcc/nios2-elf/4.1.2/../../../../nios2-elf/lib\libc.a(lib_a-lseekr.o)
 .bss           0x0807ff20        0x0 c:/altera/13.0/nios2eds/bin/gnu/h-i686-mingw32/bin/../lib/gcc/nios2-elf/4.1.2/../../../../nios2-elf/lib\libc.a(lib_a-memchr.o)
 .bss           0x0807ff20        0x0 c:/altera/13.0/nios2eds/bin/gnu/h-i686-mingw32/bin/../lib/gcc/nios2-elf/4.1.2/../../../../nios2-elf/lib\libc.a(lib_a-memmove.o)
 .bss           0x0807ff20        0x0 c:/altera/13.0/nios2eds/bin/gnu/h-i686-mingw32/bin/../lib/gcc/nios2-elf/4.1.2/../../../../nios2-elf/lib\libc.a(lib_a-mprec.o)
 .bss           0x0807ff20        0x0 c:/altera/13.0/nios2eds/bin/gnu/h-i686-mingw32/bin/../lib/gcc/nios2-elf/4.1.2/../../../../nios2-elf/lib\libc.a(lib_a-readr.o)
 .bss           0x0807ff20        0x0 c:/altera/13.0/nios2eds/bin/gnu/h-i686-mingw32/bin/../lib/gcc/nios2-elf/4.1.2/../../../../nios2-elf/lib\libc.a(lib_a-reallocr.o)
 .bss           0x0807ff20        0x0 c:/altera/13.0/nios2eds/bin/gnu/h-i686-mingw32/bin/../lib/gcc/nios2-elf/4.1.2/../../../../nios2-elf/lib\libc.a(lib_a-s_isinfd.o)
 .bss           0x0807ff20        0x0 c:/altera/13.0/nios2eds/bin/gnu/h-i686-mingw32/bin/../lib/gcc/nios2-elf/4.1.2/../../../../nios2-elf/lib\libc.a(lib_a-s_isnand.o)
 .bss           0x0807ff20        0x0 c:/altera/13.0/nios2eds/bin/gnu/h-i686-mingw32/bin/../lib/gcc/nios2-elf/4.1.2/../../../../nios2-elf/lib\libc.a(lib_a-strcmp.o)
 .bss           0x0807ff20        0x0 c:/altera/13.0/nios2eds/bin/gnu/h-i686-mingw32/bin/../lib/gcc/nios2-elf/4.1.2/../../../../nios2-elf/lib\libc.a(lib_a-callocr.o)
 .bss           0x0807ff20        0x0 c:/altera/13.0/nios2eds/bin/gnu/h-i686-mingw32/bin/../lib/gcc/nios2-elf/4.1.2/../../../../nios2-elf/lib\libc.a(lib_a-fclose.o)
 .bss           0x0807ff20        0x0 c:/altera/13.0/nios2eds/bin/gnu/h-i686-mingw32/bin/../lib/gcc/nios2-elf/4.1.2\libgcc.a(_fixunsdfsi.o)
 .bss           0x0807ff20        0x0 c:/altera/13.0/nios2eds/bin/gnu/h-i686-mingw32/bin/../lib/gcc/nios2-elf/4.1.2\libgcc.a(_udivdi3.o)
 .bss           0x0807ff20        0x0 c:/altera/13.0/nios2eds/bin/gnu/h-i686-mingw32/bin/../lib/gcc/nios2-elf/4.1.2\libgcc.a(_umoddi3.o)
 .bss           0x0807ff20        0x0 c:/altera/13.0/nios2eds/bin/gnu/h-i686-mingw32/bin/../lib/gcc/nios2-elf/4.1.2\libgcc.a(_ne_sf.o)
 .bss           0x0807ff20        0x0 c:/altera/13.0/nios2eds/bin/gnu/h-i686-mingw32/bin/../lib/gcc/nios2-elf/4.1.2\libgcc.a(_addsub_df.o)
 .bss           0x0807ff20        0x0 c:/altera/13.0/nios2eds/bin/gnu/h-i686-mingw32/bin/../lib/gcc/nios2-elf/4.1.2\libgcc.a(_mul_df.o)
 .bss           0x0807ff20        0x0 c:/altera/13.0/nios2eds/bin/gnu/h-i686-mingw32/bin/../lib/gcc/nios2-elf/4.1.2\libgcc.a(_div_df.o)
 .bss           0x0807ff20        0x0 c:/altera/13.0/nios2eds/bin/gnu/h-i686-mingw32/bin/../lib/gcc/nios2-elf/4.1.2\libgcc.a(_eq_df.o)
 .bss           0x0807ff20        0x0 c:/altera/13.0/nios2eds/bin/gnu/h-i686-mingw32/bin/../lib/gcc/nios2-elf/4.1.2\libgcc.a(_ne_df.o)
 .bss           0x0807ff20        0x0 c:/altera/13.0/nios2eds/bin/gnu/h-i686-mingw32/bin/../lib/gcc/nios2-elf/4.1.2\libgcc.a(_gt_df.o)
 .bss           0x0807ff20        0x0 c:/altera/13.0/nios2eds/bin/gnu/h-i686-mingw32/bin/../lib/gcc/nios2-elf/4.1.2\libgcc.a(_ge_df.o)
 .bss           0x0807ff20        0x0 c:/altera/13.0/nios2eds/bin/gnu/h-i686-mingw32/bin/../lib/gcc/nios2-elf/4.1.2\libgcc.a(_lt_df.o)
 .bss           0x0807ff20        0x0 c:/altera/13.0/nios2eds/bin/gnu/h-i686-mingw32/bin/../lib/gcc/nios2-elf/4.1.2\libgcc.a(_le_df.o)
 .bss           0x0807ff20        0x0 c:/altera/13.0/nios2eds/bin/gnu/h-i686-mingw32/bin/../lib/gcc/nios2-elf/4.1.2\libgcc.a(_si_to_df.o)
 .bss           0x0807ff20        0x0 c:/altera/13.0/nios2eds/bin/gnu/h-i686-mingw32/bin/../lib/gcc/nios2-elf/4.1.2\libgcc.a(_df_to_si.o)
 .bss           0x0807ff20        0x0 c:/altera/13.0/nios2eds/bin/gnu/h-i686-mingw32/bin/../lib/gcc/nios2-elf/4.1.2\libgcc.a(_df_to_sf.o)
 .bss           0x0807ff20        0x0 c:/altera/13.0/nios2eds/bin/gnu/h-i686-mingw32/bin/../lib/gcc/nios2-elf/4.1.2\libgcc.a(_thenan_df.o)
 .bss           0x0807ff20        0x0 c:/altera/13.0/nios2eds/bin/gnu/h-i686-mingw32/bin/../lib/gcc/nios2-elf/4.1.2\libgcc.a(_usi_to_df.o)
 .bss           0x0807ff20        0x0 c:/altera/13.0/nios2eds/bin/gnu/h-i686-mingw32/bin/../lib/gcc/nios2-elf/4.1.2\libgcc.a(lib2-divmod.o)
 .bss           0x0807ff20        0x0 c:/altera/13.0/nios2eds/bin/gnu/h-i686-mingw32/bin/../lib/gcc/nios2-elf/4.1.2\libgcc.a(_make_sf.o)
 .bss           0x0807ff20        0x0 c:/altera/13.0/nios2eds/bin/gnu/h-i686-mingw32/bin/../lib/gcc/nios2-elf/4.1.2\libgcc.a(_unpack_df.o)
 .bss           0x0807ff20        0x0 c:/altera/13.0/nios2eds/bin/gnu/h-i686-mingw32/bin/../lib/gcc/nios2-elf/4.1.2\libgcc.a(_fpcmp_parts_df.o)
 .bss           0x0807ff20        0x0 ../freqRelay_bsp/\libhal_bsp.a(alt_close.o)
 .bss           0x0807ff20        0x0 ../freqRelay_bsp/\libhal_bsp.a(alt_dev.o)
 .bss           0x0807ff20        0x0 ../freqRelay_bsp/\libhal_bsp.a(alt_errno.o)
 .bss           0x0807ff20        0x0 ../freqRelay_bsp/\libhal_bsp.a(alt_fstat.o)
 .bss           0x0807ff20        0x0 ../freqRelay_bsp/\libhal_bsp.a(alt_irq_handler.o)
 .bss           0x0807ff20        0x0 ../freqRelay_bsp/\libhal_bsp.a(alt_irq_vars.o)
 .bss           0x0807ff20        0x0 ../freqRelay_bsp/\libhal_bsp.a(alt_isatty.o)
 .bss           0x0807ff20        0x0 ../freqRelay_bsp/\libhal_bsp.a(alt_lseek.o)
 .bss           0x0807ff20        0x0 ../freqRelay_bsp/\libhal_bsp.a(alt_main.o)
 .bss           0x0807ff20        0x0 ../freqRelay_bsp/\libhal_bsp.a(alt_malloc_lock.o)
 .bss           0x0807ff20        0x0 ../freqRelay_bsp/\libhal_bsp.a(alt_open.o)
 .bss           0x0807ff20        0x0 ../freqRelay_bsp/\libhal_bsp.a(alt_read.o)
 .bss           0x0807ff20        0x0 ../freqRelay_bsp/\libhal_bsp.a(alt_release_fd.o)
 .bss           0x0807ff20        0x0 ../freqRelay_bsp/\libhal_bsp.a(alt_sbrk.o)
 .bss           0x0807ff20        0x0 ../freqRelay_bsp/\libhal_bsp.a(alt_write.o)
 .bss           0x0807ff20        0x0 ../freqRelay_bsp/\libhal_bsp.a(alt_sys_init.o)
 .bss           0x0807ff20        0x0 ../freqRelay_bsp/\libhal_bsp.a(altera_avalon_cfi_flash.o)
 .bss           0x0807ff20        0x0 ../freqRelay_bsp/\libhal_bsp.a(altera_avalon_cfi_flash_table.o)
 .bss           0x0807ff20        0x0 ../freqRelay_bsp/\libhal_bsp.a(altera_avalon_jtag_uart_fd.o)
 .bss           0x0807ff20        0x0 ../freqRelay_bsp/\libhal_bsp.a(altera_avalon_jtag_uart_init.o)
 .bss           0x0807ff20        0x0 ../freqRelay_bsp/\libhal_bsp.a(altera_avalon_jtag_uart_ioctl.o)
 .bss           0x0807ff20        0x0 ../freqRelay_bsp/\libhal_bsp.a(altera_avalon_jtag_uart_read.o)
 .bss           0x0807ff20        0x0 ../freqRelay_bsp/\libhal_bsp.a(altera_avalon_jtag_uart_write.o)
 .bss           0x0807ff20        0x0 ../freqRelay_bsp/\libhal_bsp.a(altera_avalon_lcd_16207.o)
 .bss           0x0807ff20        0x0 ../freqRelay_bsp/\libhal_bsp.a(altera_avalon_lcd_16207_fd.o)
 .bss           0x0807ff20        0x0 ../freqRelay_bsp/\libhal_bsp.a(altera_avalon_timer_sc.o)
 .bss           0x0807ff20        0x0 ../freqRelay_bsp/\libhal_bsp.a(altera_avalon_uart_fd.o)
 .bss           0x0807ff20        0x0 ../freqRelay_bsp/\libhal_bsp.a(altera_avalon_uart_init.o)
 .bss           0x0807ff20        0x0 ../freqRelay_bsp/\libhal_bsp.a(altera_avalon_uart_read.o)
 .bss           0x0807ff20        0x0 ../freqRelay_bsp/\libhal_bsp.a(altera_avalon_uart_write.o)
 .bss           0x0807ff20        0x0 ../freqRelay_bsp/\libhal_bsp.a(altera_up_avalon_ps2.o)
 .bss           0x0807ff20        0x0 ../freqRelay_bsp/\libhal_bsp.a(altera_up_avalon_video_character_buffer_with_dma.o)
 .bss           0x0807ff20        0x0 ../freqRelay_bsp/\libhal_bsp.a(altera_up_ps2_keyboard.o)
 .bss           0x0807ff20        0x0 ../freqRelay_bsp/\libhal_bsp.a(alt_alarm_start.o)
 .bss           0x0807ff20        0x0 ../freqRelay_bsp/\libhal_bsp.a(alt_dcache_flush.o)
 .bss           0x0807ff20        0x0 ../freqRelay_bsp/\libhal_bsp.a(alt_dev_llist_insert.o)
 .bss           0x0807ff20        0x0 ../freqRelay_bsp/\libhal_bsp.a(alt_do_ctors.o)
 .bss           0x0807ff20        0x0 ../freqRelay_bsp/\libhal_bsp.a(alt_do_dtors.o)