Archive member included because of file (symbol)

c:/altera/13.0/nios2eds/bin/gnu/h-i686-mingw32/bin/../lib/gcc/nios2-elf/4.1.2\libgcc.a(_div_df.o)
                              obj/default/main.o (__divdf3)
c:/altera/13.0/nios2eds/bin/gnu/h-i686-mingw32/bin/../lib/gcc/nios2-elf/4.1.2\libgcc.a(_si_to_df.o)
                              obj/default/main.o (__floatsidf)
c:/altera/13.0/nios2eds/bin/gnu/h-i686-mingw32/bin/../lib/gcc/nios2-elf/4.1.2\libgcc.a(_thenan_df.o)
                              c:/altera/13.0/nios2eds/bin/gnu/h-i686-mingw32/bin/../lib/gcc/nios2-elf/4.1.2\libgcc.a(_div_df.o) (__thenan_df)
c:/altera/13.0/nios2eds/bin/gnu/h-i686-mingw32/bin/../lib/gcc/nios2-elf/4.1.2\libgcc.a(_clzsi2.o)
                              c:/altera/13.0/nios2eds/bin/gnu/h-i686-mingw32/bin/../lib/gcc/nios2-elf/4.1.2\libgcc.a(_si_to_df.o) (__clzsi2)
c:/altera/13.0/nios2eds/bin/gnu/h-i686-mingw32/bin/../lib/gcc/nios2-elf/4.1.2\libgcc.a(_pack_df.o)
                              c:/altera/13.0/nios2eds/bin/gnu/h-i686-mingw32/bin/../lib/gcc/nios2-elf/4.1.2\libgcc.a(_div_df.o) (__pack_d)
c:/altera/13.0/nios2eds/bin/gnu/h-i686-mingw32/bin/../lib/gcc/nios2-elf/4.1.2\libgcc.a(_unpack_df.o)
                              c:/altera/13.0/nios2eds/bin/gnu/h-i686-mingw32/bin/../lib/gcc/nios2-elf/4.1.2\libgcc.a(_div_df.o) (__unpack_d)
c:/altera/13.0/nios2eds/bin/gnu/h-i686-mingw32/bin/../lib/gcc/nios2-elf/4.1.2\libgcc.a(_clz.o)
                              c:/altera/13.0/nios2eds/bin/gnu/h-i686-mingw32/bin/../lib/gcc/nios2-elf/4.1.2\libgcc.a(_clzsi2.o) (__clz_tab)
c:/altera/13.0/nios2eds/bin/gnu/h-i686-mingw32/bin/../lib/gcc/nios2-elf/4.1.2/../../../../nios2-elf/lib\libc.a(lib_a-memcmp.o)
                              obj/default/freertos/tasks.o (memcmp)
c:/altera/13.0/nios2eds/bin/gnu/h-i686-mingw32/bin/../lib/gcc/nios2-elf/4.1.2/../../../../nios2-elf/lib\libc.a(lib_a-memcpy.o)
                              obj/default/freertos/queue.o (memcpy)
c:/altera/13.0/nios2eds/bin/gnu/h-i686-mingw32/bin/../lib/gcc/nios2-elf/4.1.2/../../../../nios2-elf/lib\libc.a(lib_a-memset.o)
                              obj/default/freertos/tasks.o (memset)
c:/altera/13.0/nios2eds/bin/gnu/h-i686-mingw32/bin/../lib/gcc/nios2-elf/4.1.2/../../../../nios2-elf/lib\libc.a(lib_a-printf.o)
                              obj/default/freertos/port.o (printf)
c:/altera/13.0/nios2eds/bin/gnu/h-i686-mingw32/bin/../lib/gcc/nios2-elf/4.1.2/../../../../nios2-elf/lib\libc.a(lib_a-puts.o)
                              obj/default/main.o (puts)
c:/altera/13.0/nios2eds/bin/gnu/h-i686-mingw32/bin/../lib/gcc/nios2-elf/4.1.2/../../../../nios2-elf/lib\libc.a(lib_a-strlen.o)
                              c:/altera/13.0/nios2eds/bin/gnu/h-i686-mingw32/bin/../lib/gcc/nios2-elf/4.1.2/../../../../nios2-elf/lib\libc.a(lib_a-puts.o) (strlen)
c:/altera/13.0/nios2eds/bin/gnu/h-i686-mingw32/bin/../lib/gcc/nios2-elf/4.1.2/../../../../nios2-elf/lib\libc.a(lib_a-vfprintf.o)
                              c:/altera/13.0/nios2eds/bin/gnu/h-i686-mingw32/bin/../lib/gcc/nios2-elf/4.1.2/../../../../nios2-elf/lib\libc.a(lib_a-printf.o) (___vfprintf_internal_r)
c:/altera/13.0/nios2eds/bin/gnu/h-i686-mingw32/bin/../lib/gcc/nios2-elf/4.1.2/../../../../nios2-elf/lib\libc.a(lib_a-wsetup.o)
                              c:/altera/13.0/nios2eds/bin/gnu/h-i686-mingw32/bin/../lib/gcc/nios2-elf/4.1.2/../../../../nios2-elf/lib\libc.a(lib_a-vfprintf.o) (__swsetup_r)
c:/altera/13.0/nios2eds/bin/gnu/h-i686-mingw32/bin/../lib/gcc/nios2-elf/4.1.2/../../../../nios2-elf/lib\libc.a(lib_a-dtoa.o)
                              c:/altera/13.0/nios2eds/bin/gnu/h-i686-mingw32/bin/../lib/gcc/nios2-elf/4.1.2/../../../../nios2-elf/lib\libc.a(lib_a-vfprintf.o) (_dtoa_r)
c:/altera/13.0/nios2eds/bin/gnu/h-i686-mingw32/bin/../lib/gcc/nios2-elf/4.1.2/../../../../nios2-elf/lib\libc.a(lib_a-fflush.o)
                              c:/altera/13.0/nios2eds/bin/gnu/h-i686-mingw32/bin/../lib/gcc/nios2-elf/4.1.2/../../../../nios2-elf/lib\libc.a(lib_a-vfprintf.o) (_fflush_r)
c:/altera/13.0/nios2eds/bin/gnu/h-i686-mingw32/bin/../lib/gcc/nios2-elf/4.1.2/../../../../nios2-elf/lib\libc.a(lib_a-findfp.o)
                              c:/altera/13.0/nios2eds/bin/gnu/h-i686-mingw32/bin/../lib/gcc/nios2-elf/4.1.2/../../../../nios2-elf/lib\libc.a(lib_a-vfprintf.o) (__sinit)
c:/altera/13.0/nios2eds/bin/gnu/h-i686-mingw32/bin/../lib/gcc/nios2-elf/4.1.2/../../../../nios2-elf/lib\libc.a(lib_a-freer.o)
                              c:/altera/13.0/nios2eds/bin/gnu/h-i686-mingw32/bin/../lib/gcc/nios2-elf/4.1.2/../../../../nios2-elf/lib\libc.a(lib_a-wsetup.o) (_free_r)
c:/altera/13.0/nios2eds/bin/gnu/h-i686-mingw32/bin/../lib/gcc/nios2-elf/4.1.2/../../../../nios2-elf/lib\libc.a(lib_a-fvwrite.o)
                              c:/altera/13.0/nios2eds/bin/gnu/h-i686-mingw32/bin/../lib/gcc/nios2-elf/4.1.2/../../../../nios2-elf/lib\libc.a(lib_a-puts.o) (__sfvwrite_r)
[...]
Memory Configuration

Name             Origin             Length             Attributes
onchip_memory_BEFORE_EXCEPTION 0x00000000         0x00000020
onchip_memory    0x00000020         0x00031fe0
reset            0x01000000         0x00000020
flash_controller 0x01000020         0x007fffe0
sdram            0x08000000         0x08000000
*default*        0x00000000         0xffffffff

Linker script and memory map

LOAD ../frequencyRelay_bsp//obj/HAL/src/crt0.o
LOAD obj/default/freertos/croutine.o
LOAD obj/default/freertos/event_groups.o
LOAD obj/default/freertos/heap.o
LOAD obj/default/freertos/list.o
LOAD obj/default/freertos/port.o
LOAD obj/default/freertos/queue.o
LOAD obj/default/freertos/tasks.o
LOAD obj/default/freertos/timers.o
LOAD obj/default/main.o
LOAD obj/default/freertos/port_asm.o
LOAD c:/altera/13.0/nios2eds/bin/gnu/h-i686-mingw32/bin/../lib/gcc/nios2-elf/4.1.2/../../../../nios2-elf/lib\libstdc++.a
LOAD c:/altera/13.0/nios2eds/bin/gnu/h-i686-mingw32/bin/../lib/gcc/nios2-elf/4.1.2/../../../../nios2-elf/lib\libm.a
LOAD c:/altera/13.0/nios2eds/bin/gnu/h-i686-mingw32/bin/../lib/gcc/nios2-elf/4.1.2\libgcc.a
START GROUP
LOAD c:/altera/13.0/nios2eds/bin/gnu/h-i686-mingw32/bin/../lib/gcc/nios2-elf/4.1.2/../../../../nios2-elf/lib\libc.a
LOAD c:/altera/13.0/nios2eds/bin/gnu/h-i686-mingw32/bin/../lib/gcc/nios2-elf/4.1.2\libgcc.a
LOAD ../frequencyRelay_bsp/\libhal_bsp.a
END GROUP
LOAD c:/altera/13.0/nios2eds/bin/gnu/h-i686-mingw32/bin/../lib/gcc/nios2-elf/4.1.2\libgcc.a
                0x00000000                __alt_mem_onchip_memory = 0x0
                0x01000000                __alt_mem_flash_controller = 0x1000000
                0x08000000                __alt_mem_sdram = 0x8000000

.entry          0x01000000        0x0
 *(.entry)
 .entry         0x01000000        0x0 ../frequencyRelay_bsp//obj/HAL/src/crt0.o
                0x01000000                __reset

.exceptions     0x00000020      0x228
                0x00000020                PROVIDE (__ram_exceptions_start, ABSOLUTE (.))
                0x00000020                . = ALIGN (0x20)
 *(.irq)
 *(.exceptions.entry.label)
 *(.exceptions.entry.user)
 *(.exceptions.entry)
 .exceptions.entry
                0x00000020       0x8c obj/default/freertos/port_asm.o
 *(.exceptions.irqtest.user)
 *(.exceptions.irqtest)
 .exceptions.irqtest
                0x000000ac       0x14 obj/default/freertos/port_asm.o
 *(.exceptions.irqhandler.user)
 *(.exceptions.irqhandler)
 .exceptions.irqhandler
                0x000000c0        0x4 obj/default/freertos/port_asm.o
 *(.exceptions.irqreturn.user)
 *(.exceptions.irqreturn)
 .exceptions.irqreturn
                0x000000c4       0x8c obj/default/freertos/port_asm.o
                0x000000c4                restore_sp_from_pxCurrentTCB
 *(.exceptions.notirq.label)
 *(.exceptions.notirq.user)
 *(.exceptions.notirq)
 *(.exceptions.soft.user)
 *(.exceptions.soft)
 .exceptions.soft
                0x00000150       0x2c obj/default/freertos/port_asm.o
 *(.exceptions.unknown.user)
 *(.exceptions.unknown)
 *(.exceptions.exit.label)
 *(.exceptions.exit.user)
 *(.exceptions.exit)
 *(.exceptions)
 .exceptions    0x0000017c       0xcc ../frequencyRelay_bsp/\libhal_bsp.a(alt_irq_handler.o)
                0x0000017c                alt_irq_handler
                0x00000248                PROVIDE (__ram_exceptions_end, ABSOLUTE (.))
                0x00000020                PROVIDE (__flash_exceptions_start, LOADADDR (.exceptions))

.text           0x00000248    0x164e8
                0x00000248                PROVIDE (stext, ABSOLUTE (.))
 *(.interp)
 *(.hash)
 *(.dynsym)
 *(.dynstr)
 *(.gnu.version)
 *(.gnu.version_d)
 *(.gnu.version_r)
 *(.rel.init)
 *(.rela.init)
 *(.rel.text .rel.text.* .rel.gnu.linkonce.t.*)
 *(.rela.text .rela.text.* .rela.gnu.linkonce.t.*)
 *(.rel.fini)
 *(.rela.fini)
 *(.rel.rodata .rel.rodata.* .rel.gnu.linkonce.r.*)
 *(.rela.rodata .rela.rodata.* .rela.gnu.linkonce.r.*)
 *(.rel.data .rel.data.* .rel.gnu.linkonce.d.*)
 *(.rela.data .rela.data.* .rela.gnu.linkonce.d.*)
 *(.rel.tdata .rel.tdata.* .rel.gnu.linkonce.td.*)
 *(.rela.tdata .rela.tdata.* .rela.gnu.linkonce.td.*)
 *(.rel.tbss .rel.tbss.* .rel.gnu.linkonce.tb.*)
 *(.rela.tbss .rela.tbss.* .rela.gnu.linkonce.tb.*)
 *(.rel.ctors)
 *(.rela.ctors)
 *(.rel.dtors)
 *(.rela.dtors)
 *(.rel.got)
 *(.rela.got)
 *(.rel.sdata .rel.sdata.* .rel.gnu.linkonce.s.*)
 *(.rela.sdata .rela.sdata.* .rela.gnu.linkonce.s.*)
 *(.rel.sbss .rel.sbss.* .rel.gnu.linkonce.sb.*)
 *(.rela.sbss .rela.sbss.* .rela.gnu.linkonce.sb.*)
 *(.rel.sdata2 .rel.sdata2.* .rel.gnu.linkonce.s2.*)
 *(.rela.sdata2 .rela.sdata2.* .rela.gnu.linkonce.s2.*)
 *(.rel.sbss2 .rel.sbss2.* .rel.gnu.linkonce.sb2.*)
 *(.rela.sbss2 .rela.sbss2.* .rela.gnu.linkonce.sb2.*)
 *(.rel.bss .rel.bss.* .rel.gnu.linkonce.b.*)
 *(.rela.bss .rela.bss.* .rela.gnu.linkonce.b.*)
 *(.rel.plt)
 *(.rela.plt)
 *(.rel.dyn)
 *(.init)
 *(.plt)
 *(.text .stub .text.* .gnu.linkonce.t.*)
 .text          0x00000248       0x48 ../frequencyRelay_bsp//obj/HAL/src/crt0.o
                0x00000248                _start
 .text          0x00000290      0x60c obj/default/freertos/croutine.o
                0x00000290                xCoRoutineCreate
                0x000003d0                vCoRoutineAddToDelayedList
                0x00000694                vCoRoutineSchedule
                0x0000081c                xCoRoutineRemoveFromEventList
 .text          0x0000089c      0x720 obj/default/freertos/event_groups.o
                0x0000089c                xEventGroupCreate
                0x000008f0                xEventGroupSync
                0x00000a74                xEventGroupWaitBits
                0x00000c34                xEventGroupClearBits
                0x00000c9c                xEventGroupGetBitsFromISR
                0x00000cd8                xEventGroupSetBits
                0x00000e64                vEventGroupDelete
                0x00000ed4                vEventGroupSetBitsCallback
                0x00000f0c                vEventGroupClearBitsCallback
 .text          0x00000fbc      0x448 obj/default/freertos/heap.o
                0x00000fbc                pvPortMalloc
                0x00001150                vPortFree
                0x000011d0                xPortGetFreeHeapSize
                0x000011f0                vPortInitialiseBlocks
 .text          0x00001404      0x28c obj/default/freertos/list.o
                0x00001404                vListInitialise
                0x00001474                vListInitialiseItem
                0x0000149c                vListInsertEnd
                0x00001524                vListInsert
                0x000015f8                uxListRemove
 .text          0x00001690      0x434 obj/default/freertos/port.o
                0x00001690                vApplicationStackOverflowHook
                0x000016f4                pxPortInitialiseStack
                0x000017dc                xPortStartScheduler
                0x00001814                vPortEndScheduler
                0x000018c8                vPortSysTickHandler
                0x00001914                alt_irq_register
 .text          0x00001ac4     0x1134 obj/default/freertos/queue.o
                0x00001ac4                xQueueGenericReset
                0x00001bd8                xQueueGenericCreate
                0x00001cb4                xQueueCreateMutex
                0x00001d78                xQueueGiveMutexRecursive
                0x00001e0c                xQueueTakeMutexRecursive
                0x00001eb4                xQueueCreateCountingSemaphore
                0x00001f10                xQueueGenericSend
                0x000020c0                xQueueGenericSendFromISR
                0x000021a8                xQueueGiveFromISR
                0x00002280                xQueueGenericReceive
                0x000024ac                xQueueReceiveFromISR
                0x00002590                xQueuePeekFromISR
                0x00002610                uxQueueMessagesWaiting
                0x00002650                uxQueueSpacesAvailable
                0x000026a4                uxQueueMessagesWaitingFromISR
                0x000026d4                vQueueDelete
                0x00002a80                xQueueIsQueueEmptyFromISR
                0x00002b1c                xQueueIsQueueFullFromISR
                0x00002b64                vQueueWaitForMessageRestricted
 .text          0x00002bf8     0x1c94 obj/default/freertos/tasks.o
                0x00002bf8                xTaskGenericCreate
                0x00002dc0                vTaskDelete
                0x00002e98                vTaskDelay
                0x00002f10                vTaskStartScheduler
                0x00002fac                vTaskEndScheduler
                0x00002ff0                vTaskSuspendAll
                0x00003018                xTaskResumeAll
                0x00003168                xTaskGetTickCount
                0x00003190                xTaskGetTickCountFromISR
                0x000031bc                uxTaskGetNumberOfTasks
                0x000031dc                xTaskIncrementTick
                0x000033b8                vTaskSwitchContext
                0x000034e8                vTaskPlaceOnEventList
                0x00003548                vTaskPlaceOnUnorderedEventList
                0x000035bc                vTaskPlaceOnEventListRestricted
                0x0000361c                xTaskRemoveFromEventList
                0x00003704                xTaskRemoveFromUnorderedEventList
                0x000037d4                vTaskSetTimeOutState
                0x0000380c                xTaskCheckForTimeOut
                0x000038d0                vTaskMissedYield
                0x00003d50                uxTaskGetStackHighWaterMark
                0x00003e6c                xTaskGetCurrentTaskHandle
                0x00003e94                xTaskGetSchedulerState
                0x00003ee8                vTaskPriorityInherit
                0x00004018                xTaskPriorityDisinherit
                0x00004114                vTaskEnterCritical
                0x00004168                vTaskExitCritical
                0x000041d0                uxTaskResetEventItemValue
                0x00004214                pvTaskIncrementMutexHeldCount
                0x00004250                ulTaskNotifyTake
                0x00004328                xTaskNotifyWait
                0x00004434                xTaskNotify
                0x000045bc                xTaskNotifyFromISR
                0x0000477c                vTaskNotifyGiveFromISR
 .text          0x0000488c      0x8b0 obj/default/freertos/timers.o
                0x0000488c                xTimerCreateTimerTask
                0x000048fc                xTimerCreate
                0x000049ac                xTimerGenericCommand
                0x00004a74                pcTimerGetTimerName
                0x000050c0                xTimerIsTimerActive
                0x0000510c                pvTimerGetTimerID
 .text          0x0000513c      0x39c obj/default/main.o
                0x0000513c                ps2_isr
                0x0000519c                freq_relay
                0x000051ec                button_interrupts_function
                0x00005274                conditionViolationTask
                0x00005308                task2
                0x0000534c                main
                0x000054a0                createTasks
                0x000054bc                startInterrupts
 .text          0x000054d8        0x0 obj/default/freertos/port_asm.o
 .text          0x000054d8      0x258 c:/altera/13.0/nios2eds/bin/gnu/h-i686-mingw32/bin/../lib/gcc/nios2-elf/4.1.2\libgcc.a(_div_df.o)
                0x000054d8                __divdf3
 .text          0x00005730       0xf8 c:/altera/13.0/nios2eds/bin/gnu/h-i686-mingw32/bin/../lib/gcc/nios2-elf/4.1.2\libgcc.a(_si_to_df.o)
                0x00005730                __floatsidf
 .text          0x00005828        0x0 c:/altera/13.0/nios2eds/bin/gnu/h-i686-mingw32/bin/../lib/gcc/nios2-elf/4.1.2\libgcc.a(_thenan_df.o)
 .text          0x00005828       0x80 c:/altera/13.0/nios2eds/bin/gnu/h-i686-mingw32/bin/../lib/gcc/nios2-elf/4.1.2\libgcc.a(_clzsi2.o)
                0x00005828                __clzsi2
 .text          0x000058a8      0x314 c:/altera/13.0/nios2eds/bin/gnu/h-i686-mingw32/bin/../lib/gcc/nios2-elf/4.1.2\libgcc.a(_pack_df.o)
                0x000058a8                __pack_d
 .text          0x00005bbc      0x138 c:/altera/13.0/nios2eds/bin/gnu/h-i686-mingw32/bin/../lib/gcc/nios2-elf/4.1.2\libgcc.a(_unpack_df.o)
                0x00005bbc                __unpack_d
 .text          0x00005cf4        0x0 c:/altera/13.0/nios2eds/bin/gnu/h-i686-mingw32/bin/../lib/gcc/nios2-elf/4.1.2\libgcc.a(_clz.o)
 .text          0x00005cf4       0x74 c:/altera/13.0/nios2eds/bin/gnu/h-i686-mingw32/bin/../lib/gcc/nios2-elf/4.1.2/../../../../nios2-elf/lib\libc.a(lib_a-memcmp.o)
                0x00005cf4                memcmp
 .text          0x00005d68       0xa0 c:/altera/13.0/nios2eds/bin/gnu/h-i686-mingw32/bin/../lib/gcc/nios2-elf/4.1.2/../../../../nios2-elf/lib\libc.a(lib_a-memcpy.o)
                0x00005d68                memcpy
 .text          0x00005e08       0x98 c:/altera/13.0/nios2eds/bin/gnu/h-i686-mingw32/bin/../lib/gcc/nios2-elf/4.1.2/../../../../nios2-elf/lib\libc.a(lib_a-memset.o)
                0x00005e08                memset
 .text          0x00005ea0       0x78 c:/altera/13.0/nios2eds/bin/gnu/h-i686-mingw32/bin/../lib/gcc/nios2-elf/4.1.2/../../../../nios2-elf/lib\libc.a(lib_a-printf.o)
                0x00005ea0                printf
                0x00005ee4                _printf_r
 .text          0x00005f18       0xb4 c:/altera/13.0/nios2eds/bin/gnu/h-i686-mingw32/bin/../lib/gcc/nios2-elf/4.1.2/../../../../nios2-elf/lib\libc.a(lib_a-puts.o)
                0x00005f18                _puts_r
                0x00005fb8                puts
 .text          0x00005fcc       0x74 c:/altera/13.0/nios2eds/bin/gnu/h-i686-mingw32/bin/../lib/gcc/nios2-elf/4.1.2/../../../../nios2-elf/lib\libc.a(lib_a-strlen.o)
                0x00005fcc                strlen
 .text          0x00006040     0x1f28 c:/altera/13.0/nios2eds/bin/gnu/h-i686-mingw32/bin/../lib/gcc/nios2-elf/4.1.2/../../../../nios2-elf/lib\libc.a(lib_a-vfprintf.o)
                0x00006098                ___vfprintf_internal_r
                0x00007f44                __vfprintf_internal
 .text          0x00007f68      0x13c c:/altera/13.0/nios2eds/bin/gnu/h-i686-mingw32/bin/../lib/gcc/nios2-elf/4.1.2/../../../../nios2-elf/lib\libc.a(lib_a-wsetup.o)
                0x00007f68                __swsetup_r
 .text          0x000080a4     0x17cc c:/altera/13.0/nios2eds/bin/gnu/h-i686-mingw32/bin/../lib/gcc/nios2-elf/4.1.2/../../../../nios2-elf/lib\libc.a(lib_a-dtoa.o)
                0x000082bc                _dtoa_r
 .text          0x00009870      0x230 c:/altera/13.0/nios2eds/bin/gnu/h-i686-mingw32/bin/../lib/gcc/nios2-elf/4.1.2/../../../../nios2-elf/lib\libc.a(lib_a-fflush.o)
                0x00009870                _fflush_r
                0x00009a6c                fflush
 .text          0x00009aa0      0x2c0 c:/altera/13.0/nios2eds/bin/gnu/h-i686-mingw32/bin/../lib/gcc/nios2-elf/4.1.2/../../../../nios2-elf/lib\libc.a(lib_a-findfp.o)
                0x00009af8                __sfp_lock_acquire
                0x00009afc                __sfp_lock_release
                0x00009b00                __sinit_lock_acquire
                0x00009b04                __sinit_lock_release
                0x00009b08                __sinit
                0x00009bbc                __fp_unlock_all
                0x00009bd4                __fp_lock_all
                0x00009bec                _cleanup_r
                0x00009bf8                _cleanup
                0x00009c08                __sfmoreglue
                0x00009c70                __sfp
 .text          0x00009d60      0x440 c:/altera/13.0/nios2eds/bin/gnu/h-i686-mingw32/bin/../lib/gcc/nios2-elf/4.1.2/../../../../nios2-elf/lib\libc.a(lib_a-freer.o)
                0x00009d60                _malloc_trim_r
                0x00009e8c                _free_r
 .text          0x0000a1a0      0x49c c:/altera/13.0/nios2eds/bin/gnu/h-i686-mingw32/bin/../lib/gcc/nios2-elf/4.1.2/../../../../nios2-elf/lib\libc.a(lib_a-fvwrite.o)
                0x0000a1a0                __sfvwrite_r
 .text          0x0000a63c      0x180 c:/altera/13.0/nios2eds/bin/gnu/h-i686-mingw32/bin/../lib/gcc/nios2-elf/4.1.2/../../../../nios2-elf/lib\libc.a(lib_a-fwalk.o)
                0x0000a63c                _fwalk_reent
                0x0000a704                _fwalk
 .text          0x0000a7bc        0x0 c:/altera/13.0/nios2eds/bin/gnu/h-i686-mingw32/bin/../lib/gcc/nios2-elf/4.1.2/../../../../nios2-elf/lib\libc.a(lib_a-impure.o)
 .text          0x0000a7bc       0xc4 c:/altera/13.0/nios2eds/bin/gnu/h-i686-mingw32/bin/../lib/gcc/nios2-elf/4.1.2/../../../../nios2-elf/lib\libc.a(lib_a-locale.o)
                0x0000a7bc                __locale_charset
                0x0000a7c4                _localeconv_r
                0x0000a7d0                localeconv
                0x0000a7e0                _setlocale_r
                0x0000a864                setlocale
 .text          0x0000a880      0x194 c:/altera/13.0/nios2eds/bin/gnu/h-i686-mingw32/bin/../lib/gcc/nios2-elf/4.1.2/../../../../nios2-elf/lib\libc.a(lib_a-makebuf.o)
                0x0000a880                __smakebuf_r
 .text          0x0000aa14      0x740 c:/altera/13.0/nios2eds/bin/gnu/h-i686-mingw32/bin/../lib/gcc/nios2-elf/4.1.2/../../../../nios2-elf/lib\libc.a(lib_a-mallocr.o)
                0x0000aa14                _malloc_r
 .text          0x0000b154       0xe4 c:/altera/13.0/nios2eds/bin/gnu/h-i686-mingw32/bin/../lib/gcc/nios2-elf/4.1.2/../../../../nios2-elf/lib\libc.a(lib_a-memchr.o)
                0x0000b154                memchr
 .text          0x0000b238       0xe0 c:/altera/13.0/nios2eds/bin/gnu/h-i686-mingw32/bin/../lib/gcc/nios2-elf/4.1.2/../../../../nios2-elf/lib\libc.a(lib_a-memmove.o)
                0x0000b238                memmove
 .text          0x0000b318      0xff4 c:/altera/13.0/nios2eds/bin/gnu/h-i686-mingw32/bin/../lib/gcc/nios2-elf/4.1.2/../../../../nios2-elf/lib\libc.a(lib_a-mprec.o)
                0x0000b318                _Bfree
                0x0000b340                __hi0bits
                0x0000b3b0                __lo0bits
                0x0000b474                __mcmp
                0x0000b4d4                __ulp
                0x0000b554                __b2d
                0x0000b674                __ratio
                0x0000b724                _mprec_log10
                0x0000b7b8                __copybits
                0x0000b810                __any_on
                0x0000b898                _Balloc
                0x0000b954                __d2b
                0x0000bad0                __mdiff
                0x0000bc5c                __lshift
                0x0000bda8                __multiply
                0x0000bf90                __i2b
                0x0000bfcc                __multadd
                0x0000c0cc                __pow5mult
                0x0000c1ec                __s2b
 .text          0x0000c30c      0x5f4 c:/altera/13.0/nios2eds/bin/gnu/h-i686-mingw32/bin/../lib/gcc/nios2-elf/4.1.2/../../../../nios2-elf/lib\libc.a(lib_a-reallocr.o)
                0x0000c30c                _realloc_r
 .text          0x0000c900       0x40 c:/altera/13.0/nios2eds/bin/gnu/h-i686-mingw32/bin/../lib/gcc/nios2-elf/4.1.2/../../../../nios2-elf/lib\libc.a(lib_a-s_isinfd.o)
                0x0000c900                __isinfd
 .text          0x0000c940       0x30 c:/altera/13.0/nios2eds/bin/gnu/h-i686-mingw32/bin/../lib/gcc/nios2-elf/4.1.2/../../../../nios2-elf/lib\libc.a(lib_a-s_isnand.o)
                0x0000c940                __isnand
 .text          0x0000c970       0x70 c:/altera/13.0/nios2eds/bin/gnu/h-i686-mingw32/bin/../lib/gcc/nios2-elf/4.1.2/../../../../nios2-elf/lib\libc.a(lib_a-sbrkr.o)
                0x0000c970                _sbrk_r
 .text          0x0000c9e0      0x14c c:/altera/13.0/nios2eds/bin/gnu/h-i686-mingw32/bin/../lib/gcc/nios2-elf/4.1.2/../../../../nios2-elf/lib\libc.a(lib_a-stdio.o)
                0x0000c9e0                __sclose
                0x0000c9e8                __sseek
                0x0000ca50                __swrite
                0x0000cacc                __sread
 .text          0x0000cb2c       0xbc c:/altera/13.0/nios2eds/bin/gnu/h-i686-mingw32/bin/../lib/gcc/nios2-elf/4.1.2/../../../../nios2-elf/lib\libc.a(lib_a-strcmp.o)
                0x0000cb2c                strcmp
 .text          0x0000cbe8       0x78 c:/altera/13.0/nios2eds/bin/gnu/h-i686-mingw32/bin/../lib/gcc/nios2-elf/4.1.2/../../../../nios2-elf/lib\libc.a(lib_a-writer.o)
                0x0000cbe8                _write_r
 .text          0x0000cc60       0xb4 c:/altera/13.0/nios2eds/bin/gnu/h-i686-mingw32/bin/../lib/gcc/nios2-elf/4.1.2/../../../../nios2-elf/lib\libc.a(lib_a-callocr.o)
                0x0000cc60                _calloc_r
 .text          0x0000cd14       0x70 c:/altera/13.0/nios2eds/bin/gnu/h-i686-mingw32/bin/../lib/gcc/nios2-elf/4.1.2/../../../../nios2-elf/lib\libc.a(lib_a-closer.o)
                0x0000cd14                _close_r
 .text          0x0000cd84      0x124 c:/altera/13.0/nios2eds/bin/gnu/h-i686-mingw32/bin/../lib/gcc/nios2-elf/4.1.2/../../../../nios2-elf/lib\libc.a(lib_a-fclose.o)
                0x0000cd84                _fclose_r
                0x0000ce94                fclose
 .text          0x0000cea8       0x74 c:/altera/13.0/nios2eds/bin/gnu/h-i686-mingw32/bin/../lib/gcc/nios2-elf/4.1.2/../../../../nios2-elf/lib\libc.a(lib_a-fstatr.o)
                0x0000cea8                _fstat_r
 .text          0x0000cf1c        0x0 c:/altera/13.0/nios2eds/bin/gnu/h-i686-mingw32/bin/../lib/gcc/nios2-elf/4.1.2/../../../../nios2-elf/lib\libc.a(lib_a-int_errno.o)
 .text          0x0000cf1c       0x70 c:/altera/13.0/nios2eds/bin/gnu/h-i686-mingw32/bin/../lib/gcc/nios2-elf/4.1.2/../../../../nios2-elf/lib\libc.a(lib_a-isattyr.o)
                0x0000cf1c                _isatty_r
 .text          0x0000cf8c       0x78 c:/altera/13.0/nios2eds/bin/gnu/h-i686-mingw32/bin/../lib/gcc/nios2-elf/4.1.2/../../../../nios2-elf/lib\libc.a(lib_a-lseekr.o)
                0x0000cf8c                _lseek_r
 .text          0x0000d004       0x78 c:/altera/13.0/nios2eds/bin/gnu/h-i686-mingw32/bin/../lib/gcc/nios2-elf/4.1.2/../../../../nios2-elf/lib\libc.a(lib_a-readr.o)
                0x0000d004                _read_r
 .text          0x0000d07c      0x5dc c:/altera/13.0/nios2eds/bin/gnu/h-i686-mingw32/bin/../lib/gcc/nios2-elf/4.1.2\libgcc.a(_udivdi3.o)
                0x0000d07c                __udivdi3
 .text          0x0000d658      0x5b0 c:/altera/13.0/nios2eds/bin/gnu/h-i686-mingw32/bin/../lib/gcc/nios2-elf/4.1.2\libgcc.a(_umoddi3.o)
                0x0000d658                __umoddi3
 .text          0x0000dc08      0x504 c:/altera/13.0/nios2eds/bin/gnu/h-i686-mingw32/bin/../lib/gcc/nios2-elf/4.1.2\libgcc.a(_addsub_df.o)
                0x0000e018                __subdf3
                0x0000e098                __adddf3
 .text          0x0000e10c      0x3c4 c:/altera/13.0/nios2eds/bin/gnu/h-i686-mingw32/bin/../lib/gcc/nios2-elf/4.1.2\libgcc.a(_mul_df.o)
                0x0000e10c                __muldf3
 .text          0x0000e4d0       0x88 c:/altera/13.0/nios2eds/bin/gnu/h-i686-mingw32/bin/../lib/gcc/nios2-elf/4.1.2\libgcc.a(_eq_df.o)
                0x0000e4d0                __eqdf2
 .text          0x0000e558       0x88 c:/altera/13.0/nios2eds/bin/gnu/h-i686-mingw32/bin/../lib/gcc/nios2-elf/4.1.2\libgcc.a(_ne_df.o)
                0x0000e558                __nedf2
 .text          0x0000e5e0       0x88 c:/altera/13.0/nios2eds/bin/gnu/h-i686-mingw32/bin/../lib/gcc/nios2-elf/4.1.2\libgcc.a(_gt_df.o)
                0x0000e5e0                __gtdf2
 .text          0x0000e668       0x88 c:/altera/13.0/nios2eds/bin/gnu/h-i686-mingw32/bin/../lib/gcc/nios2-elf/4.1.2\libgcc.a(_ge_df.o)
                0x0000e668                __gedf2
 .text          0x0000e6f0       0x88 c:/altera/13.0/nios2eds/bin/gnu/h-i686-mingw32/bin/../lib/gcc/nios2-elf/4.1.2\libgcc.a(_lt_df.o)
                0x0000e6f0                __ltdf2
 .text          0x0000e778       0xd8 c:/altera/13.0/nios2eds/bin/gnu/h-i686-mingw32/bin/../lib/gcc/nios2-elf/4.1.2\libgcc.a(_df_to_si.o)
                0x0000e778                __fixdfsi
 .text          0x0000e850      0x194 c:/altera/13.0/nios2eds/bin/gnu/h-i686-mingw32/bin/../lib/gcc/nios2-elf/4.1.2\libgcc.a(_usi_to_df.o)
                0x0000e850                __floatunsidf
 .text          0x0000e9e4      0x14c c:/altera/13.0/nios2eds/bin/gnu/h-i686-mingw32/bin/../lib/gcc/nios2-elf/4.1.2\libgcc.a(lib2-divmod.o)
                0x0000ea60                __divsi3
                0x0000eac0                __modsi3
                0x0000eb20                __udivsi3
                0x0000eb28                __umodsi3
 .text          0x0000eb30       0x98 c:/altera/13.0/nios2eds/bin/gnu/h-i686-mingw32/bin/../lib/gcc/nios2-elf/4.1.2\libgcc.a(_muldi3.o)
                0x0000eb30                __muldi3
 .text          0x0000ebc8       0xc8 c:/altera/13.0/nios2eds/bin/gnu/h-i686-mingw32/bin/../lib/gcc/nios2-elf/4.1.2\libgcc.a(_fpcmp_parts_df.o)
                0x0000ebc8                __fpcmp_parts_d
 .text          0x0000ec90      0x15c ../frequencyRelay_bsp/\libhal_bsp.a(alt_close.o)
                0x0000ec90                close
 .text          0x0000edec       0x2c ../frequencyRelay_bsp/\libhal_bsp.a(alt_dev.o)
 .text          0x0000ee18        0x0 ../frequencyRelay_bsp/\libhal_bsp.a(alt_errno.o)
 .text          0x0000ee18      0x134 ../frequencyRelay_bsp/\libhal_bsp.a(alt_fstat.o)
                0x0000ee18                fstat
 .text          0x0000ef4c        0x0 ../frequencyRelay_bsp/\libhal_bsp.a(alt_irq_handler.o)
 .text          0x0000ef4c        0x0 ../frequencyRelay_bsp/\libhal_bsp.a(alt_irq_vars.o)
 .text          0x0000ef4c      0x120 ../frequencyRelay_bsp/\libhal_bsp.a(alt_isatty.o)
                0x0000ef4c                isatty
 .text          0x0000f06c      0x150 ../frequencyRelay_bsp/\libhal_bsp.a(alt_lseek.o)
                0x0000f06c                lseek
 .text          0x0000f1bc       0x6c ../frequencyRelay_bsp/\libhal_bsp.a(alt_main.o)
                0x0000f1bc                alt_main
 .text          0x0000f228       0x40 ../frequencyRelay_bsp/\libhal_bsp.a(alt_malloc_lock.o)
                0x0000f228                __malloc_lock
                0x0000f248                __malloc_unlock
 .text          0x0000f268      0x180 ../frequencyRelay_bsp/\libhal_bsp.a(alt_read.o)
                0x0000f268                read
 .text          0x0000f3e8       0x60 ../frequencyRelay_bsp/\libhal_bsp.a(alt_release_fd.o)
                0x0000f3e8                alt_release_fd
 .text          0x0000f448       0xbc ../frequencyRelay_bsp/\libhal_bsp.a(alt_sbrk.o)
                0x0000f448                sbrk
 .text          0x0000f504      0x180 ../frequencyRelay_bsp/\libhal_bsp.a(alt_write.o)
                0x0000f504                write
 .text          0x0000f684      0x3d8 ../frequencyRelay_bsp/\libhal_bsp.a(alt_sys_init.o)
                0x0000f684                alt_irq_init
                0x0000f6b8                alt_sys_init
 .text          0x0000fa5c      0x8d8 ../frequencyRelay_bsp/\libhal_bsp.a(altera_avalon_cfi_flash.o)
                0x0000fa5c                alt_flash_cfi_init
                0x0000fb30                alt_flash_cfi_write
                0x0000fdf0                alt_flash_cfi_get_info
                0x0000fe80                alt_flash_cfi_read
                0x0000fee8                alt_write_value_to_flash
                0x0001004c                alt_flash_program_block
 .text          0x00010334     0x14a8 ../frequencyRelay_bsp/\libhal_bsp.a(altera_avalon_cfi_flash_table.o)
                0x00010334                alt_read_query_entry_8bit
                0x00010374                alt_read_query_entry_16bit
                0x000103b8                alt_read_query_entry_32bit
                0x00010400                alt_write_flash_command_8bit_device_8bit_mode
                0x0001043c                alt_write_flash_command_16bit_device_8bit_mode
                0x000104b8                alt_write_flash_command_32bit_device_8bit_mode
                0x00010500                alt_write_flash_command_16bit_device_16bit_mode
                0x00010544                alt_write_flash_command_32bit_device_16bit_mode
                0x0001058c                alt_write_flash_command_32bit_device_32bit_mode
                0x000105d4                alt_write_native_8bit
                0x00010608                alt_write_native_16bit
                0x0001063c                alt_write_native_32bit
                0x0001066c                alt_set_flash_width_func
                0x0001084c                alt_set_flash_algorithm_func
                0x00010974                alt_read_cfi_table
                0x00010f54                alt_read_cfi_width
                0x00011700                alt_check_primary_table
 .text          0x000117dc      0x148 ../frequencyRelay_bsp/\libhal_bsp.a(altera_avalon_jtag_uart_fd.o)
                0x000117dc                altera_avalon_jtag_uart_read_fd
                0x00011834                altera_avalon_jtag_uart_write_fd
                0x0001188c                altera_avalon_jtag_uart_close_fd
                0x000118d4                altera_avalon_jtag_uart_ioctl_fd
 .text          0x00011924      0x408 ../frequencyRelay_bsp/\libhal_bsp.a(altera_avalon_jtag_uart_init.o)
                0x00011924                altera_avalon_jtag_uart_init
                0x00011cb8                altera_avalon_jtag_uart_close
 .text          0x00011d2c       0xf4 ../frequencyRelay_bsp/\libhal_bsp.a(altera_avalon_jtag_uart_ioctl.o)
                0x00011d2c                altera_avalon_jtag_uart_ioctl
 .text          0x00011e20      0x224 ../frequencyRelay_bsp/\libhal_bsp.a(altera_avalon_jtag_uart_read.o)
                0x00011e20                altera_avalon_jtag_uart_read
 .text          0x00012044      0x240 ../frequencyRelay_bsp/\libhal_bsp.a(altera_avalon_jtag_uart_write.o)
                0x00012044                altera_avalon_jtag_uart_write
 .text          0x00012284      0xee0 ../frequencyRelay_bsp/\libhal_bsp.a(altera_avalon_lcd_16207.o)
                0x00012a58                altera_avalon_lcd_16207_write
                0x00013028                altera_avalon_lcd_16207_init
 .text          0x00013164       0x58 ../frequencyRelay_bsp/\libhal_bsp.a(altera_avalon_lcd_16207_fd.o)
                0x00013164                altera_avalon_lcd_16207_write_fd
 .text          0x000131bc       0xfc ../frequencyRelay_bsp/\libhal_bsp.a(altera_avalon_timer_sc.o)
                0x00013230                alt_avalon_timer_sc_init
 .text          0x000132b8       0xf8 ../frequencyRelay_bsp/\libhal_bsp.a(altera_avalon_uart_fd.o)
                0x000132b8                altera_avalon_uart_read_fd
                0x00013310                altera_avalon_uart_write_fd
                0x00013368                altera_avalon_uart_close_fd
 .text          0x000133b0      0x3fc ../frequencyRelay_bsp/\libhal_bsp.a(altera_avalon_uart_init.o)
                0x000133b0                altera_avalon_uart_init
                0x0001374c                altera_avalon_uart_close
 .text          0x000137ac      0x290 ../frequencyRelay_bsp/\libhal_bsp.a(altera_avalon_uart_read.o)
                0x000137ac                altera_avalon_uart_read
 .text          0x00013a3c      0x228 ../frequencyRelay_bsp/\libhal_bsp.a(altera_avalon_uart_write.o)
                0x00013a3c                altera_avalon_uart_write
 .text          0x00013c64      0x700 ../frequencyRelay_bsp/\libhal_bsp.a(altera_up_avalon_ps2.o)
                0x00013c64                read_RI_bit
                0x00013c98                read_RE_bit
                0x00013cc8                read_CE_bit
                0x00013cfc                read_num_bytes_available
                0x00013d30                read_data_valid
                0x00013d64                read_data_byte
                0x00013d90                alt_up_ps2_init
                0x00013e5c                alt_up_ps2_enable_read_interrupt
                0x00013eb0                alt_up_ps2_disable_read_interrupt
                0x00013f08                alt_up_ps2_write_data_byte
                0x00013f80                alt_up_ps2_wait_for_ack
                0x00013ff0                alt_up_ps2_write_data_byte_with_ack
                0x0001405c                alt_up_ps2_read_data_byte_timeout
                0x0001410c                alt_up_ps2_read_data_byte
                0x00014188                alt_up_ps2_clear_fifo
                0x000141e0                alt_up_ps2_read_fd
                0x0001427c                alt_up_ps2_write_fd
                0x00014324                alt_up_ps2_open_dev
 .text          0x00014364      0x304 ../frequencyRelay_bsp/\libhal_bsp.a(altera_up_avalon_video_character_buffer_with_dma.o)
                0x00014364                alt_up_char_buffer_init
                0x000143e8                alt_up_char_buffer_open_dev
                0x00014428                alt_up_char_buffer_draw
                0x000144f8                alt_up_char_buffer_string
                0x0001460c                alt_up_char_buffer_clear
 .text          0x00014668      0x5e0 ../frequencyRelay_bsp/\libhal_bsp.a(altera_up_ps2_keyboard.o)
                0x00014668                get_multi_byte_make_code_index
                0x000146e0                get_single_byte_make_code_index
                0x00014758                get_next_state
                0x000149b4                decode_scancode
                0x00014a60                set_keyboard_rate
                0x00014ac0                translate_make_code
                0x00014bc8                reset_keyboard
 .text          0x00014c48      0x154 ../frequencyRelay_bsp/\libhal_bsp.a(alt_alarm_start.o)
                0x00014c48                alt_alarm_start
 .text          0x00014d9c       0x78 ../frequencyRelay_bsp/\libhal_bsp.a(alt_dcache_flush.o)
                0x00014d9c                alt_dcache_flush
 .text          0x00014e14      0x114 ../frequencyRelay_bsp/\libhal_bsp.a(alt_dev_llist_insert.o)
                0x00014e14                alt_dev_llist_insert
 .text          0x00014f28       0x64 ../frequencyRelay_bsp/\libhal_bsp.a(alt_do_ctors.o)
                0x00014f28                _do_ctors
 .text          0x00014f8c       0x64 ../frequencyRelay_bsp/\libhal_bsp.a(alt_do_dtors.o)
                0x00014f8c                _do_dtors
 .text          0x00014ff0       0x94 ../frequencyRelay_bsp/\libhal_bsp.a(alt_find_dev.o)
                0x00014ff0                alt_find_dev
 .text          0x00015084       0xd0 ../frequencyRelay_bsp/\libhal_bsp.a(alt_flash_dev.o)
                0x00015084                alt_flash_open_dev
                0x00015100                alt_flash_close_dev
 .text          0x00015154      0x13c ../frequencyRelay_bsp/\libhal_bsp.a(alt_io_redirect.o)
                0x00015218                alt_io_redirect
 .text          0x00015290      0x2c4 ../frequencyRelay_bsp/\libhal_bsp.a(alt_open.o)
                0x0001536c                open
 .text          0x00015554      0x1a4 ../frequencyRelay_bsp/\libhal_bsp.a(alt_tick.o)
                0x00015554                alt_alarm_stop
                0x000155ec                alt_tick
 .text          0x000156f8       0x30 ../frequencyRelay_bsp/\libhal_bsp.a(alt_usleep.o)
                0x000156f8                usleep
 .text          0x00015728       0x20 ../frequencyRelay_bsp/\libhal_bsp.a(altera_nios2_qsys_irq.o)
                0x00015728                altera_nios2_qsys_irq_init
 .text          0x00015748      0x460 ../frequencyRelay_bsp/\libhal_bsp.a(altera_avalon_cfi_flash_amd.o)
                0x00015748                alt_program_amd
                0x000157b0                alt_erase_block_amd
 .text          0x00015ba8      0x460 ../frequencyRelay_bsp/\libhal_bsp.a(altera_avalon_cfi_flash_intel.o)
                0x00015ba8                alt_program_intel
                0x00015c2c                alt_erase_block_intel
 .text          0x00016008      0x12c ../frequencyRelay_bsp/\libhal_bsp.a(alt_busy_sleep.o)
                0x00016008                alt_busy_sleep
 .text          0x00016134      0x120 ../frequencyRelay_bsp/\libhal_bsp.a(alt_find_file.o)
                0x00016134                alt_find_file
 .text          0x00016254       0xb8 ../frequencyRelay_bsp/\libhal_bsp.a(alt_get_fd.o)
                0x00016254                alt_get_fd
 .text          0x0001630c       0x14 c:/altera/13.0/nios2eds/bin/gnu/h-i686-mingw32/bin/../lib/gcc/nios2-elf/4.1.2/../../../../nios2-elf/lib\libc.a(lib_a-atexit.o)
                0x0001630c                atexit
 .text          0x00016320        0x0 c:/altera/13.0/nios2eds/bin/gnu/h-i686-mingw32/bin/../lib/gcc/nios2-elf/4.1.2/../../../../nios2-elf/lib\libc.a(lib_a-ctype_.o)
 .text          0x00016320       0x38 c:/altera/13.0/nios2eds/bin/gnu/h-i686-mingw32/bin/../lib/gcc/nios2-elf/4.1.2/../../../../nios2-elf/lib\libc.a(lib_a-exit.o)
                0x00016320                exit
 .text          0x00016358       0x8c c:/altera/13.0/nios2eds/bin/gnu/h-i686-mingw32/bin/../lib/gcc/nios2-elf/4.1.2/../../../../nios2-elf/lib\libc.a(lib_a-strcpy.o)
                0x00016358                strcpy
 .text          0x000163e4      0x134 c:/altera/13.0/nios2eds/bin/gnu/h-i686-mingw32/bin/../lib/gcc/nios2-elf/4.1.2/../../../../nios2-elf/lib\libc.a(lib_a-__atexit.o)
                0x000163e4                __register_exitproc
 .text          0x00016518      0x1b4 c:/altera/13.0/nios2eds/bin/gnu/h-i686-mingw32/bin/../lib/gcc/nios2-elf/4.1.2/../../../../nios2-elf/lib\libc.a(lib_a-__call_atexit.o)
                0x0001651c                __call_exitprocs
 .text          0x000166cc       0x60 ../frequencyRelay_bsp/\libhal_bsp.a(alt_exit.o)
                0x0001670c                _exit
 *(.gnu.warning.*)
 *(.fini)
                0x0001672c                PROVIDE (__etext, ABSOLUTE (.))
                0x0001672c                PROVIDE (_etext, ABSOLUTE (.))
                0x0001672c                PROVIDE (etext, ABSOLUTE (.))
 *(.eh_frame_hdr)
                0x0001672c                . = ALIGN (0x4)
                0x0001672c                PROVIDE (__preinit_array_start, ABSOLUTE (.))
 *(.preinit_array)
                0x0001672c                PROVIDE (__preinit_array_end, ABSOLUTE (.))
                0x0001672c                PROVIDE (__init_array_start, ABSOLUTE (.))
 *(.init_array)
                0x0001672c                PROVIDE (__init_array_end, ABSOLUTE (.))
                0x0001672c                PROVIDE (__fini_array_start, ABSOLUTE (.))
 *(.fini_array)
                0x0001672c                PROVIDE (__fini_array_end, ABSOLUTE (.))
 *(.eh_frame)
 *(.gcc_except_table)
 *(.dynamic)
                0x0001672c                PROVIDE (__CTOR_LIST__, ABSOLUTE (.))
 *(.ctors)
 *(SORT(.ctors.*))
 .ctors.65535   0x0001672c        0x4 c:/altera/13.0/nios2eds/bin/gnu/h-i686-mingw32/bin/../lib/gcc/nios2-elf/4.1.2/../../../../nios2-elf/lib\libc.a(lib_a-__call_atexit.o)
                0x00016730                PROVIDE (__CTOR_END__, ABSOLUTE (.))
                0x00016730                PROVIDE (__DTOR_LIST__, ABSOLUTE (.))
 *(.dtors)
 *(SORT(.dtors.*))
                0x00016730                PROVIDE (__DTOR_END__, ABSOLUTE (.))
 *(.jcr)
                0x00016730                . = ALIGN (0x4)

.rodata         0x08000000      0x970
                0x08000000                PROVIDE (__ram_rodata_start, ABSOLUTE (.))
                0x08000000                . = ALIGN (0x4)
 *(.rodata .rodata.* .gnu.linkonce.r.*)
 .rodata        0x08000000       0x34 obj/default/freertos/port.o
 .rodata        0x08000034       0x1c obj/default/freertos/tasks.o
 .rodata        0x08000050        0x8 obj/default/freertos/timers.o
 .rodata        0x08000058       0x60 obj/default/main.o
 .rodata        0x080000b8       0x14 c:/altera/13.0/nios2eds/bin/gnu/h-i686-mingw32/bin/../lib/gcc/nios2-elf/4.1.2\libgcc.a(_thenan_df.o)
                0x080000b8                __thenan_df
 .rodata        0x080000cc      0x100 c:/altera/13.0/nios2eds/bin/gnu/h-i686-mingw32/bin/../lib/gcc/nios2-elf/4.1.2\libgcc.a(_clz.o)
                0x080000cc                __clz_tab
 .rodata.str1.4
                0x080001cc        0x2 c:/altera/13.0/nios2eds/bin/gnu/h-i686-mingw32/bin/../lib/gcc/nios2-elf/4.1.2/../../../../nios2-elf/lib\libc.a(lib_a-puts.o)
                                  0x4 (size before relaxing)
 *fill*         0x080001ce        0x2 00
 .rodata.str1.4
                0x080001d0       0x5e c:/altera/13.0/nios2eds/bin/gnu/h-i686-mingw32/bin/../lib/gcc/nios2-elf/4.1.2/../../../../nios2-elf/lib\libc.a(lib_a-vfprintf.o)
                                 0x60 (size before relaxing)
 *fill*         0x0800022e        0x2 00
 .rodata        0x08000230       0x20 c:/altera/13.0/nios2eds/bin/gnu/h-i686-mingw32/bin/../lib/gcc/nios2-elf/4.1.2/../../../../nios2-elf/lib\libc.a(lib_a-vfprintf.o)
 .rodata.str1.4
                0x08000250       0x10 c:/altera/13.0/nios2eds/bin/gnu/h-i686-mingw32/bin/../lib/gcc/nios2-elf/4.1.2/../../../../nios2-elf/lib\libc.a(lib_a-dtoa.o)
                                 0x14 (size before relaxing)
 .rodata.str1.4
                0x08000260        0x2 c:/altera/13.0/nios2eds/bin/gnu/h-i686-mingw32/bin/../lib/gcc/nios2-elf/4.1.2/../../../../nios2-elf/lib\libc.a(lib_a-impure.o)
                                  0x4 (size before relaxing)
 *fill*         0x08000262        0x2 00
 .rodata.str1.4
                0x08000264       0x10 c:/altera/13.0/nios2eds/bin/gnu/h-i686-mingw32/bin/../lib/gcc/nios2-elf/4.1.2/../../../../nios2-elf/lib\libc.a(lib_a-locale.o)
                                 0x18 (size before relaxing)
 .rodata        0x08000274       0x30 c:/altera/13.0/nios2eds/bin/gnu/h-i686-mingw32/bin/../lib/gcc/nios2-elf/4.1.2/../../../../nios2-elf/lib\libc.a(lib_a-locale.o)
 .rodata        0x080002a4      0x124 c:/altera/13.0/nios2eds/bin/gnu/h-i686-mingw32/bin/../lib/gcc/nios2-elf/4.1.2/../../../../nios2-elf/lib\libc.a(lib_a-mprec.o)
                0x080002a4                __mprec_tens
                0x0800036c                __mprec_bigtens
                0x08000394                __mprec_tinytens
 .rodata        0x080003c8        0xc ../frequencyRelay_bsp/\libhal_bsp.a(alt_dev.o)
 .rodata        0x080003d4       0x10 ../frequencyRelay_bsp/\libhal_bsp.a(alt_main.o)
 .rodata        0x080003e4       0xb0 ../frequencyRelay_bsp/\libhal_bsp.a(alt_sys_init.o)
 .rodata        0x08000494       0x1c ../frequencyRelay_bsp/\libhal_bsp.a(altera_up_avalon_video_character_buffer_with_dma.o)
 .rodata        0x080004b0      0x23c ../frequencyRelay_bsp/\libhal_bsp.a(altera_up_ps2_keyboard.o)
 .rodata        0x080006ec      0x284 c:/altera/13.0/nios2eds/bin/gnu/h-i686-mingw32/bin/../lib/gcc/nios2-elf/4.1.2/../../../../nios2-elf/lib\libc.a(lib_a-ctype_.o)
                0x080006ec                _ctype_
 *(.rodata1)
                0x08000970                . = ALIGN (0x4)
                0x08000970                PROVIDE (__ram_rodata_end, ABSOLUTE (.))
                0x08000000                PROVIDE (__flash_rodata_start, LOADADDR (.rodata))

.rwdata         0x08000970     0x20dc
                0x08000970                PROVIDE (__ram_rwdata_start, ABSOLUTE (.))
                0x08000970                . = ALIGN (0x4)
 *(.got.plt)
 *(.got)
 *(.data1)
 *(.data .data.* .gnu.linkonce.d.*)
 .data          0x08000970        0x0 ../frequencyRelay_bsp//obj/HAL/src/crt0.o
 .data          0x08000970        0x0 obj/default/freertos/croutine.o
 .data          0x08000970        0x0 obj/default/freertos/event_groups.o
 .data          0x08000970        0x0 obj/default/freertos/heap.o
 .data          0x08000970        0x0 obj/default/freertos/list.o
 .data          0x08000970        0x0 obj/default/freertos/port.o
 .data          0x08000970        0x0 obj/default/freertos/queue.o
 .data          0x08000970        0x0 obj/default/freertos/tasks.o
 .data          0x08000970        0x0 obj/default/freertos/timers.o
 .data          0x08000970        0x0 obj/default/main.o
 .data          0x08000970        0x0 obj/default/freertos/port_asm.o
 .data          0x08000970        0x0 c:/altera/13.0/nios2eds/bin/gnu/h-i686-mingw32/bin/../lib/gcc/nios2-elf/4.1.2\libgcc.a(_div_df.o)
 .data          0x08000970        0x0 c:/altera/13.0/nios2eds/bin/gnu/h-i686-mingw32/bin/../lib/gcc/nios2-elf/4.1.2\libgcc.a(_si_to_df.o)
 .data          0x08000970        0x0 c:/altera/13.0/nios2eds/bin/gnu/h-i686-mingw32/bin/../lib/gcc/nios2-elf/4.1.2\libgcc.a(_thenan_df.o)
 .data          0x08000970        0x0 c:/altera/13.0/nios2eds/bin/gnu/h-i686-mingw32/bin/../lib/gcc/nios2-elf/4.1.2\libgcc.a(_clzsi2.o)
 .data          0x08000970        0x0 c:/altera/13.0/nios2eds/bin/gnu/h-i686-mingw32/bin/../lib/gcc/nios2-elf/4.1.2\libgcc.a(_pack_df.o)
 .data          0x08000970        0x0 c:/altera/13.0/nios2eds/bin/gnu/h-i686-mingw32/bin/../lib/gcc/nios2-elf/4.1.2\libgcc.a(_unpack_df.o)
 .data          0x08000970        0x0 c:/altera/13.0/nios2eds/bin/gnu/h-i686-mingw32/bin/../lib/gcc/nios2-elf/4.1.2\libgcc.a(_clz.o)
 .data          0x08000970        0x0 c:/altera/13.0/nios2eds/bin/gnu/h-i686-mingw32/bin/../lib/gcc/nios2-elf/4.1.2/../../../../nios2-elf/lib\libc.a(lib_a-memcmp.o)
 .data          0x08000970        0x0 c:/altera/13.0/nios2eds/bin/gnu/h-i686-mingw32/bin/../lib/gcc/nios2-elf/4.1.2/../../../../nios2-elf/lib\libc.a(lib_a-memcpy.o)
 .data          0x08000970        0x0 c:/altera/13.0/nios2eds/bin/gnu/h-i686-mingw32/bin/../lib/gcc/nios2-elf/4.1.2/../../../../nios2-elf/lib\libc.a(lib_a-memset.o)
 .data          0x08000970        0x0 c:/altera/13.0/nios2eds/bin/gnu/h-i686-mingw32/bin/../lib/gcc/nios2-elf/4.1.2/../../../../nios2-elf/lib\libc.a(lib_a-printf.o)
 .data          0x08000970        0x0 c:/altera/13.0/nios2eds/bin/gnu/h-i686-mingw32/bin/../lib/gcc/nios2-elf/4.1.2/../../../../nios2-elf/lib\libc.a(lib_a-puts.o)
 .data          0x08000970        0x0 c:/altera/13.0/nios2eds/bin/gnu/h-i686-mingw32/bin/../lib/gcc/nios2-elf/4.1.2/../../../../nios2-elf/lib\libc.a(lib_a-strlen.o)
 .data          0x08000970        0x0 c:/altera/13.0/nios2eds/bin/gnu/h-i686-mingw32/bin/../lib/gcc/nios2-elf/4.1.2/../../../../nios2-elf/lib\libc.a(lib_a-vfprintf.o)
 .data          0x08000970        0x0 c:/altera/13.0/nios2eds/bin/gnu/h-i686-mingw32/bin/../lib/gcc/nios2-elf/4.1.2/../../../../nios2-elf/lib\libc.a(lib_a-wsetup.o)
 .data          0x08000970        0x0 c:/altera/13.0/nios2eds/bin/gnu/h-i686-mingw32/bin/../lib/gcc/nios2-elf/4.1.2/../../../../nios2-elf/lib\libc.a(lib_a-dtoa.o)
 .data          0x08000970        0x0 c:/altera/13.0/nios2eds/bin/gnu/h-i686-mingw32/bin/../lib/gcc/nios2-elf/4.1.2/../../../../nios2-elf/lib\libc.a(lib_a-fflush.o)
 .data          0x08000970        0x0 c:/altera/13.0/nios2eds/bin/gnu/h-i686-mingw32/bin/../lib/gcc/nios2-elf/4.1.2/../../../../nios2-elf/lib\libc.a(lib_a-findfp.o)
 .data          0x08000970        0x0 c:/altera/13.0/nios2eds/bin/gnu/h-i686-mingw32/bin/../lib/gcc/nios2-elf/4.1.2/../../../../nios2-elf/lib\libc.a(lib_a-freer.o)
 .data          0x08000970        0x0 c:/altera/13.0/nios2eds/bin/gnu/h-i686-mingw32/bin/../lib/gcc/nios2-elf/4.1.2/../../../../nios2-elf/lib\libc.a(lib_a-fvwrite.o)
 .data          0x08000970        0x0 c:/altera/13.0/nios2eds/bin/gnu/h-i686-mingw32/bin/../lib/gcc/nios2-elf/4.1.2/../../../../nios2-elf/lib\libc.a(lib_a-fwalk.o)
 .data          0x08000970      0x400 c:/altera/13.0/nios2eds/bin/gnu/h-i686-mingw32/bin/../lib/gcc/nios2-elf/4.1.2/../../../../nios2-elf/lib\libc.a(lib_a-impure.o)
 .data          0x08000d70        0xc c:/altera/13.0/nios2eds/bin/gnu/h-i686-mingw32/bin/../lib/gcc/nios2-elf/4.1.2/../../../../nios2-elf/lib\libc.a(lib_a-locale.o)
                0x08000d70                __lc_ctype
 .data          0x08000d7c        0x0 c:/altera/13.0/nios2eds/bin/gnu/h-i686-mingw32/bin/../lib/gcc/nios2-elf/4.1.2/../../../../nios2-elf/lib\libc.a(lib_a-makebuf.o)
 .data          0x08000d7c      0x408 c:/altera/13.0/nios2eds/bin/gnu/h-i686-mingw32/bin/../lib/gcc/nios2-elf/4.1.2/../../../../nios2-elf/lib\libc.a(lib_a-mallocr.o)
                0x08000d7c                __malloc_av_
 .data          0x08001184        0x0 c:/altera/13.0/nios2eds/bin/gnu/h-i686-mingw32/bin/../lib/gcc/nios2-elf/4.1.2/../../../../nios2-elf/lib\libc.a(lib_a-memchr.o)
 .data          0x08001184        0x0 c:/altera/13.0/nios2eds/bin/gnu/h-i686-mingw32/bin/../lib/gcc/nios2-elf/4.1.2/../../../../nios2-elf/lib\libc.a(lib_a-memmove.o)
 .data          0x08001184        0x0 c:/altera/13.0/nios2eds/bin/gnu/h-i686-mingw32/bin/../lib/gcc/nios2-elf/4.1.2/../../../../nios2-elf/lib\libc.a(lib_a-mprec.o)
 .data          0x08001184        0x0 c:/altera/13.0/nios2eds/bin/gnu/h-i686-mingw32/bin/../lib/gcc/nios2-elf/4.1.2/../../../../nios2-elf/lib\libc.a(lib_a-reallocr.o)
 .data          0x08001184        0x0 c:/altera/13.0/nios2eds/bin/gnu/h-i686-mingw32/bin/../lib/gcc/nios2-elf/4.1.2/../../../../nios2-elf/lib\libc.a(lib_a-s_isinfd.o)
 .data          0x08001184        0x0 c:/altera/13.0/nios2eds/bin/gnu/h-i686-mingw32/bin/../lib/gcc/nios2-elf/4.1.2/../../../../nios2-elf/lib\libc.a(lib_a-s_isnand.o)
 .data          0x08001184        0x0 c:/altera/13.0/nios2eds/bin/gnu/h-i686-mingw32/bin/../lib/gcc/nios2-elf/4.1.2/../../../../nios2-elf/lib\libc.a(lib_a-sbrkr.o)
 .data          0x08001184        0x0 c:/altera/13.0/nios2eds/bin/gnu/h-i686-mingw32/bin/../lib/gcc/nios2-elf/4.1.2/../../../../nios2-elf/lib\libc.a(lib_a-stdio.o)
 .data          0x08001184        0x0 c:/altera/13.0/nios2eds/bin/gnu/h-i686-mingw32/bin/../lib/gcc/nios2-elf/4.1.2/../../../../nios2-elf/lib\libc.a(lib_a-strcmp.o)
 .data          0x08001184        0x0 c:/altera/13.0/nios2eds/bin/gnu/h-i686-mingw32/bin/../lib/gcc/nios2-elf/4.1.2/../../../../nios2-elf/lib\libc.a(lib_a-writer.o)
 .data          0x08001184        0x0 c:/altera/13.0/nios2eds/bin/gnu/h-i686-mingw32/bin/../lib/gcc/nios2-elf/4.1.2/../../../../nios2-elf/lib\libc.a(lib_a-callocr.o)
 .data          0x08001184        0x0 c:/altera/13.0/nios2eds/bin/gnu/h-i686-mingw32/bin/../lib/gcc/nios2-elf/4.1.2/../../../../nios2-elf/lib\libc.a(lib_a-closer.o)
 .data          0x08001184        0x0 c:/altera/13.0/nios2eds/bin/gnu/h-i686-mingw32/bin/../lib/gcc/nios2-elf/4.1.2/../../../../nios2-elf/lib\libc.a(lib_a-fclose.o)
 .data          0x08001184        0x0 c:/altera/13.0/nios2eds/bin/gnu/h-i686-mingw32/bin/../lib/gcc/nios2-elf/4.1.2/../../../../nios2-elf/lib\libc.a(lib_a-fstatr.o)
 .data          0x08001184        0x0 c:/altera/13.0/nios2eds/bin/gnu/h-i686-mingw32/bin/../lib/gcc/nios2-elf/4.1.2/../../../../nios2-elf/lib\libc.a(lib_a-int_errno.o)
 .data          0x08001184        0x0 c:/altera/13.0/nios2eds/bin/gnu/h-i686-mingw32/bin/../lib/gcc/nios2-elf/4.1.2/../../../../nios2-elf/lib\libc.a(lib_a-isattyr.o)
 .data          0x08001184        0x0 c:/altera/13.0/nios2eds/bin/gnu/h-i686-mingw32/bin/../lib/gcc/nios2-elf/4.1.2/../../../../nios2-elf/lib\libc.a(lib_a-lseekr.o)
 .data          0x08001184        0x0 c:/altera/13.0/nios2eds/bin/gnu/h-i686-mingw32/bin/../lib/gcc/nios2-elf/4.1.2/../../../../nios2-elf/lib\libc.a(lib_a-readr.o)
 .data          0x08001184        0x0 c:/altera/13.0/nios2eds/bin/gnu/h-i686-mingw32/bin/../lib/gcc/nios2-elf/4.1.2\libgcc.a(_udivdi3.o)
 .data          0x08001184        0x0 c:/altera/13.0/nios2eds/bin/gnu/h-i686-mingw32/bin/../lib/gcc/nios2-elf/4.1.2\libgcc.a(_umoddi3.o)
 .data          0x08001184        0x0 c:/altera/13.0/nios2eds/bin/gnu/h-i686-mingw32/bin/../lib/gcc/nios2-elf/4.1.2\libgcc.a(_addsub_df.o)
 .data          0x08001184        0x0 c:/altera/13.0/nios2eds/bin/gnu/h-i686-mingw32/bin/../lib/gcc/nios2-elf/4.1.2\libgcc.a(_mul_df.o)
 .data          0x08001184        0x0 c:/altera/13.0/nios2eds/bin/gnu/h-i686-mingw32/bin/../lib/gcc/nios2-elf/4.1.2\libgcc.a(_eq_df.o)
 .data          0x08001184        0x0 c:/altera/13.0/nios2eds/bin/gnu/h-i686-mingw32/bin/../lib/gcc/nios2-elf/4.1.2\libgcc.a(_ne_df.o)
 .data          0x08001184        0x0 c:/altera/13.0/nios2eds/bin/gnu/h-i686-mingw32/bin/../lib/gcc/nios2-elf/4.1.2\libgcc.a(_gt_df.o)
 .data          0x08001184        0x0 c:/altera/13.0/nios2eds/bin/gnu/h-i686-mingw32/bin/../lib/gcc/nios2-elf/4.1.2\libgcc.a(_ge_df.o)
 .data          0x08001184        0x0 c:/altera/13.0/nios2eds/bin/gnu/h-i686-mingw32/bin/../lib/gcc/nios2-elf/4.1.2\libgcc.a(_lt_df.o)
 .data          0x08001184        0x0 c:/altera/13.0/nios2eds/bin/gnu/h-i686-mingw32/bin/../lib/gcc/nios2-elf/4.1.2\libgcc.a(_df_to_si.o)
 .data          0x08001184        0x0 c:/altera/13.0/nios2eds/bin/gnu/h-i686-mingw32/bin/../lib/gcc/nios2-elf/4.1.2\libgcc.a(_usi_to_df.o)
 .data          0x08001184        0x0 c:/altera/13.0/nios2eds/bin/gnu/h-i686-mingw32/bin/../lib/gcc/nios2-elf/4.1.2\libgcc.a(lib2-divmod.o)
 .data          0x08001184        0x0 c:/altera/13.0/nios2eds/bin/gnu/h-i686-mingw32/bin/../lib/gcc/nios2-elf/4.1.2\libgcc.a(_muldi3.o)
 .data          0x08001184        0x0 c:/altera/13.0/nios2eds/bin/gnu/h-i686-mingw32/bin/../lib/gcc/nios2-elf/4.1.2\libgcc.a(_fpcmp_parts_df.o)
 .data          0x08001184        0x0 ../frequencyRelay_bsp/\libhal_bsp.a(alt_close.o)
 .data          0x08001184      0x1a8 ../frequencyRelay_bsp/\libhal_bsp.a(alt_dev.o)
                0x08001184                alt_dev_null
                0x080011ac                alt_fd_list
 .data          0x0800132c        0x0 ../frequencyRelay_bsp/\libhal_bsp.a(alt_errno.o)
 .data          0x0800132c        0x0 ../frequencyRelay_bsp/\libhal_bsp.a(alt_fstat.o)
 .data          0x0800132c        0x0 ../frequencyRelay_bsp/\libhal_bsp.a(alt_irq_handler.o)
 .data          0x0800132c        0x0 ../frequencyRelay_bsp/\libhal_bsp.a(alt_irq_vars.o)
 .data          0x0800132c        0x0 ../frequencyRelay_bsp/\libhal_bsp.a(alt_isatty.o)
 .data          0x0800132c        0x0 ../frequencyRelay_bsp/\libhal_bsp.a(alt_lseek.o)
 .data          0x0800132c        0x0 ../frequencyRelay_bsp/\libhal_bsp.a(alt_main.o)
 .data          0x0800132c        0x0 ../frequencyRelay_bsp/\libhal_bsp.a(alt_malloc_lock.o)
 .data          0x0800132c        0x0 ../frequencyRelay_bsp/\libhal_bsp.a(alt_read.o)
 .data          0x0800132c        0x0 ../frequencyRelay_bsp/\libhal_bsp.a(alt_release_fd.o)
 .data          0x0800132c        0x0 ../frequencyRelay_bsp/\libhal_bsp.a(alt_sbrk.o)
 .data          0x0800132c        0x0 ../frequencyRelay_bsp/\libhal_bsp.a(alt_write.o)
 .data          0x0800132c     0x13f0 ../frequencyRelay_bsp/\libhal_bsp.a(alt_sys_init.o)
 .data          0x0800271c        0x0 ../frequencyRelay_bsp/\libhal_bsp.a(altera_avalon_cfi_flash.o)
 .data          0x0800271c        0x0 ../frequencyRelay_bsp/\libhal_bsp.a(altera_avalon_cfi_flash_table.o)
 .data          0x0800271c        0x0 ../frequencyRelay_bsp/\libhal_bsp.a(altera_avalon_jtag_uart_fd.o)
 .data          0x0800271c        0x0 ../frequencyRelay_bsp/\libhal_bsp.a(altera_avalon_jtag_uart_init.o)
 .data          0x0800271c        0x0 ../frequencyRelay_bsp/\libhal_bsp.a(altera_avalon_jtag_uart_ioctl.o)
 .data          0x0800271c        0x0 ../frequencyRelay_bsp/\libhal_bsp.a(altera_avalon_jtag_uart_read.o)
 .data          0x0800271c        0x0 ../frequencyRelay_bsp/\libhal_bsp.a(altera_avalon_jtag_uart_write.o)
 .data          0x0800271c        0x0 ../frequencyRelay_bsp/\libhal_bsp.a(altera_avalon_lcd_16207.o)
 .data          0x0800271c        0x0 ../frequencyRelay_bsp/\libhal_bsp.a(altera_avalon_lcd_16207_fd.o)
 .data          0x0800271c        0x0 ../frequencyRelay_bsp/\libhal_bsp.a(altera_avalon_timer_sc.o)
 .data          0x0800271c        0x0 ../frequencyRelay_bsp/\libhal_bsp.a(altera_avalon_uart_fd.o)
 .data          0x0800271c        0x0 ../frequencyRelay_bsp/\libhal_bsp.a(altera_avalon_uart_init.o)
 .data          0x0800271c        0x0 ../frequencyRelay_bsp/\libhal_bsp.a(altera_avalon_uart_read.o)
 .data          0x0800271c        0x0 ../frequencyRelay_bsp/\libhal_bsp.a(altera_avalon_uart_write.o)
 .data          0x0800271c        0x0 ../frequencyRelay_bsp/\libhal_bsp.a(altera_up_avalon_ps2.o)
 .data          0x0800271c        0x0 ../frequencyRelay_bsp/\libhal_bsp.a(altera_up_avalon_video_character_buffer_with_dma.o)
 .data          0x0800271c      0x2d0 ../frequencyRelay_bsp/\libhal_bsp.a(altera_up_ps2_keyboard.o)
                0x0800271c                key_table
                0x080028b4                ascii_codes
                0x0800291c                single_byte_make_code
                0x08002984                multi_byte_make_code
 .data          0x080029ec        0x0 ../frequencyRelay_bsp/\libhal_bsp.a(alt_alarm_start.o)
 .data          0x080029ec        0x0 ../frequencyRelay_bsp/\libhal_bsp.a(alt_dcache_flush.o)
 .data          0x080029ec        0x0 ../frequencyRelay_bsp/\libhal_bsp.a(alt_dev_llist_insert.o)
 .data          0x080029ec        0x0 ../frequencyRelay_bsp/\libhal_bsp.a(alt_do_ctors.o)
 .data          0x080029ec        0x0 ../frequencyRelay_bsp/\libhal_bsp.a(alt_do_dtors.o)
 .data          0x080029ec        0x0 ../frequencyRelay_bsp/\libhal_bsp.a(alt_find_dev.o)
 .data          0x080029ec        0x0 ../frequencyRelay_bsp/\libhal_bsp.a(alt_flash_dev.o)
 .data          0x080029ec        0x0 ../frequencyRelay_bsp/\libhal_bsp.a(alt_io_redirect.o)
 .data          0x080029ec        0x0 ../frequencyRelay_bsp/\libhal_bsp.a(alt_open.o)
 .data          0x080029ec        0x0 ../frequencyRelay_bsp/\libhal_bsp.a(alt_tick.o)
 .data          0x080029ec        0x0 ../frequencyRelay_bsp/\libhal_bsp.a(alt_usleep.o)
 .data          0x080029ec        0x0 ../frequencyRelay_bsp/\libhal_bsp.a(altera_nios2_qsys_irq.o)
 .data          0x080029ec        0x0 ../frequencyRelay_bsp/\libhal_bsp.a(altera_avalon_cfi_flash_amd.o)
 .data          0x080029ec        0x0 ../frequencyRelay_bsp/\libhal_bsp.a(altera_avalon_cfi_flash_intel.o)
 .data          0x080029ec        0x0 ../frequencyRelay_bsp/\libhal_bsp.a(alt_busy_sleep.o)
 .data          0x080029ec        0x0 ../frequencyRelay_bsp/\libhal_bsp.a(alt_find_file.o)
 .data          0x080029ec        0x0 ../frequencyRelay_bsp/\libhal_bsp.a(alt_get_fd.o)
 .data          0x080029ec        0x0 c:/altera/13.0/nios2eds/bin/gnu/h-i686-mingw32/bin/../lib/gcc/nios2-elf/4.1.2/../../../../nios2-elf/lib\libc.a(lib_a-atexit.o)
 .data          0x080029ec        0x0 c:/altera/13.0/nios2eds/bin/gnu/h-i686-mingw32/bin/../lib/gcc/nios2-elf/4.1.2/../../../../nios2-elf/lib\libc.a(lib_a-ctype_.o)
 .data          0x080029ec        0x0 c:/altera/13.0/nios2eds/bin/gnu/h-i686-mingw32/bin/../lib/gcc/nios2-elf/4.1.2/../../../../nios2-elf/lib\libc.a(lib_a-exit.o)
 .data          0x080029ec        0x0 c:/altera/13.0/nios2eds/bin/gnu/h-i686-mingw32/bin/../lib/gcc/nios2-elf/4.1.2/../../../../nios2-elf/lib\libc.a(lib_a-strcpy.o)
 .data          0x080029ec        0x0 c:/altera/13.0/nios2eds/bin/gnu/h-i686-mingw32/bin/../lib/gcc/nios2-elf/4.1.2/../../../../nios2-elf/lib\libc.a(lib_a-__atexit.o)
 .data          0x080029ec        0x0 c:/altera/13.0/nios2eds/bin/gnu/h-i686-mingw32/bin/../lib/gcc/nios2-elf/4.1.2/../../../../nios2-elf/lib\libc.a(lib_a-__call_atexit.o)
 .data          0x080029ec        0x0 ../frequencyRelay_bsp/\libhal_bsp.a(alt_exit.o)
                0x0800a9ec                _gp = ABSOLUTE ((. + 0x8000))
                0x0800a9ec                PROVIDE (gp, _gp)
 *(.rwdata .rwdata.*)
 *(.sdata .sdata.* .gnu.linkonce.s.*)
 .sdata         0x080029ec        0xc obj/default/freertos/heap.o
 .sdata         0x080029f8        0x4 obj/default/freertos/tasks.o
 .sdata         0x080029fc        0x8 c:/altera/13.0/nios2eds/bin/gnu/h-i686-mingw32/bin/../lib/gcc/nios2-elf/4.1.2/../../../../nios2-elf/lib\libc.a(lib_a-impure.o)
                0x080029fc                _impure_ptr
                0x08002a00                _global_impure_ptr
 .sdata         0x08002a04        0x8 c:/altera/13.0/nios2eds/bin/gnu/h-i686-mingw32/bin/../lib/gcc/nios2-elf/4.1.2/../../../../nios2-elf/lib\libc.a(lib_a-locale.o)
                0x08002a04                __mb_cur_max
 .sdata         0x08002a0c        0x8 c:/altera/13.0/nios2eds/bin/gnu/h-i686-mingw32/bin/../lib/gcc/nios2-elf/4.1.2/../../../../nios2-elf/lib\libc.a(lib_a-mallocr.o)
                0x08002a0c                __malloc_trim_threshold
                0x08002a10                __malloc_sbrk_base
 .sdata         0x08002a14       0x14 ../frequencyRelay_bsp/\libhal_bsp.a(alt_dev.o)
                0x08002a14                alt_fs_list
                0x08002a1c                alt_dev_list
                0x08002a24                alt_max_fd
 .sdata         0x08002a28        0x4 ../frequencyRelay_bsp/\libhal_bsp.a(alt_errno.o)
                0x08002a28                alt_errno
 .sdata         0x08002a2c        0x4 ../frequencyRelay_bsp/\libhal_bsp.a(alt_irq_vars.o)
                0x08002a2c                alt_priority_mask
 .sdata         0x08002a30        0x4 ../frequencyRelay_bsp/\libhal_bsp.a(alt_sbrk.o)
 .sdata         0x08002a34        0x4 ../frequencyRelay_bsp/\libhal_bsp.a(altera_avalon_lcd_16207.o)
 .sdata         0x08002a38        0x8 ../frequencyRelay_bsp/\libhal_bsp.a(alt_flash_dev.o)
                0x08002a38                alt_flash_dev_list
 .sdata         0x08002a40        0x8 ../frequencyRelay_bsp/\libhal_bsp.a(alt_tick.o)
                0x08002a40                alt_alarm_list
 .sdata         0x08002a48        0x4 c:/altera/13.0/nios2eds/bin/gnu/h-i686-mingw32/bin/../lib/gcc/nios2-elf/4.1.2/../../../../nios2-elf/lib\libc.a(lib_a-ctype_.o)
                0x08002a48                __ctype_ptr
 *(.sdata2 .sdata2.* .gnu.linkonce.s2.*)
                0x08002a4c                . = ALIGN (0x4)
                0x08002a4c                _edata = ABSOLUTE (.)
                0x08002a4c                PROVIDE (edata, ABSOLUTE (.))
                0x08002a4c                PROVIDE (__ram_rwdata_end, ABSOLUTE (.))
                0x08000970                PROVIDE (__flash_rwdata_start, LOADADDR (.rwdata))

.bss            0x08002a4c    0x7d534
                0x08002a4c                __bss_start = ABSOLUTE (.)
                0x08002a4c                PROVIDE (__sbss_start, ABSOLUTE (.))
                0x08002a4c                PROVIDE (___sbss_start, ABSOLUTE (.))
 *(.dynsbss)
 *(.sbss .sbss.* .gnu.linkonce.sb.*)
 .sbss          0x08002a4c       0x1c obj/default/freertos/croutine.o
                0x08002a4c                pxCurrentCoRoutine
 .sbss          0x08002a68        0xc obj/default/freertos/heap.o
 .sbss          0x08002a74       0x34 obj/default/freertos/tasks.o
                0x08002a74                pxCurrentTCB
 .sbss          0x08002aa8       0x10 obj/default/freertos/timers.o
 .sbss          0x08002ab8        0xc obj/default/main.o
                0x08002ab8                currentMode
 .sbss          0x08002ac4        0x4 obj/default/main.o
                0x08002ac4                modeMutex
 .sbss          0x08002ac8        0xc c:/altera/13.0/nios2eds/bin/gnu/h-i686-mingw32/bin/../lib/gcc/nios2-elf/4.1.2/../../../../nios2-elf/lib\libc.a(lib_a-locale.o)
                0x08002ac8                __nlocale_changed
                0x08002acc                __mlocale_changed
                0x08002ad0                _PathLocale
 .sbss          0x08002ad4        0xc c:/altera/13.0/nios2eds/bin/gnu/h-i686-mingw32/bin/../lib/gcc/nios2-elf/4.1.2/../../../../nios2-elf/lib\libc.a(lib_a-mallocr.o)
                0x08002ad4                __malloc_top_pad
                0x08002ad8                __malloc_max_sbrked_mem
                0x08002adc                __malloc_max_total_mem
 .sbss          0x08002ae0        0x4 c:/altera/13.0/nios2eds/bin/gnu/h-i686-mingw32/bin/../lib/gcc/nios2-elf/4.1.2/../../../../nios2-elf/lib\libc.a(lib_a-int_errno.o)
                0x08002ae0                errno
 .sbss          0x08002ae4        0x4 ../frequencyRelay_bsp/\libhal_bsp.a(alt_irq_vars.o)
                0x08002ae4                alt_irq_active
 .sbss          0x08002ae8        0xc ../frequencyRelay_bsp/\libhal_bsp.a(alt_main.o)
                0x08002ae8                alt_argc
                0x08002aec                alt_argv
                0x08002af0                alt_envp
 .sbss          0x08002af4        0x8 ../frequencyRelay_bsp/\libhal_bsp.a(alt_tick.o)
                0x08002af4                _alt_tick_rate
                0x08002af8                _alt_nticks
 *(.sbss2 .sbss2.* .gnu.linkonce.sb2.*)
 *(.scommon)
                0x08002afc                PROVIDE (__sbss_end, ABSOLUTE (.))
                0x08002afc                PROVIDE (___sbss_end, ABSOLUTE (.))
 *(.dynbss)
 *(.bss .bss.* .gnu.linkonce.b.*)
 .bss           0x08002afc        0x0 ../frequencyRelay_bsp//obj/HAL/src/crt0.o
 .bss           0x08002afc       0x64 obj/default/freertos/croutine.o
 .bss           0x08002b60        0x0 obj/default/freertos/event_groups.o
 .bss           0x08002b60    0x7d000 obj/default/freertos/heap.o
 .bss           0x0807fb60        0x0 obj/default/freertos/list.o
 .bss           0x0807fb60        0x0 obj/default/freertos/port.o
 .bss           0x0807fb60        0x0 obj/default/freertos/queue.o
 .bss           0x0807fb60      0x140 obj/default/freertos/tasks.o
 .bss           0x0807fca0       0x28 obj/default/freertos/timers.o
 .bss           0x0807fcc8        0x0 obj/default/main.o
 .bss           0x0807fcc8        0x0 obj/default/freertos/port_asm.o
 .bss           0x0807fcc8        0x0 c:/altera/13.0/nios2eds/bin/gnu/h-i686-mingw32/bin/../lib/gcc/nios2-elf/4.1.2\libgcc.a(_div_df.o)
 .bss           0x0807fcc8        0x0 c:/altera/13.0/nios2eds/bin/gnu/h-i686-mingw32/bin/../lib/gcc/nios2-elf/4.1.2\libgcc.a(_si_to_df.o)
 .bss           0x0807fcc8        0x0 c:/altera/13.0/nios2eds/bin/gnu/h-i686-mingw32/bin/../lib/gcc/nios2-elf/4.1.2\libgcc.a(_thenan_df.o)
 .bss           0x0807fcc8        0x0 c:/altera/13.0/nios2eds/bin/gnu/h-i686-mingw32/bin/../lib/gcc/nios2-elf/4.1.2\libgcc.a(_clzsi2.o)
 .bss           0x0807fcc8        0x0 c:/altera/13.0/nios2eds/bin/gnu/h-i686-mingw32/bin/../lib/gcc/nios2-elf/4.1.2\libgcc.a(_pack_df.o)
 .bss           0x0807fcc8        0x0 c:/altera/13.0/nios2eds/bin/gnu/h-i686-mingw32/bin/../lib/gcc/nios2-elf/4.1.2\libgcc.a(_unpack_df.o)
 .bss           0x0807fcc8        0x0 c:/altera/13.0/nios2eds/bin/gnu/h-i686-mingw32/bin/../lib/gcc/nios2-elf/4.1.2\libgcc.a(_clz.o)
 .bss           0x0807fcc8        0x0 c:/altera/13.0/nios2eds/bin/gnu/h-i686-mingw32/bin/../lib/gcc/nios2-elf/4.1.2/../../../../nios2-elf/lib\libc.a(lib_a-memcmp.o)
 .bss           0x0807fcc8        0x0 c:/altera/13.0/nios2eds/bin/gnu/h-i686-mingw32/bin/../lib/gcc/nios2-elf/4.1.2/../../../../nios2-elf/lib\libc.a(lib_a-memcpy.o)
 .bss           0x0807fcc8        0x0 c:/altera/13.0/nios2eds/bin/gnu/h-i686-mingw32/bin/../lib/gcc/nios2-elf/4.1.2/../../../../nios2-elf/lib\libc.a(lib_a-memset.o)
 .bss           0x0807fcc8        0x0 c:/altera/13.0/nios2eds/bin/gnu/h-i686-mingw32/bin/../lib/gcc/nios2-elf/4.1.2/../../../../nios2-elf/lib\libc.a(lib_a-printf.o)
 .bss           0x0807fcc8        0x0 c:/altera/13.0/nios2eds/bin/gnu/h-i686-mingw32/bin/../lib/gcc/nios2-elf/4.1.2/../../../../nios2-elf/lib\libc.a(lib_a-puts.o)
 .bss           0x0807fcc8        0x0 c:/altera/13.0/nios2eds/bin/gnu/h-i686-mingw32/bin/../lib/gcc/nios2-elf/4.1.2/../../../../nios2-elf/lib\libc.a(lib_a-strlen.o)
 .bss           0x0807fcc8        0x0 c:/altera/13.0/nios2eds/bin/gnu/h-i686-mingw32/bin/../lib/gcc/nios2-elf/4.1.2/../../../../nios2-elf/lib\libc.a(lib_a-vfprintf.o)
 .bss           0x0807fcc8        0x0 c:/altera/13.0/nios2eds/bin/gnu/h-i686-mingw32/bin/../lib/gcc/nios2-elf/4.1.2/../../../../nios2-elf/lib\libc.a(lib_a-wsetup.o)
 .bss           0x0807fcc8        0x0 c:/altera/13.0/nios2eds/bin/gnu/h-i686-mingw32/bin/../lib/gcc/nios2-elf/4.1.2/../../../../nios2-elf/lib\libc.a(lib_a-dtoa.o)
 .bss           0x0807fcc8        0x0 c:/altera/13.0/nios2eds/bin/gnu/h-i686-mingw32/bin/../lib/gcc/nios2-elf/4.1.2/../../../../nios2-elf/lib\libc.a(lib_a-fflush.o)
 .bss           0x0807fcc8        0x0 c:/altera/13.0/nios2eds/bin/gnu/h-i686-mingw32/bin/../lib/gcc/nios2-elf/4.1.2/../../../../nios2-elf/lib\libc.a(lib_a-findfp.o)
 .bss           0x0807fcc8        0x0 c:/altera/13.0/nios2eds/bin/gnu/h-i686-mingw32/bin/../lib/gcc/nios2-elf/4.1.2/../../../../nios2-elf/lib\libc.a(lib_a-freer.o)
 .bss           0x0807fcc8        0x0 c:/altera/13.0/nios2eds/bin/gnu/h-i686-mingw32/bin/../lib/gcc/nios2-elf/4.1.2/../../../../nios2-elf/lib\libc.a(lib_a-fvwrite.o)
 .bss           0x0807fcc8        0x0 c:/altera/13.0/nios2eds/bin/gnu/h-i686-mingw32/bin/../lib/gcc/nios2-elf/4.1.2/../../../../nios2-elf/lib\libc.a(lib_a-fwalk.o)
 .bss           0x0807fcc8        0x0 c:/altera/13.0/nios2eds/bin/gnu/h-i686-mingw32/bin/../lib/gcc/nios2-elf/4.1.2/../../../../nios2-elf/lib\libc.a(lib_a-impure.o)
 .bss           0x0807fcc8        0x0 c:/altera/13.0/nios2eds/bin/gnu/h-i686-mingw32/bin/../lib/gcc/nios2-elf/4.1.2/../../../../nios2-elf/lib\libc.a(lib_a-locale.o)
 .bss           0x0807fcc8        0x0 c:/altera/13.0/nios2eds/bin/gnu/h-i686-mingw32/bin/../lib/gcc/nios2-elf/4.1.2/../../../../nios2-elf/lib\libc.a(lib_a-makebuf.o)
 .bss           0x0807fcc8       0x28 c:/altera/13.0/nios2eds/bin/gnu/h-i686-mingw32/bin/../lib/gcc/nios2-elf/4.1.2/../../../../nios2-elf/lib\libc.a(lib_a-mallocr.o)
                0x0807fcc8                __malloc_current_mallinfo
 .bss           0x0807fcf0        0x0 c:/altera/13.0/nios2eds/bin/gnu/h-i686-mingw32/bin/../lib/gcc/nios2-elf/4.1.2/../../../../nios2-elf/lib\libc.a(lib_a-memchr.o)
 .bss           0x0807fcf0        0x0 c:/altera/13.0/nios2eds/bin/gnu/h-i686-mingw32/bin/../lib/gcc/nios2-elf/4.1.2/../../../../nios2-elf/lib\libc.a(lib_a-memmove.o)
 .bss           0x0807fcf0        0x0 c:/altera/13.0/nios2eds/bin/gnu/h-i686-mingw32/bin/../lib/gcc/nios2-elf/4.1.2/../../../../nios2-elf/lib\libc.a(lib_a-mprec.o)
 .bss           0x0807fcf0        0x0 c:/altera/13.0/nios2eds/bin/gnu/h-i686-mingw32/bin/../lib/gcc/nios2-elf/4.1.2/../../../../nios2-elf/lib\libc.a(lib_a-reallocr.o)
 .bss           0x0807fcf0        0x0 c:/altera/13.0/nios2eds/bin/gnu/h-i686-mingw32/bin/../lib/gcc/nios2-elf/4.1.2/../../../../nios2-elf/lib\libc.a(lib_a-s_isinfd.o)
 .bss           0x0807fcf0        0x0 c:/altera/13.0/nios2eds/bin/gnu/h-i686-mingw32/bin/../lib/gcc/nios2-elf/4.1.2/../../../../nios2-elf/lib\libc.a(lib_a-s_isnand.o)
 .bss           0x0807fcf0        0x0 c:/altera/13.0/nios2eds/bin/gnu/h-i686-mingw32/bin/../lib/gcc/nios2-elf/4.1.2/../../../../nios2-elf/lib\libc.a(lib_a-sbrkr.o)
 .bss           0x0807fcf0        0x0 c:/altera/13.0/nios2eds/bin/gnu/h-i686-mingw32/bin/../lib/gcc/nios2-elf/4.1.2/../../../../nios2-elf/lib\libc.a(lib_a-stdio.o)
 .bss           0x0807fcf0        0x0 c:/altera/13.0/nios2eds/bin/gnu/h-i686-mingw32/bin/../lib/gcc/nios2-elf/4.1.2/../../../../nios2-elf/lib\libc.a(lib_a-strcmp.o)
 .bss           0x0807fcf0        0x0 c:/altera/13.0/nios2eds/bin/gnu/h-i686-mingw32/bin/../lib/gcc/nios2-elf/4.1.2/../../../../nios2-elf/lib\libc.a(lib_a-writer.o)
 .bss           0x0807fcf0        0x0 c:/altera/13.0/nios2eds/bin/gnu/h-i686-mingw32/bin/../lib/gcc/nios2-elf/4.1.2/../../../../nios2-elf/lib\libc.a(lib_a-callocr.o)
 .bss           0x0807fcf0        0x0 c:/altera/13.0/nios2eds/bin/gnu/h-i686-mingw32/bin/../lib/gcc/nios2-elf/4.1.2/../../../../nios2-elf/lib\libc.a(lib_a-closer.o)
 .bss           0x0807fcf0        0x0 c:/altera/13.0/nios2eds/bin/gnu/h-i686-mingw32/bin/../lib/gcc/nios2-elf/4.1.2/../../../../nios2-elf/lib\libc.a(lib_a-fclose.o)
 .bss           0x0807fcf0        0x0 c:/altera/13.0/nios2eds/bin/gnu/h-i686-mingw32/bin/../lib/gcc/nios2-elf/4.1.2/../../../../nios2-elf/lib\libc.a(lib_a-fstatr.o)
 .bss           0x0807fcf0        0x0 c:/altera/13.0/nios2eds/bin/gnu/h-i686-mingw32/bin/../lib/gcc/nios2-elf/4.1.2/../../../../nios2-elf/lib\libc.a(lib_a-int_errno.o)
 .bss           0x0807fcf0        0x0 c:/altera/13.0/nios2eds/bin/gnu/h-i686-mingw32/bin/../lib/gcc/nios2-elf/4.1.2/../../../../nios2-elf/lib\libc.a(lib_a-isattyr.o)
 .bss           0x0807fcf0        0x0 c:/altera/13.0/nios2eds/bin/gnu/h-i686-mingw32/bin/../lib/gcc/nios2-elf/4.1.2/../../../../nios2-elf/lib\libc.a(lib_a-lseekr.o)
 .bss           0x0807fcf0        0x0 c:/altera/13.0/nios2eds/bin/gnu/h-i686-mingw32/bin/../lib/gcc/nios2-elf/4.1.2/../../../../nios2-elf/lib\libc.a(lib_a-readr.o)
 .bss           0x0807fcf0        0x0 c:/altera/13.0/nios2eds/bin/gnu/h-i686-mingw32/bin/../lib/gcc/nios2-elf/4.1.2\libgcc.a(_udivdi3.o)
 .bss           0x0807fcf0        0x0 c:/altera/13.0/nios2eds/bin/gnu/h-i686-mingw32/bin/../lib/gcc/nios2-elf/4.1.2\libgcc.a(_umoddi3.o)
 .bss           0x0807fcf0        0x0 c:/altera/13.0/nios2eds/bin/gnu/h-i686-mingw32/bin/../lib/gcc/nios2-elf/4.1.2\libgcc.a(_addsub_df.o)
 .bss           0x0807fcf0        0x0 c:/altera/13.0/nios2eds/bin/gnu/h-i686-mingw32/bin/../lib/gcc/nios2-elf/4.1.2\libgcc.a(_mul_df.o)
 .bss           0x0807fcf0        0x0 c:/altera/13.0/nios2eds/bin/gnu/h-i686-mingw32/bin/../lib/gcc/nios2-elf/4.1.2\libgcc.a(_eq_df.o)
 .bss           0x0807fcf0        0x0 c:/altera/13.0/nios2eds/bin/gnu/h-i686-mingw32/bin/../lib/gcc/nios2-elf/4.1.2\libgcc.a(_ne_df.o)
 .bss           0x0807fcf0        0x0 c:/altera/13.0/nios2eds/bin/gnu/h-i686-mingw32/bin/../lib/gcc/nios2-elf/4.1.2\libgcc.a(_gt_df.o)
 .bss           0x0807fcf0        0x0 c:/altera/13.0/nios2eds/bin/gnu/h-i686-mingw32/bin/../lib/gcc/nios2-elf/4.1.2\libgcc.a(_ge_df.o)
 .bss           0x0807fcf0        0x0 c:/altera/13.0/nios2eds/bin/gnu/h-i686-mingw32/bin/../lib/gcc/nios2-elf/4.1.2\libgcc.a(_lt_df.o)
 .bss           0x0807fcf0        0x0 c:/altera/13.0/nios2eds/bin/gnu/h-i686-mingw32/bin/../lib/gcc/nios2-elf/4.1.2\libgcc.a(_df_to_si.o)
 .bss           0x0807fcf0        0x0 c:/altera/13.0/nios2eds/bin/gnu/h-i686-mingw32/bin/../lib/gcc/nios2-elf/4.1.2\libgcc.a(_usi_to_df.o)
 .bss           0x0807fcf0        0x0 c:/altera/13.0/nios2eds/bin/gnu/h-i686-mingw32/bin/../lib/gcc/nios2-elf/4.1.2\libgcc.a(lib2-divmod.o)
 .bss           0x0807fcf0        0x0 c:/altera/13.0/nios2eds/bin/gnu/h-i686-mingw32/bin/../lib/gcc/nios2-elf/4.1.2\libgcc.a(_muldi3.o)
 .bss           0x0807fcf0        0x0 c:/altera/13.0/nios2eds/bin/gnu/h-i686-mingw32/bin/../lib/gcc/nios2-elf/4.1.2\libgcc.a(_fpcmp_parts_df.o)
 .bss           0x0807fcf0        0x0 ../frequencyRelay_bsp/\libhal_bsp.a(alt_close.o)
 .bss           0x0807fcf0        0x0 ../frequencyRelay_bsp/\libhal_bsp.a(alt_dev.o)
 .bss           0x0807fcf0        0x0 ../frequencyRelay_bsp/\libhal_bsp.a(alt_errno.o)
 .bss           0x0807fcf0        0x0 ../frequencyRelay_bsp/\libhal_bsp.a(alt_fstat.o)
 .bss           0x0807fcf0        0x0 ../frequencyRelay_bsp/\libhal_bsp.a(alt_irq_handler.o)
 .bss           0x0807fcf0        0x0 ../frequencyRelay_bsp/\libhal_bsp.a(alt_irq_vars.o)
 .bss           0x0807fcf0        0x0 ../frequencyRelay_bsp/\libhal_bsp.a(alt_isatty.o)
 .bss           0x0807fcf0        0x0 ../frequencyRelay_bsp/\libhal_bsp.a(alt_lseek.o)
 .bss           0x0807fcf0        0x0 ../frequencyRelay_bsp/\libhal_bsp.a(alt_main.o)
 .bss           0x0807fcf0        0x0 ../frequencyRelay_bsp/\libhal_bsp.a(alt_malloc_lock.o)
 .bss           0x0807fcf0        0x0 ../frequencyRelay_bsp/\libhal_bsp.a(alt_read.o)
 .bss           0x0807fcf0        0x0 ../frequencyRelay_bsp/\libhal_bsp.a(alt_release_fd.o)
 .bss           0x0807fcf0        0x0 ../frequencyRelay_bsp/\libhal_bsp.a(alt_sbrk.o)
 .bss           0x0807fcf0        0x0 ../frequencyRelay_bsp/\libhal_bsp.a(alt_write.o)
 .bss           0x0807fcf0        0x0 ../frequencyRelay_bsp/\libhal_bsp.a(alt_sys_init.o)
 .bss           0x0807fcf0        0x0 ../frequencyRelay_bsp/\libhal_bsp.a(altera_avalon_cfi_flash.o)
 .bss           0x0807fcf0        0x0 ../frequencyRelay_bsp/\libhal_bsp.a(altera_avalon_cfi_flash_table.o)
 .bss           0x0807fcf0        0x0 ../frequencyRelay_bsp/\libhal_bsp.a(altera_avalon_jtag_uart_fd.o)
 .bss           0x0807fcf0        0x0 ../frequencyRelay_bsp/\libhal_bsp.a(altera_avalon_jtag_uart_init.o)
 .bss           0x0807fcf0        0x0 ../frequencyRelay_bsp/\libhal_bsp.a(altera_avalon_jtag_uart_ioctl.o)
 .bss           0x0807fcf0        0x0 ../frequencyRelay_bsp/\libhal_bsp.a(altera_avalon_jtag_uart_read.o)
 .bss           0x0807fcf0        0x0 ../frequencyRelay_bsp/\libhal_bsp.a(altera_avalon_jtag_uart_write.o)
 .bss           0x0807fcf0        0x0 ../frequencyRelay_bsp/\libhal_bsp.a(altera_avalon_lcd_16207.o)
 .bss           0x0807fcf0        0x0 ../frequencyRelay_bsp/\libhal_bsp.a(altera_avalon_lcd_16207_fd.o)
 .bss           0x0807fcf0        0x0 ../frequencyRelay_bsp/\libhal_bsp.a(altera_avalon_timer_sc.o)
 .bss           0x0807fcf0        0x0 ../frequencyRelay_bsp/\libhal_bsp.a(altera_avalon_uart_fd.o)
 .bss           0x0807fcf0        0x0 ../frequencyRelay_bsp/\libhal_bsp.a(altera_avalon_uart_init.o)
 .bss           0x0807fcf0        0x0 ../frequencyRelay_bsp/\libhal_bsp.a(altera_avalon_uart_read.o)
 .bss           0x0807fcf0        0x0 ../frequencyRelay_bsp/\libhal_bsp.a(altera_avalon_uart_write.o)
 .bss           0x0807fcf0        0x0 ../frequencyRelay_bsp/\libhal_bsp.a(altera_up_avalon_ps2.o)
 .bss           0x0807fcf0        0x0 ../frequencyRelay_bsp/\libhal_bsp.a(altera_up_avalon_video_character_buffer_with_dma.o)
 .bss           0x0807fcf0        0x0 ../frequencyRelay_bsp/\libhal_bsp.a(altera_up_ps2_keyboard.o)
 .bss           0x0807fcf0        0x0 ../frequencyRelay_bsp/\libhal_bsp.a(alt_alarm_start.o)
 .bss           0x0807fcf0        0x0 ../frequencyRelay_bsp/\libhal_bsp.a(alt_dcache_flush.o)
 .bss           0x0807fcf0        0x0 ../frequencyRelay_bsp/\libhal_bsp.a(alt_dev_llist_insert.o)
 .bss           0x0807fcf0        0x0 ../frequencyRelay_bsp/\libhal_bsp.a(alt_do_ctors.o)
 .bss           0x0807fcf0        0x0 ../frequencyRelay_bsp/\libhal_bsp.a(alt_do_dtors.o)
 .bss           0x0807fcf0        0x0 ../frequencyRelay_bsp/\libhal_bsp.a(alt_find_dev.o)
 .bss           0x0807fcf0        0x0 ../frequencyRelay_bsp/\libhal_bsp.a(alt_flash_dev.o)
 .bss           0x0807fcf0        0x0 ../frequencyRelay_bsp/\libhal_bsp.a(alt_io_redirect.o)
 .bss           0x0807fcf0        0x0 ../frequencyRelay_bsp/\libhal_bsp.a(alt_open.o)
 .bss           0x0807fcf0        0x0 ../frequencyRelay_bsp/\libhal_bsp.a(alt_tick.o)
 .bss           0x0807fcf0        0x0 ../frequencyRelay_bsp/\libhal_bsp.a(alt_usleep.o)
 .bss           0x0807fcf0        0x0 ../frequencyRelay_bsp/\libhal_bsp.a(altera_nios2_qsys_irq.o)
 .bss           0x0807fcf0        0x0 ../frequencyRelay_bsp/\libhal_bsp.a(altera_avalon_cfi_flash_amd.o)
 .bss           0x0807fcf0        0x0 ../frequencyRelay_bsp/\libhal_bsp.a(altera_avalon_cfi_flash_intel.o)
 .bss           0x0807fcf0        0x0 ../frequencyRelay_bsp/\libhal_bsp.a(alt_busy_sleep.o)
 .bss           0x0807fcf0        0x0 ../frequencyRelay_bsp/\libhal_bsp.a(alt_find_file.o)
 .bss           0x0807fcf0        0x0 ../frequencyRelay_bsp/\libhal_bsp.a(alt_get_fd.o)
 .bss           0x0807fcf0        0x0 c:/altera/13.0/nios2eds/bin/gnu/h-i686-mingw32/bin/../lib/gcc/nios2-elf/4.1.2/../../../../nios2-elf/lib\libc.a(lib_a-atexit.o)
 .bss           0x0807fcf0        0x0 c:/altera/13.0/nios2eds/bin/gnu/h-i686-mingw32/bin/../lib/gcc/nios2-elf/4.1.2/../../../../nios2-elf/lib\libc.a(lib_a-ctype_.o)
 .bss           0x0807fcf0        0x0 c:/altera/13.0/nios2eds/bin/gnu/h-i686-mingw32/bin/../lib/gcc/nios2-elf/4.1.2/../../../../nios2-elf/lib\libc.a(lib_a-exit.o)
 .bss           0x0807fcf0        0x0 c:/altera/13.0/nios2eds/bin/gnu/h-i686-mingw32/bin/../lib/gcc/nios2-elf/4.1.2/../../../../nios2-elf/lib\libc.a(lib_a-strcpy.o)
 .bss           0x0807fcf0        0x0 c:/altera/13.0/nios2eds/bin/gnu/h-i686-mingw32/bin/../lib/gcc/nios2-elf/4.1.2/../../../../nios2-elf/lib\libc.a(lib_a-__atexit.o)
 .bss           0x0807fcf0        0x0 c:/altera/13.0/nios2eds/bin/gnu/h-i686-mingw32/bin/../lib/gcc/nios2-elf/4.1.2/../../../../nios2-elf/lib\libc.a(lib_a-__call_atexit.o)
 .bss           0x0807fcf0        0x0 ../frequencyRelay_bsp/\libhal_bsp.a(alt_exit.o)
 *(COMMON)
 COMMON         0x0807fcf0      0x100 ../frequencyRelay_bsp/\libhal_bsp.a(alt_irq_handler.o)
                0x0807fcf0                alt_irq
 COMMON         0x0807fdf0      0x190 c:/altera/13.0/nios2eds/bin/gnu/h-i686-mingw32/bin/../lib/gcc/nios2-elf/4.1.2/../../../../nios2-elf/lib\libc.a(lib_a-atexit.o)
                0x0807fdf0                _atexit0
                0x0807ff80                . = ALIGN (0x4)
                0x0807ff80                __bss_end = ABSOLUTE (.)

.onchip_memory  0x00016730        0x0
                0x00016730                PROVIDE (_alt_partition_onchip_memory_start, ABSOLUTE (.))
 *(.onchip_memory. onchip_memory.*)
                0x00016730                . = ALIGN (0x4)
                0x00016730                PROVIDE (_alt_partition_onchip_memory_end, ABSOLUTE (.))
                0x00016730                PROVIDE (_alt_partition_onchip_memory_load_addr, LOADADDR (.onchip_memory))

.flash_controller
                0x01000020        0x0
                0x01000020                PROVIDE (_alt_partition_flash_controller_start, ABSOLUTE (.))
 *(.flash_controller. flash_controller.*)
                0x01000020                . = ALIGN (0x4)
                0x01000020                PROVIDE (_alt_partition_flash_controller_end, ABSOLUTE (.))
                0x01000020                PROVIDE (_alt_partition_flash_controller_load_addr, LOADADDR (.flash_controller))

.sdram          0x0807ff80        0x0
                0x0807ff80                PROVIDE (_alt_partition_sdram_start, ABSOLUTE (.))
 *(.sdram. sdram.*)
                0x0807ff80                . = ALIGN (0x4)
                0x0807ff80                PROVIDE (_alt_partition_sdram_end, ABSOLUTE (.))
                0x0807ff80                _end = ABSOLUTE (.)
                0x0807ff80                end = ABSOLUTE (.)
                0x0807ff80                __alt_stack_base = ABSOLUTE (.)
                0x0807ff80                PROVIDE (_alt_partition_sdram_load_addr, LOADADDR (.sdram))

.stab
 *(.stab)

.stabstr
 *(.stabstr)

.stab.excl
 *(.stab.excl)

.stab.exclstr
 *(.stab.exclstr)

.stab.index
 *(.stab.index)

.stab.indexstr
 *(.stab.indexstr)

.comment        0x00000000       0x23
 *(.comment)
 .comment       0x00000000       0x23 obj/default/freertos/croutine.o
                                 0x24 (size before relaxing)
 .comment       0x00000000       0x24 obj/default/freertos/event_groups.o
 .comment       0x00000000       0x24 obj/default/freertos/heap.o
 .comment       0x00000000       0x24 obj/default/freertos/list.o
 .comment       0x00000000       0x24 obj/default/freertos/port.o
 .comment       0x00000000       0x24 obj/default/freertos/queue.o
 .comment       0x00000000       0x24 obj/default/freertos/tasks.o
 .comment       0x00000000       0x24 obj/default/freertos/timers.o
 .comment       0x00000000       0x24 obj/default/main.o
 .comment       0x00000000       0x24 c:/altera/13.0/nios2eds/bin/gnu/h-i686-mingw32/bin/../lib/gcc/nios2-elf/4.1.2\libgcc.a(_div_df.o)
 .comment       0x00000000       0x24 c:/altera/13.0/nios2eds/bin/gnu/h-i686-mingw32/bin/../lib/gcc/nios2-elf/4.1.2\libgcc.a(_si_to_df.o)
 .comment       0x00000000       0x24 c:/altera/13.0/nios2eds/bin/gnu/h-i686-mingw32/bin/../lib/gcc/nios2-elf/4.1.2\libgcc.a(_thenan_df.o)
 .comment       0x00000000       0x24 c:/altera/13.0/nios2eds/bin/gnu/h-i686-mingw32/bin/../lib/gcc/nios2-elf/4.1.2\libgcc.a(_clzsi2.o)
 .comment       0x00000000       0x24 c:/altera/13.0/nios2eds/bin/gnu/h-i686-mingw32/bin/../lib/gcc/nios2-elf/4.1.2\libgcc.a(_pack_df.o)
 .comment       0x00000000       0x24 c:/altera/13.0/nios2eds/bin/gnu/h-i686-mingw32/bin/../lib/gcc/nios2-elf/4.1.2\libgcc.a(_unpack_df.o)
 .comment       0x00000000       0x24 c:/altera/13.0/nios2eds/bin/gnu/h-i686-mingw32/bin/../lib/gcc/nios2-elf/4.1.2\libgcc.a(_clz.o)
 .comment       0x00000000       0x24 c:/altera/13.0/nios2eds/bin/gnu/h-i686-mingw32/bin/../lib/gcc/nios2-elf/4.1.2/../../../../nios2-elf/lib\libc.a(lib_a-memcmp.o)
 .comment       0x00000000       0x24 c:/altera/13.0/nios2eds/bin/gnu/h-i686-mingw32/bin/../lib/gcc/nios2-elf/4.1.2/../../../../nios2-elf/lib\libc.a(lib_a-memcpy.o)
 .comment       0x00000000       0x24 c:/altera/13.0/nios2eds/bin/gnu/h-i686-mingw32/bin/../lib/gcc/nios2-elf/4.1.2/../../../../nios2-elf/lib\libc.a(lib_a-memset.o)
 .comment       0x00000000       0x24 c:/altera/13.0/nios2eds/bin/gnu/h-i686-mingw32/bin/../lib/gcc/nios2-elf/4.1.2/../../../../nios2-elf/lib\libc.a(lib_a-printf.o)
 .comment       0x00000000       0x24 c:/altera/13.0/nios2eds/bin/gnu/h-i686-mingw32/bin/../lib/gcc/nios2-elf/4.1.2/../../../../nios2-elf/lib\libc.a(lib_a-puts.o)
 .comment       0x00000000       0x24 c:/altera/13.0/nios2eds/bin/gnu/h-i686-mingw32/bin/../lib/gcc/nios2-elf/4.1.2/../../../../nios2-elf/lib\libc.a(lib_a-strlen.o)
 .comment       0x00000000       0x24 c:/altera/13.0/nios2eds/bin/gnu/h-i686-mingw32/bin/../lib/gcc/nios2-elf/4.1.2/../../../../nios2-elf/lib\libc.a(lib_a-vfprintf.o)
 .comment       0x00000000       0x24 c:/altera/13.0/nios2eds/bin/gnu/h-i686-mingw32/bin/../lib/gcc/nios2-elf/4.1.2/../../../../nios2-elf/lib\libc.a(lib_a-wsetup.o)
 .comment       0x00000000       0x24 c:/altera/13.0/nios2eds/bin/gnu/h-i686-mingw32/bin/../lib/gcc/nios2-elf/4.1.2/../../../../nios2-elf/lib\libc.a(lib_a-dtoa.o)
 .comment       0x00000000       0x24 c:/altera/13.0/nios2eds/bin/gnu/h-i686-mingw32/bin/../lib/gcc/nios2-elf/4.1.2/../../../../nios2-elf/lib\libc.a(lib_a-fflush.o)
 .comment       0x00000000       0x24 c:/altera/13.0/nios2eds/bin/gnu/h-i686-mingw32/bin/../lib/gcc/nios2-elf/4.1.2/../../../../nios2-elf/lib\libc.a(lib_a-findfp.o)
 .comment       0x00000000       0x24 c:/altera/13.0/nios2eds/bin/gnu/h-i686-mingw32/bin/../lib/gcc/nios2-elf/4.1.2/../../../../nios2-elf/lib\libc.a(lib_a-freer.o)
 .comment       0x00000000       0x24 c:/altera/13.0/nios2eds/bin/gnu/h-i686-mingw32/bin/../lib/gcc/nios2-elf/4.1.2/../../../../nios2-elf/lib\libc.a(lib_a-fvwrite.o)
 .comment       0x00000000       0x24 c:/altera/13.0/nios2eds/bin/gnu/h-i686-mingw32/bin/../lib/gcc/nios2-elf/4.1.2/../../../../nios2-elf/lib\libc.a(lib_a-fwalk.o)
 .comment       0x00000000       0x24 c:/altera/13.0/nios2eds/bin/gnu/h-i686-mingw32/bin/../lib/gcc/nios2-elf/4.1.2/../../../../nios2-elf/lib\libc.a(lib_a-impure.o)
 .comment       0x00000000       0x24 c:/altera/13.0/nios2eds/bin/gnu/h-i686-mingw32/bin/../lib/gcc/nios2-elf/4.1.2/../../../../nios2-elf/lib\libc.a(lib_a-locale.o)
 .comment       0x00000000       0x24 c:/altera/13.0/nios2eds/bin/gnu/h-i686-mingw32/bin/../lib/gcc/nios2-elf/4.1.2/../../../../nios2-elf/lib\libc.a(lib_a-makebuf.o)
 .comment       0x00000000       0x24 c:/altera/13.0/nios2eds/bin/gnu/h-i686-mingw32/bin/../lib/gcc/nios2-elf/4.1.2/../../../../nios2-elf/lib\libc.a(lib_a-mallocr.o)
 .comment       0x00000000       0x24 c:/altera/13.0/nios2eds/bin/gnu/h-i686-mingw32/bin/../lib/gcc/nios2-elf/4.1.2/../../../../nios2-elf/lib\libc.a(lib_a-memchr.o)
 .comment       0x00000000       0x24 c:/altera/13.0/nios2eds/bin/gnu/h-i686-mingw32/bin/../lib/gcc/nios2-elf/4.1.2/../../../../nios2-elf/lib\libc.a(lib_a-memmove.o)
 .comment       0x00000000       0x24 c:/altera/13.0/nios2eds/bin/gnu/h-i686-mingw32/bin/../lib/gcc/nios2-elf/4.1.2/../../../../nios2-elf/lib\libc.a(lib_a-mprec.o)
 .comment       0x00000000       0x24 c:/altera/13.0/nios2eds/bin/gnu/h-i686-mingw32/bin/../lib/gcc/nios2-elf/4.1.2/../../../../nios2-elf/lib\libc.a(lib_a-reallocr.o)
 .comment       0x00000000       0x24 c:/altera/13.0/nios2eds/bin/gnu/h-i686-mingw32/bin/../lib/gcc/nios2-elf/4.1.2/../../../../nios2-elf/lib\libc.a(lib_a-s_isinfd.o)
 .comment       0x00000000       0x24 c:/altera/13.0/nios2eds/bin/gnu/h-i686-mingw32/bin/../lib/gcc/nios2-elf/4.1.2/../../../../nios2-elf/lib\libc.a(lib_a-s_isnand.o)
 .comment       0x00000000       0x24 c:/altera/13.0/nios2eds/bin/gnu/h-i686-mingw32/bin/../lib/gcc/nios2-elf/4.1.2/../../../../nios2-elf/lib\libc.a(lib_a-sbrkr.o)
 .comment       0x00000000       0x24 c:/altera/13.0/nios2eds/bin/gnu/h-i686-mingw32/bin/../lib/gcc/nios2-elf/4.1.2/../../../../nios2-elf/lib\libc.a(lib_a-stdio.o)
 .comment       0x00000000       0x24 c:/altera/13.0/nios2eds/bin/gnu/h-i686-mingw32/bin/../lib/gcc/nios2-elf/4.1.2/../../../../nios2-elf/lib\libc.a(lib_a-strcmp.o)
 .comment       0x00000000       0x24 c:/altera/13.0/nios2eds/bin/gnu/h-i686-mingw32/bin/../lib/gcc/nios2-elf/4.1.2/../../../../nios2-elf/lib\libc.a(lib_a-writer.o)
 .comment       0x00000000       0x24 c:/altera/13.0/nios2eds/bin/gnu/h-i686-mingw32/bin/../lib/gcc/nios2-elf/4.1.2/../../../../nios2-elf/lib\libc.a(lib_a-callocr.o)
 .comment       0x00000000       0x24 c:/altera/13.0/nios2eds/bin/gnu/h-i686-mingw32/bin/../lib/gcc/nios2-elf/4.1.2/../../../../nios2-elf/lib\libc.a(lib_a-closer.o)
 .comment       0x00000000       0x24 c:/altera/13.0/nios2eds/bin/gnu/h-i686-mingw32/bin/../lib/gcc/nios2-elf/4.1.2/../../../../nios2-elf/lib\libc.a(lib_a-fclose.o)
 .comment       0x00000000       0x24 c:/altera/13.0/nios2eds/bin/gnu/h-i686-mingw32/bin/../lib/gcc/nios2-elf/4.1.2/../../../../nios2-elf/lib\libc.a(lib_a-fstatr.o)
 .comment       0x00000000       0x24 c:/altera/13.0/nios2eds/bin/gnu/h-i686-mingw32/bin/../lib/gcc/nios2-elf/4.1.2/../../../../nios2-elf/lib\libc.a(lib_a-int_errno.o)
 .comment       0x00000000       0x24 c:/altera/13.0/nios2eds/bin/gnu/h-i686-mingw32/bin/../lib/gcc/nios2-elf/4.1.2/../../../../nios2-elf/lib\libc.a(lib_a-isattyr.o)
 .comment       0x00000000       0x24 c:/altera/13.0/nios2eds/bin/gnu/h-i686-mingw32/bin/../lib/gcc/nios2-elf/4.1.2/../../../../nios2-elf/lib\libc.a(lib_a-lseekr.o)
 .comment       0x00000000       0x24 c:/altera/13.0/nios2eds/bin/gnu/h-i686-mingw32/bin/../lib/gcc/nios2-elf/4.1.2/../../../../nios2-elf/lib\libc.a(lib_a-readr.o)
 .comment       0x00000000       0x24 c:/altera/13.0/nios2eds/bin/gnu/h-i686-mingw32/bin/../lib/gcc/nios2-elf/4.1.2\libgcc.a(_udivdi3.o)
 .comment       0x00000000       0x24 c:/altera/13.0/nios2eds/bin/gnu/h-i686-mingw32/bin/../lib/gcc/nios2-elf/4.1.2\libgcc.a(_umoddi3.o)
 .comment       0x00000000       0x24 c:/altera/13.0/nios2eds/bin/gnu/h-i686-mingw32/bin/../lib/gcc/nios2-elf/4.1.2\libgcc.a(_addsub_df.o)
 .comment       0x00000000       0x24 c:/altera/13.0/nios2eds/bin/gnu/h-i686-mingw32/bin/../lib/gcc/nios2-elf/4.1.2\libgcc.a(_mul_df.o)
 .comment       0x00000000       0x24 c:/altera/13.0/nios2eds/bin/gnu/h-i686-mingw32/bin/../lib/gcc/nios2-elf/4.1.2\libgcc.a(_eq_df.o)
 .comment       0x00000000       0x24 c:/altera/13.0/nios2eds/bin/gnu/h-i686-mingw32/bin/../lib/gcc/nios2-elf/4.1.2\libgcc.a(_ne_df.o)
 .comment       0x00000000       0x24 c:/altera/13.0/nios2eds/bin/gnu/h-i686-mingw32/bin/../lib/gcc/nios2-elf/4.1.2\libgcc.a(_gt_df.o)
 .comment       0x00000000       0x24 c:/altera/13.0/nios2eds/bin/gnu/h-i686-mingw32/bin/../lib/gcc/nios2-elf/4.1.2\libgcc.a(_ge_df.o)
 .comment       0x00000000       0x24 c:/altera/13.0/nios2eds/bin/gnu/h-i686-mingw32/bin/../lib/gcc/nios2-elf/4.1.2\libgcc.a(_lt_df.o)
 .comment       0x00000000       0x24 c:/altera/13.0/nios2eds/bin/gnu/h-i686-mingw32/bin/../lib/gcc/nios2-elf/4.1.2\libgcc.a(_df_to_si.o)
 .comment       0x00000000       0x24 c:/altera/13.0/nios2eds/bin/gnu/h-i686-mingw32/bin/../lib/gcc/nios2-elf/4.1.2\libgcc.a(_usi_to_df.o)
 .comment       0x00000000       0x24 c:/altera/13.0/nios2eds/bin/gnu/h-i686-mingw32/bin/../lib/gcc/nios2-elf/4.1.2\libgcc.a(lib2-divmod.o)
 .comment       0x00000000       0x24 c:/altera/13.0/nios2eds/bin/gnu/h-i686-mingw32/bin/../lib/gcc/nios2-elf/4.1.2\libgcc.a(_muldi3.o)
 .comment       0x00000000       0x24 c:/altera/13.0/nios2eds/bin/gnu/h-i686-mingw32/bin/../lib/gcc/nios2-elf/4.1.2\libgcc.a(_fpcmp_parts_df.o)
 .comment       0x00000000       0x24 ../frequencyRelay_bsp/\libhal_bsp.a(alt_close.o)
 .comment       0x00000000       0x24 ../frequencyRelay_bsp/\libhal_bsp.a(alt_dev.o)
 .comment       0x00000000       0x24 ../frequencyRelay_bsp/\libhal_bsp.a(alt_errno.o)
 .comment       0x00000000       0x24 ../frequencyRelay_bsp/\libhal_bsp.a(alt_fstat.o)
 .comment       0x00000000       0x24 ../frequencyRelay_bsp/\libhal_bsp.a(alt_irq_handler.o)
 .comment       0x00000000       0x24 ../frequencyRelay_bsp/\libhal_bsp.a(alt_irq_vars.o)
 .comment       0x00000000       0x24 ../frequencyRelay_bsp/\libhal_bsp.a(alt_isatty.o)
 .comment       0x00000000       0x24 ../frequencyRelay_bsp/\libhal_bsp.a(alt_lseek.o)
 .comment       0x00000000       0x24 ../frequencyRelay_bsp/\libhal_bsp.a(alt_main.o)
 .comment       0x00000000       0x24 ../frequencyRelay_bsp/\libhal_bsp.a(alt_malloc_lock.o)
 .comment       0x00000000       0x24 ../frequencyRelay_bsp/\libhal_bsp.a(alt_read.o)
 .comment       0x00000000       0x24 ../frequencyRelay_bsp/\libhal_bsp.a(alt_release_fd.o)
 .comment       0x00000000       0x24 ../frequencyRelay_bsp/\libhal_bsp.a(alt_sbrk.o)
 .comment       0x00000000       0x24 ../frequencyRelay_bsp/\libhal_bsp.a(alt_write.o)
 .comment       0x00000000       0x24 ../frequencyRelay_bsp/\libhal_bsp.a(alt_sys_init.o)
 .comment       0x00000000       0x24 ../frequencyRelay_bsp/\libhal_bsp.a(altera_avalon_cfi_flash.o)
 .comment       0x00000000       0x24 ../frequencyRelay_bsp/\libhal_bsp.a(altera_avalon_cfi_flash_table.o)
 .comment       0x00000000       0x24 ../frequencyRelay_bsp/\libhal_bsp.a(altera_avalon_jtag_uart_fd.o)
 .comment       0x00000000       0x24 ../frequencyRelay_bsp/\libhal_bsp.a(altera_avalon_jtag_uart_init.o)
 .comment       0x00000000       0x24 ../frequencyRelay_bsp/\libhal_bsp.a(altera_avalon_jtag_uart_ioctl.o)
 .comment       0x00000000       0x24 ../frequencyRelay_bsp/\libhal_bsp.a(altera_avalon_jtag_uart_read.o)
 .comment       0x00000000       0x24 ../frequencyRelay_bsp/\libhal_bsp.a(altera_avalon_jtag_uart_write.o)
 .comment       0x00000000       0x24 ../frequencyRelay_bsp/\libhal_bsp.a(altera_avalon_lcd_16207.o)
 .comment       0x00000000       0x24 ../frequencyRelay_bsp/\libhal_bsp.a(altera_avalon_lcd_16207_fd.o)
 .comment       0x00000000       0x24 ../frequencyRelay_bsp/\libhal_bsp.a(altera_avalon_timer_sc.o)